Archive member included to satisfy reference by file (symbol)

c:/cmpe146/cmpe-146/sjsu_dev/toolchain/bin/../lib/gcc/arm-none-eabi/5.4.1/../../../../arm-none-eabi/lib/armv7-m\libstdc++_nano.a(si_class_type_info.o)
                              ./L5_Application/source/remote.o (vtable for __cxxabiv1::__si_class_type_info)
c:/cmpe146/cmpe-146/sjsu_dev/toolchain/bin/../lib/gcc/arm-none-eabi/5.4.1/../../../../arm-none-eabi/lib/armv7-m\libstdc++_nano.a(vmi_class_type_info.o)
                              ./L2_Drivers/src/nrf_stream.o (vtable for __cxxabiv1::__vmi_class_type_info)
c:/cmpe146/cmpe-146/sjsu_dev/toolchain/bin/../lib/gcc/arm-none-eabi/5.4.1/../../../../arm-none-eabi/lib/armv7-m\libstdc++_nano.a(tinfo.o)
                              c:/cmpe146/cmpe-146/sjsu_dev/toolchain/bin/../lib/gcc/arm-none-eabi/5.4.1/../../../../arm-none-eabi/lib/armv7-m\libstdc++_nano.a(si_class_type_info.o) (std::type_info::__is_function_p() const)
c:/cmpe146/cmpe-146/sjsu_dev/toolchain/bin/../lib/gcc/arm-none-eabi/5.4.1/../../../../arm-none-eabi/lib/armv7-m\libstdc++_nano.a(class_type_info.o)
                              c:/cmpe146/cmpe-146/sjsu_dev/toolchain/bin/../lib/gcc/arm-none-eabi/5.4.1/../../../../arm-none-eabi/lib/armv7-m\libstdc++_nano.a(si_class_type_info.o) (__cxxabiv1::__class_type_info::__do_upcast(__cxxabiv1::__class_type_info const*, void**) const)
c:/cmpe146/cmpe-146/sjsu_dev/toolchain/bin/../lib/gcc/arm-none-eabi/5.4.1/../../../../arm-none-eabi/lib/armv7-m\libstdc++_nano.a(guard.o)
                              ./L5_Application/source/cmd_handlers/handlers.o (__cxa_guard_acquire)
c:/cmpe146/cmpe-146/sjsu_dev/toolchain/bin/../lib/gcc/arm-none-eabi/5.4.1/../../../../arm-none-eabi/lib/armv7-m\libstdc++_nano.a(pure.o)
                              ./L3_Utils/src/scheduler_task.o (__cxa_pure_virtual)
c:/cmpe146/cmpe-146/sjsu_dev/toolchain/bin/../lib/gcc/arm-none-eabi/5.4.1/../../../../arm-none-eabi/lib/armv7-m\libstdc++_nano.a(eh_terminate.o)
                              c:/cmpe146/cmpe-146/sjsu_dev/toolchain/bin/../lib/gcc/arm-none-eabi/5.4.1/../../../../arm-none-eabi/lib/armv7-m\libstdc++_nano.a(pure.o) (std::terminate())
c:/cmpe146/cmpe-146/sjsu_dev/toolchain/bin/../lib/gcc/arm-none-eabi/5.4.1/../../../../arm-none-eabi/lib/armv7-m\libstdc++_nano.a(eh_term_handler.o)
                              c:/cmpe146/cmpe-146/sjsu_dev/toolchain/bin/../lib/gcc/arm-none-eabi/5.4.1/../../../../arm-none-eabi/lib/armv7-m\libstdc++_nano.a(eh_terminate.o) (__cxxabiv1::__terminate_handler)
c:/cmpe146/cmpe-146/sjsu_dev/toolchain/bin/../lib/gcc/arm-none-eabi/5.4.1/../../../../arm-none-eabi/lib/armv7-m\libstdc++_nano.a(eh_unex_handler.o)
                              c:/cmpe146/cmpe-146/sjsu_dev/toolchain/bin/../lib/gcc/arm-none-eabi/5.4.1/../../../../arm-none-eabi/lib/armv7-m\libstdc++_nano.a(eh_terminate.o) (__cxxabiv1::__unexpected_handler)
c:/cmpe146/cmpe-146/sjsu_dev/toolchain/bin/../lib/gcc/arm-none-eabi/5.4.1/armv7-m\libgcc.a(_ashldi3.o)
                              ./L0_LowLevel/source/lpc_peripherals.o (__aeabi_llsl)
c:/cmpe146/cmpe-146/sjsu_dev/toolchain/bin/../lib/gcc/arm-none-eabi/5.4.1/armv7-m\libgcc.a(_arm_addsubdf3.o)
                              ./L2_Drivers/base/uart_dev.o (__aeabi_dadd)
c:/cmpe146/cmpe-146/sjsu_dev/toolchain/bin/../lib/gcc/arm-none-eabi/5.4.1/armv7-m\libgcc.a(_arm_fixunsdfsi.o)
                              ./L2_Drivers/base/uart_dev.o (__aeabi_d2uiz)
c:/cmpe146/cmpe-146/sjsu_dev/toolchain/bin/../lib/gcc/arm-none-eabi/5.4.1/armv7-m\libgcc.a(_arm_truncdfsf2.o)
                              ./L3_Utils/src/str.o (__aeabi_d2f)
c:/cmpe146/cmpe-146/sjsu_dev/toolchain/bin/../lib/gcc/arm-none-eabi/5.4.1/armv7-m\libgcc.a(_arm_addsubsf3.o)
                              ./L5_Application/source/cmd_handlers/handlers.o (__aeabi_fsub)
c:/cmpe146/cmpe-146/sjsu_dev/toolchain/bin/../lib/gcc/arm-none-eabi/5.4.1/armv7-m\libgcc.a(_arm_muldivsf3.o)
                              ./L5_Application/source/cmd_handlers/handlers.o (__aeabi_fmul)
c:/cmpe146/cmpe-146/sjsu_dev/toolchain/bin/../lib/gcc/arm-none-eabi/5.4.1/armv7-m\libgcc.a(_arm_cmpsf2.o)
                              ./L3_Utils/src/str.o (__aeabi_fcmplt)
c:/cmpe146/cmpe-146/sjsu_dev/toolchain/bin/../lib/gcc/arm-none-eabi/5.4.1/armv7-m\libgcc.a(_arm_fixsfsi.o)
                              ./L5_Application/source/cmd_handlers/handlers.o (__aeabi_f2iz)
c:/cmpe146/cmpe-146/sjsu_dev/toolchain/bin/../lib/gcc/arm-none-eabi/5.4.1/armv7-m\libgcc.a(_arm_fixunssfsi.o)
                              ./L5_Application/source/high_level_init.o (__aeabi_f2uiz)
c:/cmpe146/cmpe-146/sjsu_dev/toolchain/bin/../lib/gcc/arm-none-eabi/5.4.1/armv7-m\libgcc.a(_aeabi_uldivmod.o)
                              ./L5_Application/source/cmd_handlers/handlers.o (__aeabi_uldivmod)
c:/cmpe146/cmpe-146/sjsu_dev/toolchain/bin/../lib/gcc/arm-none-eabi/5.4.1/armv7-m\libgcc.a(_udivmoddi4.o)
[...]
Memory Configuration

Name             Origin             Length             Attributes
FLASH            0x00010000         0x00070000         xr
SRAM             0x10000000         0x00008000         xrw
SRAM_AHB         0x2007c000         0x00008000         xrw
*default*        0x00000000         0xffffffff

Linker script and memory map

LOAD ./newlib/malloc_lock.o
LOAD ./newlib/memory.o
LOAD ./newlib/newlib_syscalls.o
LOAD ./newlib/newlib_time.o
LOAD ./L5_Application/source/cmd_handlers/handlers.o
LOAD ./L5_Application/source/cmd_handlers/prog_handlers.o
LOAD ./L5_Application/source/cmd_handlers/wireless_handlers.o
LOAD ./L5_Application/source/high_level_init.o
LOAD ./L5_Application/source/remote.o
LOAD ./L5_Application/source/terminal.o
LOAD ./L5_Application/periodic_scheduler/period_callbacks.o
LOAD ./L5_Application/periodic_scheduler/prd_monitor.o
LOAD ./L5_Application/examples/examples.o
LOAD ./L5_Application/examples/rn_xv_task.o
LOAD ./L5_Application/GPIO/LABGPIO_0_1_2.o
LOAD ./L5_Application/main.o
LOAD ./L4_IO/wireless/src/mesh.o
LOAD ./L4_IO/wireless/src/nrf24L01Plus.o
LOAD ./L4_IO/wireless/src/wireless.o
LOAD ./L4_IO/src/gpio.o
LOAD ./L4_IO/src/io_source.o
LOAD ./L4_IO/src/storage.o
LOAD ./L4_IO/fat/option/ccsbcs.o
LOAD ./L4_IO/fat/option/reentrant.o
LOAD ./L4_IO/fat/disk/diskio.o
LOAD ./L4_IO/fat/disk/sd.o
LOAD ./L4_IO/fat/disk/spi_flash.o
LOAD ./L4_IO/fat/fatfs_time.o
LOAD ./L4_IO/fat/ff.o
LOAD ./L3_Utils/tlm/src/c_tlm_binary.o
LOAD ./L3_Utils/tlm/src/c_tlm_comp.o
LOAD ./L3_Utils/tlm/src/c_tlm_stream.o
LOAD ./L3_Utils/tlm/src/c_tlm_var.o
LOAD ./L3_Utils/src/c_list.o
LOAD ./L3_Utils/src/command_handler.o
LOAD ./L3_Utils/src/file_logger.o
LOAD ./L3_Utils/src/freertos_timer.o
LOAD ./L3_Utils/src/printf_lib.o
LOAD ./L3_Utils/src/rtc_alarm.o
LOAD ./L3_Utils/src/scheduler_task.o
LOAD ./L3_Utils/src/str.o
LOAD ./L3_Utils/src/utilities.o
LOAD ./L2_Drivers/src/adc.o
LOAD ./L2_Drivers/src/can.o
LOAD ./L2_Drivers/src/eint.o
LOAD ./L2_Drivers/src/i2c2.o
LOAD ./L2_Drivers/src/lpc_pwm.o
LOAD ./L2_Drivers/src/lpc_rit.o
LOAD ./L2_Drivers/src/lpc_timers.o
LOAD ./L2_Drivers/src/nrf_stream.o
LOAD ./L2_Drivers/src/rtc.o
LOAD ./L2_Drivers/src/spi_dma.o
LOAD ./L2_Drivers/src/spi_sem.o
LOAD ./L2_Drivers/src/uart0.o
LOAD ./L2_Drivers/src/uart2.o
LOAD ./L2_Drivers/src/uart3.o
LOAD ./L2_Drivers/base/char_dev.o
LOAD ./L2_Drivers/base/i2c_base.o
LOAD ./L2_Drivers/base/uart_dev.o
LOAD ./L1_FreeRTOS/trace/run_time_counter.o
LOAD ./L1_FreeRTOS/trace/trcBase.o
LOAD ./L1_FreeRTOS/trace/trcHardwarePort.o
LOAD ./L1_FreeRTOS/trace/trcKernel.o
LOAD ./L1_FreeRTOS/trace/trcKernelPort.o
LOAD ./L1_FreeRTOS/trace/trcUser.o
LOAD ./L1_FreeRTOS/src/croutine.o
LOAD ./L1_FreeRTOS/src/event_groups.o
LOAD ./L1_FreeRTOS/src/list.o
LOAD ./L1_FreeRTOS/src/queue.o
LOAD ./L1_FreeRTOS/src/tasks.o
LOAD ./L1_FreeRTOS/src/timers.o
LOAD ./L1_FreeRTOS/portable/no_mpu/port.o
LOAD ./L1_FreeRTOS/portable/run_time_stats.o
LOAD ./L1_FreeRTOS/hooks/hooks.o
LOAD ./L1_FreeRTOS/MemMang/freertos_mem_man.o
LOAD ./L0_LowLevel/source/core_cm3.o
LOAD ./L0_LowLevel/source/low_level_init.o
LOAD ./L0_LowLevel/source/lpc_peripherals.o
LOAD ./L0_LowLevel/source/lpc_sys.o
LOAD ./L0_LowLevel/source/startup.o
LOAD ./L0_LowLevel/source/sys_clock.o
LOAD ./L0_LowLevel/source/uart0_min.o
LOAD c:/cmpe146/cmpe-146/sjsu_dev/toolchain/bin/../lib/gcc/arm-none-eabi/5.4.1/../../../../arm-none-eabi/lib/armv7-m\libstdc++_nano.a
LOAD c:/cmpe146/cmpe-146/sjsu_dev/toolchain/bin/../lib/gcc/arm-none-eabi/5.4.1/../../../../arm-none-eabi/lib/armv7-m\libm.a
START GROUP
LOAD c:/cmpe146/cmpe-146/sjsu_dev/toolchain/bin/../lib/gcc/arm-none-eabi/5.4.1/armv7-m\libgcc.a
LOAD c:/cmpe146/cmpe-146/sjsu_dev/toolchain/bin/../lib/gcc/arm-none-eabi/5.4.1/../../../../arm-none-eabi/lib/armv7-m\libc_nano.a
END GROUP
START GROUP
LOAD c:/cmpe146/cmpe-146/sjsu_dev/toolchain/bin/../lib/gcc/arm-none-eabi/5.4.1/armv7-m\libgcc.a
LOAD c:/cmpe146/cmpe-146/sjsu_dev/toolchain/bin/../lib/gcc/arm-none-eabi/5.4.1/../../../../arm-none-eabi/lib/armv7-m\libc_nano.a
END GROUP

.text           0x00010000    0x165c4
 FILL mask 0xff
 *(.isr_vector)
 .isr_vector    0x00010000       0xcc ./L0_LowLevel/source/startup.o
                0x00010000                g_pfnVectors
                0x000100cc                . = ALIGN (0x4)
                0x000100cc                __section_table_start = .
                0x000100cc                __data_section_table = .
                0x000100cc        0x4 LONG 0x265cc LOADADDR (.data)
                0x000100d0        0x4 LONG 0x2007c000 ADDR (.data)
                0x000100d4        0x4 LONG 0x2f4 SIZEOF (.data)
                0x000100d8                __data_section_table_end = .
                0x000100d8                __bss_section_table = .
                0x000100d8        0x4 LONG 0x2007c2f8 ADDR (.bss)
                0x000100dc        0x4 LONG 0x4a0 SIZEOF (.bss)
                0x000100e0                __bss_section_table_end = .
                0x000100e0                __section_table_end = .
 *(.after_vectors*)
 .after_vectors
                0x000100e0      0x124 ./L0_LowLevel/source/startup.o
                0x000100e0                isr_hard_fault
                0x000100fa                isr_nmi
                0x00010108                isr_mem_fault
                0x00010118                isr_bus_fault
                0x00010128                isr_usage_fault
                0x00010138                isr_debug_mon
                0x00010148                TIMER3_IRQHandler
                0x00010148                UART1_IRQHandler
                0x00010148                EINT2_IRQHandler
                0x00010148                USBAct_IRQHandler
                0x00010148                PLL0_IRQHandler
                0x00010148                I2C1_IRQHandler
                0x00010148                PLL1_IRQHandler
                0x00010148                SSP0_IRQHandler
                0x00010148                CANAct_IRQHandler
                0x00010148                I2S_IRQHandler
                0x00010148                PWM1_IRQHandler
                0x00010148                SPI_IRQHandler
                0x00010148                TIMER2_IRQHandler
                0x00010148                EINT1_IRQHandler
                0x00010148                isr_default_handler
                0x00010148                SSP1_IRQHandler
                0x00010148                ENET_IRQHandler
                0x00010148                USB_IRQHandler
                0x00010148                BOD_IRQHandler
                0x00010148                MCPWM_IRQHandler
                0x00010148                WDT_IRQHandler
                0x00010148                I2C0_IRQHandler
                0x00010148                QEI_IRQHandler
                0x00010148                EINT0_IRQHandler
                0x00010148                DMA_IRQHandler
                0x00010148                TIMER0_IRQHandler
                0x00010158                isr_sys_tick
                0x0001016a                data_init(unsigned int, unsigned int, unsigned int)
                0x00010180                bss_init(unsigned int, unsigned int)
                0x00010194                isr_reset
 *(.text*)
 .text.__malloc_lock
                0x00010204        0x4 ./newlib/malloc_lock.o
                0x00010204                __malloc_lock
 .text.__malloc_unlock
                0x00010208        0x4 ./newlib/malloc_lock.o
                0x00010208                __malloc_unlock
 .text._sbrk    0x0001020c       0x74 ./newlib/memory.o
                0x0001020c                _sbrk
 .text._Znwj    0x00010280        0x4 ./newlib/memory.o
                0x00010280                operator new(unsigned int)
 .text._ZdlPv   0x00010284        0x4 ./newlib/memory.o
                0x00010284                operator delete(void*)
 .text._ZdaPv   0x00010288        0x4 ./newlib/memory.o
                0x00010288                operator delete[](void*)
 .text.sys_get_mem_info
                0x0001028c       0xb8 ./newlib/memory.o
                0x0001028c                sys_get_mem_info
 .text.startup._GLOBAL__sub_I__sbrk
                0x00010344       0x20 ./newlib/memory.o
 .text.sys_set_outchar_func
                0x00010364        0xc ./newlib/newlib_syscalls.o
                0x00010364                sys_set_outchar_func
 .text.sys_set_inchar_func
                0x00010370        0xc ./newlib/newlib_syscalls.o
                0x00010370                sys_set_inchar_func
 .text._kill    0x0001037c       0x10 ./newlib/newlib_syscalls.o
                0x0001037c                _kill
 .text._exit    0x0001038c       0x10 ./newlib/newlib_syscalls.o
                0x0001038c                _exit
 .text._getpid  0x0001039c        0x4 ./newlib/newlib_syscalls.o
                0x0001039c                _getpid
 .text._init    0x000103a0        0x4 ./newlib/newlib_syscalls.o
                0x000103a0                _init
 .text._write   0x000103a4       0x28 ./newlib/newlib_syscalls.o
                0x000103a4                _write
 .text._read    0x000103cc       0x2c ./newlib/newlib_syscalls.o
                0x000103cc                _read
 .text.syscalls_init
                0x000103f8        0x2 ./newlib/newlib_syscalls.o
                0x000103f8                syscalls_init
 .text._fstat   0x000103fa        0x4 ./newlib/newlib_syscalls.o
                0x000103fa                _fstat
 *fill*         0x000103fe        0x2 ff
 .text._isatty  0x00010400       0x24 ./newlib/newlib_syscalls.o
                0x00010400                _isatty
 .text._lseek   0x00010424        0x4 ./newlib/newlib_syscalls.o
                0x00010424                _lseek
 .text._close   0x00010428        0x4 ./newlib/newlib_syscalls.o
                0x00010428                _close
 .text._gettimeofday
                0x0001042c       0x7a ./newlib/newlib_time.o
                0x0001042c                _gettimeofday
 *fill*         0x000104a6        0x2 ff
 .text._ZN7Storage13getFlashDriveEv
                0x000104a8       0x48 ./L5_Application/source/cmd_handlers/handlers.o
                0x000104a8                Storage::getFlashDrive()
 .text._ZN7Storage10getSDDriveEv
                0x000104f0       0x48 ./L5_Application/source/cmd_handlers/handlers.o
                0x000104f0                Storage::getSDDrive()
 .text._Z15taskListHandlerR3strR7CharDevPv
                0x00010538       0xe8 ./L5_Application/source/cmd_handlers/handlers.o
                0x00010538                taskListHandler(str&, CharDev&, void*)
 .text._Z14memInfoHandlerR3strR7CharDevPv
                0x00010620       0x22 ./L5_Application/source/cmd_handlers/handlers.o
                0x00010620                memInfoHandler(str&, CharDev&, void*)
 *fill*         0x00010642        0x2 ff
 .text._Z11timeHandlerR3strR7CharDevPv
                0x00010644       0xc4 ./L5_Application/source/cmd_handlers/handlers.o
                0x00010644                timeHandler(str&, CharDev&, void*)
 .text._Z10logHandlerR3strR7CharDevPv
                0x00010708      0x190 ./L5_Application/source/cmd_handlers/handlers.o
                0x00010708                logHandler(str&, CharDev&, void*)
 .text._Z9cpHandlerR3strR7CharDevPv
                0x00010898       0x80 ./L5_Application/source/cmd_handlers/handlers.o
                0x00010898                cpHandler(str&, CharDev&, void*)
 .text._Z10catHandlerR3strR7CharDevPv
                0x00010918      0x104 ./L5_Application/source/cmd_handlers/handlers.o
                0x00010918                catHandler(str&, CharDev&, void*)
 .text._Z9lsHandlerR3strR7CharDevPv
                0x00010a1c      0x178 ./L5_Application/source/cmd_handlers/handlers.o
                0x00010a1c                lsHandler(str&, CharDev&, void*)
 .text._Z12mkdirHandlerR3strR7CharDevPv
                0x00010b94       0x3c ./L5_Application/source/cmd_handlers/handlers.o
                0x00010b94                mkdirHandler(str&, CharDev&, void*)
 .text._Z9rmHandlerR3strR7CharDevPv
                0x00010bd0       0x3c ./L5_Application/source/cmd_handlers/handlers.o
                0x00010bd0                rmHandler(str&, CharDev&, void*)
 .text._Z9mvHandlerR3strR7CharDevPv
                0x00010c0c       0x5c ./L5_Application/source/cmd_handlers/handlers.o
                0x00010c0c                mvHandler(str&, CharDev&, void*)
 .text._Z14newFileHandlerR3strR7CharDevPv
                0x00010c68       0xb0 ./L5_Application/source/cmd_handlers/handlers.o
                0x00010c68                newFileHandler(str&, CharDev&, void*)
 .text._Z10dcpHandlerR3strR7CharDevPv
                0x00010d18      0x140 ./L5_Application/source/cmd_handlers/handlers.o
                0x00010d18                dcpHandler(str&, CharDev&, void*)
 .text._Z14storageHandlerR3strR7CharDevPv
                0x00010e58       0xc0 ./L5_Application/source/cmd_handlers/handlers.o
                0x00010e58                storageHandler(str&, CharDev&, void*)
 .text._Z13rebootHandlerR3strR7CharDevPv
                0x00010f18       0x30 ./L5_Application/source/cmd_handlers/handlers.o
                0x00010f18                rebootHandler(str&, CharDev&, void*)
 .text._Z14learnIrHandlerR3strR7CharDevPv
                0x00010f48       0x38 ./L5_Application/source/cmd_handlers/handlers.o
                0x00010f48                learnIrHandler(str&, CharDev&, void*)
 .text._ZN17SingletonTemplateI4I2C2E11getInstanceEv
                0x00010f80       0x20 ./L5_Application/source/cmd_handlers/handlers.o
                0x00010f80                SingletonTemplate<I2C2>::getInstance()
 .text._Z13healthHandlerR3strR7CharDevPv
                0x00010fa0      0x1a4 ./L5_Application/source/cmd_handlers/handlers.o
                0x00010fa0                healthHandler(str&, CharDev&, void*)
 .text._Z12i2cIoHandlerR3strR7CharDevPv
                0x00011144      0x198 ./L5_Application/source/cmd_handlers/handlers.o
                0x00011144                i2cIoHandler(str&, CharDev&, void*)
 .text._Z16flashProgHandlerR3strR7CharDevPv
                0x000112dc       0xb4 ./L5_Application/source/cmd_handlers/prog_handlers.o
                0x000112dc                flashProgHandler(str&, CharDev&, void*)
 .text._Z14getFileHandlerR3strR7CharDevPv
                0x00011390      0x134 ./L5_Application/source/cmd_handlers/prog_handlers.o
                0x00011390                getFileHandler(str&, CharDev&, void*)
 .text._ZL13wsAddrHandlerR3strR7CharDevPv
                0x000114c4       0x34 ./L5_Application/source/cmd_handlers/wireless_handlers.o
 .text._ZL25wirelessHandlerPrintStatsR7CharDevP12mesh_stats_th.constprop.4
                0x000114f8       0x3c ./L5_Application/source/cmd_handlers/wireless_handlers.o
 .text._ZL11wsTxHandlerR3strR7CharDevPv
                0x00011534      0x114 ./L5_Application/source/cmd_handlers/wireless_handlers.o
 .text._ZL14wsStatsHandlerR3strR7CharDevPv
                0x00011648       0x1e ./L5_Application/source/cmd_handlers/wireless_handlers.o
 *fill*         0x00011666        0x2 ff
 .text._ZL11wsRxHandlerR3strR7CharDevPv
                0x00011668       0x80 ./L5_Application/source/cmd_handlers/wireless_handlers.o
 .text._Z12wsRteHandlerR3strR7CharDevPv
                0x000116e8       0x74 ./L5_Application/source/cmd_handlers/wireless_handlers.o
                0x000116e8                wsRteHandler(str&, CharDev&, void*)
 .text._Z15wirelessHandlerR3strR7CharDevPv
                0x0001175c      0x160 ./L5_Application/source/cmd_handlers/wireless_handlers.o
                0x0001175c                wirelessHandler(str&, CharDev&, void*)
 .text._ZN17SingletonTemplateI12NordicStreamE11getInstanceEv
                0x000118bc       0x20 ./L5_Application/source/cmd_handlers/wireless_handlers.o
                0x000118bc                SingletonTemplate<NordicStream>::getInstance()
 .text._ZL15wsFileTxHandlerR3strR7CharDevPv
                0x000118dc      0x22c ./L5_Application/source/cmd_handlers/wireless_handlers.o
 .text._ZL15wsStreamHandlerR3strR7CharDevPv
                0x00011b08      0x120 ./L5_Application/source/cmd_handlers/wireless_handlers.o
 .text._ZL13hl_print_linev
                0x00011c28        0xc ./L5_Application/source/high_level_init.o
 .text.ssp_set_max_clock
                0x00011c34       0x2c ./L5_Application/source/high_level_init.o
 .text._ZL16hl_mount_storageR16FileSystemObjectPKc
                0x00011c60       0x94 ./L5_Application/source/high_level_init.o
 .text._ZN17SingletonTemplateI11LED_DisplayE11getInstanceEv
                0x00011cf4       0x24 ./L5_Application/source/high_level_init.o
                0x00011cf4                SingletonTemplate<LED_Display>::getInstance()
 .text._ZN17SingletonTemplateI3LEDE11getInstanceEv
                0x00011d18       0x1c ./L5_Application/source/high_level_init.o
                0x00011d18                SingletonTemplate<LED>::getInstance()
 .text._ZN17SingletonTemplateI17TemperatureSensorE11getInstanceEv
                0x00011d34       0x28 ./L5_Application/source/high_level_init.o
                0x00011d34                SingletonTemplate<TemperatureSensor>::getInstance()
 .text._ZN17SingletonTemplateI12Light_SensorE11getInstanceEv
                0x00011d5c       0x18 ./L5_Application/source/high_level_init.o
                0x00011d5c                SingletonTemplate<Light_Sensor>::getInstance()
 .text._ZN17SingletonTemplateI8SwitchesE11getInstanceEv
                0x00011d74       0x18 ./L5_Application/source/high_level_init.o
                0x00011d74                SingletonTemplate<Switches>::getInstance()
 .text._Z15high_level_initv
                0x00011d8c      0x548 ./L5_Application/source/high_level_init.o
                0x00011d8c                high_level_init()
 .text._ZN14scheduler_task4initEv
                0x000122d4        0x4 ./L5_Application/source/remote.o
                0x000122d4                scheduler_task::init()
 .text._ZN14scheduler_task6regTlmEv
                0x000122d8        0x4 ./L5_Application/source/remote.o
                0x000122d8                scheduler_task::regTlm()
 .text._ZN14scheduler_task9taskEntryEv
                0x000122dc        0x4 ./L5_Application/source/remote.o
                0x000122dc                scheduler_task::taskEntry()
 .text._ZN17SingletonTemplateI9IR_SensorE11getInstanceEv
                0x000122e0       0x18 ./L5_Application/source/remote.o
                0x000122e0                SingletonTemplate<IR_Sensor>::getInstance()
 .text._ZN12terminalTask6regTlmEv
                0x000122f8        0x4 ./L5_Application/source/terminal.o
                0x000122f8                terminalTask::regTlm()
 .text._ZN12terminalTaskD2Ev
                0x000122fc       0x48 ./L5_Application/source/terminal.o
                0x000122fc                terminalTask::~terminalTask()
                0x000122fc                terminalTask::~terminalTask()
 .text._ZN12terminalTaskD0Ev
                0x00012344       0x12 ./L5_Application/source/terminal.o
                0x00012344                terminalTask::~terminalTask()
 .text._ZN6VECTORIN12terminalTask9cmdChan_tEE14changeCapacityEj.part.4
                0x00012356       0x40 ./L5_Application/source/terminal.o
 *fill*         0x00012396        0x2 ff
 .text._ZN12terminalTaskC2Eh
                0x00012398       0xb0 ./L5_Application/source/terminal.o
                0x00012398                terminalTask::terminalTask(unsigned char)
                0x00012398                terminalTask::terminalTask(unsigned char)
 .text._ZN12terminalTask22handleEchoAndBackspaceEPNS_9cmdChan_tEc
                0x00012448       0x74 ./L5_Application/source/terminal.o
                0x00012448                terminalTask::handleEchoAndBackspace(terminalTask::cmdChan_t*, char)
 .text._ZN12terminalTask17addCommandChannelEP7CharDevb
                0x000124bc       0x40 ./L5_Application/source/terminal.o
                0x000124bc                terminalTask::addCommandChannel(CharDev*, bool)
 .text._ZN12terminalTask10getCommandEv
                0x000124fc      0x124 ./L5_Application/source/terminal.o
                0x000124fc                terminalTask::getCommand()
 .text._ZN12terminalTask3runEPv
                0x00012620       0x98 ./L5_Application/source/terminal.o
                0x00012620                terminalTask::run(void*)
 .text._ZN17SingletonTemplateI5Uart0E11getInstanceEv
                0x000126b8       0x20 ./L5_Application/source/terminal.o
                0x000126b8                SingletonTemplate<Uart0>::getInstance()
 .text._ZN5Uart017putcharIntrDrivenEc
                0x000126d8       0x18 ./L5_Application/source/terminal.o
                0x000126d8                Uart0::putcharIntrDriven(char)
 .text._ZN5Uart017getcharIntrDrivenEc
                0x000126f0       0x22 ./L5_Application/source/terminal.o
                0x000126f0                Uart0::getcharIntrDriven(char)
 *fill*         0x00012712        0x2 ff
 .text._ZN12terminalTask9taskEntryEv
                0x00012714      0x27c ./L5_Application/source/terminal.o
                0x00012714                terminalTask::taskEntry()
 .text._ZN13LabGPIO_0_1_2C2Ehh
                0x00012990        0x6 ./L5_Application/GPIO/LABGPIO_0_1_2.o
                0x00012990                LabGPIO_0_1_2::LabGPIO_0_1_2(unsigned char, unsigned char)
                0x00012990                LabGPIO_0_1_2::LabGPIO_0_1_2(unsigned char, unsigned char)
 *fill*         0x00012996        0x2 ff
 .text._ZN13LabGPIO_0_1_210setAsInputEv
                0x00012998       0x38 ./L5_Application/GPIO/LABGPIO_0_1_2.o
                0x00012998                LabGPIO_0_1_2::setAsInput()
 .text._ZN13LabGPIO_0_1_211setAsOutputEv
                0x000129d0       0x38 ./L5_Application/GPIO/LABGPIO_0_1_2.o
                0x000129d0                LabGPIO_0_1_2::setAsOutput()
 .text._ZN13LabGPIO_0_1_27setHighEv
                0x00012a08       0x38 ./L5_Application/GPIO/LABGPIO_0_1_2.o
                0x00012a08                LabGPIO_0_1_2::setHigh()
 .text._ZN13LabGPIO_0_1_26setLowEv
                0x00012a40       0x38 ./L5_Application/GPIO/LABGPIO_0_1_2.o
                0x00012a40                LabGPIO_0_1_2::setLow()
 .text._ZN13LabGPIO_0_1_23setEb
                0x00012a78       0x3c ./L5_Application/GPIO/LABGPIO_0_1_2.o
                0x00012a78                LabGPIO_0_1_2::set(bool)
 .text._ZN13LabGPIO_0_1_28getLevelEv
                0x00012ab4       0x40 ./L5_Application/GPIO/LABGPIO_0_1_2.o
                0x00012ab4                LabGPIO_0_1_2::getLevel()
 .text._Z11vReadSwitchPv
                0x00012af4      0x15c ./L5_Application/main.o
                0x00012af4                vReadSwitch(void*)
 .text._Z11vControlLEDPv
                0x00012c50      0x114 ./L5_Application/main.o
                0x00012c50                vControlLED(void*)
 .text.startup.main
                0x00012d64       0xd4 ./L5_Application/main.o
                0x00012d64                main
 .text._Z14vBinaryCounterPv
                0x00012e38      0x304 ./L5_Application/main.o
                0x00012e38                vBinaryCounter(void*)
 .text._Z11vLEDCounterPv
                0x0001313c       0x78 ./L5_Application/main.o
                0x0001313c                vLEDCounter(void*)
 .text.mesh_incr_soft_timers_for_arr
                0x000131b4       0x26 ./L4_IO/wireless/src/mesh.o
 *fill*         0x000131da        0x2 ff
 .text.mesh_update_soft_timers
                0x000131dc       0x4c ./L4_IO/wireless/src/mesh.o
 .text.mesh_send_packet
                0x00013228       0x3c ./L4_IO/wireless/src/mesh.o
 .text.mesh_send_retry_packet
                0x00013264       0x34 ./L4_IO/wireless/src/mesh.o
 .text.mesh_find_rte_tbl_entry
                0x00013298       0x24 ./L4_IO/wireless/src/mesh.o
 .text.mesh_update_rte_scores
                0x000132bc       0x28 ./L4_IO/wireless/src/mesh.o
 .text.mesh_get_pnd_pkt_slot
                0x000132e4       0x42 ./L4_IO/wireless/src/mesh.o
 *fill*         0x00013326        0x2 ff
 .text.mesh_pending_packets_add
                0x00013328       0x90 ./L4_IO/wireless/src/mesh.o
 .text.mesh_get_rte_to_modify
                0x000133b8       0x58 ./L4_IO/wireless/src/mesh.o
 .text.mesh_handle_pnd_pkts_for_arr
                0x00013410      0x184 ./L4_IO/wireless/src/mesh.o
 .text.mesh_set_node_address
                0x00013594       0x18 ./L4_IO/wireless/src/mesh.o
                0x00013594                mesh_set_node_address
 .text.mesh_get_node_address
                0x000135ac        0xc ./L4_IO/wireless/src/mesh.o
                0x000135ac                mesh_get_node_address
 .text.mesh_set_retry_count
                0x000135b8       0x10 ./L4_IO/wireless/src/mesh.o
                0x000135b8                mesh_set_retry_count
 .text.mesh_form_pkt
                0x000135c8      0x100 ./L4_IO/wireless/src/mesh.o
                0x000135c8                mesh_form_pkt
 .text.mesh_send_formed_pkt
                0x000136c8       0x50 ./L4_IO/wireless/src/mesh.o
                0x000136c8                mesh_send_formed_pkt
 .text.mesh_init
                0x00013718      0x104 ./L4_IO/wireless/src/mesh.o
                0x00013718                mesh_init
 .text.mesh_send
                0x0001381c       0x3c ./L4_IO/wireless/src/mesh.o
                0x0001381c                mesh_send
 .text.mesh_send_ack
                0x00013858       0x1a ./L4_IO/wireless/src/mesh.o
 *fill*         0x00013872        0x2 ff
 .text.mesh_get_routing_entry
                0x00013874       0x2c ./L4_IO/wireless/src/mesh.o
                0x00013874                mesh_get_routing_entry
 .text.mesh_get_num_routing_entries
                0x000138a0       0x1c ./L4_IO/wireless/src/mesh.o
                0x000138a0                mesh_get_num_routing_entries
 .text.mesh_service
                0x000138bc      0x2c4 ./L4_IO/wireless/src/mesh.o
                0x000138bc                mesh_service
 .text.mesh_get_pnd_pkt_count
                0x00013b80       0x34 ./L4_IO/wireless/src/mesh.o
                0x00013b80                mesh_get_pnd_pkt_count
 .text.mesh_get_max_timeout_before_packet_fails
                0x00013bb4       0x24 ./L4_IO/wireless/src/mesh.o
                0x00013bb4                mesh_get_max_timeout_before_packet_fails
 .text.mesh_get_stats
                0x00013bd8       0x14 ./L4_IO/wireless/src/mesh.o
                0x00013bd8                mesh_get_stats
 .text.nordic_transfer
                0x00013bec      0x104 ./L4_IO/wireless/src/nrf24L01Plus.o
 .text.nordic_readRegister
                0x00013cf0       0x20 ./L4_IO/wireless/src/nrf24L01Plus.o
 .text.nordic_writeRegister
                0x00013d10       0x1e ./L4_IO/wireless/src/nrf24L01Plus.o
 .text.nordic_is_tx_fifo_empty
                0x00013d2e        0xe ./L4_IO/wireless/src/nrf24L01Plus.o
                0x00013d2e                nordic_is_tx_fifo_empty
 .text.nordic_clear_all_intr_flags
                0x00013d3c        0x8 ./L4_IO/wireless/src/nrf24L01Plus.o
                0x00013d3c                nordic_clear_all_intr_flags
 .text.nordic_queue_tx_fifo
                0x00013d44        0xc ./L4_IO/wireless/src/nrf24L01Plus.o
                0x00013d44                nordic_queue_tx_fifo
 .text.nordic_standby1_to_tx_mode1
                0x00013d50       0x16 ./L4_IO/wireless/src/nrf24L01Plus.o
                0x00013d50                nordic_standby1_to_tx_mode1
 *fill*         0x00013d66        0x2 ff
 .text.nordic_rx_to_Stanby1
                0x00013d68       0x10 ./L4_IO/wireless/src/nrf24L01Plus.o
                0x00013d68                nordic_rx_to_Stanby1
 .text.nordic_standby1_to_rx
                0x00013d78       0x24 ./L4_IO/wireless/src/nrf24L01Plus.o
                0x00013d78                nordic_standby1_to_rx
 .text.nordic_clear_packet_sent_flag
                0x00013d9c        0x8 ./L4_IO/wireless/src/nrf24L01Plus.o
                0x00013d9c                nordic_clear_packet_sent_flag
 .text.nordic_flush_tx_fifo
                0x00013da4        0xc ./L4_IO/wireless/src/nrf24L01Plus.o
                0x00013da4                nordic_flush_tx_fifo
 .text.nordic_mode1_send_single_packet
                0x00013db0       0x4c ./L4_IO/wireless/src/nrf24L01Plus.o
                0x00013db0                nordic_mode1_send_single_packet
 .text.nordic_is_packet_available
                0x00013dfc       0x12 ./L4_IO/wireless/src/nrf24L01Plus.o
                0x00013dfc                nordic_is_packet_available
 .text.nordic_clear_packet_available_flag
                0x00013e0e        0x8 ./L4_IO/wireless/src/nrf24L01Plus.o
                0x00013e0e                nordic_clear_packet_available_flag
 .text.nordic_read_rx_fifo
                0x00013e16       0x14 ./L4_IO/wireless/src/nrf24L01Plus.o
                0x00013e16                nordic_read_rx_fifo
 .text.nordic_flush_rx_fifo
                0x00013e2a        0xc ./L4_IO/wireless/src/nrf24L01Plus.o
                0x00013e2a                nordic_flush_rx_fifo
 .text.nordic_set_intr_signals
                0x00013e36       0x3e ./L4_IO/wireless/src/nrf24L01Plus.o
                0x00013e36                nordic_set_intr_signals
 .text.nordic_set_crc
                0x00013e74       0x38 ./L4_IO/wireless/src/nrf24L01Plus.o
                0x00013e74                nordic_set_crc
 .text.nordic_power_up
                0x00013eac       0x18 ./L4_IO/wireless/src/nrf24L01Plus.o
                0x00013eac                nordic_power_up
 .text.nordic_power_down
                0x00013ec4       0x16 ./L4_IO/wireless/src/nrf24L01Plus.o
                0x00013ec4                nordic_power_down
 .text.nordic_set_channel
                0x00013eda       0x24 ./L4_IO/wireless/src/nrf24L01Plus.o
                0x00013eda                nordic_set_channel
 .text.nordic_set_air_data_rate
                0x00013efe       0x2c ./L4_IO/wireless/src/nrf24L01Plus.o
                0x00013efe                nordic_set_air_data_rate
 .text.nordic_set_power_level
                0x00013f2a       0x24 ./L4_IO/wireless/src/nrf24L01Plus.o
                0x00013f2a                nordic_set_power_level
 .text.nordic_set_auto_transmit_options
                0x00013f4e       0x32 ./L4_IO/wireless/src/nrf24L01Plus.o
                0x00013f4e                nordic_set_auto_transmit_options
 .text.nordic_set_payload_for_pipe
                0x00013f80       0x14 ./L4_IO/wireless/src/nrf24L01Plus.o
                0x00013f80                nordic_set_payload_for_pipe
 .text.nordic_set_addr_width
                0x00013f94       0x16 ./L4_IO/wireless/src/nrf24L01Plus.o
                0x00013f94                nordic_set_addr_width
 .text.nordic_set_tx_address
                0x00013faa        0xc ./L4_IO/wireless/src/nrf24L01Plus.o
                0x00013faa                nordic_set_tx_address
 .text.nordic_set_rx_pipe0_addr
                0x00013fb6        0xc ./L4_IO/wireless/src/nrf24L01Plus.o
                0x00013fb6                nordic_set_rx_pipe0_addr
 *fill*         0x00013fc2        0x2 ff
 .text.nordic_init
                0x00013fc4       0xc8 ./L4_IO/wireless/src/nrf24L01Plus.o
                0x00013fc4                nordic_init
 .text.nrf_driver_init
                0x0001408c       0x70 ./L4_IO/wireless/src/wireless.o
 .text.nrf_driver_app_recv
                0x000140fc       0x50 ./L4_IO/wireless/src/wireless.o
 .text.nrf_driver_send
                0x0001414c       0x58 ./L4_IO/wireless/src/wireless.o
 .text.nrf_irq_callback
                0x000141a4       0x34 ./L4_IO/wireless/src/wireless.o
 .text.nrf_driver_receive
                0x000141d8       0x22 ./L4_IO/wireless/src/wireless.o
 .text.wireless_get_queued_pkt
                0x000141fa       0x64 ./L4_IO/wireless/src/wireless.o
 .text.nrf_driver_get_timer
                0x0001425e       0x28 ./L4_IO/wireless/src/wireless.o
 *fill*         0x00014286        0x2 ff
 .text.wireless_init
                0x00014288       0x4c ./L4_IO/wireless/src/wireless.o
                0x00014288                wireless_init
 .text.wireless_get_rx_pkt
                0x000142d4       0x10 ./L4_IO/wireless/src/wireless.o
                0x000142d4                wireless_get_rx_pkt
 .text.wireless_get_ack_pkt
                0x000142e4       0x10 ./L4_IO/wireless/src/wireless.o
                0x000142e4                wireless_get_ack_pkt
 .text.wireless_service
                0x000142f4       0x4c ./L4_IO/wireless/src/wireless.o
                0x000142f4                wireless_service
 .text._ZN11i2c2_device8writeRegEhh
                0x00014340        0xc ./L4_IO/src/io_source.o
                0x00014340                i2c2_device::writeReg(unsigned char, unsigned char)
 .text._ZN11i2c2_device16get16BitRegisterEh
                0x0001434c       0x2a ./L4_IO/src/io_source.o
                0x0001434c                i2c2_device::get16BitRegister(unsigned char)
 .text._ZN19Acceleration_Sensor4initEv
                0x00014376       0x20 ./L4_IO/src/io_source.o
                0x00014376                Acceleration_Sensor::init()
 *fill*         0x00014396        0x2 ff
 .text._ZN9IR_Sensor11storeIrCodeEm
                0x00014398       0x1c ./L4_IO/src/io_source.o
                0x00014398                IR_Sensor::storeIrCode(unsigned long)
 .text._ZN9IR_Sensor12decodeIrCodeEv
                0x000143b4       0x64 ./L4_IO/src/io_source.o
                0x000143b4                IR_Sensor::decodeIrCode()
 .text._ZN9IR_Sensor4initEv
                0x00014418       0x34 ./L4_IO/src/io_source.o
                0x00014418                IR_Sensor::init()
 .text._ZN11LED_Display12setLeftDigitEc
                0x0001444c       0x18 ./L4_IO/src/io_source.o
                0x0001444c                LED_Display::setLeftDigit(char)
 .text._ZN11LED_Display13setRightDigitEc
                0x00014464       0x18 ./L4_IO/src/io_source.o
                0x00014464                LED_Display::setRightDigit(char)
 .text._ZN11LED_Display4initEv
                0x0001447c       0x38 ./L4_IO/src/io_source.o
                0x0001447c                LED_Display::init()
 .text._ZN11LED_Display5clearEv
                0x000144b4       0x16 ./L4_IO/src/io_source.o
                0x000144b4                LED_Display::clear()
 .text._ZN11LED_Display9setNumberEc
                0x000144ca       0x3a ./L4_IO/src/io_source.o
                0x000144ca                LED_Display::setNumber(char)
 .text._ZN3LED4initEv
                0x00014504        0x4 ./L4_IO/src/io_source.o
                0x00014504                LED::init()
 .text._ZN3LED6setAllEh
                0x00014508       0x5c ./L4_IO/src/io_source.o
                0x00014508                LED::setAll(unsigned char)
 .text._ZN12Light_Sensor4initEv
                0x00014564        0x4 ./L4_IO/src/io_source.o
                0x00014564                Light_Sensor::init()
 .text._ZN12Light_Sensor11getRawValueEv
                0x00014568        0x6 ./L4_IO/src/io_source.o
                0x00014568                Light_Sensor::getRawValue()
 .text._ZN8Switches4initEv
                0x0001456e        0x4 ./L4_IO/src/io_source.o
                0x0001456e                Switches::init()
 *fill*         0x00014572        0x2 ff
 .text._ZN8Switches15getSwitchValuesEv
                0x00014574       0x18 ./L4_IO/src/io_source.o
                0x00014574                Switches::getSwitchValues()
 .text._ZN8I2C_Temp4initEv
                0x0001458c       0x22 ./L4_IO/src/io_source.o
                0x0001458c                I2C_Temp::init()
 .text._ZN8I2C_Temp10getCelsiusEv
                0x000145ae       0x30 ./L4_IO/src/io_source.o
                0x000145ae                I2C_Temp::getCelsius()
 *fill*         0x000145de        0x2 ff
 .text._ZN8I2C_Temp12getFarenheitEv
                0x000145e0       0x24 ./L4_IO/src/io_source.o
                0x000145e0                I2C_Temp::getFarenheit()
 .text._ZN7Storage4copyEPKcS1_PjS2_S2_
                0x00014604       0xf4 ./L4_IO/src/storage.o
                0x00014604                Storage::copy(char const*, char const*, unsigned int*, unsigned int*, unsigned int*)
 .text._ZN7Storage4readEPKcPvjj
                0x000146f8       0x44 ./L4_IO/src/storage.o
                0x000146f8                Storage::read(char const*, void*, unsigned int, unsigned int)
 .text._ZN7Storage5writeEPKcPvjj
                0x0001473c       0x44 ./L4_IO/src/storage.o
                0x0001473c                Storage::write(char const*, void*, unsigned int, unsigned int)
 .text._ZN7Storage6appendEPKcPKvjj
                0x00014780       0x48 ./L4_IO/src/storage.o
                0x00014780                Storage::append(char const*, void const*, unsigned int, unsigned int)
 .text.ff_convert
                0x000147c8       0x3c ./L4_IO/fat/option/ccsbcs.o
                0x000147c8                ff_convert
 .text.ff_wtoupper
                0x00014804       0x24 ./L4_IO/fat/option/ccsbcs.o
                0x00014804                ff_wtoupper
 .text.ff_cre_syncobj
                0x00014828       0x14 ./L4_IO/fat/option/reentrant.o
                0x00014828                ff_cre_syncobj
 .text.ff_del_syncobj
                0x0001483c        0x4 ./L4_IO/fat/option/reentrant.o
                0x0001483c                ff_del_syncobj
 .text.ff_req_grant
                0x00014840       0x26 ./L4_IO/fat/option/reentrant.o
                0x00014840                ff_req_grant
 .text.ff_rel_grant
                0x00014866       0x1e ./L4_IO/fat/option/reentrant.o
                0x00014866                ff_rel_grant
 .text.disk_initialize
                0x00014884       0x26 ./L4_IO/fat/disk/diskio.o
                0x00014884                disk_initialize
 .text.disk_status
                0x000148aa       0x10 ./L4_IO/fat/disk/diskio.o
                0x000148aa                disk_status
 .text.disk_read
                0x000148ba       0x38 ./L4_IO/fat/disk/diskio.o
                0x000148ba                disk_read
 .text.disk_write
                0x000148f2       0x38 ./L4_IO/fat/disk/diskio.o
                0x000148f2                disk_write
 .text.disk_ioctl
                0x0001492a       0x32 ./L4_IO/fat/disk/diskio.o
                0x0001492a                disk_ioctl
 .text.sys_get_uptime_ms
                0x0001495c       0x12 ./L4_IO/fat/disk/sd.o
 *fill*         0x0001496e        0x2 ff
 .text.ssp1_set_max_clock
                0x00014970       0x30 ./L4_IO/fat/disk/sd.o
 .text.ssp1_exchange_byte
                0x000149a0       0x18 ./L4_IO/fat/disk/sd.o
 .text.wait_ready
                0x000149b8       0x2e ./L4_IO/fat/disk/sd.o
                0x000149b8                wait_ready
 *fill*         0x000149e6        0x2 ff
 .text.power_off
                0x000149e8       0x24 ./L4_IO/fat/disk/sd.o
                0x000149e8                power_off
 .text.rcvr_datablock
                0x00014a0c       0x8c ./L4_IO/fat/disk/sd.o
                0x00014a0c                rcvr_datablock
 .text.xmit_datablock
                0x00014a98       0x4c ./L4_IO/fat/disk/sd.o
                0x00014a98                xmit_datablock
 .text.send_cmd
                0x00014ae4       0x90 ./L4_IO/fat/disk/sd.o
                0x00014ae4                send_cmd
 .text.sd_update_card_status
                0x00014b74       0x24 ./L4_IO/fat/disk/sd.o
                0x00014b74                sd_update_card_status
 .text.sd_initialize
                0x00014b98      0x170 ./L4_IO/fat/disk/sd.o
                0x00014b98                sd_initialize
 .text.sd_status
                0x00014d08       0x10 ./L4_IO/fat/disk/sd.o
                0x00014d08                sd_status
 .text.sd_read  0x00014d18       0x98 ./L4_IO/fat/disk/sd.o
                0x00014d18                sd_read
 .text.sd_write
                0x00014db0       0xb4 ./L4_IO/fat/disk/sd.o
                0x00014db0                sd_write
 .text.sd_ioctl
                0x00014e64      0x234 ./L4_IO/fat/disk/sd.o
                0x00014e64                sd_ioctl
 .text._ZL24flash_get_mem_size_bytesv
                0x00015098       0x20 ./L4_IO/fat/disk/spi_flash.o
 .text._ZL37flash_perform_page_io_of_fatfs_sectorPFvPhmmES_m
                0x000150b8       0x74 ./L4_IO/fat/disk/spi_flash.o
 .text.ssp1_exchange_data
                0x0001512c       0xc4 ./L4_IO/fat/disk/spi_flash.o
 .text._ZL18flash_send_op_addr14flash_opcode_tm
                0x000151f0       0x26 ./L4_IO/fat/disk/spi_flash.o
 *fill*         0x00015216        0x2 ff
 .text._ZL15flash_read_pagePhmm
                0x00015218       0x44 ./L4_IO/fat/disk/spi_flash.o
 .text._ZL20flash_wait_for_readyv
                0x0001525c       0x44 ./L4_IO/fat/disk/spi_flash.o
 .text.flash_initialize
                0x000152a0       0x98 ./L4_IO/fat/disk/spi_flash.o
                0x000152a0                flash_initialize
 .text.flash_read_sectors
                0x00015338       0x44 ./L4_IO/fat/disk/spi_flash.o
                0x00015338                flash_read_sectors
 .text.flash_write_sectors
                0x0001537c       0x40 ./L4_IO/fat/disk/spi_flash.o
                0x0001537c                flash_write_sectors
 .text.flash_ioctl
                0x000153bc       0x36 ./L4_IO/fat/disk/spi_flash.o
                0x000153bc                flash_ioctl
 *fill*         0x000153f2        0x2 ff
 .text.flash_write_permanent_id
                0x000153f4       0x44 ./L4_IO/fat/disk/spi_flash.o
                0x000153f4                flash_write_permanent_id
 .text.flash_read_permanent_id
                0x00015438       0x28 ./L4_IO/fat/disk/spi_flash.o
                0x00015438                flash_read_permanent_id
 .text.flash_get_page_count
                0x00015460       0x20 ./L4_IO/fat/disk/spi_flash.o
                0x00015460                flash_get_page_count
 .text.flash_get_page_size
                0x00015480        0xc ./L4_IO/fat/disk/spi_flash.o
                0x00015480                flash_get_page_size
 .text.flash_supports_metadata
                0x0001548c       0x10 ./L4_IO/fat/disk/spi_flash.o
                0x0001548c                flash_supports_metadata
 .text._ZL16flash_write_pagePhmm
                0x0001549c       0x8c ./L4_IO/fat/disk/spi_flash.o
 .text.flash_get_page_write_count
                0x00015528       0x54 ./L4_IO/fat/disk/spi_flash.o
                0x00015528                flash_get_page_write_count
 .text.flash_chip_erase
                0x0001557c       0x2c ./L4_IO/fat/disk/spi_flash.o
                0x0001557c                flash_chip_erase
 .text.get_fattime
                0x000155a8       0x52 ./L4_IO/fat/fatfs_time.o
                0x000155a8                get_fattime
 .text.mem_cpy  0x000155fa       0x38 ./L4_IO/fat/ff.o
 .text.mem_set  0x00015632        0xe ./L4_IO/fat/ff.o
 .text.sum_sfn  0x00015640       0x1e ./L4_IO/fat/ff.o
 .text.get_ldnumber
                0x0001565e       0x3c ./L4_IO/fat/ff.o
 .text.get_fileinfo
                0x0001569a       0xc4 ./L4_IO/fat/ff.o
 .text.sync_window.part.1
                0x0001575e       0x46 ./L4_IO/fat/ff.o
 .text.sync_window
                0x000157a4        0xc ./L4_IO/fat/ff.o
 .text.sync_fs  0x000157b0       0x74 ./L4_IO/fat/ff.o
 .text.move_window
                0x00015824       0x34 ./L4_IO/fat/ff.o
 .text.check_fs
                0x00015858       0x4c ./L4_IO/fat/ff.o
 .text.find_volume
                0x000158a4      0x23c ./L4_IO/fat/ff.o
 .text.validate
                0x00015ae0       0x3a ./L4_IO/fat/ff.o
 .text.unlock_fs
                0x00015b1a       0x1a ./L4_IO/fat/ff.o
 .text.clust2sect
                0x00015b34       0x16 ./L4_IO/fat/ff.o
                0x00015b34                clust2sect
 .text.get_fat  0x00015b4a       0xa6 ./L4_IO/fat/ff.o
                0x00015b4a                get_fat
 .text.dir_sdi  0x00015bf0       0x7e ./L4_IO/fat/ff.o
 .text.put_fat  0x00015c6e       0xd2 ./L4_IO/fat/ff.o
                0x00015c6e                put_fat
 .text.create_chain
                0x00015d40       0xa2 ./L4_IO/fat/ff.o
 .text.dir_next
                0x00015de2       0xee ./L4_IO/fat/ff.o
 .text.dir_find.part.9
                0x00015ed0      0x124 ./L4_IO/fat/ff.o
 .text.follow_path
                0x00015ff4      0x268 ./L4_IO/fat/ff.o
 .text.dir_register
                0x0001625c      0x224 ./L4_IO/fat/ff.o
 .text.dir_remove
                0x00016480       0x5a ./L4_IO/fat/ff.o
 *fill*         0x000164da        0x2 ff
 .text.dir_read.constprop.11
                0x000164dc       0xe8 ./L4_IO/fat/ff.o
 .text.remove_chain
                0x000165c4       0x58 ./L4_IO/fat/ff.o
 .text.f_mount  0x0001661c       0x7c ./L4_IO/fat/ff.o
                0x0001661c                f_mount
 .text.f_open   0x00016698      0x134 ./L4_IO/fat/ff.o
                0x00016698                f_open
 .text.f_read   0x000167cc      0x170 ./L4_IO/fat/ff.o
                0x000167cc                f_read
 .text.f_write  0x0001693c      0x1a2 ./L4_IO/fat/ff.o
                0x0001693c                f_write
 .text.f_sync   0x00016ade       0x8c ./L4_IO/fat/ff.o
                0x00016ade                f_sync
 .text.f_close  0x00016b6a       0x24 ./L4_IO/fat/ff.o
                0x00016b6a                f_close
 .text.f_lseek  0x00016b8e      0x14e ./L4_IO/fat/ff.o
                0x00016b8e                f_lseek
 .text.f_opendir
                0x00016cdc       0x88 ./L4_IO/fat/ff.o
                0x00016cdc                f_opendir
 .text.f_readdir
                0x00016d64       0x5e ./L4_IO/fat/ff.o
                0x00016d64                f_readdir
 .text.f_getfree
                0x00016dc2       0xca ./L4_IO/fat/ff.o
                0x00016dc2                f_getfree
 .text.f_unlink
                0x00016e8c       0xba ./L4_IO/fat/ff.o
                0x00016e8c                f_unlink
 .text.f_mkdir  0x00016f46      0x152 ./L4_IO/fat/ff.o
                0x00016f46                f_mkdir
 .text.f_rename
                0x00017098      0x120 ./L4_IO/fat/ff.o
                0x00017098                f_rename
 .text.f_mkfs   0x000171b8      0x4ec ./L4_IO/fat/ff.o
                0x000171b8                f_mkfs
 .text.c_list_for_each_elm
                0x000176a4       0x2a ./L3_Utils/src/c_list.o
                0x000176a4                c_list_for_each_elm
 *fill*         0x000176ce        0x2 ff
 .text._ZN16CommandProcessor10addHandlerEPFbR3strR7CharDevPvEPKcS8_S4_
                0x000176d0       0x7c ./L3_Utils/src/command_handler.o
                0x000176d0                CommandProcessor::addHandler(bool (*)(str&, CharDev&, void*), char const*, char const*, void*)
 .text._ZN16CommandProcessor24getRegisteredCommandListER7CharDev
                0x0001774c       0x98 ./L3_Utils/src/command_handler.o
                0x0001774c                CommandProcessor::getRegisteredCommandList(CharDev&)
 .text._ZN16CommandProcessor11getHelpTextER3strR7CharDev
                0x000177e4       0x70 ./L3_Utils/src/command_handler.o
                0x000177e4                CommandProcessor::getHelpText(str&, CharDev&)
 .text._ZN16CommandProcessor15prepareCmdParamER3strPKc
                0x00017854       0x3c ./L3_Utils/src/command_handler.o
                0x00017854                CommandProcessor::prepareCmdParam(str&, char const*)
 .text._ZN16CommandProcessor13handleCommandER3strR7CharDev
                0x00017890      0x14c ./L3_Utils/src/command_handler.o
                0x00017890                CommandProcessor::handleCommand(str&, CharDev&)
 .text.logger_get_buffer_ptr
                0x000179dc       0x44 ./L3_Utils/src/file_logger.o
 .text.logger_write_to_file
                0x00017a20       0xb4 ./L3_Utils/src/file_logger.o
 .text.logger_task
                0x00017ad4       0xd0 ./L3_Utils/src/file_logger.o
 .text.logger_write_log_message
                0x00017ba4       0x48 ./L3_Utils/src/file_logger.o
 .text.logger_send_flush_request
                0x00017bec       0x34 ./L3_Utils/src/file_logger.o
                0x00017bec                logger_send_flush_request
 .text.logger_get_logged_call_count
                0x00017c20       0x14 ./L3_Utils/src/file_logger.o
                0x00017c20                logger_get_logged_call_count
 .text.logger_get_blocked_call_count
                0x00017c34        0xc ./L3_Utils/src/file_logger.o
                0x00017c34                logger_get_blocked_call_count
 .text.logger_get_highest_file_write_time_ms
                0x00017c40        0xc ./L3_Utils/src/file_logger.o
                0x00017c40                logger_get_highest_file_write_time_ms
 .text.logger_get_num_buffers_watermark
                0x00017c4c        0xc ./L3_Utils/src/file_logger.o
                0x00017c4c                logger_get_num_buffers_watermark
 .text.logger_init
                0x00017c58       0xd4 ./L3_Utils/src/file_logger.o
                0x00017c58                logger_init
 .text.logger_set_printf
                0x00017d2c       0x1c ./L3_Utils/src/file_logger.o
                0x00017d2c                logger_set_printf
 .text.logger_log
                0x00017d48      0x134 ./L3_Utils/src/file_logger.o
                0x00017d48                logger_log
 .text.logger_log_raw
                0x00017e7c       0x40 ./L3_Utils/src/file_logger.o
                0x00017e7c                logger_log_raw
 .text.u0_dbg_put
                0x00017ebc       0x1e ./L3_Utils/src/printf_lib.o
                0x00017ebc                u0_dbg_put
 .text.u0_dbg_printf
                0x00017eda       0x3c ./L3_Utils/src/printf_lib.o
                0x00017eda                u0_dbg_printf
 .text.for_each_recur_alarm_callback
                0x00017f16       0x24 ./L3_Utils/src/rtc_alarm.o
 .text.for_each_alarm_callback
                0x00017f3a       0x5a ./L3_Utils/src/rtc_alarm.o
 .text.RTC_IRQHandler
                0x00017f94       0xac ./L3_Utils/src/rtc_alarm.o
                0x00017f94                RTC_IRQHandler
 .text.__sputc_r
                0x00018040       0x2c ./L3_Utils/src/scheduler_task.o
 .text._ZL9dbg_printPKcS0_
                0x0001806c       0x34 ./L3_Utils/src/scheduler_task.o
 .text._ZL9printlinePKcS0_
                0x000180a0       0x38 ./L3_Utils/src/scheduler_task.o
 .text._Z24scheduler_c_task_privatePv
                0x000180d8      0x120 ./L3_Utils/src/scheduler_task.o
                0x000180d8                scheduler_c_task_private(void*)
 .text._Z18scheduler_init_allb
                0x000181f8       0xec ./L3_Utils/src/scheduler_task.o
                0x000181f8                scheduler_init_all(bool)
 .text._Z18scheduler_add_taskP14scheduler_task
                0x000182e4       0x1c ./L3_Utils/src/scheduler_task.o
                0x000182e4                scheduler_add_task(scheduler_task*)
 .text._Z15scheduler_startbb
                0x00018300       0x40 ./L3_Utils/src/scheduler_task.o
                0x00018300                scheduler_start(bool, bool)
 .text._ZN14scheduler_taskC2EPKcmhPv
                0x00018340       0x34 ./L3_Utils/src/scheduler_task.o
                0x00018340                scheduler_task::scheduler_task(char const*, unsigned long, unsigned char, void*)
                0x00018340                scheduler_task::scheduler_task(char const*, unsigned long, unsigned char, void*)
 .text._ZN14scheduler_task15getSharedObjectEh
                0x00018374       0x18 ./L3_Utils/src/scheduler_task.o
                0x00018374                scheduler_task::getSharedObject(unsigned char)
 .text._ZN3strC2EPci
                0x0001838c       0x2a ./L3_Utils/src/str.o
                0x0001838c                str::str(char*, int)
                0x0001838c                str::str(char*, int)
 .text._ZN3strD2Ev
                0x000183b6       0x24 ./L3_Utils/src/str.o
                0x000183b6                str::~str()
                0x000183b6                str::~str()
 .text._ZNK3str6getLenEv
                0x000183da        0x6 ./L3_Utils/src/str.o
                0x000183da                str::getLen() const
 .text._ZNK3str11getCapacityEv
                0x000183e0        0x4 ./L3_Utils/src/str.o
                0x000183e0                str::getCapacity() const
 .text._ZN3str5clearEv
                0x000183e4        0x8 ./L3_Utils/src/str.o
                0x000183e4                str::clear()
 .text._ZN3str5scanfEPKcz
                0x000183ec       0x1c ./L3_Utils/src/str.o
                0x000183ec                str::scanf(char const*, ...)
 .text._ZN3str8tokenizeEPKciz
                0x00018408       0x4c ./L3_Utils/src/str.o
                0x00018408                str::tokenize(char const*, int, ...)
 .text._ZNK3str9compareToEPKc
                0x00018454       0x14 ./L3_Utils/src/str.o
                0x00018454                str::compareTo(char const*) const
 .text._ZNK3str19compareToIgnoreCaseEPKc
                0x00018468       0x10 ./L3_Utils/src/str.o
                0x00018468                str::compareToIgnoreCase(char const*) const
 .text._ZNK3str22firstIndexOfIgnoreCaseEPKc
                0x00018478       0x80 ./L3_Utils/src/str.o
                0x00018478                str::firstIndexOfIgnoreCase(char const*) const
 .text._ZNK3str18containsIgnoreCaseEPKc
                0x000184f8        0xe ./L3_Utils/src/str.o
                0x000184f8                str::containsIgnoreCase(char const*) const
 .text._ZNK3str12firstIndexOfEPKc
                0x00018506       0x16 ./L3_Utils/src/str.o
                0x00018506                str::firstIndexOf(char const*) const
 .text._ZNK3str10beginsWithEPKc
                0x0001851c       0x2e ./L3_Utils/src/str.o
                0x0001851c                str::beginsWith(char const*) const
 .text._ZNK3str20beginsWithIgnoreCaseEPKc
                0x0001854a       0x2e ./L3_Utils/src/str.o
                0x0001854a                str::beginsWithIgnoreCase(char const*) const
 .text._ZNK3str29beginsWithWholeWordIgnoreCaseEPKcc
                0x00018578       0x38 ./L3_Utils/src/str.o
                0x00018578                str::beginsWithWholeWordIgnoreCase(char const*, char) const
 .text._ZN3str10eraseFirstEi
                0x000185b0       0x28 ./L3_Utils/src/str.o
                0x000185b0                str::eraseFirst(int)
 .text._ZN3str9eraseLastEi
                0x000185d8       0x20 ./L3_Utils/src/str.o
                0x000185d8                str::eraseLast(int)
 .text._ZN3str10eraseAfterEii
                0x000185f8       0x38 ./L3_Utils/src/str.o
                0x000185f8                str::eraseAfter(int, int)
 .text._ZN3str5eraseEPKc
                0x00018630       0x28 ./L3_Utils/src/str.o
                0x00018630                str::erase(char const*)
 .text._ZN3str15eraseFirstWordsEic
                0x00018658       0x2a ./L3_Utils/src/str.o
                0x00018658                str::eraseFirstWords(int, char)
 .text._ZN3str9trimStartEPKc
                0x00018682       0x40 ./L3_Utils/src/str.o
                0x00018682                str::trimStart(char const*)
 .text._ZN3str7trimEndEPKc
                0x000186c2       0x3a ./L3_Utils/src/str.o
                0x000186c2                str::trimEnd(char const*)
 .text._ZNK3streqEPKc
                0x000186fc        0x4 ./L3_Utils/src/str.o
                0x000186fc                str::operator==(char const*) const
 .text._ZNK3strclEv
                0x00018700        0x4 ./L3_Utils/src/str.o
                0x00018700                str::operator()() const
 .text._ZNK3strcviEv
                0x00018704        0x6 ./L3_Utils/src/str.o
                0x00018704                str::operator int() const
 .text._ZN3strixEi
                0x0001870a       0x14 ./L3_Utils/src/str.o
                0x0001870a                str::operator[](int)
 .text._ZN3str13reAllocateMemEi
                0x0001871e       0x4c ./L3_Utils/src/str.o
                0x0001871e                str::reAllocateMem(int)
 .text._ZN3str4initEi
                0x0001876a       0x10 ./L3_Utils/src/str.o
                0x0001876a                str::init(int)
 .text._ZN3strC2Ei
                0x0001877a        0xc ./L3_Utils/src/str.o
                0x0001877a                str::str(int)
                0x0001877a                str::str(int)
 .text._ZN3str7reserveEi
                0x00018786        0xe ./L3_Utils/src/str.o
                0x00018786                str::reserve(int)
 .text._ZN3str6printfEPKcz
                0x00018794       0x42 ./L3_Utils/src/str.o
                0x00018794                str::printf(char const*, ...)
 .text._ZN3str26ensureMemoryToInsertNCharsEi
                0x000187d6       0x22 ./L3_Utils/src/str.o
                0x000187d6                str::ensureMemoryToInsertNChars(int)
 .text._ZN3str11insertAtEndEPKc
                0x000187f8       0x22 ./L3_Utils/src/str.o
                0x000187f8                str::insertAtEnd(char const*)
 .text._ZN3strpLEc
                0x0001881a       0x1a ./L3_Utils/src/str.o
                0x0001881a                str::operator+=(char)
 .text._ZN3str8copyFromEPKc
                0x00018834       0x3c ./L3_Utils/src/str.o
                0x00018834                str::copyFrom(char const*)
 .text._ZN3straSEPKc
                0x00018870        0x4 ./L3_Utils/src/str.o
                0x00018870                str::operator=(char const*)
 .text.delay_us
                0x00018874       0x1c ./L3_Utils/src/utilities.o
                0x00018874                delay_us
 .text.is_freertos_running
                0x00018890        0xe ./L3_Utils/src/utilities.o
                0x00018890                is_freertos_running
 .text.delay_ms
                0x0001889e       0x22 ./L3_Utils/src/utilities.o
                0x0001889e                delay_ms
 .text.adc0_start_conversion
                0x000188c0       0x24 ./L2_Drivers/src/adc.o
 .text.ADC_IRQHandler
                0x000188e4       0x48 ./L2_Drivers/src/adc.o
                0x000188e4                ADC_IRQHandler
 .text.adc0_init
                0x0001892c       0x74 ./L2_Drivers/src/adc.o
                0x0001892c                adc0_init
 .text.adc0_get_reading
                0x000189a0       0x78 ./L2_Drivers/src/adc.o
                0x000189a0                adc0_get_reading
 .text.CAN_tx_now
                0x00018a18       0x32 ./L2_Drivers/src/can.o
 *fill*         0x00018a4a        0x2 ff
 .text.CAN_handle_isr
                0x00018a4c       0xa0 ./L2_Drivers/src/can.o
 .text.CAN_IRQHandler
                0x00018aec       0x28 ./L2_Drivers/src/can.o
                0x00018aec                CAN_IRQHandler
 .text.handle_eint_list
                0x00018b14       0x2c ./L2_Drivers/src/eint.o
 .text.eint3_enable.isra.0
                0x00018b40       0x38 ./L2_Drivers/src/eint.o
 .text.EINT3_IRQHandler
                0x00018b78       0x80 ./L2_Drivers/src/eint.o
                0x00018b78                EINT3_IRQHandler
 .text.eint3_enable_port0
                0x00018bf8       0x30 ./L2_Drivers/src/eint.o
                0x00018bf8                eint3_enable_port0
 .text._ZN4I2C24initEj
                0x00018c28       0x68 ./L2_Drivers/src/i2c2.o
                0x00018c28                I2C2::init(unsigned int)
 .text._ZN4I2C2C2Ev
                0x00018c90       0x14 ./L2_Drivers/src/i2c2.o
                0x00018c90                I2C2::I2C2()
                0x00018c90                I2C2::I2C2()
 .text.I2C2_IRQHandler
                0x00018ca4       0x24 ./L2_Drivers/src/i2c2.o
                0x00018ca4                I2C2_IRQHandler
 .text.RIT_IRQHandler
                0x00018cc8       0x1c ./L2_Drivers/src/lpc_rit.o
                0x00018cc8                RIT_IRQHandler
 .text.lpc_timer_get_struct
                0x00018ce4       0x20 ./L2_Drivers/src/lpc_timers.o
 .text.lpc_timer_enable
                0x00018d04       0x54 ./L2_Drivers/src/lpc_timers.o
                0x00018d04                lpc_timer_enable
 .text._ZN12NordicStream5flushEv
                0x00018d58       0x5c ./L2_Drivers/src/nrf_stream.o
                0x00018d58                NordicStream::flush()
 .text._ZN12NordicStreamD2Ev
                0x00018db4       0x14 ./L2_Drivers/src/nrf_stream.o
                0x00018db4                NordicStream::~NordicStream()
                0x00018db4                NordicStream::~NordicStream()
 .text._ZN12NordicStreamD0Ev
                0x00018dc8       0x12 ./L2_Drivers/src/nrf_stream.o
                0x00018dc8                NordicStream::~NordicStream()
 .text._ZN12NordicStream7getCharEPcj
                0x00018dda       0x44 ./L2_Drivers/src/nrf_stream.o
                0x00018dda                NordicStream::getChar(char*, unsigned int)
 .text._ZN12NordicStream7putCharEcj
                0x00018e1e       0x22 ./L2_Drivers/src/nrf_stream.o
                0x00018e1e                NordicStream::putChar(char, unsigned int)
 .text._ZN12NordicStreamC2Ev
                0x00018e40       0x40 ./L2_Drivers/src/nrf_stream.o
                0x00018e40                NordicStream::NordicStream()
                0x00018e40                NordicStream::NordicStream()
 .text.rtc_gettime
                0x00018e80       0x50 ./L2_Drivers/src/rtc.o
                0x00018e80                rtc_gettime
 .text.rtc_settime
                0x00018ed0       0x68 ./L2_Drivers/src/rtc.o
                0x00018ed0                rtc_settime
 .text.rtc_init
                0x00018f38       0xd0 ./L2_Drivers/src/rtc.o
                0x00018f38                rtc_init
 .text.rtc_get_date_time_str
                0x00019008       0x14 ./L2_Drivers/src/rtc.o
                0x00019008                rtc_get_date_time_str
 .text.ssp1_dma_init
                0x0001901c       0x1c ./L2_Drivers/src/spi_dma.o
                0x0001901c                ssp1_dma_init
 .text.ssp1_dma_transfer_block
                0x00019038       0xc4 ./L2_Drivers/src/spi_dma.o
                0x00019038                ssp1_dma_transfer_block
 .text.spi1_lock
                0x000190fc       0x30 ./L2_Drivers/src/spi_sem.o
                0x000190fc                spi1_lock
 .text.spi1_unlock
                0x0001912c       0x24 ./L2_Drivers/src/spi_sem.o
                0x0001912c                spi1_unlock
 .text._ZN5Uart0D2Ev
                0x00019150       0x14 ./L2_Drivers/src/uart0.o
                0x00019150                Uart0::~Uart0()
                0x00019150                Uart0::~Uart0()
 .text._ZN5Uart0D0Ev
                0x00019164       0x12 ./L2_Drivers/src/uart0.o
                0x00019164                Uart0::~Uart0()
 *fill*         0x00019176        0x2 ff
 .text._ZN5Uart04initEjii
                0x00019178       0x40 ./L2_Drivers/src/uart0.o
                0x00019178                Uart0::init(unsigned int, int, int)
 .text._ZN5Uart0C2Ev
                0x000191b8       0x1c ./L2_Drivers/src/uart0.o
                0x000191b8                Uart0::Uart0()
                0x000191b8                Uart0::Uart0()
 .text.UART0_IRQHandler
                0x000191d4       0x24 ./L2_Drivers/src/uart0.o
                0x000191d4                UART0_IRQHandler
 .text._ZN5Uart2D2Ev
                0x000191f8       0x14 ./L2_Drivers/src/uart2.o
                0x000191f8                Uart2::~Uart2()
                0x000191f8                Uart2::~Uart2()
 .text._ZN5Uart2D0Ev
                0x0001920c       0x12 ./L2_Drivers/src/uart2.o
                0x0001920c                Uart2::~Uart2()
 *fill*         0x0001921e        0x2 ff
 .text._ZN5Uart2C2Ev
                0x00019220       0x1c ./L2_Drivers/src/uart2.o
                0x00019220                Uart2::Uart2()
                0x00019220                Uart2::Uart2()
 .text.UART2_IRQHandler
                0x0001923c       0x24 ./L2_Drivers/src/uart2.o
                0x0001923c                UART2_IRQHandler
 .text._ZN5Uart3D2Ev
                0x00019260       0x14 ./L2_Drivers/src/uart3.o
                0x00019260                Uart3::~Uart3()
                0x00019260                Uart3::~Uart3()
 .text._ZN5Uart3D0Ev
                0x00019274       0x12 ./L2_Drivers/src/uart3.o
                0x00019274                Uart3::~Uart3()
 *fill*         0x00019286        0x2 ff
 .text._ZN5Uart3C2Ev
                0x00019288       0x1c ./L2_Drivers/src/uart3.o
                0x00019288                Uart3::Uart3()
                0x00019288                Uart3::Uart3()
 .text.UART3_IRQHandler
                0x000192a4       0x24 ./L2_Drivers/src/uart3.o
                0x000192a4                UART3_IRQHandler
 .text._ZN7CharDev5flushEv
                0x000192c8        0x4 ./L2_Drivers/base/char_dev.o
                0x000192c8                CharDev::flush()
 .text._ZN7CharDev3putEPKcj
                0x000192cc       0x28 ./L2_Drivers/base/char_dev.o
                0x000192cc                CharDev::put(char const*, unsigned int)
 .text._ZN7CharDev7putlineEPKcj
                0x000192f4       0x1c ./L2_Drivers/base/char_dev.o
                0x000192f4                CharDev::putline(char const*, unsigned int)
 .text._ZN7CharDev4getsEPcij
                0x00019310       0x50 ./L2_Drivers/base/char_dev.o
                0x00019310                CharDev::gets(char*, int, unsigned int)
 .text._ZN7CharDev6printfEPKcz
                0x00019360       0x78 ./L2_Drivers/base/char_dev.o
                0x00019360                CharDev::printf(char const*, ...)
 .text._ZN7CharDevC2Ev
                0x000193d8       0x20 ./L2_Drivers/base/char_dev.o
                0x000193d8                CharDev::CharDev()
                0x000193d8                CharDev::CharDev()
 .text._ZN7CharDevD2Ev
                0x000193f8       0x18 ./L2_Drivers/base/char_dev.o
                0x000193f8                CharDev::~CharDev()
                0x000193f8                CharDev::~CharDev()
 .text._ZN8I2C_Base8transferEhhPhm
                0x00019410       0xdc ./L2_Drivers/base/i2c_base.o
                0x00019410                I2C_Base::transfer(unsigned char, unsigned char, unsigned char*, unsigned long)
 .text._ZN8I2C_Base13readRegistersEhhPhm
                0x000194ec        0x8 ./L2_Drivers/base/i2c_base.o
                0x000194ec                I2C_Base::readRegisters(unsigned char, unsigned char, unsigned char*, unsigned long)
 .text._ZN8I2C_Base7readRegEhh
                0x000194f4       0x1a ./L2_Drivers/base/i2c_base.o
                0x000194f4                I2C_Base::readReg(unsigned char, unsigned char)
 .text._ZN8I2C_Base14writeRegistersEhhPhm
                0x0001950e        0x8 ./L2_Drivers/base/i2c_base.o
                0x0001950e                I2C_Base::writeRegisters(unsigned char, unsigned char, unsigned char*, unsigned long)
 .text._ZN8I2C_Base8writeRegEhhh
                0x00019516       0x16 ./L2_Drivers/base/i2c_base.o
                0x00019516                I2C_Base::writeReg(unsigned char, unsigned char, unsigned char)
 .text._ZN8I2C_Base19checkDeviceResponseEh
                0x0001952c       0x16 ./L2_Drivers/base/i2c_base.o
                0x0001952c                I2C_Base::checkDeviceResponse(unsigned char)
 *fill*         0x00019542        0x2 ff
 .text._ZN8I2C_BaseC2EP15LPC_I2C_TypeDef
                0x00019544       0x50 ./L2_Drivers/base/i2c_base.o
                0x00019544                I2C_Base::I2C_Base(LPC_I2C_TypeDef*)
                0x00019544                I2C_Base::I2C_Base(LPC_I2C_TypeDef*)
 .text._ZN8I2C_Base4initEmm
                0x00019594       0x90 ./L2_Drivers/base/i2c_base.o
                0x00019594                I2C_Base::init(unsigned long, unsigned long)
 .text._ZN8I2C_Base15i2cStateMachineEv
                0x00019624      0x122 ./L2_Drivers/base/i2c_base.o
                0x00019624                I2C_Base::i2cStateMachine()
 *fill*         0x00019746        0x2 ff
 .text._ZN8I2C_Base15handleInterruptEv
                0x00019748       0x34 ./L2_Drivers/base/i2c_base.o
                0x00019748                I2C_Base::handleInterrupt()
 .text._ZN7UartDevD2Ev
                0x0001977c       0x14 ./L2_Drivers/base/uart_dev.o
                0x0001977c                UartDev::~UartDev()
                0x0001977c                UartDev::~UartDev()
 .text._ZN7UartDevD0Ev
                0x00019790       0x12 ./L2_Drivers/base/uart_dev.o
                0x00019790                UartDev::~UartDev()
 .text._ZN7UartDev5flushEv
                0x000197a2       0x20 ./L2_Drivers/base/uart_dev.o
                0x000197a2                UartDev::flush()
 .text._ZN7UartDev7putCharEcj
                0x000197c2       0x5a ./L2_Drivers/base/uart_dev.o
                0x000197c2                UartDev::putChar(char, unsigned int)
 .text._ZN7UartDev7getCharEPcj
                0x0001981c       0x6e ./L2_Drivers/base/uart_dev.o
                0x0001981c                UartDev::getChar(char*, unsigned int)
 *fill*         0x0001988a        0x2 ff
 .text._ZN7UartDev11setBaudRateEj
                0x0001988c       0x3c ./L2_Drivers/base/uart_dev.o
                0x0001988c                UartDev::setBaudRate(unsigned int)
 .text._ZN7UartDev15handleInterruptEv
                0x000198c8       0xc0 ./L2_Drivers/base/uart_dev.o
                0x000198c8                UartDev::handleInterrupt()
 .text._ZN7UartDevC2EPj
                0x00019988       0x28 ./L2_Drivers/base/uart_dev.o
                0x00019988                UartDev::UartDev(unsigned int*)
                0x00019988                UartDev::UartDev(unsigned int*)
 .text._ZN7UartDev4initEjjii
                0x000199b0       0xb0 ./L2_Drivers/base/uart_dev.o
                0x000199b0                UartDev::init(unsigned int, unsigned int, int, int)
 .text.vListInitialise
                0x00019a60       0x16 ./L1_FreeRTOS/src/list.o
                0x00019a60                vListInitialise
 .text.vListInitialiseItem
                0x00019a76        0x6 ./L1_FreeRTOS/src/list.o
                0x00019a76                vListInitialiseItem
 .text.vListInsertEnd
                0x00019a7c       0x18 ./L1_FreeRTOS/src/list.o
                0x00019a7c                vListInsertEnd
 .text.vListInsert
                0x00019a94       0x30 ./L1_FreeRTOS/src/list.o
                0x00019a94                vListInsert
 .text.uxListRemove
                0x00019ac4       0x20 ./L1_FreeRTOS/src/list.o
                0x00019ac4                uxListRemove
 .text.prvCopyDataToQueue
                0x00019ae4       0x70 ./L1_FreeRTOS/src/queue.o
 .text.prvNotifyQueueSetContainer
                0x00019b54       0x4a ./L1_FreeRTOS/src/queue.o
 .text.prvCopyDataFromQueue
                0x00019b9e       0x28 ./L1_FreeRTOS/src/queue.o
 .text.prvUnlockQueue
                0x00019bc6       0x7c ./L1_FreeRTOS/src/queue.o
 *fill*         0x00019c42        0x2 ff
 .text.xQueueGenericReset
                0x00019c44       0x6c ./L1_FreeRTOS/src/queue.o
                0x00019c44                xQueueGenericReset
 .text.xQueueGenericCreate
                0x00019cb0       0x32 ./L1_FreeRTOS/src/queue.o
                0x00019cb0                xQueueGenericCreate
 .text.xQueueCreateCountingSemaphore
                0x00019ce2       0x12 ./L1_FreeRTOS/src/queue.o
                0x00019ce2                xQueueCreateCountingSemaphore
 .text.xQueueGenericSend
                0x00019cf4      0x108 ./L1_FreeRTOS/src/queue.o
                0x00019cf4                xQueueGenericSend
 .text.xQueueCreateMutex
                0x00019dfc       0x24 ./L1_FreeRTOS/src/queue.o
                0x00019dfc                xQueueCreateMutex
 .text.xQueueGenericSendFromISR
                0x00019e20       0x7c ./L1_FreeRTOS/src/queue.o
                0x00019e20                xQueueGenericSendFromISR
 .text.xQueueGiveFromISR
                0x00019e9c       0x62 ./L1_FreeRTOS/src/queue.o
                0x00019e9c                xQueueGiveFromISR
 *fill*         0x00019efe        0x2 ff
 .text.xQueueGenericReceive
                0x00019f00      0x134 ./L1_FreeRTOS/src/queue.o
                0x00019f00                xQueueGenericReceive
 .text.xQueueReceiveFromISR
                0x0001a034       0x64 ./L1_FreeRTOS/src/queue.o
                0x0001a034                xQueueReceiveFromISR
 .text.uxQueueMessagesWaiting
                0x0001a098       0x12 ./L1_FreeRTOS/src/queue.o
                0x0001a098                uxQueueMessagesWaiting
 .text.uxQueueMessagesWaitingFromISR
                0x0001a0aa        0x4 ./L1_FreeRTOS/src/queue.o
                0x0001a0aa                uxQueueMessagesWaitingFromISR
 .text.xQueueSelectFromSet
                0x0001a0ae       0x18 ./L1_FreeRTOS/src/queue.o
                0x0001a0ae                xQueueSelectFromSet
 .text.prvResetRunTimeStatsInList
                0x0001a0c6       0x32 ./L1_FreeRTOS/src/tasks.o
 .text.prvIdleTask
                0x0001a0f8       0x28 ./L1_FreeRTOS/src/tasks.o
 .text.prvResetNextTaskUnblockTime
                0x0001a120       0x24 ./L1_FreeRTOS/src/tasks.o
 .text.prvAddCurrentTaskToDelayedList
                0x0001a144       0x90 ./L1_FreeRTOS/src/tasks.o
 .text.xTaskCreate
                0x0001a1d4      0x1a4 ./L1_FreeRTOS/src/tasks.o
                0x0001a1d4                xTaskCreate
 .text.eTaskGetState
                0x0001a378       0x54 ./L1_FreeRTOS/src/tasks.o
                0x0001a378                eTaskGetState
 .text.vTaskStartScheduler
                0x0001a3cc       0x64 ./L1_FreeRTOS/src/tasks.o
                0x0001a3cc                vTaskStartScheduler
 .text.vTaskEndScheduler
                0x0001a430       0x20 ./L1_FreeRTOS/src/tasks.o
                0x0001a430                vTaskEndScheduler
 .text.vTaskSuspendAll
                0x0001a450       0x10 ./L1_FreeRTOS/src/tasks.o
                0x0001a450                vTaskSuspendAll
 .text.xTaskGetTickCount
                0x0001a460        0xc ./L1_FreeRTOS/src/tasks.o
                0x0001a460                xTaskGetTickCount
 .text.xTaskGetTickCountFromISR
                0x0001a46c        0xc ./L1_FreeRTOS/src/tasks.o
                0x0001a46c                xTaskGetTickCountFromISR
 .text.uxTaskGetNumberOfTasks
                0x0001a478        0xc ./L1_FreeRTOS/src/tasks.o
                0x0001a478                uxTaskGetNumberOfTasks
 .text.xTaskIncrementTick
                0x0001a484      0x118 ./L1_FreeRTOS/src/tasks.o
                0x0001a484                xTaskIncrementTick
 .text.xTaskResumeAll
                0x0001a59c       0xdc ./L1_FreeRTOS/src/tasks.o
                0x0001a59c                xTaskResumeAll
 .text.vTaskDelayUntil
                0x0001a678       0x58 ./L1_FreeRTOS/src/tasks.o
                0x0001a678                vTaskDelayUntil
 .text.vTaskDelay
                0x0001a6d0       0x30 ./L1_FreeRTOS/src/tasks.o
                0x0001a6d0                vTaskDelay
 .text.vTaskSwitchContext
                0x0001a700       0xb8 ./L1_FreeRTOS/src/tasks.o
                0x0001a700                vTaskSwitchContext
 .text.vTaskSuspend
                0x0001a7b8       0xb4 ./L1_FreeRTOS/src/tasks.o
                0x0001a7b8                vTaskSuspend
 .text.vTaskPlaceOnEventList
                0x0001a86c       0x20 ./L1_FreeRTOS/src/tasks.o
                0x0001a86c                vTaskPlaceOnEventList
 .text.xTaskRemoveFromEventList
                0x0001a88c       0x70 ./L1_FreeRTOS/src/tasks.o
                0x0001a88c                xTaskRemoveFromEventList
 .text.vTaskSetTimeOutState
                0x0001a8fc       0x18 ./L1_FreeRTOS/src/tasks.o
                0x0001a8fc                vTaskSetTimeOutState
 .text.xTaskCheckForTimeOut
                0x0001a914       0x4c ./L1_FreeRTOS/src/tasks.o
                0x0001a914                xTaskCheckForTimeOut
 .text.vTaskMissedYield
                0x0001a960        0xc ./L1_FreeRTOS/src/tasks.o
                0x0001a960                vTaskMissedYield
 .text.vTaskGetInfo
                0x0001a96c       0x80 ./L1_FreeRTOS/src/tasks.o
                0x0001a96c                vTaskGetInfo
 .text.prvListTasksWithinSingleList
                0x0001a9ec       0x5e ./L1_FreeRTOS/src/tasks.o
 *fill*         0x0001aa4a        0x2 ff
 .text.uxTaskGetSystemState
                0x0001aa4c       0x9c ./L1_FreeRTOS/src/tasks.o
                0x0001aa4c                uxTaskGetSystemState
 .text.uxTaskGetStackHighWaterMark
                0x0001aae8       0x20 ./L1_FreeRTOS/src/tasks.o
                0x0001aae8                uxTaskGetStackHighWaterMark
 .text.xTaskGetSchedulerState
                0x0001ab08       0x20 ./L1_FreeRTOS/src/tasks.o
                0x0001ab08                xTaskGetSchedulerState
 .text.vTaskPriorityInherit
                0x0001ab28       0x94 ./L1_FreeRTOS/src/tasks.o
                0x0001ab28                vTaskPriorityInherit
 .text.xTaskPriorityDisinherit
                0x0001abbc       0x70 ./L1_FreeRTOS/src/tasks.o
                0x0001abbc                xTaskPriorityDisinherit
 .text.pvTaskIncrementMutexHeldCount
                0x0001ac2c       0x18 ./L1_FreeRTOS/src/tasks.o
                0x0001ac2c                pvTaskIncrementMutexHeldCount
 .text.vTaskResetRunTimeStats
                0x0001ac44       0x70 ./L1_FreeRTOS/src/tasks.o
                0x0001ac44                vTaskResetRunTimeStats
 .text.vRunTimeStatIsrEntry
                0x0001acb4       0x28 ./L1_FreeRTOS/src/tasks.o
                0x0001acb4                vRunTimeStatIsrEntry
 .text.vRunTimeStatIsrExit
                0x0001acdc       0x10 ./L1_FreeRTOS/src/tasks.o
                0x0001acdc                vRunTimeStatIsrExit
 .text.prvTaskExitError
                0x0001acec       0x12 ./L1_FreeRTOS/portable/no_mpu/port.o
 *fill*         0x0001acfe        0x2 ff
 .text.prvPortStartFirstTask
                0x0001ad00       0x20 ./L1_FreeRTOS/portable/no_mpu/port.o
 .text.pxPortInitialiseStack
                0x0001ad20       0x24 ./L1_FreeRTOS/portable/no_mpu/port.o
                0x0001ad20                pxPortInitialiseStack
 *fill*         0x0001ad44        0xc ff
 .text.vPortSVCHandler
                0x0001ad50       0x24 ./L1_FreeRTOS/portable/no_mpu/port.o
                0x0001ad50                vPortSVCHandler
 .text.vPortEndScheduler
                0x0001ad74        0x2 ./L1_FreeRTOS/portable/no_mpu/port.o
                0x0001ad74                vPortEndScheduler
 *fill*         0x0001ad76        0x2 ff
 .text.vPortEnterCritical
                0x0001ad78       0x20 ./L1_FreeRTOS/portable/no_mpu/port.o
                0x0001ad78                vPortEnterCritical
 .text.vPortExitCritical
                0x0001ad98       0x14 ./L1_FreeRTOS/portable/no_mpu/port.o
                0x0001ad98                vPortExitCritical
 *fill*         0x0001adac        0x4 ff
 .text.xPortPendSVHandler
                0x0001adb0       0x44 ./L1_FreeRTOS/portable/no_mpu/port.o
                0x0001adb0                xPortPendSVHandler
 .text.xPortSysTickHandler
                0x0001adf4       0x2c ./L1_FreeRTOS/portable/no_mpu/port.o
                0x0001adf4                xPortSysTickHandler
 .text.vPortSetupTimerInterrupt
                0x0001ae20       0x14 ./L1_FreeRTOS/portable/no_mpu/port.o
                0x0001ae20                vPortSetupTimerInterrupt
 .text.xPortStartScheduler
                0x0001ae34       0x30 ./L1_FreeRTOS/portable/no_mpu/port.o
                0x0001ae34                xPortStartScheduler
 .text.rts_not_full_trace_init
                0x0001ae64       0x14 ./L1_FreeRTOS/portable/run_time_stats.o
                0x0001ae64                rts_not_full_trace_init
 .text.rts_not_full_trace_get
                0x0001ae78       0x14 ./L1_FreeRTOS/portable/run_time_stats.o
                0x0001ae78                rts_not_full_trace_get
 .text.rts_not_full_trace_reset
                0x0001ae8c       0x14 ./L1_FreeRTOS/portable/run_time_stats.o
                0x0001ae8c                rts_not_full_trace_reset
 .text.vApplicationIdleHook
                0x0001aea0        0x4 ./L1_FreeRTOS/hooks/hooks.o
                0x0001aea0                vApplicationIdleHook
 .text.vApplicationStackOverflowHook
                0x0001aea4       0x38 ./L1_FreeRTOS/hooks/hooks.o
                0x0001aea4                vApplicationStackOverflowHook
 .text.vApplicationMallocFailedHook
                0x0001aedc       0x24 ./L1_FreeRTOS/hooks/hooks.o
                0x0001aedc                vApplicationMallocFailedHook
 .text.pvPortMalloc
                0x0001af00       0x1e ./L1_FreeRTOS/MemMang/freertos_mem_man.o
                0x0001af00                pvPortMalloc
 .text.vPortFree
                0x0001af1e       0x1a ./L1_FreeRTOS/MemMang/freertos_mem_man.o
                0x0001af1e                vPortFree
 .text.__set_PSP
                0x0001af38        0x6 ./L0_LowLevel/source/core_cm3.o
                0x0001af38                __set_PSP
 .text.__set_MSP
                0x0001af3e        0x6 ./L0_LowLevel/source/core_cm3.o
                0x0001af3e                __set_MSP
 .text.__set_BASEPRI
                0x0001af44        0x6 ./L0_LowLevel/source/core_cm3.o
                0x0001af44                __set_BASEPRI
 *fill*         0x0001af4a        0x2 ff
 .text.sys_get_boot_type
                0x0001af4c        0xc ./L0_LowLevel/source/low_level_init.o
                0x0001af4c                sys_get_boot_type
 .text.sys_get_boot_time
                0x0001af58       0x14 ./L0_LowLevel/source/low_level_init.o
                0x0001af58                sys_get_boot_time
 .text._Z14low_level_initv
                0x0001af6c      0x238 ./L0_LowLevel/source/low_level_init.o
                0x0001af6c                low_level_init()
 .text.lpc_pconp
                0x0001b1a4       0x30 ./L0_LowLevel/source/lpc_peripherals.o
                0x0001b1a4                lpc_pconp
 .text.lpc_pclk
                0x0001b1d4       0x48 ./L0_LowLevel/source/lpc_peripherals.o
                0x0001b1d4                lpc_pclk
 .text.lpc_sys_setup_system_timer
                0x0001b21c       0x54 ./L0_LowLevel/source/lpc_sys.o
                0x0001b21c                lpc_sys_setup_system_timer
 .text.sys_get_uptime_us
                0x0001b270       0x2c ./L0_LowLevel/source/lpc_sys.o
                0x0001b270                sys_get_uptime_us
 .text.sys_get_mem_info_str
                0x0001b29c       0x38 ./L0_LowLevel/source/lpc_sys.o
                0x0001b29c                sys_get_mem_info_str
 .text.TIMER1_IRQHandler
                0x0001b2d4       0xbc ./L0_LowLevel/source/lpc_sys.o
                0x0001b2d4                TIMER1_IRQHandler
 .text.isr_forwarder_routine
                0x0001b390       0x3c ./L0_LowLevel/source/startup.o
 .text.isr_hard_fault_handler
                0x0001b3cc       0x58 ./L0_LowLevel/source/startup.o
                0x0001b3cc                isr_hard_fault_handler
 .text._ZL19sys_clock_pll0_feedv
                0x0001b424       0x14 ./L0_LowLevel/source/sys_clock.o
 .text._ZL23sys_clock_configure_plljjPiS_S_.constprop.0
                0x0001b438       0x78 ./L0_LowLevel/source/sys_clock.o
 .text._Z19sys_clock_configurev
                0x0001b4b0       0xb4 ./L0_LowLevel/source/sys_clock.o
                0x0001b4b0                sys_clock_configure()
 .text.sys_get_cpu_clock
                0x0001b564       0xa4 ./L0_LowLevel/source/sys_clock.o
                0x0001b564                sys_get_cpu_clock
 .text.uart0_init
                0x0001b608       0x60 ./L0_LowLevel/source/uart0_min.o
                0x0001b608                uart0_init
 .text.uart0_getchar
                0x0001b668       0x18 ./L0_LowLevel/source/uart0_min.o
                0x0001b668                uart0_getchar
 .text.uart0_putchar
                0x0001b680       0x18 ./L0_LowLevel/source/uart0_min.o
                0x0001b680                uart0_putchar
 .text.uart0_puts
                0x0001b698       0x1a ./L0_LowLevel/source/uart0_min.o
                0x0001b698                uart0_puts
 *fill*         0x0001b6b2        0x2 ff
 .text._ZN10__cxxabiv120__si_class_type_infoD2Ev
                0x0001b6b4       0x14 c:/cmpe146/cmpe-146/sjsu_dev/toolchain/bin/../lib/gcc/arm-none-eabi/5.4.1/../../../../arm-none-eabi/lib/armv7-m\libstdc++_nano.a(si_class_type_info.o)
                0x0001b6b4                __cxxabiv1::__si_class_type_info::~__si_class_type_info()
                0x0001b6b4                __cxxabiv1::__si_class_type_info::~__si_class_type_info()
 .text._ZN10__cxxabiv120__si_class_type_infoD0Ev
                0x0001b6c8       0x12 c:/cmpe146/cmpe-146/sjsu_dev/toolchain/bin/../lib/gcc/arm-none-eabi/5.4.1/../../../../arm-none-eabi/lib/armv7-m\libstdc++_nano.a(si_class_type_info.o)
                0x0001b6c8                __cxxabiv1::__si_class_type_info::~__si_class_type_info()
 .text._ZNK10__cxxabiv120__si_class_type_info12__do_dyncastEiNS_17__class_type_info10__sub_kindEPKS1_PKvS4_S6_RNS1_16__dyncast_resultE
                0x0001b6da       0x7c c:/cmpe146/cmpe-146/sjsu_dev/toolchain/bin/../lib/gcc/arm-none-eabi/5.4.1/../../../../arm-none-eabi/lib/armv7-m\libstdc++_nano.a(si_class_type_info.o)
                0x0001b6da                __cxxabiv1::__si_class_type_info::__do_dyncast(int, __cxxabiv1::__class_type_info::__sub_kind, __cxxabiv1::__class_type_info const*, void const*, __cxxabiv1::__class_type_info const*, void const*, __cxxabiv1::__class_type_info::__dyncast_result&) const
 .text._ZNK10__cxxabiv120__si_class_type_info20__do_find_public_srcEiPKvPKNS_17__class_type_infoES2_
                0x0001b756       0x38 c:/cmpe146/cmpe-146/sjsu_dev/toolchain/bin/../lib/gcc/arm-none-eabi/5.4.1/../../../../arm-none-eabi/lib/armv7-m\libstdc++_nano.a(si_class_type_info.o)
                0x0001b756                __cxxabiv1::__si_class_type_info::__do_find_public_src(int, void const*, __cxxabiv1::__class_type_info const*, void const*) const
 .text._ZNK10__cxxabiv120__si_class_type_info11__do_upcastEPKNS_17__class_type_infoEPKvRNS1_15__upcast_resultE
                0x0001b78e       0x2a c:/cmpe146/cmpe-146/sjsu_dev/toolchain/bin/../lib/gcc/arm-none-eabi/5.4.1/../../../../arm-none-eabi/lib/armv7-m\libstdc++_nano.a(si_class_type_info.o)
                0x0001b78e                __cxxabiv1::__si_class_type_info::__do_upcast(__cxxabiv1::__class_type_info const*, void const*, __cxxabiv1::__class_type_info::__upcast_result&) const
 .text._ZN10__cxxabiv121__vmi_class_type_infoD2Ev
                0x0001b7b8       0x14 c:/cmpe146/cmpe-146/sjsu_dev/toolchain/bin/../lib/gcc/arm-none-eabi/5.4.1/../../../../arm-none-eabi/lib/armv7-m\libstdc++_nano.a(vmi_class_type_info.o)
                0x0001b7b8                __cxxabiv1::__vmi_class_type_info::~__vmi_class_type_info()
                0x0001b7b8                __cxxabiv1::__vmi_class_type_info::~__vmi_class_type_info()
 .text._ZN10__cxxabiv121__vmi_class_type_infoD0Ev
                0x0001b7cc       0x12 c:/cmpe146/cmpe-146/sjsu_dev/toolchain/bin/../lib/gcc/arm-none-eabi/5.4.1/../../../../arm-none-eabi/lib/armv7-m\libstdc++_nano.a(vmi_class_type_info.o)
                0x0001b7cc                __cxxabiv1::__vmi_class_type_info::~__vmi_class_type_info()
 .text._ZNK10__cxxabiv121__vmi_class_type_info20__do_find_public_srcEiPKvPKNS_17__class_type_infoES2_
                0x0001b7de       0x74 c:/cmpe146/cmpe-146/sjsu_dev/toolchain/bin/../lib/gcc/arm-none-eabi/5.4.1/../../../../arm-none-eabi/lib/armv7-m\libstdc++_nano.a(vmi_class_type_info.o)
                0x0001b7de                __cxxabiv1::__vmi_class_type_info::__do_find_public_src(int, void const*, __cxxabiv1::__class_type_info const*, void const*) const
 .text._ZNK10__cxxabiv117__class_type_info17__find_public_srcEiPKvPKS0_S2_
                0x0001b852       0x2a c:/cmpe146/cmpe-146/sjsu_dev/toolchain/bin/../lib/gcc/arm-none-eabi/5.4.1/../../../../arm-none-eabi/lib/armv7-m\libstdc++_nano.a(vmi_class_type_info.o)
                0x0001b852                __cxxabiv1::__class_type_info::__find_public_src(int, void const*, __cxxabiv1::__class_type_info const*, void const*) const
 .text._ZNK10__cxxabiv121__vmi_class_type_info12__do_dyncastEiNS_17__class_type_info10__sub_kindEPKS1_PKvS4_S6_RNS1_16__dyncast_resultE
                0x0001b87c      0x28e c:/cmpe146/cmpe-146/sjsu_dev/toolchain/bin/../lib/gcc/arm-none-eabi/5.4.1/../../../../arm-none-eabi/lib/armv7-m\libstdc++_nano.a(vmi_class_type_info.o)
                0x0001b87c                __cxxabiv1::__vmi_class_type_info::__do_dyncast(int, __cxxabiv1::__class_type_info::__sub_kind, __cxxabiv1::__class_type_info const*, void const*, __cxxabiv1::__class_type_info const*, void const*, __cxxabiv1::__class_type_info::__dyncast_result&) const
 .text._ZNK10__cxxabiv121__vmi_class_type_info11__do_upcastEPKNS_17__class_type_infoEPKvRNS1_15__upcast_resultE
                0x0001bb0a      0x12c c:/cmpe146/cmpe-146/sjsu_dev/toolchain/bin/../lib/gcc/arm-none-eabi/5.4.1/../../../../arm-none-eabi/lib/armv7-m\libstdc++_nano.a(vmi_class_type_info.o)
                0x0001bb0a                __cxxabiv1::__vmi_class_type_info::__do_upcast(__cxxabiv1::__class_type_info const*, void const*, __cxxabiv1::__class_type_info::__upcast_result&) const
 .text._ZNSt9type_infoD2Ev
                0x0001bc36        0x2 c:/cmpe146/cmpe-146/sjsu_dev/toolchain/bin/../lib/gcc/arm-none-eabi/5.4.1/../../../../arm-none-eabi/lib/armv7-m\libstdc++_nano.a(tinfo.o)
                0x0001bc36                std::type_info::~type_info()
                0x0001bc36                std::type_info::~type_info()
 .text._ZNKSt9type_info15__is_function_pEv
                0x0001bc38        0x4 c:/cmpe146/cmpe-146/sjsu_dev/toolchain/bin/../lib/gcc/arm-none-eabi/5.4.1/../../../../arm-none-eabi/lib/armv7-m\libstdc++_nano.a(tinfo.o)
                0x0001bc38                std::type_info::__is_pointer_p() const
                0x0001bc38                std::type_info::__is_function_p() const
 .text._ZNKSt9type_infoeqERKS_
                0x0001bc3c       0x2c c:/cmpe146/cmpe-146/sjsu_dev/toolchain/bin/../lib/gcc/arm-none-eabi/5.4.1/../../../../arm-none-eabi/lib/armv7-m\libstdc++_nano.a(tinfo.o)
                0x0001bc3c                std::type_info::operator==(std::type_info const&) const
 .text._ZNK10__cxxabiv117__class_type_info11__do_upcastEPKS0_PPv
                0x0001bc68       0x34 c:/cmpe146/cmpe-146/sjsu_dev/toolchain/bin/../lib/gcc/arm-none-eabi/5.4.1/../../../../arm-none-eabi/lib/armv7-m\libstdc++_nano.a(class_type_info.o)
                0x0001bc68                __cxxabiv1::__class_type_info::__do_upcast(__cxxabiv1::__class_type_info const*, void**) const
 .text._ZNK10__cxxabiv117__class_type_info20__do_find_public_srcEiPKvPKS0_S2_
                0x0001bc9c        0xc c:/cmpe146/cmpe-146/sjsu_dev/toolchain/bin/../lib/gcc/arm-none-eabi/5.4.1/../../../../arm-none-eabi/lib/armv7-m\libstdc++_nano.a(class_type_info.o)
                0x0001bc9c                __cxxabiv1::__class_type_info::__do_find_public_src(int, void const*, __cxxabiv1::__class_type_info const*, void const*) const
 .text._ZN10__cxxabiv117__class_type_infoD2Ev
                0x0001bca8       0x14 c:/cmpe146/cmpe-146/sjsu_dev/toolchain/bin/../lib/gcc/arm-none-eabi/5.4.1/../../../../arm-none-eabi/lib/armv7-m\libstdc++_nano.a(class_type_info.o)
                0x0001bca8                __cxxabiv1::__class_type_info::~__class_type_info()
                0x0001bca8                __cxxabiv1::__class_type_info::~__class_type_info()
 .text._ZN10__cxxabiv117__class_type_infoD0Ev
                0x0001bcbc       0x12 c:/cmpe146/cmpe-146/sjsu_dev/toolchain/bin/../lib/gcc/arm-none-eabi/5.4.1/../../../../arm-none-eabi/lib/armv7-m\libstdc++_nano.a(class_type_info.o)
                0x0001bcbc                __cxxabiv1::__class_type_info::~__class_type_info()
 .text._ZNK10__cxxabiv117__class_type_info11__do_upcastEPKS0_PKvRNS0_15__upcast_resultE
                0x0001bcce       0x18 c:/cmpe146/cmpe-146/sjsu_dev/toolchain/bin/../lib/gcc/arm-none-eabi/5.4.1/../../../../arm-none-eabi/lib/armv7-m\libstdc++_nano.a(class_type_info.o)
                0x0001bcce                __cxxabiv1::__class_type_info::__do_upcast(__cxxabiv1::__class_type_info const*, void const*, __cxxabiv1::__class_type_info::__upcast_result&) const
 .text._ZNK10__cxxabiv117__class_type_info12__do_dyncastEiNS0_10__sub_kindEPKS0_PKvS3_S5_RNS0_16__dyncast_resultE
                0x0001bce6       0x38 c:/cmpe146/cmpe-146/sjsu_dev/toolchain/bin/../lib/gcc/arm-none-eabi/5.4.1/../../../../arm-none-eabi/lib/armv7-m\libstdc++_nano.a(class_type_info.o)
                0x0001bce6                __cxxabiv1::__class_type_info::__do_dyncast(int, __cxxabiv1::__class_type_info::__sub_kind, __cxxabiv1::__class_type_info const*, void const*, __cxxabiv1::__class_type_info const*, void const*, __cxxabiv1::__class_type_info::__dyncast_result&) const
 .text._ZNK10__cxxabiv117__class_type_info10__do_catchEPKSt9type_infoPPvj
                0x0001bd1e       0x2a c:/cmpe146/cmpe-146/sjsu_dev/toolchain/bin/../lib/gcc/arm-none-eabi/5.4.1/../../../../arm-none-eabi/lib/armv7-m\libstdc++_nano.a(class_type_info.o)
                0x0001bd1e                __cxxabiv1::__class_type_info::__do_catch(std::type_info const*, void**, unsigned int) const
 .text.__cxa_guard_acquire
                0x0001bd48       0x18 c:/cmpe146/cmpe-146/sjsu_dev/toolchain/bin/../lib/gcc/arm-none-eabi/5.4.1/../../../../arm-none-eabi/lib/armv7-m\libstdc++_nano.a(guard.o)
                0x0001bd48                __cxa_guard_acquire
 .text.__cxa_guard_release
                0x0001bd60        0x6 c:/cmpe146/cmpe-146/sjsu_dev/toolchain/bin/../lib/gcc/arm-none-eabi/5.4.1/../../../../arm-none-eabi/lib/armv7-m\libstdc++_nano.a(guard.o)
                0x0001bd60                __cxa_guard_release
 .text.__cxa_pure_virtual
                0x0001bd66        0x6 c:/cmpe146/cmpe-146/sjsu_dev/toolchain/bin/../lib/gcc/arm-none-eabi/5.4.1/../../../../arm-none-eabi/lib/armv7-m\libstdc++_nano.a(pure.o)
                0x0001bd66                __cxa_pure_virtual
 .text._ZN10__cxxabiv111__terminateEPFvvE
                0x0001bd6c        0x8 c:/cmpe146/cmpe-146/sjsu_dev/toolchain/bin/../lib/gcc/arm-none-eabi/5.4.1/../../../../arm-none-eabi/lib/armv7-m\libstdc++_nano.a(eh_terminate.o)