23:37:06 **** Incremental Build of configuration _build for project ADC_PWM ****
make -j2 all 
Invoking: Cross ARM GNU Print Size
arm-none-eabi-size --format=berkeley "ADC_PWM.elf"
   text	   data	    bss	    dec	    hex	filename
  97420	    764	   1472	  99656	  18548	ADC_PWM.elf
Finished building: ADC_PWM.siz
 
23:37:16 **** Incremental Build of configuration _build for project ADC_PWM ****
make -j2 all 
Invoking: Cross ARM GNU Print Size
arm-none-eabi-size --format=berkeley "ADC_PWM.elf"
   text	   data	    bss	    dec	    hex	filename
  97420	    764	   1472	  99656	  18548	ADC_PWM.elf
Finished building: ADC_PWM.siz
 
23:38:57 **** Incremental Build of configuration _build for project ADC_PWM ****
make -j2 all 
Building file: ../L5_Application/PWM/pwmDriver.cpp
Invoking: Cross ARM C++ Compiler
arm-none-eabi-g++ -mcpu=cortex-m3 -mthumb -Os -fmessage-length=0 -ffunction-sections -fdata-sections -Wall -Wshadow -Wlogical-op -Wfloat-equal -DBUILD_CFG_MPU=0 -I"C:\CMPE146\CMPE-146\SJSU_Dev\projects\ADC_PWM" -I"C:\CMPE146\CMPE-146\SJSU_Dev\projects\ADC_PWM\newlib" -I"C:\CMPE146\CMPE-146\SJSU_Dev\projects\ADC_PWM\L0_LowLevel" -I"C:\CMPE146\CMPE-146\SJSU_Dev\projects\ADC_PWM\L1_FreeRTOS" -I"C:\CMPE146\CMPE-146\SJSU_Dev\projects\ADC_PWM\L1_FreeRTOS\include" -I"C:\CMPE146\CMPE-146\SJSU_Dev\projects\ADC_PWM\L1_FreeRTOS\portable" -I"C:\CMPE146\CMPE-146\SJSU_Dev\projects\ADC_PWM\L1_FreeRTOS\portable\no_mpu" -I"C:\CMPE146\CMPE-146\SJSU_Dev\projects\ADC_PWM\L2_Drivers" -I"C:\CMPE146\CMPE-146\SJSU_Dev\projects\ADC_PWM\L2_Drivers\base" -I"C:\CMPE146\CMPE-146\SJSU_Dev\projects\ADC_PWM\L3_Utils" -I"C:\CMPE146\CMPE-146\SJSU_Dev\projects\ADC_PWM\L3_Utils\tlm" -I"C:\CMPE146\CMPE-146\SJSU_Dev\projects\ADC_PWM\L4_IO" -I"C:\CMPE146\CMPE-146\SJSU_Dev\projects\ADC_PWM\L4_IO\fat" -I"C:\CMPE146\CMPE-146\SJSU_Dev\projects\ADC_PWM\L4_IO\wireless" -I"C:\CMPE146\CMPE-146\SJSU_Dev\projects\ADC_PWM\L5_Application" -std=gnu++11 -fabi-version=0 -fno-exceptions -MMD -MP -MF"L5_Application/PWM/pwmDriver.d" -MT"L5_Application/PWM/pwmDriver.o" -c -o "L5_Application/PWM/pwmDriver.o" "../L5_Application/PWM/pwmDriver.cpp"
../L5_Application/PWM/pwmDriver.cpp: In constructor 'LabPwm::LabPwm()':
../L5_Application/PWM/pwmDriver.cpp:16:35: error: 'sys_get_cpu_clock' was not declared in this scope
     pclk_rate = sys_get_cpu_clock();
                                   ^
make: *** [L5_Application/PWM/pwmDriver.o] Error 1
23:40:14 **** Incremental Build of configuration _build for project ADC_PWM ****
make -j2 all 
Building file: ../L5_Application/PWM/pwmDriver.cpp
Building file: ../L5_Application/main.cpp
Invoking: Cross ARM C++ Compiler
arm-none-eabi-g++ -mcpu=cortex-m3 -mthumb -Os -fmessage-length=0 -ffunction-sections -fdata-sections -Wall -Wshadow -Wlogical-op -Wfloat-equal -DBUILD_CFG_MPU=0 -I"C:\CMPE146\CMPE-146\SJSU_Dev\projects\ADC_PWM" -I"C:\CMPE146\CMPE-146\SJSU_Dev\projects\ADC_PWM\newlib" -I"C:\CMPE146\CMPE-146\SJSU_Dev\projects\ADC_PWM\L0_LowLevel" -I"C:\CMPE146\CMPE-146\SJSU_Dev\projects\ADC_PWM\L1_FreeRTOS" -I"C:\CMPE146\CMPE-146\SJSU_Dev\projects\ADC_PWM\L1_FreeRTOS\include" -I"C:\CMPE146\CMPE-146\SJSU_Dev\projects\ADC_PWM\L1_FreeRTOS\portable" -I"C:\CMPE146\CMPE-146\SJSU_Dev\projects\ADC_PWM\L1_FreeRTOS\portable\no_mpu" -I"C:\CMPE146\CMPE-146\SJSU_Dev\projects\ADC_PWM\L2_Drivers" -I"C:\CMPE146\CMPE-146\SJSU_Dev\projects\ADC_PWM\L2_Drivers\base" -I"C:\CMPE146\CMPE-146\SJSU_Dev\projects\ADC_PWM\L3_Utils" -I"C:\CMPE146\CMPE-146\SJSU_Dev\projects\ADC_PWM\L3_Utils\tlm" -I"C:\CMPE146\CMPE-146\SJSU_Dev\projects\ADC_PWM\L4_IO" -I"C:\CMPE146\CMPE-146\SJSU_Dev\projects\ADC_PWM\L4_IO\fat" -I"C:\CMPE146\CMPE-146\SJSU_Dev\projects\ADC_PWM\L4_IO\wireless" -I"C:\CMPE146\CMPE-146\SJSU_Dev\projects\ADC_PWM\L5_Application" -std=gnu++11 -fabi-version=0 -fno-exceptions -MMD -MP -MF"L5_Application/PWM/pwmDriver.d" -MT"L5_Application/PWM/pwmDriver.o" -c -o "L5_Application/PWM/pwmDriver.o" "../L5_Application/PWM/pwmDriver.cpp"
Invoking: Cross ARM C++ Compiler
arm-none-eabi-g++ -mcpu=cortex-m3 -mthumb -Os -fmessage-length=0 -ffunction-sections -fdata-sections -Wall -Wshadow -Wlogical-op -Wfloat-equal -DBUILD_CFG_MPU=0 -I"C:\CMPE146\CMPE-146\SJSU_Dev\projects\ADC_PWM" -I"C:\CMPE146\CMPE-146\SJSU_Dev\projects\ADC_PWM\newlib" -I"C:\CMPE146\CMPE-146\SJSU_Dev\projects\ADC_PWM\L0_LowLevel" -I"C:\CMPE146\CMPE-146\SJSU_Dev\projects\ADC_PWM\L1_FreeRTOS" -I"C:\CMPE146\CMPE-146\SJSU_Dev\projects\ADC_PWM\L1_FreeRTOS\include" -I"C:\CMPE146\CMPE-146\SJSU_Dev\projects\ADC_PWM\L1_FreeRTOS\portable" -I"C:\CMPE146\CMPE-146\SJSU_Dev\projects\ADC_PWM\L1_FreeRTOS\portable\no_mpu" -I"C:\CMPE146\CMPE-146\SJSU_Dev\projects\ADC_PWM\L2_Drivers" -I"C:\CMPE146\CMPE-146\SJSU_Dev\projects\ADC_PWM\L2_Drivers\base" -I"C:\CMPE146\CMPE-146\SJSU_Dev\projects\ADC_PWM\L3_Utils" -I"C:\CMPE146\CMPE-146\SJSU_Dev\projects\ADC_PWM\L3_Utils\tlm" -I"C:\CMPE146\CMPE-146\SJSU_Dev\projects\ADC_PWM\L4_IO" -I"C:\CMPE146\CMPE-146\SJSU_Dev\projects\ADC_PWM\L4_IO\fat" -I"C:\CMPE146\CMPE-146\SJSU_Dev\projects\ADC_PWM\L4_IO\wireless" -I"C:\CMPE146\CMPE-146\SJSU_Dev\projects\ADC_PWM\L5_Application" -std=gnu++11 -fabi-version=0 -fno-exceptions -MMD -MP -MF"L5_Application/main.d" -MT"L5_Application/main.o" -c -o "L5_Application/main.o" "../L5_Application/main.cpp"
../L5_Application/PWM/pwmDriver.cpp: In constructor 'LabPwm::LabPwm()':
../L5_Application/PWM/pwmDriver.cpp:16:35: error: 'sys_get_cpu_clock' was not declared in this scope
     pclk_rate = sys_get_cpu_clock();
                                   ^
../L5_Application/PWM/pwmDriver.cpp: In member function 'void LabPwm::PwmInitSingleEdgeMode(uint32_t)':
../L5_Application/PWM/pwmDriver.cpp:92:35: error: 'u0_dbg_printf' was not declared in this scope
     u0_dbg_printf("pr: %u\n\n", pr);
                                   ^
make: *** [L5_Application/PWM/pwmDriver.o] Error 1
make: *** Waiting for unfinished jobs....
../L5_Application/main.cpp:36:1: warning: 'typedef' was ignored in this declaration
 };
 ^
Finished building: ../L5_Application/main.cpp
 
23:40:55 **** Incremental Build of configuration _build for project ADC_PWM ****
make -j2 all 
Building file: ../L5_Application/PWM/pwmDriver.cpp
Invoking: Cross ARM C++ Compiler
arm-none-eabi-g++ -mcpu=cortex-m3 -mthumb -Os -fmessage-length=0 -ffunction-sections -fdata-sections -Wall -Wshadow -Wlogical-op -Wfloat-equal -DBUILD_CFG_MPU=0 -I"C:\CMPE146\CMPE-146\SJSU_Dev\projects\ADC_PWM" -I"C:\CMPE146\CMPE-146\SJSU_Dev\projects\ADC_PWM\newlib" -I"C:\CMPE146\CMPE-146\SJSU_Dev\projects\ADC_PWM\L0_LowLevel" -I"C:\CMPE146\CMPE-146\SJSU_Dev\projects\ADC_PWM\L1_FreeRTOS" -I"C:\CMPE146\CMPE-146\SJSU_Dev\projects\ADC_PWM\L1_FreeRTOS\include" -I"C:\CMPE146\CMPE-146\SJSU_Dev\projects\ADC_PWM\L1_FreeRTOS\portable" -I"C:\CMPE146\CMPE-146\SJSU_Dev\projects\ADC_PWM\L1_FreeRTOS\portable\no_mpu" -I"C:\CMPE146\CMPE-146\SJSU_Dev\projects\ADC_PWM\L2_Drivers" -I"C:\CMPE146\CMPE-146\SJSU_Dev\projects\ADC_PWM\L2_Drivers\base" -I"C:\CMPE146\CMPE-146\SJSU_Dev\projects\ADC_PWM\L3_Utils" -I"C:\CMPE146\CMPE-146\SJSU_Dev\projects\ADC_PWM\L3_Utils\tlm" -I"C:\CMPE146\CMPE-146\SJSU_Dev\projects\ADC_PWM\L4_IO" -I"C:\CMPE146\CMPE-146\SJSU_Dev\projects\ADC_PWM\L4_IO\fat" -I"C:\CMPE146\CMPE-146\SJSU_Dev\projects\ADC_PWM\L4_IO\wireless" -I"C:\CMPE146\CMPE-146\SJSU_Dev\projects\ADC_PWM\L5_Application" -std=gnu++11 -fabi-version=0 -fno-exceptions -MMD -MP -MF"L5_Application/PWM/pwmDriver.d" -MT"L5_Application/PWM/pwmDriver.o" -c -o "L5_Application/PWM/pwmDriver.o" "../L5_Application/PWM/pwmDriver.cpp"
../L5_Application/PWM/pwmDriver.cpp: In constructor 'LabPwm::LabPwm()':
../L5_Application/PWM/pwmDriver.cpp:16:35: error: 'sys_get_cpu_clock' was not declared in this scope
     pclk_rate = sys_get_cpu_clock();
                                   ^
make: *** [L5_Application/PWM/pwmDriver.o] Error 1
23:42:11 **** Incremental Build of configuration _build for project ADC_PWM ****
make -j2 all 
Building file: ../L5_Application/PWM/pwmDriver.cpp
Building file: ../L5_Application/main.cpp
Invoking: Cross ARM C++ Compiler
Invoking: Cross ARM C++ Compiler
arm-none-eabi-g++ -mcpu=cortex-m3 -mthumb -Os -fmessage-length=0 -ffunction-sections -fdata-sections -Wall -Wshadow -Wlogical-op -Wfloat-equal -DBUILD_CFG_MPU=0 -I"C:\CMPE146\CMPE-146\SJSU_Dev\projects\ADC_PWM" -I"C:\CMPE146\CMPE-146\SJSU_Dev\projects\ADC_PWM\newlib" -I"C:\CMPE146\CMPE-146\SJSU_Dev\projects\ADC_PWM\L0_LowLevel" -I"C:\CMPE146\CMPE-146\SJSU_Dev\projects\ADC_PWM\L1_FreeRTOS" -I"C:\CMPE146\CMPE-146\SJSU_Dev\projects\ADC_PWM\L1_FreeRTOS\include" -I"C:\CMPE146\CMPE-146\SJSU_Dev\projects\ADC_PWM\L1_FreeRTOS\portable" -I"C:\CMPE146\CMPE-146\SJSU_Dev\projects\ADC_PWM\L1_FreeRTOS\portable\no_mpu" -I"C:\CMPE146\CMPE-146\SJSU_Dev\projects\ADC_PWM\L2_Drivers" -I"C:\CMPE146\CMPE-146\SJSU_Dev\projects\ADC_PWM\L2_Drivers\base" -I"C:\CMPE146\CMPE-146\SJSU_Dev\projects\ADC_PWM\L3_Utils" -I"C:\CMPE146\CMPE-146\SJSU_Dev\projects\ADC_PWM\L3_Utils\tlm" -I"C:\CMPE146\CMPE-146\SJSU_Dev\projects\ADC_PWM\L4_IO" -I"C:\CMPE146\CMPE-146\SJSU_Dev\projects\ADC_PWM\L4_IO\fat" -I"C:\CMPE146\CMPE-146\SJSU_Dev\projects\ADC_PWM\L4_IO\wireless" -I"C:\CMPE146\CMPE-146\SJSU_Dev\projects\ADC_PWM\L5_Application" -std=gnu++11 -fabi-version=0 -fno-exceptions -MMD -MP -MF"L5_Application/PWM/pwmDriver.d" -MT"L5_Application/PWM/pwmDriver.o" -c -o "L5_Application/PWM/pwmDriver.o" "../L5_Application/PWM/pwmDriver.cpp"
arm-none-eabi-g++ -mcpu=cortex-m3 -mthumb -Os -fmessage-length=0 -ffunction-sections -fdata-sections -Wall -Wshadow -Wlogical-op -Wfloat-equal -DBUILD_CFG_MPU=0 -I"C:\CMPE146\CMPE-146\SJSU_Dev\projects\ADC_PWM" -I"C:\CMPE146\CMPE-146\SJSU_Dev\projects\ADC_PWM\newlib" -I"C:\CMPE146\CMPE-146\SJSU_Dev\projects\ADC_PWM\L0_LowLevel" -I"C:\CMPE146\CMPE-146\SJSU_Dev\projects\ADC_PWM\L1_FreeRTOS" -I"C:\CMPE146\CMPE-146\SJSU_Dev\projects\ADC_PWM\L1_FreeRTOS\include" -I"C:\CMPE146\CMPE-146\SJSU_Dev\projects\ADC_PWM\L1_FreeRTOS\portable" -I"C:\CMPE146\CMPE-146\SJSU_Dev\projects\ADC_PWM\L1_FreeRTOS\portable\no_mpu" -I"C:\CMPE146\CMPE-146\SJSU_Dev\projects\ADC_PWM\L2_Drivers" -I"C:\CMPE146\CMPE-146\SJSU_Dev\projects\ADC_PWM\L2_Drivers\base" -I"C:\CMPE146\CMPE-146\SJSU_Dev\projects\ADC_PWM\L3_Utils" -I"C:\CMPE146\CMPE-146\SJSU_Dev\projects\ADC_PWM\L3_Utils\tlm" -I"C:\CMPE146\CMPE-146\SJSU_Dev\projects\ADC_PWM\L4_IO" -I"C:\CMPE146\CMPE-146\SJSU_Dev\projects\ADC_PWM\L4_IO\fat" -I"C:\CMPE146\CMPE-146\SJSU_Dev\projects\ADC_PWM\L4_IO\wireless" -I"C:\CMPE146\CMPE-146\SJSU_Dev\projects\ADC_PWM\L5_Application" -std=gnu++11 -fabi-version=0 -fno-exceptions -MMD -MP -MF"L5_Application/main.d" -MT"L5_Application/main.o" -c -o "L5_Application/main.o" "../L5_Application/main.cpp"
../L5_Application/main.cpp:36:1: warning: 'typedef' was ignored in this declaration
 };
 ^
Finished building: ../L5_Application/PWM/pwmDriver.cpp
 
Finished building: ../L5_Application/main.cpp
 
Building target: ADC_PWM.elf
Invoking: Cross ARM C++ Linker
arm-none-eabi-g++ -mcpu=cortex-m3 -mthumb -Os -fmessage-length=0 -ffunction-sections -fdata-sections -Wall -Wshadow -Wlogical-op -Wfloat-equal -T ../loader.ld -nostartfiles -Xlinker --gc-sections -Wl,-Map,"ADC_PWM.map" -specs=nano.specs -o "ADC_PWM.elf"  ./newlib/malloc_lock.o ./newlib/memory.o ./newlib/newlib_syscalls.o ./newlib/newlib_time.o  ./L5_Application/source/cmd_handlers/handlers.o ./L5_Application/source/cmd_handlers/prog_handlers.o ./L5_Application/source/cmd_handlers/wireless_handlers.o  ./L5_Application/source/high_level_init.o ./L5_Application/source/remote.o ./L5_Application/source/terminal.o  ./L5_Application/periodic_scheduler/period_callbacks.o ./L5_Application/periodic_scheduler/prd_monitor.o  ./L5_Application/examples/examples.o ./L5_Application/examples/rn_xv_task.o  ./L5_Application/PWM/pwmDriver.o  ./L5_Application/GPIO/GPIOInterrupt.o ./L5_Application/GPIO/GPIO_0_1_2.o  ./L5_Application/ADC/adcDriver.o  ./L5_Application/main.o  ./L4_IO/wireless/src/mesh.o ./L4_IO/wireless/src/nrf24L01Plus.o ./L4_IO/wireless/src/wireless.o  ./L4_IO/src/gpio.o ./L4_IO/src/io_source.o ./L4_IO/src/storage.o  ./L4_IO/fat/option/ccsbcs.o ./L4_IO/fat/option/reentrant.o  ./L4_IO/fat/disk/diskio.o ./L4_IO/fat/disk/sd.o ./L4_IO/fat/disk/spi_flash.o  ./L4_IO/fat/fatfs_time.o ./L4_IO/fat/ff.o  ./L3_Utils/tlm/src/c_tlm_binary.o ./L3_Utils/tlm/src/c_tlm_comp.o ./L3_Utils/tlm/src/c_tlm_stream.o ./L3_Utils/tlm/src/c_tlm_var.o  ./L3_Utils/src/c_list.o ./L3_Utils/src/command_handler.o ./L3_Utils/src/file_logger.o ./L3_Utils/src/freertos_timer.o ./L3_Utils/src/printf_lib.o ./L3_Utils/src/rtc_alarm.o ./L3_Utils/src/scheduler_task.o ./L3_Utils/src/str.o ./L3_Utils/src/utilities.o  ./L2_Drivers/src/adc.o ./L2_Drivers/src/can.o ./L2_Drivers/src/eint.o ./L2_Drivers/src/i2c2.o ./L2_Drivers/src/lpc_pwm.o ./L2_Drivers/src/lpc_rit.o ./L2_Drivers/src/lpc_timers.o ./L2_Drivers/src/nrf_stream.o ./L2_Drivers/src/rtc.o ./L2_Drivers/src/spi_dma.o ./L2_Drivers/src/spi_sem.o ./L2_Drivers/src/uart0.o ./L2_Drivers/src/uart2.o ./L2_Drivers/src/uart3.o  ./L2_Drivers/base/char_dev.o ./L2_Drivers/base/i2c_base.o ./L2_Drivers/base/uart_dev.o  ./L1_FreeRTOS/trace/run_time_counter.o ./L1_FreeRTOS/trace/trcBase.o ./L1_FreeRTOS/trace/trcHardwarePort.o ./L1_FreeRTOS/trace/trcKernel.o ./L1_FreeRTOS/trace/trcKernelPort.o ./L1_FreeRTOS/trace/trcUser.o  ./L1_FreeRTOS/src/croutine.o ./L1_FreeRTOS/src/event_groups.o ./L1_FreeRTOS/src/list.o ./L1_FreeRTOS/src/queue.o ./L1_FreeRTOS/src/tasks.o ./L1_FreeRTOS/src/timers.o  ./L1_FreeRTOS/portable/no_mpu/port.o  ./L1_FreeRTOS/portable/run_time_stats.o  ./L1_FreeRTOS/hooks/hooks.o  ./L1_FreeRTOS/MemMang/freertos_mem_man.o  ./L0_LowLevel/source/core_cm3.o ./L0_LowLevel/source/low_level_init.o ./L0_LowLevel/source/lpc_peripherals.o ./L0_LowLevel/source/lpc_sys.o ./L0_LowLevel/source/startup.o ./L0_LowLevel/source/sys_clock.o ./L0_LowLevel/source/uart0_min.o   
Finished building target: ADC_PWM.elf
 
C:/CMPE146/CMPE-146/SJSU_Dev/binutils/make --no-print-directory post-build
Create binary file
arm-none-eabi-objcopy -O binary ADC_PWM.elf ADC_PWM.bin
 
Invoking: Cross ARM GNU Create Flash Image
Invoking: Cross ARM GNU Create Listing
arm-none-eabi-objcopy -O ihex "ADC_PWM.elf"  "ADC_PWM.hex"
arm-none-eabi-objdump --source --all-headers --demangle --line-numbers --wide "ADC_PWM.elf" > "ADC_PWM.lst"
Finished building: ADC_PWM.hex
 
Invoking: Cross ARM GNU Print Size
arm-none-eabi-size --format=berkeley "ADC_PWM.elf"
   text	   data	    bss	    dec	    hex	filename
  97404	    764	   1480	  99648	  18540	ADC_PWM.elf
Finished building: ADC_PWM.siz
 
Finished building: ADC_PWM.lst
 
23:43:10 **** Incremental Build of configuration _build for project ADC_PWM ****
make -j2 all 
Building file: ../L5_Application/PWM/pwmDriver.cpp
Building file: ../L5_Application/main.cpp
Invoking: Cross ARM C++ Compiler
arm-none-eabi-g++ -mcpu=cortex-m3 -mthumb -Os -fmessage-length=0 -ffunction-sections -fdata-sections -Wall -Wshadow -Wlogical-op -Wfloat-equal -DBUILD_CFG_MPU=0 -I"C:\CMPE146\CMPE-146\SJSU_Dev\projects\ADC_PWM" -I"C:\CMPE146\CMPE-146\SJSU_Dev\projects\ADC_PWM\newlib" -I"C:\CMPE146\CMPE-146\SJSU_Dev\projects\ADC_PWM\L0_LowLevel" -I"C:\CMPE146\CMPE-146\SJSU_Dev\projects\ADC_PWM\L1_FreeRTOS" -I"C:\CMPE146\CMPE-146\SJSU_Dev\projects\ADC_PWM\L1_FreeRTOS\include" -I"C:\CMPE146\CMPE-146\SJSU_Dev\projects\ADC_PWM\L1_FreeRTOS\portable" -I"C:\CMPE146\CMPE-146\SJSU_Dev\projects\ADC_PWM\L1_FreeRTOS\portable\no_mpu" -I"C:\CMPE146\CMPE-146\SJSU_Dev\projects\ADC_PWM\L2_Drivers" -I"C:\CMPE146\CMPE-146\SJSU_Dev\projects\ADC_PWM\L2_Drivers\base" -I"C:\CMPE146\CMPE-146\SJSU_Dev\projects\ADC_PWM\L3_Utils" -I"C:\CMPE146\CMPE-146\SJSU_Dev\projects\ADC_PWM\L3_Utils\tlm" -I"C:\CMPE146\CMPE-146\SJSU_Dev\projects\ADC_PWM\L4_IO" -I"C:\CMPE146\CMPE-146\SJSU_Dev\projects\ADC_PWM\L4_IO\fat" -I"C:\CMPE146\CMPE-146\SJSU_Dev\projects\ADC_PWM\L4_IO\wireless" -I"C:\CMPE146\CMPE-146\SJSU_Dev\projects\ADC_PWM\L5_Application" -std=gnu++11 -fabi-version=0 -fno-exceptions -MMD -MP -MF"L5_Application/PWM/pwmDriver.d" -MT"L5_Application/PWM/pwmDriver.o" -c -o "L5_Application/PWM/pwmDriver.o" "../L5_Application/PWM/pwmDriver.cpp"
Invoking: Cross ARM C++ Compiler
arm-none-eabi-g++ -mcpu=cortex-m3 -mthumb -Os -fmessage-length=0 -ffunction-sections -fdata-sections -Wall -Wshadow -Wlogical-op -Wfloat-equal -DBUILD_CFG_MPU=0 -I"C:\CMPE146\CMPE-146\SJSU_Dev\projects\ADC_PWM" -I"C:\CMPE146\CMPE-146\SJSU_Dev\projects\ADC_PWM\newlib" -I"C:\CMPE146\CMPE-146\SJSU_Dev\projects\ADC_PWM\L0_LowLevel" -I"C:\CMPE146\CMPE-146\SJSU_Dev\projects\ADC_PWM\L1_FreeRTOS" -I"C:\CMPE146\CMPE-146\SJSU_Dev\projects\ADC_PWM\L1_FreeRTOS\include" -I"C:\CMPE146\CMPE-146\SJSU_Dev\projects\ADC_PWM\L1_FreeRTOS\portable" -I"C:\CMPE146\CMPE-146\SJSU_Dev\projects\ADC_PWM\L1_FreeRTOS\portable\no_mpu" -I"C:\CMPE146\CMPE-146\SJSU_Dev\projects\ADC_PWM\L2_Drivers" -I"C:\CMPE146\CMPE-146\SJSU_Dev\projects\ADC_PWM\L2_Drivers\base" -I"C:\CMPE146\CMPE-146\SJSU_Dev\projects\ADC_PWM\L3_Utils" -I"C:\CMPE146\CMPE-146\SJSU_Dev\projects\ADC_PWM\L3_Utils\tlm" -I"C:\CMPE146\CMPE-146\SJSU_Dev\projects\ADC_PWM\L4_IO" -I"C:\CMPE146\CMPE-146\SJSU_Dev\projects\ADC_PWM\L4_IO\fat" -I"C:\CMPE146\CMPE-146\SJSU_Dev\projects\ADC_PWM\L4_IO\wireless" -I"C:\CMPE146\CMPE-146\SJSU_Dev\projects\ADC_PWM\L5_Application" -std=gnu++11 -fabi-version=0 -fno-exceptions -MMD -MP -MF"L5_Application/main.d" -MT"L5_Application/main.o" -c -o "L5_Application/main.o" "../L5_Application/main.cpp"
../L5_Application/main.cpp:36:1: warning: 'typedef' was ignored in this declaration
 };
 ^
Finished building: ../L5_Application/PWM/pwmDriver.cpp
 
Finished building: ../L5_Application/main.cpp
 
Building target: ADC_PWM.elf
Invoking: Cross ARM C++ Linker
arm-none-eabi-g++ -mcpu=cortex-m3 -mthumb -Os -fmessage-length=0 -ffunction-sections -fdata-sections -Wall -Wshadow -Wlogical-op -Wfloat-equal -T ../loader.ld -nostartfiles -Xlinker --gc-sections -Wl,-Map,"ADC_PWM.map" -specs=nano.specs -o "ADC_PWM.elf"  ./newlib/malloc_lock.o ./newlib/memory.o ./newlib/newlib_syscalls.o ./newlib/newlib_time.o  ./L5_Application/source/cmd_handlers/handlers.o ./L5_Application/source/cmd_handlers/prog_handlers.o ./L5_Application/source/cmd_handlers/wireless_handlers.o  ./L5_Application/source/high_level_init.o ./L5_Application/source/remote.o ./L5_Application/source/terminal.o  ./L5_Application/periodic_scheduler/period_callbacks.o ./L5_Application/periodic_scheduler/prd_monitor.o  ./L5_Application/examples/examples.o ./L5_Application/examples/rn_xv_task.o  ./L5_Application/PWM/pwmDriver.o  ./L5_Application/GPIO/GPIOInterrupt.o ./L5_Application/GPIO/GPIO_0_1_2.o  ./L5_Application/ADC/adcDriver.o  ./L5_Application/main.o  ./L4_IO/wireless/src/mesh.o ./L4_IO/wireless/src/nrf24L01Plus.o ./L4_IO/wireless/src/wireless.o  ./L4_IO/src/gpio.o ./L4_IO/src/io_source.o ./L4_IO/src/storage.o  ./L4_IO/fat/option/ccsbcs.o ./L4_IO/fat/option/reentrant.o  ./L4_IO/fat/disk/diskio.o ./L4_IO/fat/disk/sd.o ./L4_IO/fat/disk/spi_flash.o  ./L4_IO/fat/fatfs_time.o ./L4_IO/fat/ff.o  ./L3_Utils/tlm/src/c_tlm_binary.o ./L3_Utils/tlm/src/c_tlm_comp.o ./L3_Utils/tlm/src/c_tlm_stream.o ./L3_Utils/tlm/src/c_tlm_var.o  ./L3_Utils/src/c_list.o ./L3_Utils/src/command_handler.o ./L3_Utils/src/file_logger.o ./L3_Utils/src/freertos_timer.o ./L3_Utils/src/printf_lib.o ./L3_Utils/src/rtc_alarm.o ./L3_Utils/src/scheduler_task.o ./L3_Utils/src/str.o ./L3_Utils/src/utilities.o  ./L2_Drivers/src/adc.o ./L2_Drivers/src/can.o ./L2_Drivers/src/eint.o ./L2_Drivers/src/i2c2.o ./L2_Drivers/src/lpc_pwm.o ./L2_Drivers/src/lpc_rit.o ./L2_Drivers/src/lpc_timers.o ./L2_Drivers/src/nrf_stream.o ./L2_Drivers/src/rtc.o ./L2_Drivers/src/spi_dma.o ./L2_Drivers/src/spi_sem.o ./L2_Drivers/src/uart0.o ./L2_Drivers/src/uart2.o ./L2_Drivers/src/uart3.o  ./L2_Drivers/base/char_dev.o ./L2_Drivers/base/i2c_base.o ./L2_Drivers/base/uart_dev.o  ./L1_FreeRTOS/trace/run_time_counter.o ./L1_FreeRTOS/trace/trcBase.o ./L1_FreeRTOS/trace/trcHardwarePort.o ./L1_FreeRTOS/trace/trcKernel.o ./L1_FreeRTOS/trace/trcKernelPort.o ./L1_FreeRTOS/trace/trcUser.o  ./L1_FreeRTOS/src/croutine.o ./L1_FreeRTOS/src/event_groups.o ./L1_FreeRTOS/src/list.o ./L1_FreeRTOS/src/queue.o ./L1_FreeRTOS/src/tasks.o ./L1_FreeRTOS/src/timers.o  ./L1_FreeRTOS/portable/no_mpu/port.o  ./L1_FreeRTOS/portable/run_time_stats.o  ./L1_FreeRTOS/hooks/hooks.o  ./L1_FreeRTOS/MemMang/freertos_mem_man.o  ./L0_LowLevel/source/core_cm3.o ./L0_LowLevel/source/low_level_init.o ./L0_LowLevel/source/lpc_peripherals.o ./L0_LowLevel/source/lpc_sys.o ./L0_LowLevel/source/startup.o ./L0_LowLevel/source/sys_clock.o ./L0_LowLevel/source/uart0_min.o   
Finished building target: ADC_PWM.elf
 
C:/CMPE146/CMPE-146/SJSU_Dev/binutils/make --no-print-directory post-build
Create binary file
arm-none-eabi-objcopy -O binary ADC_PWM.elf ADC_PWM.bin
 
Invoking: Cross ARM GNU Create Flash Image
Invoking: Cross ARM GNU Create Listing
arm-none-eabi-objcopy -O ihex "ADC_PWM.elf"  "ADC_PWM.hex"
arm-none-eabi-objdump --source --all-headers --demangle --line-numbers --wide "ADC_PWM.elf" > "ADC_PWM.lst"
Finished building: ADC_PWM.hex
 
Invoking: Cross ARM GNU Print Size
arm-none-eabi-size --format=berkeley "ADC_PWM.elf"
   text	   data	    bss	    dec	    hex	filename
  97404	    764	   1480	  99648	  18540	ADC_PWM.elf
Finished building: ADC_PWM.siz
 
Finished building: ADC_PWM.lst
 
19:33:55 **** Build of configuration _build for project ADC_PWM ****
make -j2 all 
Invoking: Cross ARM GNU Print Size
arm-none-eabi-size --format=berkeley "ADC_PWM.elf"
   text	   data	    bss	    dec	    hex	filename
  97404	    764	   1480	  99648	  18540	ADC_PWM.elf
Finished building: ADC_PWM.siz
 
19:38:29 **** Incremental Build of configuration _build for project ADC_PWM ****
make -j2 all 
Invoking: Cross ARM GNU Print Size
arm-none-eabi-size --format=berkeley "ADC_PWM.elf"
   text	   data	    bss	    dec	    hex	filename
  97404	    764	   1480	  99648	  18540	ADC_PWM.elf
Finished building: ADC_PWM.siz
 
19:38:30 **** Build of configuration _build for project UART ****
make -j2 all 
Building file: ../newlib/malloc_lock.c
Building file: ../newlib/memory.cpp
Invoking: Cross ARM C Compiler
arm-none-eabi-gcc -mcpu=cortex-m3 -mthumb -Os -fmessage-length=0 -ffunction-sections -fdata-sections -Wall -Wshadow -Wlogical-op -Wfloat-equal -DBUILD_CFG_MPU=0 -I"C:\CMPE146\CMPE-146\SJSU_Dev\projects\UART" -I"C:\CMPE146\CMPE-146\SJSU_Dev\projects\UART\newlib" -I"C:\CMPE146\CMPE-146\SJSU_Dev\projects\UART\L0_LowLevel" -I"C:\CMPE146\CMPE-146\SJSU_Dev\projects\UART\L1_FreeRTOS" -I"C:\CMPE146\CMPE-146\SJSU_Dev\projects\UART\L1_FreeRTOS\include" -I"C:\CMPE146\CMPE-146\SJSU_Dev\projects\UART\L1_FreeRTOS\portable\no_mpu" -I"C:\CMPE146\CMPE-146\SJSU_Dev\projects\UART\L2_Drivers" -I"C:\CMPE146\CMPE-146\SJSU_Dev\projects\UART\L2_Drivers\base" -I"C:\CMPE146\CMPE-146\SJSU_Dev\projects\UART\L3_Utils" -I"C:\CMPE146\CMPE-146\SJSU_Dev\projects\UART\L3_Utils\tlm" -I"C:\CMPE146\CMPE-146\SJSU_Dev\projects\UART\L4_IO" -I"C:\CMPE146\CMPE-146\SJSU_Dev\projects\UART\L4_IO\fat" -I"C:\CMPE146\CMPE-146\SJSU_Dev\projects\UART\L4_IO\wireless" -I"C:\CMPE146\CMPE-146\SJSU_Dev\projects\UART\L5_Application" -std=gnu11 -MMD -MP -MF"newlib/malloc_lock.d" -MT"newlib/malloc_lock.o" -c -o "newlib/malloc_lock.o" "../newlib/malloc_lock.c"
Invoking: Cross ARM C++ Compiler
arm-none-eabi-g++ -mcpu=cortex-m3 -mthumb -Os -fmessage-length=0 -ffunction-sections -fdata-sections -Wall -Wshadow -Wlogical-op -Wfloat-equal -DBUILD_CFG_MPU=0 -I"C:\CMPE146\CMPE-146\SJSU_Dev\projects\UART" -I"C:\CMPE146\CMPE-146\SJSU_Dev\projects\UART\newlib" -I"C:\CMPE146\CMPE-146\SJSU_Dev\projects\UART\L0_LowLevel" -I"C:\CMPE146\CMPE-146\SJSU_Dev\projects\UART\L1_FreeRTOS" -I"C:\CMPE146\CMPE-146\SJSU_Dev\projects\UART\L1_FreeRTOS\include" -I"C:\CMPE146\CMPE-146\SJSU_Dev\projects\UART\L1_FreeRTOS\portable" -I"C:\CMPE146\CMPE-146\SJSU_Dev\projects\UART\L1_FreeRTOS\portable\no_mpu" -I"C:\CMPE146\CMPE-146\SJSU_Dev\projects\UART\L2_Drivers" -I"C:\CMPE146\CMPE-146\SJSU_Dev\projects\UART\L2_Drivers\base" -I"C:\CMPE146\CMPE-146\SJSU_Dev\projects\UART\L3_Utils" -I"C:\CMPE146\CMPE-146\SJSU_Dev\projects\UART\L3_Utils\tlm" -I"C:\CMPE146\CMPE-146\SJSU_Dev\projects\UART\L4_IO" -I"C:\CMPE146\CMPE-146\SJSU_Dev\projects\UART\L4_IO\fat" -I"C:\CMPE146\CMPE-146\SJSU_Dev\projects\UART\L4_IO\wireless" -I"C:\CMPE146\CMPE-146\SJSU_Dev\projects\UART\L5_Application" -std=gnu++11 -fabi-version=0 -fno-exceptions -MMD -MP -MF"newlib/memory.d" -MT"newlib/memory.o" -c -o "newlib/memory.o" "../newlib/memory.cpp"
Finished building: ../newlib/malloc_lock.c
 
Finished building: ../newlib/memory.cpp
Building file: ../newlib/newlib_syscalls.c
 
Invoking: Cross ARM C Compiler
Building file: ../newlib/newlib_time.c
arm-none-eabi-gcc -mcpu=cortex-m3 -mthumb -Os -fmessage-length=0 -ffunction-sections -fdata-sections -Wall -Wshadow -Wlogical-op -Wfloat-equal -DBUILD_CFG_MPU=0 -I"C:\CMPE146\CMPE-146\SJSU_Dev\projects\UART" -I"C:\CMPE146\CMPE-146\SJSU_Dev\projects\UART\newlib" -I"C:\CMPE146\CMPE-146\SJSU_Dev\projects\UART\L0_LowLevel" -I"C:\CMPE146\CMPE-146\SJSU_Dev\projects\UART\L1_FreeRTOS" -I"C:\CMPE146\CMPE-146\SJSU_Dev\projects\UART\L1_FreeRTOS\include" -I"C:\CMPE146\CMPE-146\SJSU_Dev\projects\UART\L1_FreeRTOS\portable\no_mpu" -I"C:\CMPE146\CMPE-146\SJSU_Dev\projects\UART\L2_Drivers" -I"C:\CMPE146\CMPE-146\SJSU_Dev\projects\UART\L2_Drivers\base" -I"C:\CMPE146\CMPE-146\SJSU_Dev\projects\UART\L3_Utils" -I"C:\CMPE146\CMPE-146\SJSU_Dev\projects\UART\L3_Utils\tlm" -I"C:\CMPE146\CMPE-146\SJSU_Dev\projects\UART\L4_IO" -I"C:\CMPE146\CMPE-146\SJSU_Dev\projects\UART\L4_IO\fat" -I"C:\CMPE146\CMPE-146\SJSU_Dev\projects\UART\L4_IO\wireless" -I"C:\CMPE146\CMPE-146\SJSU_Dev\projects\UART\L5_Application" -std=gnu11 -MMD -MP -MF"newlib/newlib_syscalls.d" -MT"newlib/newlib_syscalls.o" -c -o "newlib/newlib_syscalls.o" "../newlib/newlib_syscalls.c"
Invoking: Cross ARM C Compiler
arm-none-eabi-gcc -mcpu=cortex-m3 -mthumb -Os -fmessage-length=0 -ffunction-sections -fdata-sections -Wall -Wshadow -Wlogical-op -Wfloat-equal -DBUILD_CFG_MPU=0 -I"C:\CMPE146\CMPE-146\SJSU_Dev\projects\UART" -I"C:\CMPE146\CMPE-146\SJSU_Dev\projects\UART\newlib" -I"C:\CMPE146\CMPE-146\SJSU_Dev\projects\UART\L0_LowLevel" -I"C:\CMPE146\CMPE-146\SJSU_Dev\projects\UART\L1_FreeRTOS" -I"C:\CMPE146\CMPE-146\SJSU_Dev\projects\UART\L1_FreeRTOS\include" -I"C:\CMPE146\CMPE-146\SJSU_Dev\projects\UART\L1_FreeRTOS\portable\no_mpu" -I"C:\CMPE146\CMPE-146\SJSU_Dev\projects\UART\L2_Drivers" -I"C:\CMPE146\CMPE-146\SJSU_Dev\projects\UART\L2_Drivers\base" -I"C:\CMPE146\CMPE-146\SJSU_Dev\projects\UART\L3_Utils" -I"C:\CMPE146\CMPE-146\SJSU_Dev\projects\UART\L3_Utils\tlm" -I"C:\CMPE146\CMPE-146\SJSU_Dev\projects\UART\L4_IO" -I"C:\CMPE146\CMPE-146\SJSU_Dev\projects\UART\L4_IO\fat" -I"C:\CMPE146\CMPE-146\SJSU_Dev\projects\UART\L4_IO\wireless" -I"C:\CMPE146\CMPE-146\SJSU_Dev\projects\UART\L5_Application" -std=gnu11 -MMD -MP -MF"newlib/newlib_time.d" -MT"newlib/newlib_time.o" -c -o "newlib/newlib_time.o" "../newlib/newlib_time.c"
Finished building: ../newlib/newlib_time.c
Finished building: ../newlib/newlib_syscalls.c
 
 
Building file: ../L5_Application/source/cmd_handlers/handlers.cpp
Building file: ../L5_Application/source/cmd_handlers/prog_handlers.cpp
Invoking: Cross ARM C++ Compiler
Invoking: Cross ARM C++ Compiler
arm-none-eabi-g++ -mcpu=cortex-m3 -mthumb -Os -fmessage-length=0 -ffunction-sections -fdata-sections -Wall -Wshadow -Wlogical-op -Wfloat-equal -DBUILD_CFG_MPU=0 -I"C:\CMPE146\CMPE-146\SJSU_Dev\projects\UART" -I"C:\CMPE146\CMPE-146\SJSU_Dev\projects\UART\newlib" -I"C:\CMPE146\CMPE-146\SJSU_Dev\projects\UART\L0_LowLevel" -I"C:\CMPE146\CMPE-146\SJSU_Dev\projects\UART\L1_FreeRTOS" -I"C:\CMPE146\CMPE-146\SJSU_Dev\projects\UART\L1_FreeRTOS\include" -I"C:\CMPE146\CMPE-146\SJSU_Dev\projects\UART\L1_FreeRTOS\portable" -I"C:\CMPE146\CMPE-146\SJSU_Dev\projects\UART\L1_FreeRTOS\portable\no_mpu" -I"C:\CMPE146\CMPE-146\SJSU_Dev\projects\UART\L2_Drivers" -I"C:\CMPE146\CMPE-146\SJSU_Dev\projects\UART\L2_Drivers\base" -I"C:\CMPE146\CMPE-146\SJSU_Dev\projects\UART\L3_Utils" -I"C:\CMPE146\CMPE-146\SJSU_Dev\projects\UART\L3_Utils\tlm" -I"C:\CMPE146\CMPE-146\SJSU_Dev\projects\UART\L4_IO" -I"C:\CMPE146\CMPE-146\SJSU_Dev\projects\UART\L4_IO\fat" -I"C:\CMPE146\CMPE-146\SJSU_Dev\projects\UART\L4_IO\wireless" -I"C:\CMPE146\CMPE-146\SJSU_Dev\projects\UART\L5_Application" -std=gnu++11 -fabi-version=0 -fno-exceptions -MMD -MP -MF"L5_Application/source/cmd_handlers/prog_handlers.d" -MT"L5_Application/source/cmd_handlers/prog_handlers.o" -c -o "L5_Application/source/cmd_handlers/prog_handlers.o" "../L5_Application/source/cmd_handlers/prog_handlers.cpp"
arm-none-eabi-g++ -mcpu=cortex-m3 -mthumb -Os -fmessage-length=0 -ffunction-sections -fdata-sections -Wall -Wshadow -Wlogical-op -Wfloat-equal -DBUILD_CFG_MPU=0 -I"C:\CMPE146\CMPE-146\SJSU_Dev\projects\UART" -I"C:\CMPE146\CMPE-146\SJSU_Dev\projects\UART\newlib" -I"C:\CMPE146\CMPE-146\SJSU_Dev\projects\UART\L0_LowLevel" -I"C:\CMPE146\CMPE-146\SJSU_Dev\projects\UART\L1_FreeRTOS" -I"C:\CMPE146\CMPE-146\SJSU_Dev\projects\UART\L1_FreeRTOS\include" -I"C:\CMPE146\CMPE-146\SJSU_Dev\projects\UART\L1_FreeRTOS\portable" -I"C:\CMPE146\CMPE-146\SJSU_Dev\projects\UART\L1_FreeRTOS\portable\no_mpu" -I"C:\CMPE146\CMPE-146\SJSU_Dev\projects\UART\L2_Drivers" -I"C:\CMPE146\CMPE-146\SJSU_Dev\projects\UART\L2_Drivers\base" -I"C:\CMPE146\CMPE-146\SJSU_Dev\projects\UART\L3_Utils" -I"C:\CMPE146\CMPE-146\SJSU_Dev\projects\UART\L3_Utils\tlm" -I"C:\CMPE146\CMPE-146\SJSU_Dev\projects\UART\L4_IO" -I"C:\CMPE146\CMPE-146\SJSU_Dev\projects\UART\L4_IO\fat" -I"C:\CMPE146\CMPE-146\SJSU_Dev\projects\UART\L4_IO\wireless" -I"C:\CMPE146\CMPE-146\SJSU_Dev\projects\UART\L5_Application" -std=gnu++11 -fabi-version=0 -fno-exceptions -MMD -MP -MF"L5_Application/source/cmd_handlers/handlers.d" -MT"L5_Application/source/cmd_handlers/handlers.o" -c -o "L5_Application/source/cmd_handlers/handlers.o" "../L5_Application/source/cmd_handlers/handlers.cpp"
Finished building: ../L5_Application/source/cmd_handlers/prog_handlers.cpp
 
Building file: ../L5_Application/source/cmd_handlers/wireless_handlers.cpp
Invoking: Cross ARM C++ Compiler
arm-none-eabi-g++ -mcpu=cortex-m3 -mthumb -Os -fmessage-length=0 -ffunction-sections -fdata-sections -Wall -Wshadow -Wlogical-op -Wfloat-equal -DBUILD_CFG_MPU=0 -I"C:\CMPE146\CMPE-146\SJSU_Dev\projects\UART" -I"C:\CMPE146\CMPE-146\SJSU_Dev\projects\UART\newlib" -I"C:\CMPE146\CMPE-146\SJSU_Dev\projects\UART\L0_LowLevel" -I"C:\CMPE146\CMPE-146\SJSU_Dev\projects\UART\L1_FreeRTOS" -I"C:\CMPE146\CMPE-146\SJSU_Dev\projects\UART\L1_FreeRTOS\include" -I"C:\CMPE146\CMPE-146\SJSU_Dev\projects\UART\L1_FreeRTOS\portable" -I"C:\CMPE146\CMPE-146\SJSU_Dev\projects\UART\L1_FreeRTOS\portable\no_mpu" -I"C:\CMPE146\CMPE-146\SJSU_Dev\projects\UART\L2_Drivers" -I"C:\CMPE146\CMPE-146\SJSU_Dev\projects\UART\L2_Drivers\base" -I"C:\CMPE146\CMPE-146\SJSU_Dev\projects\UART\L3_Utils" -I"C:\CMPE146\CMPE-146\SJSU_Dev\projects\UART\L3_Utils\tlm" -I"C:\CMPE146\CMPE-146\SJSU_Dev\projects\UART\L4_IO" -I"C:\CMPE146\CMPE-146\SJSU_Dev\projects\UART\L4_IO\fat" -I"C:\CMPE146\CMPE-146\SJSU_Dev\projects\UART\L4_IO\wireless" -I"C:\CMPE146\CMPE-146\SJSU_Dev\projects\UART\L5_Application" -std=gnu++11 -fabi-version=0 -fno-exceptions -MMD -MP -MF"L5_Application/source/cmd_handlers/wireless_handlers.d" -MT"L5_Application/source/cmd_handlers/wireless_handlers.o" -c -o "L5_Application/source/cmd_handlers/wireless_handlers.o" "../L5_Application/source/cmd_handlers/wireless_handlers.cpp"
Finished building: ../L5_Application/source/cmd_handlers/handlers.cpp
 
Building file: ../L5_Application/source/high_level_init.cpp
Invoking: Cross ARM C++ Compiler
arm-none-eabi-g++ -mcpu=cortex-m3 -mthumb -Os -fmessage-length=0 -ffunction-sections -fdata-sections -Wall -Wshadow -Wlogical-op -Wfloat-equal -DBUILD_CFG_MPU=0 -I"C:\CMPE146\CMPE-146\SJSU_Dev\projects\UART" -I"C:\CMPE146\CMPE-146\SJSU_Dev\projects\UART\newlib" -I"C:\CMPE146\CMPE-146\SJSU_Dev\projects\UART\L0_LowLevel" -I"C:\CMPE146\CMPE-146\SJSU_Dev\projects\UART\L1_FreeRTOS" -I"C:\CMPE146\CMPE-146\SJSU_Dev\projects\UART\L1_FreeRTOS\include" -I"C:\CMPE146\CMPE-146\SJSU_Dev\projects\UART\L1_FreeRTOS\portable" -I"C:\CMPE146\CMPE-146\SJSU_Dev\projects\UART\L1_FreeRTOS\portable\no_mpu" -I"C:\CMPE146\CMPE-146\SJSU_Dev\projects\UART\L2_Drivers" -I"C:\CMPE146\CMPE-146\SJSU_Dev\projects\UART\L2_Drivers\base" -I"C:\CMPE146\CMPE-146\SJSU_Dev\projects\UART\L3_Utils" -I"C:\CMPE146\CMPE-146\SJSU_Dev\projects\UART\L3_Utils\tlm" -I"C:\CMPE146\CMPE-146\SJSU_Dev\projects\UART\L4_IO" -I"C:\CMPE146\CMPE-146\SJSU_Dev\projects\UART\L4_IO\fat" -I"C:\CMPE146\CMPE-146\SJSU_Dev\projects\UART\L4_IO\wireless" -I"C:\CMPE146\CMPE-146\SJSU_Dev\projects\UART\L5_Application" -std=gnu++11 -fabi-version=0 -fno-exceptions -MMD -MP -MF"L5_Application/source/high_level_init.d" -MT"L5_Application/source/high_level_init.o" -c -o "L5_Application/source/high_level_init.o" "../L5_Application/source/high_level_init.cpp"
Finished building: ../L5_Application/source/cmd_handlers/wireless_handlers.cpp
 
Building file: ../L5_Application/source/remote.cpp
Invoking: Cross ARM C++ Compiler
arm-none-eabi-g++ -mcpu=cortex-m3 -mthumb -Os -fmessage-length=0 -ffunction-sections -fdata-sections -Wall -Wshadow -Wlogical-op -Wfloat-equal -DBUILD_CFG_MPU=0 -I"C:\CMPE146\CMPE-146\SJSU_Dev\projects\UART" -I"C:\CMPE146\CMPE-146\SJSU_Dev\projects\UART\newlib" -I"C:\CMPE146\CMPE-146\SJSU_Dev\projects\UART\L0_LowLevel" -I"C:\CMPE146\CMPE-146\SJSU_Dev\projects\UART\L1_FreeRTOS" -I"C:\CMPE146\CMPE-146\SJSU_Dev\projects\UART\L1_FreeRTOS\include" -I"C:\CMPE146\CMPE-146\SJSU_Dev\projects\UART\L1_FreeRTOS\portable" -I"C:\CMPE146\CMPE-146\SJSU_Dev\projects\UART\L1_FreeRTOS\portable\no_mpu" -I"C:\CMPE146\CMPE-146\SJSU_Dev\projects\UART\L2_Drivers" -I"C:\CMPE146\CMPE-146\SJSU_Dev\projects\UART\L2_Drivers\base" -I"C:\CMPE146\CMPE-146\SJSU_Dev\projects\UART\L3_Utils" -I"C:\CMPE146\CMPE-146\SJSU_Dev\projects\UART\L3_Utils\tlm" -I"C:\CMPE146\CMPE-146\SJSU_Dev\projects\UART\L4_IO" -I"C:\CMPE146\CMPE-146\SJSU_Dev\projects\UART\L4_IO\fat" -I"C:\CMPE146\CMPE-146\SJSU_Dev\projects\UART\L4_IO\wireless" -I"C:\CMPE146\CMPE-146\SJSU_Dev\projects\UART\L5_Application" -std=gnu++11 -fabi-version=0 -fno-exceptions -MMD -MP -MF"L5_Application/source/remote.d" -MT"L5_Application/source/remote.o" -c -o "L5_Application/source/remote.o" "../L5_Application/source/remote.cpp"
Finished building: ../L5_Application/source/high_level_init.cpp
 
Building file: ../L5_Application/source/terminal.cpp
Invoking: Cross ARM C++ Compiler
arm-none-eabi-g++ -mcpu=cortex-m3 -mthumb -Os -fmessage-length=0 -ffunction-sections -fdata-sections -Wall -Wshadow -Wlogical-op -Wfloat-equal -DBUILD_CFG_MPU=0 -I"C:\CMPE146\CMPE-146\SJSU_Dev\projects\UART" -I"C:\CMPE146\CMPE-146\SJSU_Dev\projects\UART\newlib" -I"C:\CMPE146\CMPE-146\SJSU_Dev\projects\UART\L0_LowLevel" -I"C:\CMPE146\CMPE-146\SJSU_Dev\projects\UART\L1_FreeRTOS" -I"C:\CMPE146\CMPE-146\SJSU_Dev\projects\UART\L1_FreeRTOS\include" -I"C:\CMPE146\CMPE-146\SJSU_Dev\projects\UART\L1_FreeRTOS\portable" -I"C:\CMPE146\CMPE-146\SJSU_Dev\projects\UART\L1_FreeRTOS\portable\no_mpu" -I"C:\CMPE146\CMPE-146\SJSU_Dev\projects\UART\L2_Drivers" -I"C:\CMPE146\CMPE-146\SJSU_Dev\projects\UART\L2_Drivers\base" -I"C:\CMPE146\CMPE-146\SJSU_Dev\projects\UART\L3_Utils" -I"C:\CMPE146\CMPE-146\SJSU_Dev\projects\UART\L3_Utils\tlm" -I"C:\CMPE146\CMPE-146\SJSU_Dev\projects\UART\L4_IO" -I"C:\CMPE146\CMPE-146\SJSU_Dev\projects\UART\L4_IO\fat" -I"C:\CMPE146\CMPE-146\SJSU_Dev\projects\UART\L4_IO\wireless" -I"C:\CMPE146\CMPE-146\SJSU_Dev\projects\UART\L5_Application" -std=gnu++11 -fabi-version=0 -fno-exceptions -MMD -MP -MF"L5_Application/source/terminal.d" -MT"L5_Application/source/terminal.o" -c -o "L5_Application/source/terminal.o" "../L5_Application/source/terminal.cpp"
Finished building: ../L5_Application/source/remote.cpp
 
Building file: ../L5_Application/periodic_scheduler/period_callbacks.cpp
Invoking: Cross ARM C++ Compiler
arm-none-eabi-g++ -mcpu=cortex-m3 -mthumb -Os -fmessage-length=0 -ffunction-sections -fdata-sections -Wall -Wshadow -Wlogical-op -Wfloat-equal -DBUILD_CFG_MPU=0 -I"C:\CMPE146\CMPE-146\SJSU_Dev\projects\UART" -I"C:\CMPE146\CMPE-146\SJSU_Dev\projects\UART\newlib" -I"C:\CMPE146\CMPE-146\SJSU_Dev\projects\UART\L0_LowLevel" -I"C:\CMPE146\CMPE-146\SJSU_Dev\projects\UART\L1_FreeRTOS" -I"C:\CMPE146\CMPE-146\SJSU_Dev\projects\UART\L1_FreeRTOS\include" -I"C:\CMPE146\CMPE-146\SJSU_Dev\projects\UART\L1_FreeRTOS\portable" -I"C:\CMPE146\CMPE-146\SJSU_Dev\projects\UART\L1_FreeRTOS\portable\no_mpu" -I"C:\CMPE146\CMPE-146\SJSU_Dev\projects\UART\L2_Drivers" -I"C:\CMPE146\CMPE-146\SJSU_Dev\projects\UART\L2_Drivers\base" -I"C:\CMPE146\CMPE-146\SJSU_Dev\projects\UART\L3_Utils" -I"C:\CMPE146\CMPE-146\SJSU_Dev\projects\UART\L3_Utils\tlm" -I"C:\CMPE146\CMPE-146\SJSU_Dev\projects\UART\L4_IO" -I"C:\CMPE146\CMPE-146\SJSU_Dev\projects\UART\L4_IO\fat" -I"C:\CMPE146\CMPE-146\SJSU_Dev\projects\UART\L4_IO\wireless" -I"C:\CMPE146\CMPE-146\SJSU_Dev\projects\UART\L5_Application" -std=gnu++11 -fabi-version=0 -fno-exceptions -MMD -MP -MF"L5_Application/periodic_scheduler/period_callbacks.d" -MT"L5_Application/periodic_scheduler/period_callbacks.o" -c -o "L5_Application/periodic_scheduler/period_callbacks.o" "../L5_Application/periodic_scheduler/period_callbacks.cpp"
Finished building: ../L5_Application/source/terminal.cpp
 
Finished building: ../L5_Application/periodic_scheduler/period_callbacks.cpp
Building file: ../L5_Application/periodic_scheduler/prd_monitor.cpp
 
Invoking: Cross ARM C++ Compiler
Building file: ../L5_Application/examples/examples.cpp
arm-none-eabi-g++ -mcpu=cortex-m3 -mthumb -Os -fmessage-length=0 -ffunction-sections -fdata-sections -Wall -Wshadow -Wlogical-op -Wfloat-equal -DBUILD_CFG_MPU=0 -I"C:\CMPE146\CMPE-146\SJSU_Dev\projects\UART" -I"C:\CMPE146\CMPE-146\SJSU_Dev\projects\UART\newlib" -I"C:\CMPE146\CMPE-146\SJSU_Dev\projects\UART\L0_LowLevel" -I"C:\CMPE146\CMPE-146\SJSU_Dev\projects\UART\L1_FreeRTOS" -I"C:\CMPE146\CMPE-146\SJSU_Dev\projects\UART\L1_FreeRTOS\include" -I"C:\CMPE146\CMPE-146\SJSU_Dev\projects\UART\L1_FreeRTOS\portable" -I"C:\CMPE146\CMPE-146\SJSU_Dev\projects\UART\L1_FreeRTOS\portable\no_mpu" -I"C:\CMPE146\CMPE-146\SJSU_Dev\projects\UART\L2_Drivers" -I"C:\CMPE146\CMPE-146\SJSU_Dev\projects\UART\L2_Drivers\base" -I"C:\CMPE146\CMPE-146\SJSU_Dev\projects\UART\L3_Utils" -I"C:\CMPE146\CMPE-146\SJSU_Dev\projects\UART\L3_Utils\tlm" -I"C:\CMPE146\CMPE-146\SJSU_Dev\projects\UART\L4_IO" -I"C:\CMPE146\CMPE-146\SJSU_Dev\projects\UART\L4_IO\fat" -I"C:\CMPE146\CMPE-146\SJSU_Dev\projects\UART\L4_IO\wireless" -I"C:\CMPE146\CMPE-146\SJSU_Dev\projects\UART\L5_Application" -std=gnu++11 -fabi-version=0 -fno-exceptions -MMD -MP -MF"L5_Application/periodic_scheduler/prd_monitor.d" -MT"L5_Application/periodic_scheduler/prd_monitor.o" -c -o "L5_Application/periodic_scheduler/prd_monitor.o" "../L5_Application/periodic_scheduler/prd_monitor.cpp"
Invoking: Cross ARM C++ Compiler
arm-none-eabi-g++ -mcpu=cortex-m3 -mthumb -Os -fmessage-length=0 -ffunction-sections -fdata-sections -Wall -Wshadow -Wlogical-op -Wfloat-equal -DBUILD_CFG_MPU=0 -I"C:\CMPE146\CMPE-146\SJSU_Dev\projects\UART" -I"C:\CMPE146\CMPE-146\SJSU_Dev\projects\UART\newlib" -I"C:\CMPE146\CMPE-146\SJSU_Dev\projects\UART\L0_LowLevel" -I"C:\CMPE146\CMPE-146\SJSU_Dev\projects\UART\L1_FreeRTOS" -I"C:\CMPE146\CMPE-146\SJSU_Dev\projects\UART\L1_FreeRTOS\include" -I"C:\CMPE146\CMPE-146\SJSU_Dev\projects\UART\L1_FreeRTOS\portable" -I"C:\CMPE146\CMPE-146\SJSU_Dev\projects\UART\L1_FreeRTOS\portable\no_mpu" -I"C:\CMPE146\CMPE-146\SJSU_Dev\projects\UART\L2_Drivers" -I"C:\CMPE146\CMPE-146\SJSU_Dev\projects\UART\L2_Drivers\base" -I"C:\CMPE146\CMPE-146\SJSU_Dev\projects\UART\L3_Utils" -I"C:\CMPE146\CMPE-146\SJSU_Dev\projects\UART\L3_Utils\tlm" -I"C:\CMPE146\CMPE-146\SJSU_Dev\projects\UART\L4_IO" -I"C:\CMPE146\CMPE-146\SJSU_Dev\projects\UART\L4_IO\fat" -I"C:\CMPE146\CMPE-146\SJSU_Dev\projects\UART\L4_IO\wireless" -I"C:\CMPE146\CMPE-146\SJSU_Dev\projects\UART\L5_Application" -std=gnu++11 -fabi-version=0 -fno-exceptions -MMD -MP -MF"L5_Application/examples/examples.d" -MT"L5_Application/examples/examples.o" -c -o "L5_Application/examples/examples.o" "../L5_Application/examples/examples.cpp"
Finished building: ../L5_Application/periodic_scheduler/prd_monitor.cpp
 
Building file: ../L5_Application/examples/rn_xv_task.cpp
Invoking: Cross ARM C++ Compiler
arm-none-eabi-g++ -mcpu=cortex-m3 -mthumb -Os -fmessage-length=0 -ffunction-sections -fdata-sections -Wall -Wshadow -Wlogical-op -Wfloat-equal -DBUILD_CFG_MPU=0 -I"C:\CMPE146\CMPE-146\SJSU_Dev\projects\UART" -I"C:\CMPE146\CMPE-146\SJSU_Dev\projects\UART\newlib" -I"C:\CMPE146\CMPE-146\SJSU_Dev\projects\UART\L0_LowLevel" -I"C:\CMPE146\CMPE-146\SJSU_Dev\projects\UART\L1_FreeRTOS" -I"C:\CMPE146\CMPE-146\SJSU_Dev\projects\UART\L1_FreeRTOS\include" -I"C:\CMPE146\CMPE-146\SJSU_Dev\projects\UART\L1_FreeRTOS\portable" -I"C:\CMPE146\CMPE-146\SJSU_Dev\projects\UART\L1_FreeRTOS\portable\no_mpu" -I"C:\CMPE146\CMPE-146\SJSU_Dev\projects\UART\L2_Drivers" -I"C:\CMPE146\CMPE-146\SJSU_Dev\projects\UART\L2_Drivers\base" -I"C:\CMPE146\CMPE-146\SJSU_Dev\projects\UART\L3_Utils" -I"C:\CMPE146\CMPE-146\SJSU_Dev\projects\UART\L3_Utils\tlm" -I"C:\CMPE146\CMPE-146\SJSU_Dev\projects\UART\L4_IO" -I"C:\CMPE146\CMPE-146\SJSU_Dev\projects\UART\L4_IO\fat" -I"C:\CMPE146\CMPE-146\SJSU_Dev\projects\UART\L4_IO\wireless" -I"C:\CMPE146\CMPE-146\SJSU_Dev\projects\UART\L5_Application" -std=gnu++11 -fabi-version=0 -fno-exceptions -MMD -MP -MF"L5_Application/examples/rn_xv_task.d" -MT"L5_Application/examples/rn_xv_task.o" -c -o "L5_Application/examples/rn_xv_task.o" "../L5_Application/examples/rn_xv_task.cpp"
Finished building: ../L5_Application/examples/examples.cpp
 
Building file: ../L5_Application/main.cpp
Invoking: Cross ARM C++ Compiler
arm-none-eabi-g++ -mcpu=cortex-m3 -mthumb -Os -fmessage-length=0 -ffunction-sections -fdata-sections -Wall -Wshadow -Wlogical-op -Wfloat-equal -DBUILD_CFG_MPU=0 -I"C:\CMPE146\CMPE-146\SJSU_Dev\projects\UART" -I"C:\CMPE146\CMPE-146\SJSU_Dev\projects\UART\newlib" -I"C:\CMPE146\CMPE-146\SJSU_Dev\projects\UART\L0_LowLevel" -I"C:\CMPE146\CMPE-146\SJSU_Dev\projects\UART\L1_FreeRTOS" -I"C:\CMPE146\CMPE-146\SJSU_Dev\projects\UART\L1_FreeRTOS\include" -I"C:\CMPE146\CMPE-146\SJSU_Dev\projects\UART\L1_FreeRTOS\portable" -I"C:\CMPE146\CMPE-146\SJSU_Dev\projects\UART\L1_FreeRTOS\portable\no_mpu" -I"C:\CMPE146\CMPE-146\SJSU_Dev\projects\UART\L2_Drivers" -I"C:\CMPE146\CMPE-146\SJSU_Dev\projects\UART\L2_Drivers\base" -I"C:\CMPE146\CMPE-146\SJSU_Dev\projects\UART\L3_Utils" -I"C:\CMPE146\CMPE-146\SJSU_Dev\projects\UART\L3_Utils\tlm" -I"C:\CMPE146\CMPE-146\SJSU_Dev\projects\UART\L4_IO" -I"C:\CMPE146\CMPE-146\SJSU_Dev\projects\UART\L4_IO\fat" -I"C:\CMPE146\CMPE-146\SJSU_Dev\projects\UART\L4_IO\wireless" -I"C:\CMPE146\CMPE-146\SJSU_Dev\projects\UART\L5_Application" -std=gnu++11 -fabi-version=0 -fno-exceptions -MMD -MP -MF"L5_Application/main.d" -MT"L5_Application/main.o" -c -o "L5_Application/main.o" "../L5_Application/main.cpp"
../L5_Application/main.cpp:35:41: error: macro "xQueueReceive" requires 3 arguments, but only 2 given
     if (xQueueReceive(..., portMAX_DELAY)) {
                                         ^
../L5_Application/main.cpp: In function 'void init_my_uart2()':
../L5_Application/main.cpp:29:16: error: 'Uart2' was not declared in this scope
   isr_register(Uart2, my_uart2_rx_intr);
                ^
../L5_Application/main.cpp: In function 'void my_task(void*)':
../L5_Application/main.cpp:35:9: error: 'xQueueReceive' was not declared in this scope
     if (xQueueReceive(..., portMAX_DELAY)) {
         ^
../L5_Application/main.cpp:36:61: warning: format '%c' expects a matching 'int' argument [-Wformat=]
       printf("Got %c char from my UART... job is half done!");
                                                             ^
../L5_Application/main.cpp:36:61: warning: format '%c' expects a matching 'int' argument [-Wformat=]
../L5_Application/main.cpp: At global scope:
../L5_Application/main.cpp:41:15: error: '::main' must return 'int'
 void main(void)
               ^
../L5_Application/main.cpp: In function 'int main()':
../L5_Application/main.cpp:44:22: error: 'create_task' was not declared in this scope
   create_task(my_task);
                      ^
make: *** [L5_Application/main.o] Error 1
make: *** Waiting for unfinished jobs....
Finished building: ../L5_Application/examples/rn_xv_task.cpp
 
19:58:32 **** Incremental Build of configuration _build for project ADC_PWM ****
make -j2 all 
Building file: ../newlib/malloc_lock.c
Building file: ../newlib/memory.cpp
Invoking: Cross ARM C Compiler
arm-none-eabi-gcc -mcpu=cortex-m3 -mthumb -Os -fmessage-length=0 -ffunction-sections -fdata-sections -Wall -Wshadow -Wlogical-op -Wfloat-equal -DBUILD_CFG_MPU=0 -I"C:\CMPE146\CMPE-146\SJSU_Dev\projects\ADC_PWM" -I"C:\CMPE146\CMPE-146\SJSU_Dev\projects\ADC_PWM\newlib" -I"C:\CMPE146\CMPE-146\SJSU_Dev\projects\ADC_PWM\L0_LowLevel" -I"C:\CMPE146\CMPE-146\SJSU_Dev\projects\ADC_PWM\L1_FreeRTOS" -I"C:\CMPE146\CMPE-146\SJSU_Dev\projects\ADC_PWM\L1_FreeRTOS\include" -I"C:\CMPE146\CMPE-146\SJSU_Dev\projects\ADC_PWM\L1_FreeRTOS\portable\no_mpu" -I"C:\CMPE146\CMPE-146\SJSU_Dev\projects\ADC_PWM\L2_Drivers" -I"C:\CMPE146\CMPE-146\SJSU_Dev\projects\ADC_PWM\L2_Drivers\base" -I"C:\CMPE146\CMPE-146\SJSU_Dev\projects\ADC_PWM\L3_Utils" -I"C:\CMPE146\CMPE-146\SJSU_Dev\projects\ADC_PWM\L3_Utils\tlm" -I"C:\CMPE146\CMPE-146\SJSU_Dev\projects\ADC_PWM\L4_IO" -I"C:\CMPE146\CMPE-146\SJSU_Dev\projects\ADC_PWM\L4_IO\fat" -I"C:\CMPE146\CMPE-146\SJSU_Dev\projects\ADC_PWM\L4_IO\wireless" -I"C:\CMPE146\CMPE-146\SJSU_Dev\projects\ADC_PWM\L5_Application" -std=gnu11 -MMD -MP -MF"newlib/malloc_lock.d" -MT"newlib/malloc_lock.o" -c -o "newlib/malloc_lock.o" "../newlib/malloc_lock.c"
Invoking: Cross ARM C++ Compiler
arm-none-eabi-g++ -mcpu=cortex-m3 -mthumb -Os -fmessage-length=0 -ffunction-sections -fdata-sections -Wall -Wshadow -Wlogical-op -Wfloat-equal -DBUILD_CFG_MPU=0 -I"C:\CMPE146\CMPE-146\SJSU_Dev\projects\ADC_PWM" -I"C:\CMPE146\CMPE-146\SJSU_Dev\projects\ADC_PWM\newlib" -I"C:\CMPE146\CMPE-146\SJSU_Dev\projects\ADC_PWM\L0_LowLevel" -I"C:\CMPE146\CMPE-146\SJSU_Dev\projects\ADC_PWM\L1_FreeRTOS" -I"C:\CMPE146\CMPE-146\SJSU_Dev\projects\ADC_PWM\L1_FreeRTOS\include" -I"C:\CMPE146\CMPE-146\SJSU_Dev\projects\ADC_PWM\L1_FreeRTOS\portable" -I"C:\CMPE146\CMPE-146\SJSU_Dev\projects\ADC_PWM\L1_FreeRTOS\portable\no_mpu" -I"C:\CMPE146\CMPE-146\SJSU_Dev\projects\ADC_PWM\L2_Drivers" -I"C:\CMPE146\CMPE-146\SJSU_Dev\projects\ADC_PWM\L2_Drivers\base" -I"C:\CMPE146\CMPE-146\SJSU_Dev\projects\ADC_PWM\L3_Utils" -I"C:\CMPE146\CMPE-146\SJSU_Dev\projects\ADC_PWM\L3_Utils\tlm" -I"C:\CMPE146\CMPE-146\SJSU_Dev\projects\ADC_PWM\L4_IO" -I"C:\CMPE146\CMPE-146\SJSU_Dev\projects\ADC_PWM\L4_IO\fat" -I"C:\CMPE146\CMPE-146\SJSU_Dev\projects\ADC_PWM\L4_IO\wireless" -I"C:\CMPE146\CMPE-146\SJSU_Dev\projects\ADC_PWM\L5_Application" -std=gnu++11 -fabi-version=0 -fno-exceptions -MMD -MP -MF"newlib/memory.d" -MT"newlib/memory.o" -c -o "newlib/memory.o" "../newlib/memory.cpp"
Finished building: ../newlib/memory.cpp
 
Building file: ../newlib/newlib_syscalls.c
Invoking: Cross ARM C Compiler
arm-none-eabi-gcc -mcpu=cortex-m3 -mthumb -Os -fmessage-length=0 -ffunction-sections -fdata-sections -Wall -Wshadow -Wlogical-op -Wfloat-equal -DBUILD_CFG_MPU=0 -I"C:\CMPE146\CMPE-146\SJSU_Dev\projects\ADC_PWM" -I"C:\CMPE146\CMPE-146\SJSU_Dev\projects\ADC_PWM\newlib" -I"C:\CMPE146\CMPE-146\SJSU_Dev\projects\ADC_PWM\L0_LowLevel" -I"C:\CMPE146\CMPE-146\SJSU_Dev\projects\ADC_PWM\L1_FreeRTOS" -I"C:\CMPE146\CMPE-146\SJSU_Dev\projects\ADC_PWM\L1_FreeRTOS\include" -I"C:\CMPE146\CMPE-146\SJSU_Dev\projects\ADC_PWM\L1_FreeRTOS\portable\no_mpu" -I"C:\CMPE146\CMPE-146\SJSU_Dev\projects\ADC_PWM\L2_Drivers" -I"C:\CMPE146\CMPE-146\SJSU_Dev\projects\ADC_PWM\L2_Drivers\base" -I"C:\CMPE146\CMPE-146\SJSU_Dev\projects\ADC_PWM\L3_Utils" -I"C:\CMPE146\CMPE-146\SJSU_Dev\projects\ADC_PWM\L3_Utils\tlm" -I"C:\CMPE146\CMPE-146\SJSU_Dev\projects\ADC_PWM\L4_IO" -I"C:\CMPE146\CMPE-146\SJSU_Dev\projects\ADC_PWM\L4_IO\fat" -I"C:\CMPE146\CMPE-146\SJSU_Dev\projects\ADC_PWM\L4_IO\wireless" -I"C:\CMPE146\CMPE-146\SJSU_Dev\projects\ADC_PWM\L5_Application" -std=gnu11 -MMD -MP -MF"newlib/newlib_syscalls.d" -MT"newlib/newlib_syscalls.o" -c -o "newlib/newlib_syscalls.o" "../newlib/newlib_syscalls.c"
Finished building: ../newlib/malloc_lock.c
 
Building file: ../newlib/newlib_time.c
Invoking: Cross ARM C Compiler
arm-none-eabi-gcc -mcpu=cortex-m3 -mthumb -Os -fmessage-length=0 -ffunction-sections -fdata-sections -Wall -Wshadow -Wlogical-op -Wfloat-equal -DBUILD_CFG_MPU=0 -I"C:\CMPE146\CMPE-146\SJSU_Dev\projects\ADC_PWM" -I"C:\CMPE146\CMPE-146\SJSU_Dev\projects\ADC_PWM\newlib" -I"C:\CMPE146\CMPE-146\SJSU_Dev\projects\ADC_PWM\L0_LowLevel" -I"C:\CMPE146\CMPE-146\SJSU_Dev\projects\ADC_PWM\L1_FreeRTOS" -I"C:\CMPE146\CMPE-146\SJSU_Dev\projects\ADC_PWM\L1_FreeRTOS\include" -I"C:\CMPE146\CMPE-146\SJSU_Dev\projects\ADC_PWM\L1_FreeRTOS\portable\no_mpu" -I"C:\CMPE146\CMPE-146\SJSU_Dev\projects\ADC_PWM\L2_Drivers" -I"C:\CMPE146\CMPE-146\SJSU_Dev\projects\ADC_PWM\L2_Drivers\base" -I"C:\CMPE146\CMPE-146\SJSU_Dev\projects\ADC_PWM\L3_Utils" -I"C:\CMPE146\CMPE-146\SJSU_Dev\projects\ADC_PWM\L3_Utils\tlm" -I"C:\CMPE146\CMPE-146\SJSU_Dev\projects\ADC_PWM\L4_IO" -I"C:\CMPE146\CMPE-146\SJSU_Dev\projects\ADC_PWM\L4_IO\fat" -I"C:\CMPE146\CMPE-146\SJSU_Dev\projects\ADC_PWM\L4_IO\wireless" -I"C:\CMPE146\CMPE-146\SJSU_Dev\projects\ADC_PWM\L5_Application" -std=gnu11 -MMD -MP -MF"newlib/newlib_time.d" -MT"newlib/newlib_time.o" -c -o "newlib/newlib_time.o" "../newlib/newlib_time.c"
Finished building: ../newlib/newlib_syscalls.c
 
Building file: ../L5_Application/source/cmd_handlers/handlers.cpp
Finished building: ../newlib/newlib_time.c
 
Invoking: Cross ARM C++ Compiler
arm-none-eabi-g++ -mcpu=cortex-m3 -mthumb -Os -fmessage-length=0 -ffunction-sections -fdata-sections -Wall -Wshadow -Wlogical-op -Wfloat-equal -DBUILD_CFG_MPU=0 -I"C:\CMPE146\CMPE-146\SJSU_Dev\projects\ADC_PWM" -I"C:\CMPE146\CMPE-146\SJSU_Dev\projects\ADC_PWM\newlib" -I"C:\CMPE146\CMPE-146\SJSU_Dev\projects\ADC_PWM\L0_LowLevel" -I"C:\CMPE146\CMPE-146\SJSU_Dev\projects\ADC_PWM\L1_FreeRTOS" -I"C:\CMPE146\CMPE-146\SJSU_Dev\projects\ADC_PWM\L1_FreeRTOS\include" -I"C:\CMPE146\CMPE-146\SJSU_Dev\projects\ADC_PWM\L1_FreeRTOS\portable" -I"C:\CMPE146\CMPE-146\SJSU_Dev\projects\ADC_PWM\L1_FreeRTOS\portable\no_mpu" -I"C:\CMPE146\CMPE-146\SJSU_Dev\projects\ADC_PWM\L2_Drivers" -I"C:\CMPE146\CMPE-146\SJSU_Dev\projects\ADC_PWM\L2_Drivers\base" -I"C:\CMPE146\CMPE-146\SJSU_Dev\projects\ADC_PWM\L3_Utils" -I"C:\CMPE146\CMPE-146\SJSU_Dev\projects\ADC_PWM\L3_Utils\tlm" -I"C:\CMPE146\CMPE-146\SJSU_Dev\projects\ADC_PWM\L4_IO" -I"C:\CMPE146\CMPE-146\SJSU_Dev\projects\ADC_PWM\L4_IO\fat" -I"C:\CMPE146\CMPE-146\SJSU_Dev\projects\ADC_PWM\L4_IO\wireless" -I"C:\CMPE146\CMPE-146\SJSU_Dev\projects\ADC_PWM\L5_Application" -std=gnu++11 -fabi-version=0 -fno-exceptions -MMD -MP -MF"L5_Application/source/cmd_handlers/handlers.d" -MT"L5_Application/source/cmd_handlers/handlers.o" -c -o "L5_Application/source/cmd_handlers/handlers.o" "../L5_Application/source/cmd_handlers/handlers.cpp"
Building file: ../L5_Application/source/cmd_handlers/prog_handlers.cpp
Invoking: Cross ARM C++ Compiler
arm-none-eabi-g++ -mcpu=cortex-m3 -mthumb -Os -fmessage-length=0 -ffunction-sections -fdata-sections -Wall -Wshadow -Wlogical-op -Wfloat-equal -DBUILD_CFG_MPU=0 -I"C:\CMPE146\CMPE-146\SJSU_Dev\projects\ADC_PWM" -I"C:\CMPE146\CMPE-146\SJSU_Dev\projects\ADC_PWM\newlib" -I"C:\CMPE146\CMPE-146\SJSU_Dev\projects\ADC_PWM\L0_LowLevel" -I"C:\CMPE146\CMPE-146\SJSU_Dev\projects\ADC_PWM\L1_FreeRTOS" -I"C:\CMPE146\CMPE-146\SJSU_Dev\projects\ADC_PWM\L1_FreeRTOS\include" -I"C:\CMPE146\CMPE-146\SJSU_Dev\projects\ADC_PWM\L1_FreeRTOS\portable" -I"C:\CMPE146\CMPE-146\SJSU_Dev\projects\ADC_PWM\L1_FreeRTOS\portable\no_mpu" -I"C:\CMPE146\CMPE-146\SJSU_Dev\projects\ADC_PWM\L2_Drivers" -I"C:\CMPE146\CMPE-146\SJSU_Dev\projects\ADC_PWM\L2_Drivers\base" -I"C:\CMPE146\CMPE-146\SJSU_Dev\projects\ADC_PWM\L3_Utils" -I"C:\CMPE146\CMPE-146\SJSU_Dev\projects\ADC_PWM\L3_Utils\tlm" -I"C:\CMPE146\CMPE-146\SJSU_Dev\projects\ADC_PWM\L4_IO" -I"C:\CMPE146\CMPE-146\SJSU_Dev\projects\ADC_PWM\L4_IO\fat" -I"C:\CMPE146\CMPE-146\SJSU_Dev\projects\ADC_PWM\L4_IO\wireless" -I"C:\CMPE146\CMPE-146\SJSU_Dev\projects\ADC_PWM\L5_Application" -std=gnu++11 -fabi-version=0 -fno-exceptions -MMD -MP -MF"L5_Application/source/cmd_handlers/prog_handlers.d" -MT"L5_Application/source/cmd_handlers/prog_handlers.o" -c -o "L5_Application/source/cmd_handlers/prog_handlers.o" "../L5_Application/source/cmd_handlers/prog_handlers.cpp"
Finished building: ../L5_Application/source/cmd_handlers/prog_handlers.cpp
 
Building file: ../L5_Application/source/cmd_handlers/wireless_handlers.cpp
Invoking: Cross ARM C++ Compiler
arm-none-eabi-g++ -mcpu=cortex-m3 -mthumb -Os -fmessage-length=0 -ffunction-sections -fdata-sections -Wall -Wshadow -Wlogical-op -Wfloat-equal -DBUILD_CFG_MPU=0 -I"C:\CMPE146\CMPE-146\SJSU_Dev\projects\ADC_PWM" -I"C:\CMPE146\CMPE-146\SJSU_Dev\projects\ADC_PWM\newlib" -I"C:\CMPE146\CMPE-146\SJSU_Dev\projects\ADC_PWM\L0_LowLevel" -I"C:\CMPE146\CMPE-146\SJSU_Dev\projects\ADC_PWM\L1_FreeRTOS" -I"C:\CMPE146\CMPE-146\SJSU_Dev\projects\ADC_PWM\L1_FreeRTOS\include" -I"C:\CMPE146\CMPE-146\SJSU_Dev\projects\ADC_PWM\L1_FreeRTOS\portable" -I"C:\CMPE146\CMPE-146\SJSU_Dev\projects\ADC_PWM\L1_FreeRTOS\portable\no_mpu" -I"C:\CMPE146\CMPE-146\SJSU_Dev\projects\ADC_PWM\L2_Drivers" -I"C:\CMPE146\CMPE-146\SJSU_Dev\projects\ADC_PWM\L2_Drivers\base" -I"C:\CMPE146\CMPE-146\SJSU_Dev\projects\ADC_PWM\L3_Utils" -I"C:\CMPE146\CMPE-146\SJSU_Dev\projects\ADC_PWM\L3_Utils\tlm" -I"C:\CMPE146\CMPE-146\SJSU_Dev\projects\ADC_PWM\L4_IO" -I"C:\CMPE146\CMPE-146\SJSU_Dev\projects\ADC_PWM\L4_IO\fat" -I"C:\CMPE146\CMPE-146\SJSU_Dev\projects\ADC_PWM\L4_IO\wireless" -I"C:\CMPE146\CMPE-146\SJSU_Dev\projects\ADC_PWM\L5_Application" -std=gnu++11 -fabi-version=0 -fno-exceptions -MMD -MP -MF"L5_Application/source/cmd_handlers/wireless_handlers.d" -MT"L5_Application/source/cmd_handlers/wireless_handlers.o" -c -o "L5_Application/source/cmd_handlers/wireless_handlers.o" "../L5_Application/source/cmd_handlers/wireless_handlers.cpp"
Finished building: ../L5_Application/source/cmd_handlers/handlers.cpp
 
Building file: ../L5_Application/source/high_level_init.cpp
Invoking: Cross ARM C++ Compiler
arm-none-eabi-g++ -mcpu=cortex-m3 -mthumb -Os -fmessage-length=0 -ffunction-sections -fdata-sections -Wall -Wshadow -Wlogical-op -Wfloat-equal -DBUILD_CFG_MPU=0 -I"C:\CMPE146\CMPE-146\SJSU_Dev\projects\ADC_PWM" -I"C:\CMPE146\CMPE-146\SJSU_Dev\projects\ADC_PWM\newlib" -I"C:\CMPE146\CMPE-146\SJSU_Dev\projects\ADC_PWM\L0_LowLevel" -I"C:\CMPE146\CMPE-146\SJSU_Dev\projects\ADC_PWM\L1_FreeRTOS" -I"C:\CMPE146\CMPE-146\SJSU_Dev\projects\ADC_PWM\L1_FreeRTOS\include" -I"C:\CMPE146\CMPE-146\SJSU_Dev\projects\ADC_PWM\L1_FreeRTOS\portable" -I"C:\CMPE146\CMPE-146\SJSU_Dev\projects\ADC_PWM\L1_FreeRTOS\portable\no_mpu" -I"C:\CMPE146\CMPE-146\SJSU_Dev\projects\ADC_PWM\L2_Drivers" -I"C:\CMPE146\CMPE-146\SJSU_Dev\projects\ADC_PWM\L2_Drivers\base" -I"C:\CMPE146\CMPE-146\SJSU_Dev\projects\ADC_PWM\L3_Utils" -I"C:\CMPE146\CMPE-146\SJSU_Dev\projects\ADC_PWM\L3_Utils\tlm" -I"C:\CMPE146\CMPE-146\SJSU_Dev\projects\ADC_PWM\L4_IO" -I"C:\CMPE146\CMPE-146\SJSU_Dev\projects\ADC_PWM\L4_IO\fat" -I"C:\CMPE146\CMPE-146\SJSU_Dev\projects\ADC_PWM\L4_IO\wireless" -I"C:\CMPE146\CMPE-146\SJSU_Dev\projects\ADC_PWM\L5_Application" -std=gnu++11 -fabi-version=0 -fno-exceptions -MMD -MP -MF"L5_Application/source/high_level_init.d" -MT"L5_Application/source/high_level_init.o" -c -o "L5_Application/source/high_level_init.o" "../L5_Application/source/high_level_init.cpp"
Finished building: ../L5_Application/source/cmd_handlers/wireless_handlers.cpp
 
Building file: ../L5_Application/source/remote.cpp
Invoking: Cross ARM C++ Compiler
arm-none-eabi-g++ -mcpu=cortex-m3 -mthumb -Os -fmessage-length=0 -ffunction-sections -fdata-sections -Wall -Wshadow -Wlogical-op -Wfloat-equal -DBUILD_CFG_MPU=0 -I"C:\CMPE146\CMPE-146\SJSU_Dev\projects\ADC_PWM" -I"C:\CMPE146\CMPE-146\SJSU_Dev\projects\ADC_PWM\newlib" -I"C:\CMPE146\CMPE-146\SJSU_Dev\projects\ADC_PWM\L0_LowLevel" -I"C:\CMPE146\CMPE-146\SJSU_Dev\projects\ADC_PWM\L1_FreeRTOS" -I"C:\CMPE146\CMPE-146\SJSU_Dev\projects\ADC_PWM\L1_FreeRTOS\include" -I"C:\CMPE146\CMPE-146\SJSU_Dev\projects\ADC_PWM\L1_FreeRTOS\portable" -I"C:\CMPE146\CMPE-146\SJSU_Dev\projects\ADC_PWM\L1_FreeRTOS\portable\no_mpu" -I"C:\CMPE146\CMPE-146\SJSU_Dev\projects\ADC_PWM\L2_Drivers" -I"C:\CMPE146\CMPE-146\SJSU_Dev\projects\ADC_PWM\L2_Drivers\base" -I"C:\CMPE146\CMPE-146\SJSU_Dev\projects\ADC_PWM\L3_Utils" -I"C:\CMPE146\CMPE-146\SJSU_Dev\projects\ADC_PWM\L3_Utils\tlm" -I"C:\CMPE146\CMPE-146\SJSU_Dev\projects\ADC_PWM\L4_IO" -I"C:\CMPE146\CMPE-146\SJSU_Dev\projects\ADC_PWM\L4_IO\fat" -I"C:\CMPE146\CMPE-146\SJSU_Dev\projects\ADC_PWM\L4_IO\wireless" -I"C:\CMPE146\CMPE-146\SJSU_Dev\projects\ADC_PWM\L5_Application" -std=gnu++11 -fabi-version=0 -fno-exceptions -MMD -MP -MF"L5_Application/source/remote.d" -MT"L5_Application/source/remote.o" -c -o "L5_Application/source/remote.o" "../L5_Application/source/remote.cpp"
Finished building: ../L5_Application/source/high_level_init.cpp
 
Building file: ../L5_Application/source/terminal.cpp
Invoking: Cross ARM C++ Compiler
arm-none-eabi-g++ -mcpu=cortex-m3 -mthumb -Os -fmessage-length=0 -ffunction-sections -fdata-sections -Wall -Wshadow -Wlogical-op -Wfloat-equal -DBUILD_CFG_MPU=0 -I"C:\CMPE146\CMPE-146\SJSU_Dev\projects\ADC_PWM" -I"C:\CMPE146\CMPE-146\SJSU_Dev\projects\ADC_PWM\newlib" -I"C:\CMPE146\CMPE-146\SJSU_Dev\projects\ADC_PWM\L0_LowLevel" -I"C:\CMPE146\CMPE-146\SJSU_Dev\projects\ADC_PWM\L1_FreeRTOS" -I"C:\CMPE146\CMPE-146\SJSU_Dev\projects\ADC_PWM\L1_FreeRTOS\include" -I"C:\CMPE146\CMPE-146\SJSU_Dev\projects\ADC_PWM\L1_FreeRTOS\portable" -I"C:\CMPE146\CMPE-146\SJSU_Dev\projects\ADC_PWM\L1_FreeRTOS\portable\no_mpu" -I"C:\CMPE146\CMPE-146\SJSU_Dev\projects\ADC_PWM\L2_Drivers" -I"C:\CMPE146\CMPE-146\SJSU_Dev\projects\ADC_PWM\L2_Drivers\base" -I"C:\CMPE146\CMPE-146\SJSU_Dev\projects\ADC_PWM\L3_Utils" -I"C:\CMPE146\CMPE-146\SJSU_Dev\projects\ADC_PWM\L3_Utils\tlm" -I"C:\CMPE146\CMPE-146\SJSU_Dev\projects\ADC_PWM\L4_IO" -I"C:\CMPE146\CMPE-146\SJSU_Dev\projects\ADC_PWM\L4_IO\fat" -I"C:\CMPE146\CMPE-146\SJSU_Dev\projects\ADC_PWM\L4_IO\wireless" -I"C:\CMPE146\CMPE-146\SJSU_Dev\projects\ADC_PWM\L5_Application" -std=gnu++11 -fabi-version=0 -fno-exceptions -MMD -MP -MF"L5_Application/source/terminal.d" -MT"L5_Application/source/terminal.o" -c -o "L5_Application/source/terminal.o" "../L5_Application/source/terminal.cpp"
Finished building: ../L5_Application/source/remote.cpp
 
Building file: ../L5_Application/periodic_scheduler/period_callbacks.cpp
Invoking: Cross ARM C++ Compiler
arm-none-eabi-g++ -mcpu=cortex-m3 -mthumb -Os -fmessage-length=0 -ffunction-sections -fdata-sections -Wall -Wshadow -Wlogical-op -Wfloat-equal -DBUILD_CFG_MPU=0 -I"C:\CMPE146\CMPE-146\SJSU_Dev\projects\ADC_PWM" -I"C:\CMPE146\CMPE-146\SJSU_Dev\projects\ADC_PWM\newlib" -I"C:\CMPE146\CMPE-146\SJSU_Dev\projects\ADC_PWM\L0_LowLevel" -I"C:\CMPE146\CMPE-146\SJSU_Dev\projects\ADC_PWM\L1_FreeRTOS" -I"C:\CMPE146\CMPE-146\SJSU_Dev\projects\ADC_PWM\L1_FreeRTOS\include" -I"C:\CMPE146\CMPE-146\SJSU_Dev\projects\ADC_PWM\L1_FreeRTOS\portable" -I"C:\CMPE146\CMPE-146\SJSU_Dev\projects\ADC_PWM\L1_FreeRTOS\portable\no_mpu" -I"C:\CMPE146\CMPE-146\SJSU_Dev\projects\ADC_PWM\L2_Drivers" -I"C:\CMPE146\CMPE-146\SJSU_Dev\projects\ADC_PWM\L2_Drivers\base" -I"C:\CMPE146\CMPE-146\SJSU_Dev\projects\ADC_PWM\L3_Utils" -I"C:\CMPE146\CMPE-146\SJSU_Dev\projects\ADC_PWM\L3_Utils\tlm" -I"C:\CMPE146\CMPE-146\SJSU_Dev\projects\ADC_PWM\L4_IO" -I"C:\CMPE146\CMPE-146\SJSU_Dev\projects\ADC_PWM\L4_IO\fat" -I"C:\CMPE146\CMPE-146\SJSU_Dev\projects\ADC_PWM\L4_IO\wireless" -I"C:\CMPE146\CMPE-146\SJSU_Dev\projects\ADC_PWM\L5_Application" -std=gnu++11 -fabi-version=0 -fno-exceptions -MMD -MP -MF"L5_Application/periodic_scheduler/period_callbacks.d" -MT"L5_Application/periodic_scheduler/period_callbacks.o" -c -o "L5_Application/periodic_scheduler/period_callbacks.o" "../L5_Application/periodic_scheduler/period_callbacks.cpp"
Finished building: ../L5_Application/source/terminal.cpp
 
Finished building: ../L5_Application/periodic_scheduler/period_callbacks.cpp
Building file: ../L5_Application/periodic_scheduler/prd_monitor.cpp
 
Invoking: Cross ARM C++ Compiler
arm-none-eabi-g++ -mcpu=cortex-m3 -mthumb -Os -fmessage-length=0 -ffunction-sections -fdata-sections -Wall -Wshadow -Wlogical-op -Wfloat-equal -DBUILD_CFG_MPU=0 -I"C:\CMPE146\CMPE-146\SJSU_Dev\projects\ADC_PWM" -I"C:\CMPE146\CMPE-146\SJSU_Dev\projects\ADC_PWM\newlib" -I"C:\CMPE146\CMPE-146\SJSU_Dev\projects\ADC_PWM\L0_LowLevel" -I"C:\CMPE146\CMPE-146\SJSU_Dev\projects\ADC_PWM\L1_FreeRTOS" -I"C:\CMPE146\CMPE-146\SJSU_Dev\projects\ADC_PWM\L1_FreeRTOS\include" -I"C:\CMPE146\CMPE-146\SJSU_Dev\projects\ADC_PWM\L1_FreeRTOS\portable" -I"C:\CMPE146\CMPE-146\SJSU_Dev\projects\ADC_PWM\L1_FreeRTOS\portable\no_mpu" -I"C:\CMPE146\CMPE-146\SJSU_Dev\projects\ADC_PWM\L2_Drivers" -I"C:\CMPE146\CMPE-146\SJSU_Dev\projects\ADC_PWM\L2_Drivers\base" -I"C:\CMPE146\CMPE-146\SJSU_Dev\projects\ADC_PWM\L3_Utils" -I"C:\CMPE146\CMPE-146\SJSU_Dev\projects\ADC_PWM\L3_Utils\tlm" -I"C:\CMPE146\CMPE-146\SJSU_Dev\projects\ADC_PWM\L4_IO" -I"C:\CMPE146\CMPE-146\SJSU_Dev\projects\ADC_PWM\L4_IO\fat" -I"C:\CMPE146\CMPE-146\SJSU_Dev\projects\ADC_PWM\L4_IO\wireless" -I"C:\CMPE146\CMPE-146\SJSU_Dev\projects\ADC_PWM\L5_Application" -std=gnu++11 -fabi-version=0 -fno-exceptions -MMD -MP -MF"L5_Application/periodic_scheduler/prd_monitor.d" -MT"L5_Application/periodic_scheduler/prd_monitor.o" -c -o "L5_Application/periodic_scheduler/prd_monitor.o" "../L5_Application/periodic_scheduler/prd_monitor.cpp"
Building file: ../L5_Application/examples/examples.cpp
Invoking: Cross ARM C++ Compiler
arm-none-eabi-g++ -mcpu=cortex-m3 -mthumb -Os -fmessage-length=0 -ffunction-sections -fdata-sections -Wall -Wshadow -Wlogical-op -Wfloat-equal -DBUILD_CFG_MPU=0 -I"C:\CMPE146\CMPE-146\SJSU_Dev\projects\ADC_PWM" -I"C:\CMPE146\CMPE-146\SJSU_Dev\projects\ADC_PWM\newlib" -I"C:\CMPE146\CMPE-146\SJSU_Dev\projects\ADC_PWM\L0_LowLevel" -I"C:\CMPE146\CMPE-146\SJSU_Dev\projects\ADC_PWM\L1_FreeRTOS" -I"C:\CMPE146\CMPE-146\SJSU_Dev\projects\ADC_PWM\L1_FreeRTOS\include" -I"C:\CMPE146\CMPE-146\SJSU_Dev\projects\ADC_PWM\L1_FreeRTOS\portable" -I"C:\CMPE146\CMPE-146\SJSU_Dev\projects\ADC_PWM\L1_FreeRTOS\portable\no_mpu" -I"C:\CMPE146\CMPE-146\SJSU_Dev\projects\ADC_PWM\L2_Drivers" -I"C:\CMPE146\CMPE-146\SJSU_Dev\projects\ADC_PWM\L2_Drivers\base" -I"C:\CMPE146\CMPE-146\SJSU_Dev\projects\ADC_PWM\L3_Utils" -I"C:\CMPE146\CMPE-146\SJSU_Dev\projects\ADC_PWM\L3_Utils\tlm" -I"C:\CMPE146\CMPE-146\SJSU_Dev\projects\ADC_PWM\L4_IO" -I"C:\CMPE146\CMPE-146\SJSU_Dev\projects\ADC_PWM\L4_IO\fat" -I"C:\CMPE146\CMPE-146\SJSU_Dev\projects\ADC_PWM\L4_IO\wireless" -I"C:\CMPE146\CMPE-146\SJSU_Dev\projects\ADC_PWM\L5_Application" -std=gnu++11 -fabi-version=0 -fno-exceptions -MMD -MP -MF"L5_Application/examples/examples.d" -MT"L5_Application/examples/examples.o" -c -o "L5_Application/examples/examples.o" "../L5_Application/examples/examples.cpp"
Finished building: ../L5_Application/periodic_scheduler/prd_monitor.cpp
 
Building file: ../L5_Application/examples/rn_xv_task.cpp
Invoking: Cross ARM C++ Compiler
arm-none-eabi-g++ -mcpu=cortex-m3 -mthumb -Os -fmessage-length=0 -ffunction-sections -fdata-sections -Wall -Wshadow -Wlogical-op -Wfloat-equal -DBUILD_CFG_MPU=0 -I"C:\CMPE146\CMPE-146\SJSU_Dev\projects\ADC_PWM" -I"C:\CMPE146\CMPE-146\SJSU_Dev\projects\ADC_PWM\newlib" -I"C:\CMPE146\CMPE-146\SJSU_Dev\projects\ADC_PWM\L0_LowLevel" -I"C:\CMPE146\CMPE-146\SJSU_Dev\projects\ADC_PWM\L1_FreeRTOS" -I"C:\CMPE146\CMPE-146\SJSU_Dev\projects\ADC_PWM\L1_FreeRTOS\include" -I"C:\CMPE146\CMPE-146\SJSU_Dev\projects\ADC_PWM\L1_FreeRTOS\portable" -I"C:\CMPE146\CMPE-146\SJSU_Dev\projects\ADC_PWM\L1_FreeRTOS\portable\no_mpu" -I"C:\CMPE146\CMPE-146\SJSU_Dev\projects\ADC_PWM\L2_Drivers" -I"C:\CMPE146\CMPE-146\SJSU_Dev\projects\ADC_PWM\L2_Drivers\base" -I"C:\CMPE146\CMPE-146\SJSU_Dev\projects\ADC_PWM\L3_Utils" -I"C:\CMPE146\CMPE-146\SJSU_Dev\projects\ADC_PWM\L3_Utils\tlm" -I"C:\CMPE146\CMPE-146\SJSU_Dev\projects\ADC_PWM\L4_IO" -I"C:\CMPE146\CMPE-146\SJSU_Dev\projects\ADC_PWM\L4_IO\fat" -I"C:\CMPE146\CMPE-146\SJSU_Dev\projects\ADC_PWM\L4_IO\wireless" -I"C:\CMPE146\CMPE-146\SJSU_Dev\projects\ADC_PWM\L5_Application" -std=gnu++11 -fabi-version=0 -fno-exceptions -MMD -MP -MF"L5_Application/examples/rn_xv_task.d" -MT"L5_Application/examples/rn_xv_task.o" -c -o "L5_Application/examples/rn_xv_task.o" "../L5_Application/examples/rn_xv_task.cpp"
Finished building: ../L5_Application/examples/examples.cpp
 
Building file: ../L5_Application/PWM/pwmDriver.cpp
Invoking: Cross ARM C++ Compiler
arm-none-eabi-g++ -mcpu=cortex-m3 -mthumb -Os -fmessage-length=0 -ffunction-sections -fdata-sections -Wall -Wshadow -Wlogical-op -Wfloat-equal -DBUILD_CFG_MPU=0 -I"C:\CMPE146\CMPE-146\SJSU_Dev\projects\ADC_PWM" -I"C:\CMPE146\CMPE-146\SJSU_Dev\projects\ADC_PWM\newlib" -I"C:\CMPE146\CMPE-146\SJSU_Dev\projects\ADC_PWM\L0_LowLevel" -I"C:\CMPE146\CMPE-146\SJSU_Dev\projects\ADC_PWM\L1_FreeRTOS" -I"C:\CMPE146\CMPE-146\SJSU_Dev\projects\ADC_PWM\L1_FreeRTOS\include" -I"C:\CMPE146\CMPE-146\SJSU_Dev\projects\ADC_PWM\L1_FreeRTOS\portable" -I"C:\CMPE146\CMPE-146\SJSU_Dev\projects\ADC_PWM\L1_FreeRTOS\portable\no_mpu" -I"C:\CMPE146\CMPE-146\SJSU_Dev\projects\ADC_PWM\L2_Drivers" -I"C:\CMPE146\CMPE-146\SJSU_Dev\projects\ADC_PWM\L2_Drivers\base" -I"C:\CMPE146\CMPE-146\SJSU_Dev\projects\ADC_PWM\L3_Utils" -I"C:\CMPE146\CMPE-146\SJSU_Dev\projects\ADC_PWM\L3_Utils\tlm" -I"C:\CMPE146\CMPE-146\SJSU_Dev\projects\ADC_PWM\L4_IO" -I"C:\CMPE146\CMPE-146\SJSU_Dev\projects\ADC_PWM\L4_IO\fat" -I"C:\CMPE146\CMPE-146\SJSU_Dev\projects\ADC_PWM\L4_IO\wireless" -I"C:\CMPE146\CMPE-146\SJSU_Dev\projects\ADC_PWM\L5_Application" -std=gnu++11 -fabi-version=0 -fno-exceptions -MMD -MP -MF"L5_Application/PWM/pwmDriver.d" -MT"L5_Application/PWM/pwmDriver.o" -c -o "L5_Application/PWM/pwmDriver.o" "../L5_Application/PWM/pwmDriver.cpp"
Finished building: ../L5_Application/examples/rn_xv_task.cpp
Finished building: ../L5_Application/PWM/pwmDriver.cpp
 
 
Building file: ../L5_Application/GPIO/GPIOInterrupt.cpp
Building file: ../L5_Application/GPIO/GPIO_0_1_2.cpp
Invoking: Cross ARM C++ Compiler
arm-none-eabi-g++ -mcpu=cortex-m3 -mthumb -Os -fmessage-length=0 -ffunction-sections -fdata-sections -Wall -Wshadow -Wlogical-op -Wfloat-equal -DBUILD_CFG_MPU=0 -I"C:\CMPE146\CMPE-146\SJSU_Dev\projects\ADC_PWM" -I"C:\CMPE146\CMPE-146\SJSU_Dev\projects\ADC_PWM\newlib" -I"C:\CMPE146\CMPE-146\SJSU_Dev\projects\ADC_PWM\L0_LowLevel" -I"C:\CMPE146\CMPE-146\SJSU_Dev\projects\ADC_PWM\L1_FreeRTOS" -I"C:\CMPE146\CMPE-146\SJSU_Dev\projects\ADC_PWM\L1_FreeRTOS\include" -I"C:\CMPE146\CMPE-146\SJSU_Dev\projects\ADC_PWM\L1_FreeRTOS\portable" -I"C:\CMPE146\CMPE-146\SJSU_Dev\projects\ADC_PWM\L1_FreeRTOS\portable\no_mpu" -I"C:\CMPE146\CMPE-146\SJSU_Dev\projects\ADC_PWM\L2_Drivers" -I"C:\CMPE146\CMPE-146\SJSU_Dev\projects\ADC_PWM\L2_Drivers\base" -I"C:\CMPE146\CMPE-146\SJSU_Dev\projects\ADC_PWM\L3_Utils" -I"C:\CMPE146\CMPE-146\SJSU_Dev\projects\ADC_PWM\L3_Utils\tlm" -I"C:\CMPE146\CMPE-146\SJSU_Dev\projects\ADC_PWM\L4_IO" -I"C:\CMPE146\CMPE-146\SJSU_Dev\projects\ADC_PWM\L4_IO\fat" -I"C:\CMPE146\CMPE-146\SJSU_Dev\projects\ADC_PWM\L4_IO\wireless" -I"C:\CMPE146\CMPE-146\SJSU_Dev\projects\ADC_PWM\L5_Application" -std=gnu++11 -fabi-version=0 -fno-exceptions -MMD -MP -MF"L5_Application/GPIO/GPIOInterrupt.d" -MT"L5_Application/GPIO/GPIOInterrupt.o" -c -o "L5_Application/GPIO/GPIOInterrupt.o" "../L5_Application/GPIO/GPIOInterrupt.cpp"
Invoking: Cross ARM C++ Compiler
arm-none-eabi-g++ -mcpu=cortex-m3 -mthumb -Os -fmessage-length=0 -ffunction-sections -fdata-sections -Wall -Wshadow -Wlogical-op -Wfloat-equal -DBUILD_CFG_MPU=0 -I"C:\CMPE146\CMPE-146\SJSU_Dev\projects\ADC_PWM" -I"C:\CMPE146\CMPE-146\SJSU_Dev\projects\ADC_PWM\newlib" -I"C:\CMPE146\CMPE-146\SJSU_Dev\projects\ADC_PWM\L0_LowLevel" -I"C:\CMPE146\CMPE-146\SJSU_Dev\projects\ADC_PWM\L1_FreeRTOS" -I"C:\CMPE146\CMPE-146\SJSU_Dev\projects\ADC_PWM\L1_FreeRTOS\include" -I"C:\CMPE146\CMPE-146\SJSU_Dev\projects\ADC_PWM\L1_FreeRTOS\portable" -I"C:\CMPE146\CMPE-146\SJSU_Dev\projects\ADC_PWM\L1_FreeRTOS\portable\no_mpu" -I"C:\CMPE146\CMPE-146\SJSU_Dev\projects\ADC_PWM\L2_Drivers" -I"C:\CMPE146\CMPE-146\SJSU_Dev\projects\ADC_PWM\L2_Drivers\base" -I"C:\CMPE146\CMPE-146\SJSU_Dev\projects\ADC_PWM\L3_Utils" -I"C:\CMPE146\CMPE-146\SJSU_Dev\projects\ADC_PWM\L3_Utils\tlm" -I"C:\CMPE146\CMPE-146\SJSU_Dev\projects\ADC_PWM\L4_IO" -I"C:\CMPE146\CMPE-146\SJSU_Dev\projects\ADC_PWM\L4_IO\fat" -I"C:\CMPE146\CMPE-146\SJSU_Dev\projects\ADC_PWM\L4_IO\wireless" -I"C:\CMPE146\CMPE-146\SJSU_Dev\projects\ADC_PWM\L5_Application" -std=gnu++11 -fabi-version=0 -fno-exceptions -MMD -MP -MF"L5_Application/GPIO/GPIO_0_1_2.d" -MT"L5_Application/GPIO/GPIO_0_1_2.o" -c -o "L5_Application/GPIO/GPIO_0_1_2.o" "../L5_Application/GPIO/GPIO_0_1_2.cpp"
../L5_Application/GPIO/GPIO_0_1_2.cpp: In constructor 'GPIO_0_1_2::GPIO_0_1_2(uint8_t, uint8_t)':
../L5_Application/GPIO/GPIO_0_1_2.cpp:12:49: warning: declaration of 'pin' shadows a member of 'GPIO_0_1_2' [-Wshadow]
 GPIO_0_1_2::GPIO_0_1_2(uint8_t port, uint8_t pin)
                                                 ^
In file included from ../L5_Application/GPIO/GPIO_0_1_2.cpp:9:0:
../L5_Application/GPIO/GPIO_0_1_2.hpp:22:13: note: shadowed declaration is here
     uint8_t pin;
             ^
../L5_Application/GPIO/GPIO_0_1_2.cpp:12:49: warning: declaration of 'port' shadows a member of 'GPIO_0_1_2' [-Wshadow]
 GPIO_0_1_2::GPIO_0_1_2(uint8_t port, uint8_t pin)
                                                 ^
In file included from ../L5_Application/GPIO/GPIO_0_1_2.cpp:9:0:
../L5_Application/GPIO/GPIO_0_1_2.hpp:21:13: note: shadowed declaration is here
     uint8_t port;
             ^
Finished building: ../L5_Application/GPIO/GPIOInterrupt.cpp
Finished building: ../L5_Application/GPIO/GPIO_0_1_2.cpp
 
 
Building file: ../L5_Application/ADC/adcDriver.cpp
Building file: ../L5_Application/main.cpp
Invoking: Cross ARM C++ Compiler
arm-none-eabi-g++ -mcpu=cortex-m3 -mthumb -Os -fmessage-length=0 -ffunction-sections -fdata-sections -Wall -Wshadow -Wlogical-op -Wfloat-equal -DBUILD_CFG_MPU=0 -I"C:\CMPE146\CMPE-146\SJSU_Dev\projects\ADC_PWM" -I"C:\CMPE146\CMPE-146\SJSU_Dev\projects\ADC_PWM\newlib" -I"C:\CMPE146\CMPE-146\SJSU_Dev\projects\ADC_PWM\L0_LowLevel" -I"C:\CMPE146\CMPE-146\SJSU_Dev\projects\ADC_PWM\L1_FreeRTOS" -I"C:\CMPE146\CMPE-146\SJSU_Dev\projects\ADC_PWM\L1_FreeRTOS\include" -I"C:\CMPE146\CMPE-146\SJSU_Dev\projects\ADC_PWM\L1_FreeRTOS\portable" -I"C:\CMPE146\CMPE-146\SJSU_Dev\projects\ADC_PWM\L1_FreeRTOS\portable\no_mpu" -I"C:\CMPE146\CMPE-146\SJSU_Dev\projects\ADC_PWM\L2_Drivers" -I"C:\CMPE146\CMPE-146\SJSU_Dev\projects\ADC_PWM\L2_Drivers\base" -I"C:\CMPE146\CMPE-146\SJSU_Dev\projects\ADC_PWM\L3_Utils" -I"C:\CMPE146\CMPE-146\SJSU_Dev\projects\ADC_PWM\L3_Utils\tlm" -I"C:\CMPE146\CMPE-146\SJSU_Dev\projects\ADC_PWM\L4_IO" -I"C:\CMPE146\CMPE-146\SJSU_Dev\projects\ADC_PWM\L4_IO\fat" -I"C:\CMPE146\CMPE-146\SJSU_Dev\projects\ADC_PWM\L4_IO\wireless" -I"C:\CMPE146\CMPE-146\SJSU_Dev\projects\ADC_PWM\L5_Application" -std=gnu++11 -fabi-version=0 -fno-exceptions -MMD -MP -MF"L5_Application/ADC/adcDriver.d" -MT"L5_Application/ADC/adcDriver.o" -c -o "L5_Application/ADC/adcDriver.o" "../L5_Application/ADC/adcDriver.cpp"
Invoking: Cross ARM C++ Compiler
arm-none-eabi-g++ -mcpu=cortex-m3 -mthumb -Os -fmessage-length=0 -ffunction-sections -fdata-sections -Wall -Wshadow -Wlogical-op -Wfloat-equal -DBUILD_CFG_MPU=0 -I"C:\CMPE146\CMPE-146\SJSU_Dev\projects\ADC_PWM" -I"C:\CMPE146\CMPE-146\SJSU_Dev\projects\ADC_PWM\newlib" -I"C:\CMPE146\CMPE-146\SJSU_Dev\projects\ADC_PWM\L0_LowLevel" -I"C:\CMPE146\CMPE-146\SJSU_Dev\projects\ADC_PWM\L1_FreeRTOS" -I"C:\CMPE146\CMPE-146\SJSU_Dev\projects\ADC_PWM\L1_FreeRTOS\include" -I"C:\CMPE146\CMPE-146\SJSU_Dev\projects\ADC_PWM\L1_FreeRTOS\portable" -I"C:\CMPE146\CMPE-146\SJSU_Dev\projects\ADC_PWM\L1_FreeRTOS\portable\no_mpu" -I"C:\CMPE146\CMPE-146\SJSU_Dev\projects\ADC_PWM\L2_Drivers" -I"C:\CMPE146\CMPE-146\SJSU_Dev\projects\ADC_PWM\L2_Drivers\base" -I"C:\CMPE146\CMPE-146\SJSU_Dev\projects\ADC_PWM\L3_Utils" -I"C:\CMPE146\CMPE-146\SJSU_Dev\projects\ADC_PWM\L3_Utils\tlm" -I"C:\CMPE146\CMPE-146\SJSU_Dev\projects\ADC_PWM\L4_IO" -I"C:\CMPE146\CMPE-146\SJSU_Dev\projects\ADC_PWM\L4_IO\fat" -I"C:\CMPE146\CMPE-146\SJSU_Dev\projects\ADC_PWM\L4_IO\wireless" -I"C:\CMPE146\CMPE-146\SJSU_Dev\projects\ADC_PWM\L5_Application" -std=gnu++11 -fabi-version=0 -fno-exceptions -MMD -MP -MF"L5_Application/main.d" -MT"L5_Application/main.o" -c -o "L5_Application/main.o" "../L5_Application/main.cpp"
../L5_Application/main.cpp:36:1: warning: 'typedef' was ignored in this declaration
 };
 ^
Finished building: ../L5_Application/ADC/adcDriver.cpp
 
Building file: ../L4_IO/wireless/src/mesh.c
Invoking: Cross ARM C Compiler
arm-none-eabi-gcc -mcpu=cortex-m3 -mthumb -Os -fmessage-length=0 -ffunction-sections -fdata-sections -Wall -Wshadow -Wlogical-op -Wfloat-equal -DBUILD_CFG_MPU=0 -I"C:\CMPE146\CMPE-146\SJSU_Dev\projects\ADC_PWM" -I"C:\CMPE146\CMPE-146\SJSU_Dev\projects\ADC_PWM\newlib" -I"C:\CMPE146\CMPE-146\SJSU_Dev\projects\ADC_PWM\L0_LowLevel" -I"C:\CMPE146\CMPE-146\SJSU_Dev\projects\ADC_PWM\L1_FreeRTOS" -I"C:\CMPE146\CMPE-146\SJSU_Dev\projects\ADC_PWM\L1_FreeRTOS\include" -I"C:\CMPE146\CMPE-146\SJSU_Dev\projects\ADC_PWM\L1_FreeRTOS\portable\no_mpu" -I"C:\CMPE146\CMPE-146\SJSU_Dev\projects\ADC_PWM\L2_Drivers" -I"C:\CMPE146\CMPE-146\SJSU_Dev\projects\ADC_PWM\L2_Drivers\base" -I"C:\CMPE146\CMPE-146\SJSU_Dev\projects\ADC_PWM\L3_Utils" -I"C:\CMPE146\CMPE-146\SJSU_Dev\projects\ADC_PWM\L3_Utils\tlm" -I"C:\CMPE146\CMPE-146\SJSU_Dev\projects\ADC_PWM\L4_IO" -I"C:\CMPE146\CMPE-146\SJSU_Dev\projects\ADC_PWM\L4_IO\fat" -I"C:\CMPE146\CMPE-146\SJSU_Dev\projects\ADC_PWM\L4_IO\wireless" -I"C:\CMPE146\CMPE-146\SJSU_Dev\projects\ADC_PWM\L5_Application" -std=gnu11 -MMD -MP -MF"L4_IO/wireless/src/mesh.d" -MT"L4_IO/wireless/src/mesh.o" -c -o "L4_IO/wireless/src/mesh.o" "../L4_IO/wireless/src/mesh.c"
Finished building: ../L5_Application/main.cpp
 
Building file: ../L4_IO/wireless/src/nrf24L01Plus.c
Invoking: Cross ARM C Compiler
arm-none-eabi-gcc -mcpu=cortex-m3 -mthumb -Os -fmessage-length=0 -ffunction-sections -fdata-sections -Wall -Wshadow -Wlogical-op -Wfloat-equal -DBUILD_CFG_MPU=0 -I"C:\CMPE146\CMPE-146\SJSU_Dev\projects\ADC_PWM" -I"C:\CMPE146\CMPE-146\SJSU_Dev\projects\ADC_PWM\newlib" -I"C:\CMPE146\CMPE-146\SJSU_Dev\projects\ADC_PWM\L0_LowLevel" -I"C:\CMPE146\CMPE-146\SJSU_Dev\projects\ADC_PWM\L1_FreeRTOS" -I"C:\CMPE146\CMPE-146\SJSU_Dev\projects\ADC_PWM\L1_FreeRTOS\include" -I"C:\CMPE146\CMPE-146\SJSU_Dev\projects\ADC_PWM\L1_FreeRTOS\portable\no_mpu" -I"C:\CMPE146\CMPE-146\SJSU_Dev\projects\ADC_PWM\L2_Drivers" -I"C:\CMPE146\CMPE-146\SJSU_Dev\projects\ADC_PWM\L2_Drivers\base" -I"C:\CMPE146\CMPE-146\SJSU_Dev\projects\ADC_PWM\L3_Utils" -I"C:\CMPE146\CMPE-146\SJSU_Dev\projects\ADC_PWM\L3_Utils\tlm" -I"C:\CMPE146\CMPE-146\SJSU_Dev\projects\ADC_PWM\L4_IO" -I"C:\CMPE146\CMPE-146\SJSU_Dev\projects\ADC_PWM\L4_IO\fat" -I"C:\CMPE146\CMPE-146\SJSU_Dev\projects\ADC_PWM\L4_IO\wireless" -I"C:\CMPE146\CMPE-146\SJSU_Dev\projects\ADC_PWM\L5_Application" -std=gnu11 -MMD -MP -MF"L4_IO/wireless/src/nrf24L01Plus.d" -MT"L4_IO/wireless/src/nrf24L01Plus.o" -c -o "L4_IO/wireless/src/nrf24L01Plus.o" "../L4_IO/wireless/src/nrf24L01Plus.c"
Finished building: ../L4_IO/wireless/src/mesh.c
 
Finished building: ../L4_IO/wireless/src/nrf24L01Plus.c
Building file: ../L4_IO/wireless/src/wireless.c
 
Invoking: Cross ARM C Compiler
arm-none-eabi-gcc -mcpu=cortex-m3 -mthumb -Os -fmessage-length=0 -ffunction-sections -fdata-sections -Wall -Wshadow -Wlogical-op -Wfloat-equal -DBUILD_CFG_MPU=0 -I"C:\CMPE146\CMPE-146\SJSU_Dev\projects\ADC_PWM" -I"C:\CMPE146\CMPE-146\SJSU_Dev\projects\ADC_PWM\newlib" -I"C:\CMPE146\CMPE-146\SJSU_Dev\projects\ADC_PWM\L0_LowLevel" -I"C:\CMPE146\CMPE-146\SJSU_Dev\projects\ADC_PWM\L1_FreeRTOS" -I"C:\CMPE146\CMPE-146\SJSU_Dev\projects\ADC_PWM\L1_FreeRTOS\include" -I"C:\CMPE146\CMPE-146\SJSU_Dev\projects\ADC_PWM\L1_FreeRTOS\portable\no_mpu" -I"C:\CMPE146\CMPE-146\SJSU_Dev\projects\ADC_PWM\L2_Drivers" -I"C:\CMPE146\CMPE-146\SJSU_Dev\projects\ADC_PWM\L2_Drivers\base" -I"C:\CMPE146\CMPE-146\SJSU_Dev\projects\ADC_PWM\L3_Utils" -I"C:\CMPE146\CMPE-146\SJSU_Dev\projects\ADC_PWM\L3_Utils\tlm" -I"C:\CMPE146\CMPE-146\SJSU_Dev\projects\ADC_PWM\L4_IO" -I"C:\CMPE146\CMPE-146\SJSU_Dev\projects\ADC_PWM\L4_IO\fat" -I"C:\CMPE146\CMPE-146\SJSU_Dev\projects\ADC_PWM\L4_IO\wireless" -I"C:\CMPE146\CMPE-146\SJSU_Dev\projects\ADC_PWM\L5_Application" -std=gnu11 -MMD -MP -MF"L4_IO/wireless/src/wireless.d" -MT"L4_IO/wireless/src/wireless.o" -c -o "L4_IO/wireless/src/wireless.o" "../L4_IO/wireless/src/wireless.c"
Building file: ../L4_IO/src/gpio.cpp
Invoking: Cross ARM C++ Compiler
arm-none-eabi-g++ -mcpu=cortex-m3 -mthumb -Os -fmessage-length=0 -ffunction-sections -fdata-sections -Wall -Wshadow -Wlogical-op -Wfloat-equal -DBUILD_CFG_MPU=0 -I"C:\CMPE146\CMPE-146\SJSU_Dev\projects\ADC_PWM" -I"C:\CMPE146\CMPE-146\SJSU_Dev\projects\ADC_PWM\newlib" -I"C:\CMPE146\CMPE-146\SJSU_Dev\projects\ADC_PWM\L0_LowLevel" -I"C:\CMPE146\CMPE-146\SJSU_Dev\projects\ADC_PWM\L1_FreeRTOS" -I"C:\CMPE146\CMPE-146\SJSU_Dev\projects\ADC_PWM\L1_FreeRTOS\include" -I"C:\CMPE146\CMPE-146\SJSU_Dev\projects\ADC_PWM\L1_FreeRTOS\portable" -I"C:\CMPE146\CMPE-146\SJSU_Dev\projects\ADC_PWM\L1_FreeRTOS\portable\no_mpu" -I"C:\CMPE146\CMPE-146\SJSU_Dev\projects\ADC_PWM\L2_Drivers" -I"C:\CMPE146\CMPE-146\SJSU_Dev\projects\ADC_PWM\L2_Drivers\base" -I"C:\CMPE146\CMPE-146\SJSU_Dev\projects\ADC_PWM\L3_Utils" -I"C:\CMPE146\CMPE-146\SJSU_Dev\projects\ADC_PWM\L3_Utils\tlm" -I"C:\CMPE146\CMPE-146\SJSU_Dev\projects\ADC_PWM\L4_IO" -I"C:\CMPE146\CMPE-146\SJSU_Dev\projects\ADC_PWM\L4_IO\fat" -I"C:\CMPE146\CMPE-146\SJSU_Dev\projects\ADC_PWM\L4_IO\wireless" -I"C:\CMPE146\CMPE-146\SJSU_Dev\projects\ADC_PWM\L5_Application" -std=gnu++11 -fabi-version=0 -fno-exceptions -MMD -MP -MF"L4_IO/src/gpio.d" -MT"L4_IO/src/gpio.o" -c -o "L4_IO/src/gpio.o" "../L4_IO/src/gpio.cpp"
Finished building: ../L4_IO/wireless/src/wireless.c
Finished building: ../L4_IO/src/gpio.cpp
 
 
Building file: ../L4_IO/src/io_source.cpp
Building file: ../L4_IO/src/storage.cpp
Invoking: Cross ARM C++ Compiler
arm-none-eabi-g++ -mcpu=cortex-m3 -mthumb -Os -fmessage-length=0 -ffunction-sections -fdata-sections -Wall -Wshadow -Wlogical-op -Wfloat-equal -DBUILD_CFG_MPU=0 -I"C:\CMPE146\CMPE-146\SJSU_Dev\projects\ADC_PWM" -I"C:\CMPE146\CMPE-146\SJSU_Dev\projects\ADC_PWM\newlib" -I"C:\CMPE146\CMPE-146\SJSU_Dev\projects\ADC_PWM\L0_LowLevel" -I"C:\CMPE146\CMPE-146\SJSU_Dev\projects\ADC_PWM\L1_FreeRTOS" -I"C:\CMPE146\CMPE-146\SJSU_Dev\projects\ADC_PWM\L1_FreeRTOS\include" -I"C:\CMPE146\CMPE-146\SJSU_Dev\projects\ADC_PWM\L1_FreeRTOS\portable" -I"C:\CMPE146\CMPE-146\SJSU_Dev\projects\ADC_PWM\L1_FreeRTOS\portable\no_mpu" -I"C:\CMPE146\CMPE-146\SJSU_Dev\projects\ADC_PWM\L2_Drivers" -I"C:\CMPE146\CMPE-146\SJSU_Dev\projects\ADC_PWM\L2_Drivers\base" -I"C:\CMPE146\CMPE-146\SJSU_Dev\projects\ADC_PWM\L3_Utils" -I"C:\CMPE146\CMPE-146\SJSU_Dev\projects\ADC_PWM\L3_Utils\tlm" -I"C:\CMPE146\CMPE-146\SJSU_Dev\projects\ADC_PWM\L4_IO" -I"C:\CMPE146\CMPE-146\SJSU_Dev\projects\ADC_PWM\L4_IO\fat" -I"C:\CMPE146\CMPE-146\SJSU_Dev\projects\ADC_PWM\L4_IO\wireless" -I"C:\CMPE146\CMPE-146\SJSU_Dev\projects\ADC_PWM\L5_Application" -std=gnu++11 -fabi-version=0 -fno-exceptions -MMD -MP -MF"L4_IO/src/io_source.d" -MT"L4_IO/src/io_source.o" -c -o "L4_IO/src/io_source.o" "../L4_IO/src/io_source.cpp"
Invoking: Cross ARM C++ Compiler
[...]
Finished building: ../L1_FreeRTOS/portable/no_mpu/port.c
 
Building file: ../L1_FreeRTOS/hooks/hooks.c
Invoking: Cross ARM C Compiler
Finished building: ../L1_FreeRTOS/portable/run_time_stats.c
arm-none-eabi-gcc -mcpu=cortex-m3 -mthumb -Os -fmessage-length=0 -ffunction-sections -fdata-sections -Wall -Wshadow -Wlogical-op -Wfloat-equal -DBUILD_CFG_MPU=0 -I"C:\CMPE146\CMPE-146\SJSU_Dev\projects\UART" -I"C:\CMPE146\CMPE-146\SJSU_Dev\projects\UART\newlib" -I"C:\CMPE146\CMPE-146\SJSU_Dev\projects\UART\L0_LowLevel" -I"C:\CMPE146\CMPE-146\SJSU_Dev\projects\UART\L1_FreeRTOS" -I"C:\CMPE146\CMPE-146\SJSU_Dev\projects\UART\L1_FreeRTOS\include" -I"C:\CMPE146\CMPE-146\SJSU_Dev\projects\UART\L1_FreeRTOS\portable\no_mpu" -I"C:\CMPE146\CMPE-146\SJSU_Dev\projects\UART\L2_Drivers" -I"C:\CMPE146\CMPE-146\SJSU_Dev\projects\UART\L2_Drivers\base" -I"C:\CMPE146\CMPE-146\SJSU_Dev\projects\UART\L3_Utils" -I"C:\CMPE146\CMPE-146\SJSU_Dev\projects\UART\L3_Utils\tlm" -I"C:\CMPE146\CMPE-146\SJSU_Dev\projects\UART\L4_IO" -I"C:\CMPE146\CMPE-146\SJSU_Dev\projects\UART\L4_IO\fat" -I"C:\CMPE146\CMPE-146\SJSU_Dev\projects\UART\L4_IO\wireless" -I"C:\CMPE146\CMPE-146\SJSU_Dev\projects\UART\L5_Application" -std=gnu11 -MMD -MP -MF"L1_FreeRTOS/hooks/hooks.d" -MT"L1_FreeRTOS/hooks/hooks.o" -c -o "L1_FreeRTOS/hooks/hooks.o" "../L1_FreeRTOS/hooks/hooks.c"
 
Building file: ../L1_FreeRTOS/MemMang/freertos_mem_man.c
Invoking: Cross ARM C Compiler
arm-none-eabi-gcc -mcpu=cortex-m3 -mthumb -Os -fmessage-length=0 -ffunction-sections -fdata-sections -Wall -Wshadow -Wlogical-op -Wfloat-equal -DBUILD_CFG_MPU=0 -I"C:\CMPE146\CMPE-146\SJSU_Dev\projects\UART" -I"C:\CMPE146\CMPE-146\SJSU_Dev\projects\UART\newlib" -I"C:\CMPE146\CMPE-146\SJSU_Dev\projects\UART\L0_LowLevel" -I"C:\CMPE146\CMPE-146\SJSU_Dev\projects\UART\L1_FreeRTOS" -I"C:\CMPE146\CMPE-146\SJSU_Dev\projects\UART\L1_FreeRTOS\include" -I"C:\CMPE146\CMPE-146\SJSU_Dev\projects\UART\L1_FreeRTOS\portable\no_mpu" -I"C:\CMPE146\CMPE-146\SJSU_Dev\projects\UART\L2_Drivers" -I"C:\CMPE146\CMPE-146\SJSU_Dev\projects\UART\L2_Drivers\base" -I"C:\CMPE146\CMPE-146\SJSU_Dev\projects\UART\L3_Utils" -I"C:\CMPE146\CMPE-146\SJSU_Dev\projects\UART\L3_Utils\tlm" -I"C:\CMPE146\CMPE-146\SJSU_Dev\projects\UART\L4_IO" -I"C:\CMPE146\CMPE-146\SJSU_Dev\projects\UART\L4_IO\fat" -I"C:\CMPE146\CMPE-146\SJSU_Dev\projects\UART\L4_IO\wireless" -I"C:\CMPE146\CMPE-146\SJSU_Dev\projects\UART\L5_Application" -std=gnu11 -MMD -MP -MF"L1_FreeRTOS/MemMang/freertos_mem_man.d" -MT"L1_FreeRTOS/MemMang/freertos_mem_man.o" -c -o "L1_FreeRTOS/MemMang/freertos_mem_man.o" "../L1_FreeRTOS/MemMang/freertos_mem_man.c"
Finished building: ../L1_FreeRTOS/hooks/hooks.c
 
Building file: ../L0_LowLevel/source/low_level_init.cpp
Finished building: ../L1_FreeRTOS/MemMang/freertos_mem_man.c
Invoking: Cross ARM C++ Compiler
 
arm-none-eabi-g++ -mcpu=cortex-m3 -mthumb -Os -fmessage-length=0 -ffunction-sections -fdata-sections -Wall -Wshadow -Wlogical-op -Wfloat-equal -DBUILD_CFG_MPU=0 -I"C:\CMPE146\CMPE-146\SJSU_Dev\projects\UART" -I"C:\CMPE146\CMPE-146\SJSU_Dev\projects\UART\newlib" -I"C:\CMPE146\CMPE-146\SJSU_Dev\projects\UART\L0_LowLevel" -I"C:\CMPE146\CMPE-146\SJSU_Dev\projects\UART\L1_FreeRTOS" -I"C:\CMPE146\CMPE-146\SJSU_Dev\projects\UART\L1_FreeRTOS\include" -I"C:\CMPE146\CMPE-146\SJSU_Dev\projects\UART\L1_FreeRTOS\portable" -I"C:\CMPE146\CMPE-146\SJSU_Dev\projects\UART\L1_FreeRTOS\portable\no_mpu" -I"C:\CMPE146\CMPE-146\SJSU_Dev\projects\UART\L2_Drivers" -I"C:\CMPE146\CMPE-146\SJSU_Dev\projects\UART\L2_Drivers\base" -I"C:\CMPE146\CMPE-146\SJSU_Dev\projects\UART\L3_Utils" -I"C:\CMPE146\CMPE-146\SJSU_Dev\projects\UART\L3_Utils\tlm" -I"C:\CMPE146\CMPE-146\SJSU_Dev\projects\UART\L4_IO" -I"C:\CMPE146\CMPE-146\SJSU_Dev\projects\UART\L4_IO\fat" -I"C:\CMPE146\CMPE-146\SJSU_Dev\projects\UART\L4_IO\wireless" -I"C:\CMPE146\CMPE-146\SJSU_Dev\projects\UART\L5_Application" -std=gnu++11 -fabi-version=0 -fno-exceptions -MMD -MP -MF"L0_LowLevel/source/low_level_init.d" -MT"L0_LowLevel/source/low_level_init.o" -c -o "L0_LowLevel/source/low_level_init.o" "../L0_LowLevel/source/low_level_init.cpp"
Building file: ../L0_LowLevel/source/lpc_peripherals.c
Invoking: Cross ARM C Compiler
arm-none-eabi-gcc -mcpu=cortex-m3 -mthumb -Os -fmessage-length=0 -ffunction-sections -fdata-sections -Wall -Wshadow -Wlogical-op -Wfloat-equal -DBUILD_CFG_MPU=0 -I"C:\CMPE146\CMPE-146\SJSU_Dev\projects\UART" -I"C:\CMPE146\CMPE-146\SJSU_Dev\projects\UART\newlib" -I"C:\CMPE146\CMPE-146\SJSU_Dev\projects\UART\L0_LowLevel" -I"C:\CMPE146\CMPE-146\SJSU_Dev\projects\UART\L1_FreeRTOS" -I"C:\CMPE146\CMPE-146\SJSU_Dev\projects\UART\L1_FreeRTOS\include" -I"C:\CMPE146\CMPE-146\SJSU_Dev\projects\UART\L1_FreeRTOS\portable\no_mpu" -I"C:\CMPE146\CMPE-146\SJSU_Dev\projects\UART\L2_Drivers" -I"C:\CMPE146\CMPE-146\SJSU_Dev\projects\UART\L2_Drivers\base" -I"C:\CMPE146\CMPE-146\SJSU_Dev\projects\UART\L3_Utils" -I"C:\CMPE146\CMPE-146\SJSU_Dev\projects\UART\L3_Utils\tlm" -I"C:\CMPE146\CMPE-146\SJSU_Dev\projects\UART\L4_IO" -I"C:\CMPE146\CMPE-146\SJSU_Dev\projects\UART\L4_IO\fat" -I"C:\CMPE146\CMPE-146\SJSU_Dev\projects\UART\L4_IO\wireless" -I"C:\CMPE146\CMPE-146\SJSU_Dev\projects\UART\L5_Application" -std=gnu11 -MMD -MP -MF"L0_LowLevel/source/lpc_peripherals.d" -MT"L0_LowLevel/source/lpc_peripherals.o" -c -o "L0_LowLevel/source/lpc_peripherals.o" "../L0_LowLevel/source/lpc_peripherals.c"
Finished building: ../L0_LowLevel/source/low_level_init.cpp
 
Finished building: ../L0_LowLevel/source/lpc_peripherals.c
Building file: ../L0_LowLevel/source/lpc_sys.cpp
 
Invoking: Cross ARM C++ Compiler
arm-none-eabi-g++ -mcpu=cortex-m3 -mthumb -Os -fmessage-length=0 -ffunction-sections -fdata-sections -Wall -Wshadow -Wlogical-op -Wfloat-equal -DBUILD_CFG_MPU=0 -I"C:\CMPE146\CMPE-146\SJSU_Dev\projects\UART" -I"C:\CMPE146\CMPE-146\SJSU_Dev\projects\UART\newlib" -I"C:\CMPE146\CMPE-146\SJSU_Dev\projects\UART\L0_LowLevel" -I"C:\CMPE146\CMPE-146\SJSU_Dev\projects\UART\L1_FreeRTOS" -I"C:\CMPE146\CMPE-146\SJSU_Dev\projects\UART\L1_FreeRTOS\include" -I"C:\CMPE146\CMPE-146\SJSU_Dev\projects\UART\L1_FreeRTOS\portable" -I"C:\CMPE146\CMPE-146\SJSU_Dev\projects\UART\L1_FreeRTOS\portable\no_mpu" -I"C:\CMPE146\CMPE-146\SJSU_Dev\projects\UART\L2_Drivers" -I"C:\CMPE146\CMPE-146\SJSU_Dev\projects\UART\L2_Drivers\base" -I"C:\CMPE146\CMPE-146\SJSU_Dev\projects\UART\L3_Utils" -I"C:\CMPE146\CMPE-146\SJSU_Dev\projects\UART\L3_Utils\tlm" -I"C:\CMPE146\CMPE-146\SJSU_Dev\projects\UART\L4_IO" -I"C:\CMPE146\CMPE-146\SJSU_Dev\projects\UART\L4_IO\fat" -I"C:\CMPE146\CMPE-146\SJSU_Dev\projects\UART\L4_IO\wireless" -I"C:\CMPE146\CMPE-146\SJSU_Dev\projects\UART\L5_Application" -std=gnu++11 -fabi-version=0 -fno-exceptions -MMD -MP -MF"L0_LowLevel/source/lpc_sys.d" -MT"L0_LowLevel/source/lpc_sys.o" -c -o "L0_LowLevel/source/lpc_sys.o" "../L0_LowLevel/source/lpc_sys.cpp"
Building file: ../L0_LowLevel/source/startup.cpp
Invoking: Cross ARM C++ Compiler
arm-none-eabi-g++ -mcpu=cortex-m3 -mthumb -Os -fmessage-length=0 -ffunction-sections -fdata-sections -Wall -Wshadow -Wlogical-op -Wfloat-equal -DBUILD_CFG_MPU=0 -I"C:\CMPE146\CMPE-146\SJSU_Dev\projects\UART" -I"C:\CMPE146\CMPE-146\SJSU_Dev\projects\UART\newlib" -I"C:\CMPE146\CMPE-146\SJSU_Dev\projects\UART\L0_LowLevel" -I"C:\CMPE146\CMPE-146\SJSU_Dev\projects\UART\L1_FreeRTOS" -I"C:\CMPE146\CMPE-146\SJSU_Dev\projects\UART\L1_FreeRTOS\include" -I"C:\CMPE146\CMPE-146\SJSU_Dev\projects\UART\L1_FreeRTOS\portable" -I"C:\CMPE146\CMPE-146\SJSU_Dev\projects\UART\L1_FreeRTOS\portable\no_mpu" -I"C:\CMPE146\CMPE-146\SJSU_Dev\projects\UART\L2_Drivers" -I"C:\CMPE146\CMPE-146\SJSU_Dev\projects\UART\L2_Drivers\base" -I"C:\CMPE146\CMPE-146\SJSU_Dev\projects\UART\L3_Utils" -I"C:\CMPE146\CMPE-146\SJSU_Dev\projects\UART\L3_Utils\tlm" -I"C:\CMPE146\CMPE-146\SJSU_Dev\projects\UART\L4_IO" -I"C:\CMPE146\CMPE-146\SJSU_Dev\projects\UART\L4_IO\fat" -I"C:\CMPE146\CMPE-146\SJSU_Dev\projects\UART\L4_IO\wireless" -I"C:\CMPE146\CMPE-146\SJSU_Dev\projects\UART\L5_Application" -std=gnu++11 -fabi-version=0 -fno-exceptions -MMD -MP -MF"L0_LowLevel/source/startup.d" -MT"L0_LowLevel/source/startup.o" -c -o "L0_LowLevel/source/startup.o" "../L0_LowLevel/source/startup.cpp"
Finished building: ../L0_LowLevel/source/lpc_sys.cpp
 
Building file: ../L0_LowLevel/source/sys_clock.cpp
Finished building: ../L0_LowLevel/source/startup.cpp
Invoking: Cross ARM C++ Compiler
arm-none-eabi-g++ -mcpu=cortex-m3 -mthumb -Os -fmessage-length=0 -ffunction-sections -fdata-sections -Wall -Wshadow -Wlogical-op -Wfloat-equal -DBUILD_CFG_MPU=0 -I"C:\CMPE146\CMPE-146\SJSU_Dev\projects\UART" -I"C:\CMPE146\CMPE-146\SJSU_Dev\projects\UART\newlib" -I"C:\CMPE146\CMPE-146\SJSU_Dev\projects\UART\L0_LowLevel" -I"C:\CMPE146\CMPE-146\SJSU_Dev\projects\UART\L1_FreeRTOS" -I"C:\CMPE146\CMPE-146\SJSU_Dev\projects\UART\L1_FreeRTOS\include" -I"C:\CMPE146\CMPE-146\SJSU_Dev\projects\UART\L1_FreeRTOS\portable" -I"C:\CMPE146\CMPE-146\SJSU_Dev\projects\UART\L1_FreeRTOS\portable\no_mpu" -I"C:\CMPE146\CMPE-146\SJSU_Dev\projects\UART\L2_Drivers" -I"C:\CMPE146\CMPE-146\SJSU_Dev\projects\UART\L2_Drivers\base" -I"C:\CMPE146\CMPE-146\SJSU_Dev\projects\UART\L3_Utils" -I"C:\CMPE146\CMPE-146\SJSU_Dev\projects\UART\L3_Utils\tlm" -I"C:\CMPE146\CMPE-146\SJSU_Dev\projects\UART\L4_IO" -I"C:\CMPE146\CMPE-146\SJSU_Dev\projects\UART\L4_IO\fat" -I"C:\CMPE146\CMPE-146\SJSU_Dev\projects\UART\L4_IO\wireless" -I"C:\CMPE146\CMPE-146\SJSU_Dev\projects\UART\L5_Application" -std=gnu++11 -fabi-version=0 -fno-exceptions -MMD -MP -MF"L0_LowLevel/source/sys_clock.d" -MT"L0_LowLevel/source/sys_clock.o" -c -o "L0_LowLevel/source/sys_clock.o" "../L0_LowLevel/source/sys_clock.cpp"
 
Building file: ../L0_LowLevel/source/uart0_min.c
Invoking: Cross ARM C Compiler
arm-none-eabi-gcc -mcpu=cortex-m3 -mthumb -Os -fmessage-length=0 -ffunction-sections -fdata-sections -Wall -Wshadow -Wlogical-op -Wfloat-equal -DBUILD_CFG_MPU=0 -I"C:\CMPE146\CMPE-146\SJSU_Dev\projects\UART" -I"C:\CMPE146\CMPE-146\SJSU_Dev\projects\UART\newlib" -I"C:\CMPE146\CMPE-146\SJSU_Dev\projects\UART\L0_LowLevel" -I"C:\CMPE146\CMPE-146\SJSU_Dev\projects\UART\L1_FreeRTOS" -I"C:\CMPE146\CMPE-146\SJSU_Dev\projects\UART\L1_FreeRTOS\include" -I"C:\CMPE146\CMPE-146\SJSU_Dev\projects\UART\L1_FreeRTOS\portable\no_mpu" -I"C:\CMPE146\CMPE-146\SJSU_Dev\projects\UART\L2_Drivers" -I"C:\CMPE146\CMPE-146\SJSU_Dev\projects\UART\L2_Drivers\base" -I"C:\CMPE146\CMPE-146\SJSU_Dev\projects\UART\L3_Utils" -I"C:\CMPE146\CMPE-146\SJSU_Dev\projects\UART\L3_Utils\tlm" -I"C:\CMPE146\CMPE-146\SJSU_Dev\projects\UART\L4_IO" -I"C:\CMPE146\CMPE-146\SJSU_Dev\projects\UART\L4_IO\fat" -I"C:\CMPE146\CMPE-146\SJSU_Dev\projects\UART\L4_IO\wireless" -I"C:\CMPE146\CMPE-146\SJSU_Dev\projects\UART\L5_Application" -std=gnu11 -MMD -MP -MF"L0_LowLevel/source/uart0_min.d" -MT"L0_LowLevel/source/uart0_min.o" -c -o "L0_LowLevel/source/uart0_min.o" "../L0_LowLevel/source/uart0_min.c"
Finished building: ../L0_LowLevel/source/sys_clock.cpp
 
Finished building: ../L0_LowLevel/source/uart0_min.c
 
Building target: UART.elf
Invoking: Cross ARM C++ Linker
arm-none-eabi-g++ -mcpu=cortex-m3 -mthumb -Os -fmessage-length=0 -ffunction-sections -fdata-sections -Wall -Wshadow -Wlogical-op -Wfloat-equal -T ../loader.ld -nostartfiles -Xlinker --gc-sections -Wl,-Map,"UART.map" -specs=nano.specs -o "UART.elf"  ./newlib/malloc_lock.o ./newlib/memory.o ./newlib/newlib_syscalls.o ./newlib/newlib_time.o  ./L5_Application/source/cmd_handlers/handlers.o ./L5_Application/source/cmd_handlers/prog_handlers.o ./L5_Application/source/cmd_handlers/wireless_handlers.o  ./L5_Application/source/high_level_init.o ./L5_Application/source/remote.o ./L5_Application/source/terminal.o  ./L5_Application/periodic_scheduler/period_callbacks.o ./L5_Application/periodic_scheduler/prd_monitor.o  ./L5_Application/examples/examples.o ./L5_Application/examples/rn_xv_task.o  ./L5_Application/main.part0.o  ./L4_IO/wireless/src/mesh.o ./L4_IO/wireless/src/nrf24L01Plus.o ./L4_IO/wireless/src/wireless.o  ./L4_IO/src/gpio.o ./L4_IO/src/io_source.o ./L4_IO/src/storage.o  ./L4_IO/fat/option/ccsbcs.o ./L4_IO/fat/option/reentrant.o  ./L4_IO/fat/disk/diskio.o ./L4_IO/fat/disk/sd.o ./L4_IO/fat/disk/spi_flash.o  ./L4_IO/fat/fatfs_time.o ./L4_IO/fat/ff.o  ./L3_Utils/tlm/src/c_tlm_binary.o ./L3_Utils/tlm/src/c_tlm_comp.o ./L3_Utils/tlm/src/c_tlm_stream.o ./L3_Utils/tlm/src/c_tlm_var.o  ./L3_Utils/src/c_list.o ./L3_Utils/src/command_handler.o ./L3_Utils/src/file_logger.o ./L3_Utils/src/freertos_timer.o ./L3_Utils/src/printf_lib.o ./L3_Utils/src/rtc_alarm.o ./L3_Utils/src/scheduler_task.o ./L3_Utils/src/str.o ./L3_Utils/src/utilities.o  ./L2_Drivers/src/adc.o ./L2_Drivers/src/can.o ./L2_Drivers/src/eint.o ./L2_Drivers/src/i2c2.o ./L2_Drivers/src/lpc_pwm.o ./L2_Drivers/src/lpc_rit.o ./L2_Drivers/src/lpc_timers.o ./L2_Drivers/src/nrf_stream.o ./L2_Drivers/src/rtc.o ./L2_Drivers/src/spi_dma.o ./L2_Drivers/src/spi_sem.o ./L2_Drivers/src/uart0.o ./L2_Drivers/src/uart2.o ./L2_Drivers/src/uart3.o  ./L2_Drivers/base/char_dev.o ./L2_Drivers/base/i2c_base.o ./L2_Drivers/base/uart_dev.o  ./L1_FreeRTOS/trace/run_time_counter.o ./L1_FreeRTOS/trace/trcBase.o ./L1_FreeRTOS/trace/trcHardwarePort.o ./L1_FreeRTOS/trace/trcKernel.o ./L1_FreeRTOS/trace/trcKernelPort.o ./L1_FreeRTOS/trace/trcUser.o  ./L1_FreeRTOS/src/croutine.o ./L1_FreeRTOS/src/event_groups.o ./L1_FreeRTOS/src/list.o ./L1_FreeRTOS/src/queue.o ./L1_FreeRTOS/src/tasks.o ./L1_FreeRTOS/src/timers.o  ./L1_FreeRTOS/portable/no_mpu/port.o  ./L1_FreeRTOS/portable/run_time_stats.o  ./L1_FreeRTOS/hooks/hooks.o  ./L1_FreeRTOS/MemMang/freertos_mem_man.o  ./L0_LowLevel/source/core_cm3.o ./L0_LowLevel/source/low_level_init.o ./L0_LowLevel/source/lpc_peripherals.o ./L0_LowLevel/source/lpc_sys.o ./L0_LowLevel/source/startup.o ./L0_LowLevel/source/sys_clock.o ./L0_LowLevel/source/uart0_min.o   
Finished building target: UART.elf
 
C:/CMPE146/CMPE-146/SJSU_Dev/binutils/make --no-print-directory post-build
Create binary file
arm-none-eabi-objcopy -O binary UART.elf UART.bin
 
Invoking: Cross ARM GNU Create Flash Image
arm-none-eabi-objcopy -O ihex "UART.elf"  "UART.hex"
Invoking: Cross ARM GNU Create Listing
arm-none-eabi-objdump --source --all-headers --demangle --line-numbers --wide "UART.elf" > "UART.lst"
Finished building: UART.hex
 
Invoking: Cross ARM GNU Print Size
arm-none-eabi-size --format=berkeley "UART.elf"
   text	   data	    bss	    dec	    hex	filename
  89944	    756	   1184	  91884	  166ec	UART.elf
Finished building: UART.siz
 
Finished building: UART.lst
 
22:51:42 **** Incremental Build of configuration _build for project ADC_PWM ****
make -j2 all 
Invoking: Cross ARM GNU Print Size
arm-none-eabi-size --format=berkeley "ADC_PWM.elf"
   text	   data	    bss	    dec	    hex	filename
  97404	    764	   1480	  99648	  18540	ADC_PWM.elf
Finished building: ADC_PWM.siz
 
22:51:43 **** Incremental Build of configuration _build for project UART ****
make -j2 all 
Building file: ../L5_Application/main.part0.cpp
Invoking: Cross ARM C++ Compiler
arm-none-eabi-g++ -mcpu=cortex-m3 -mthumb -Os -fmessage-length=0 -ffunction-sections -fdata-sections -Wall -Wshadow -Wlogical-op -Wfloat-equal -DBUILD_CFG_MPU=0 -I"C:\CMPE146\CMPE-146\SJSU_Dev\projects\UART" -I"C:\CMPE146\CMPE-146\SJSU_Dev\projects\UART\newlib" -I"C:\CMPE146\CMPE-146\SJSU_Dev\projects\UART\L0_LowLevel" -I"C:\CMPE146\CMPE-146\SJSU_Dev\projects\UART\L1_FreeRTOS" -I"C:\CMPE146\CMPE-146\SJSU_Dev\projects\UART\L1_FreeRTOS\include" -I"C:\CMPE146\CMPE-146\SJSU_Dev\projects\UART\L1_FreeRTOS\portable" -I"C:\CMPE146\CMPE-146\SJSU_Dev\projects\UART\L1_FreeRTOS\portable\no_mpu" -I"C:\CMPE146\CMPE-146\SJSU_Dev\projects\UART\L2_Drivers" -I"C:\CMPE146\CMPE-146\SJSU_Dev\projects\UART\L2_Drivers\base" -I"C:\CMPE146\CMPE-146\SJSU_Dev\projects\UART\L3_Utils" -I"C:\CMPE146\CMPE-146\SJSU_Dev\projects\UART\L3_Utils\tlm" -I"C:\CMPE146\CMPE-146\SJSU_Dev\projects\UART\L4_IO" -I"C:\CMPE146\CMPE-146\SJSU_Dev\projects\UART\L4_IO\fat" -I"C:\CMPE146\CMPE-146\SJSU_Dev\projects\UART\L4_IO\wireless" -I"C:\CMPE146\CMPE-146\SJSU_Dev\projects\UART\L5_Application" -std=gnu++11 -fabi-version=0 -fno-exceptions -MMD -MP -MF"L5_Application/main.part0.d" -MT"L5_Application/main.part0.o" -c -o "L5_Application/main.part0.o" "../L5_Application/main.part0.cpp"
Finished building: ../L5_Application/main.part0.cpp
 
Building target: UART.elf
Invoking: Cross ARM C++ Linker
arm-none-eabi-g++ -mcpu=cortex-m3 -mthumb -Os -fmessage-length=0 -ffunction-sections -fdata-sections -Wall -Wshadow -Wlogical-op -Wfloat-equal -T ../loader.ld -nostartfiles -Xlinker --gc-sections -Wl,-Map,"UART.map" -specs=nano.specs -o "UART.elf"  ./newlib/malloc_lock.o ./newlib/memory.o ./newlib/newlib_syscalls.o ./newlib/newlib_time.o  ./L5_Application/source/cmd_handlers/handlers.o ./L5_Application/source/cmd_handlers/prog_handlers.o ./L5_Application/source/cmd_handlers/wireless_handlers.o  ./L5_Application/source/high_level_init.o ./L5_Application/source/remote.o ./L5_Application/source/terminal.o  ./L5_Application/periodic_scheduler/period_callbacks.o ./L5_Application/periodic_scheduler/prd_monitor.o  ./L5_Application/examples/examples.o ./L5_Application/examples/rn_xv_task.o  ./L5_Application/main.part0.o  ./L4_IO/wireless/src/mesh.o ./L4_IO/wireless/src/nrf24L01Plus.o ./L4_IO/wireless/src/wireless.o  ./L4_IO/src/gpio.o ./L4_IO/src/io_source.o ./L4_IO/src/storage.o  ./L4_IO/fat/option/ccsbcs.o ./L4_IO/fat/option/reentrant.o  ./L4_IO/fat/disk/diskio.o ./L4_IO/fat/disk/sd.o ./L4_IO/fat/disk/spi_flash.o  ./L4_IO/fat/fatfs_time.o ./L4_IO/fat/ff.o  ./L3_Utils/tlm/src/c_tlm_binary.o ./L3_Utils/tlm/src/c_tlm_comp.o ./L3_Utils/tlm/src/c_tlm_stream.o ./L3_Utils/tlm/src/c_tlm_var.o  ./L3_Utils/src/c_list.o ./L3_Utils/src/command_handler.o ./L3_Utils/src/file_logger.o ./L3_Utils/src/freertos_timer.o ./L3_Utils/src/printf_lib.o ./L3_Utils/src/rtc_alarm.o ./L3_Utils/src/scheduler_task.o ./L3_Utils/src/str.o ./L3_Utils/src/utilities.o  ./L2_Drivers/src/adc.o ./L2_Drivers/src/can.o ./L2_Drivers/src/eint.o ./L2_Drivers/src/i2c2.o ./L2_Drivers/src/lpc_pwm.o ./L2_Drivers/src/lpc_rit.o ./L2_Drivers/src/lpc_timers.o ./L2_Drivers/src/nrf_stream.o ./L2_Drivers/src/rtc.o ./L2_Drivers/src/spi_dma.o ./L2_Drivers/src/spi_sem.o ./L2_Drivers/src/uart0.o ./L2_Drivers/src/uart2.o ./L2_Drivers/src/uart3.o  ./L2_Drivers/base/char_dev.o ./L2_Drivers/base/i2c_base.o ./L2_Drivers/base/uart_dev.o  ./L1_FreeRTOS/trace/run_time_counter.o ./L1_FreeRTOS/trace/trcBase.o ./L1_FreeRTOS/trace/trcHardwarePort.o ./L1_FreeRTOS/trace/trcKernel.o ./L1_FreeRTOS/trace/trcKernelPort.o ./L1_FreeRTOS/trace/trcUser.o  ./L1_FreeRTOS/src/croutine.o ./L1_FreeRTOS/src/event_groups.o ./L1_FreeRTOS/src/list.o ./L1_FreeRTOS/src/queue.o ./L1_FreeRTOS/src/tasks.o ./L1_FreeRTOS/src/timers.o  ./L1_FreeRTOS/portable/no_mpu/port.o  ./L1_FreeRTOS/portable/run_time_stats.o  ./L1_FreeRTOS/hooks/hooks.o  ./L1_FreeRTOS/MemMang/freertos_mem_man.o  ./L0_LowLevel/source/core_cm3.o ./L0_LowLevel/source/low_level_init.o ./L0_LowLevel/source/lpc_peripherals.o ./L0_LowLevel/source/lpc_sys.o ./L0_LowLevel/source/startup.o ./L0_LowLevel/source/sys_clock.o ./L0_LowLevel/source/uart0_min.o   
Finished building target: UART.elf
 
C:/CMPE146/CMPE-146/SJSU_Dev/binutils/make --no-print-directory post-build
Create binary file
arm-none-eabi-objcopy -O binary UART.elf UART.bin
 
Invoking: Cross ARM GNU Create Flash Image
arm-none-eabi-objcopy -O ihex "UART.elf"  "UART.hex"
Invoking: Cross ARM GNU Create Listing
arm-none-eabi-objdump --source --all-headers --demangle --line-numbers --wide "UART.elf" > "UART.lst"
Finished building: UART.hex
 
Invoking: Cross ARM GNU Print Size
arm-none-eabi-size --format=berkeley "UART.elf"
   text	   data	    bss	    dec	    hex	filename
  89912	    756	   1184	  91852	  166cc	UART.elf
Finished building: UART.siz
 
Finished building: UART.lst
 
