21:49:11 **** Incremental Build of configuration _build for project ADC_PWM ****
make -j2 all 
Building target: ADC_PWM.elf
Invoking: Cross ARM C++ Linker
arm-none-eabi-g++ -mcpu=cortex-m3 -mthumb -Os -fmessage-length=0 -ffunction-sections -fdata-sections -Wall -Wshadow -Wlogical-op -Wfloat-equal -T ../loader.ld -nostartfiles -Xlinker --gc-sections -Wl,-Map,"ADC_PWM.map" -specs=nano.specs -o "ADC_PWM.elf"  ./newlib/malloc_lock.o ./newlib/memory.o ./newlib/newlib_syscalls.o ./newlib/newlib_time.o  ./L5_Application/source/cmd_handlers/handlers.o ./L5_Application/source/cmd_handlers/prog_handlers.o ./L5_Application/source/cmd_handlers/wireless_handlers.o  ./L5_Application/source/high_level_init.o ./L5_Application/source/remote.o ./L5_Application/source/terminal.o  ./L5_Application/periodic_scheduler/period_callbacks.o ./L5_Application/periodic_scheduler/prd_monitor.o  ./L5_Application/examples/examples.o ./L5_Application/examples/rn_xv_task.o  ./L5_Application/PWM/pwmDriver.o  ./L5_Application/ADC/adcDriver.o  ./L5_Application/main.part0.o  ./L4_IO/wireless/src/mesh.o ./L4_IO/wireless/src/nrf24L01Plus.o ./L4_IO/wireless/src/wireless.o  ./L4_IO/src/gpio.o ./L4_IO/src/io_source.o ./L4_IO/src/storage.o  ./L4_IO/fat/option/ccsbcs.o ./L4_IO/fat/option/reentrant.o  ./L4_IO/fat/disk/diskio.o ./L4_IO/fat/disk/sd.o ./L4_IO/fat/disk/spi_flash.o  ./L4_IO/fat/fatfs_time.o ./L4_IO/fat/ff.o  ./L3_Utils/tlm/src/c_tlm_binary.o ./L3_Utils/tlm/src/c_tlm_comp.o ./L3_Utils/tlm/src/c_tlm_stream.o ./L3_Utils/tlm/src/c_tlm_var.o  ./L3_Utils/src/c_list.o ./L3_Utils/src/command_handler.o ./L3_Utils/src/file_logger.o ./L3_Utils/src/freertos_timer.o ./L3_Utils/src/printf_lib.o ./L3_Utils/src/rtc_alarm.o ./L3_Utils/src/scheduler_task.o ./L3_Utils/src/str.o ./L3_Utils/src/utilities.o  ./L2_Drivers/src/adc.o ./L2_Drivers/src/can.o ./L2_Drivers/src/eint.o ./L2_Drivers/src/i2c2.o ./L2_Drivers/src/lpc_pwm.o ./L2_Drivers/src/lpc_rit.o ./L2_Drivers/src/lpc_timers.o ./L2_Drivers/src/nrf_stream.o ./L2_Drivers/src/rtc.o ./L2_Drivers/src/spi_dma.o ./L2_Drivers/src/spi_sem.o ./L2_Drivers/src/uart0.o ./L2_Drivers/src/uart2.o ./L2_Drivers/src/uart3.o  ./L2_Drivers/base/char_dev.o ./L2_Drivers/base/i2c_base.o ./L2_Drivers/base/uart_dev.o  ./L1_FreeRTOS/trace/run_time_counter.o ./L1_FreeRTOS/trace/trcBase.o ./L1_FreeRTOS/trace/trcHardwarePort.o ./L1_FreeRTOS/trace/trcKernel.o ./L1_FreeRTOS/trace/trcKernelPort.o ./L1_FreeRTOS/trace/trcUser.o  ./L1_FreeRTOS/src/croutine.o ./L1_FreeRTOS/src/event_groups.o ./L1_FreeRTOS/src/list.o ./L1_FreeRTOS/src/queue.o ./L1_FreeRTOS/src/tasks.o ./L1_FreeRTOS/src/timers.o  ./L1_FreeRTOS/portable/no_mpu/port.o  ./L1_FreeRTOS/portable/run_time_stats.o  ./L1_FreeRTOS/hooks/hooks.o  ./L1_FreeRTOS/MemMang/freertos_mem_man.o  ./L0_LowLevel/source/core_cm3.o ./L0_LowLevel/source/low_level_init.o ./L0_LowLevel/source/lpc_peripherals.o ./L0_LowLevel/source/lpc_sys.o ./L0_LowLevel/source/startup.o ./L0_LowLevel/source/sys_clock.o ./L0_LowLevel/source/uart0_min.o   
./L5_Application/PWM/pwmDriver.o: In function `LabPwm::PwmInitSingleEdgeMode(unsigned long)':
pwmDriver.cpp:(.text._ZN6LabPwm21PwmInitSingleEdgeModeEm+0x50): undefined reference to `LabPwm::pr'
pwmDriver.cpp:(.text._ZN6LabPwm21PwmInitSingleEdgeModeEm+0x58): undefined reference to `LabPwm::mr0'
collect2.exe: error: ld returned 1 exit status
make: *** [ADC_PWM.elf] Error 1
21:50:24 **** Incremental Build of configuration _build for project ADC_PWM ****
make -j2 all 
Building file: ../L5_Application/PWM/pwmDriver.cpp
Invoking: Cross ARM C++ Compiler
arm-none-eabi-g++ -mcpu=cortex-m3 -mthumb -Os -fmessage-length=0 -ffunction-sections -fdata-sections -Wall -Wshadow -Wlogical-op -Wfloat-equal -DBUILD_CFG_MPU=0 -I"C:\CMPE146\CMPE-146\SJSU_Dev\projects\ADC_PWM" -I"C:\CMPE146\CMPE-146\SJSU_Dev\projects\ADC_PWM\newlib" -I"C:\CMPE146\CMPE-146\SJSU_Dev\projects\ADC_PWM\L0_LowLevel" -I"C:\CMPE146\CMPE-146\SJSU_Dev\projects\ADC_PWM\L1_FreeRTOS" -I"C:\CMPE146\CMPE-146\SJSU_Dev\projects\ADC_PWM\L1_FreeRTOS\include" -I"C:\CMPE146\CMPE-146\SJSU_Dev\projects\ADC_PWM\L1_FreeRTOS\portable" -I"C:\CMPE146\CMPE-146\SJSU_Dev\projects\ADC_PWM\L1_FreeRTOS\portable\no_mpu" -I"C:\CMPE146\CMPE-146\SJSU_Dev\projects\ADC_PWM\L2_Drivers" -I"C:\CMPE146\CMPE-146\SJSU_Dev\projects\ADC_PWM\L2_Drivers\base" -I"C:\CMPE146\CMPE-146\SJSU_Dev\projects\ADC_PWM\L3_Utils" -I"C:\CMPE146\CMPE-146\SJSU_Dev\projects\ADC_PWM\L3_Utils\tlm" -I"C:\CMPE146\CMPE-146\SJSU_Dev\projects\ADC_PWM\L4_IO" -I"C:\CMPE146\CMPE-146\SJSU_Dev\projects\ADC_PWM\L4_IO\fat" -I"C:\CMPE146\CMPE-146\SJSU_Dev\projects\ADC_PWM\L4_IO\wireless" -I"C:\CMPE146\CMPE-146\SJSU_Dev\projects\ADC_PWM\L5_Application" -std=gnu++11 -fabi-version=0 -fno-exceptions -MMD -MP -MF"L5_Application/PWM/pwmDriver.d" -MT"L5_Application/PWM/pwmDriver.o" -c -o "L5_Application/PWM/pwmDriver.o" "../L5_Application/PWM/pwmDriver.cpp"
Finished building: ../L5_Application/PWM/pwmDriver.cpp
 
Building target: ADC_PWM.elf
Invoking: Cross ARM C++ Linker
arm-none-eabi-g++ -mcpu=cortex-m3 -mthumb -Os -fmessage-length=0 -ffunction-sections -fdata-sections -Wall -Wshadow -Wlogical-op -Wfloat-equal -T ../loader.ld -nostartfiles -Xlinker --gc-sections -Wl,-Map,"ADC_PWM.map" -specs=nano.specs -o "ADC_PWM.elf"  ./newlib/malloc_lock.o ./newlib/memory.o ./newlib/newlib_syscalls.o ./newlib/newlib_time.o  ./L5_Application/source/cmd_handlers/handlers.o ./L5_Application/source/cmd_handlers/prog_handlers.o ./L5_Application/source/cmd_handlers/wireless_handlers.o  ./L5_Application/source/high_level_init.o ./L5_Application/source/remote.o ./L5_Application/source/terminal.o  ./L5_Application/periodic_scheduler/period_callbacks.o ./L5_Application/periodic_scheduler/prd_monitor.o  ./L5_Application/examples/examples.o ./L5_Application/examples/rn_xv_task.o  ./L5_Application/PWM/pwmDriver.o  ./L5_Application/ADC/adcDriver.o  ./L5_Application/main.part0.o  ./L4_IO/wireless/src/mesh.o ./L4_IO/wireless/src/nrf24L01Plus.o ./L4_IO/wireless/src/wireless.o  ./L4_IO/src/gpio.o ./L4_IO/src/io_source.o ./L4_IO/src/storage.o  ./L4_IO/fat/option/ccsbcs.o ./L4_IO/fat/option/reentrant.o  ./L4_IO/fat/disk/diskio.o ./L4_IO/fat/disk/sd.o ./L4_IO/fat/disk/spi_flash.o  ./L4_IO/fat/fatfs_time.o ./L4_IO/fat/ff.o  ./L3_Utils/tlm/src/c_tlm_binary.o ./L3_Utils/tlm/src/c_tlm_comp.o ./L3_Utils/tlm/src/c_tlm_stream.o ./L3_Utils/tlm/src/c_tlm_var.o  ./L3_Utils/src/c_list.o ./L3_Utils/src/command_handler.o ./L3_Utils/src/file_logger.o ./L3_Utils/src/freertos_timer.o ./L3_Utils/src/printf_lib.o ./L3_Utils/src/rtc_alarm.o ./L3_Utils/src/scheduler_task.o ./L3_Utils/src/str.o ./L3_Utils/src/utilities.o  ./L2_Drivers/src/adc.o ./L2_Drivers/src/can.o ./L2_Drivers/src/eint.o ./L2_Drivers/src/i2c2.o ./L2_Drivers/src/lpc_pwm.o ./L2_Drivers/src/lpc_rit.o ./L2_Drivers/src/lpc_timers.o ./L2_Drivers/src/nrf_stream.o ./L2_Drivers/src/rtc.o ./L2_Drivers/src/spi_dma.o ./L2_Drivers/src/spi_sem.o ./L2_Drivers/src/uart0.o ./L2_Drivers/src/uart2.o ./L2_Drivers/src/uart3.o  ./L2_Drivers/base/char_dev.o ./L2_Drivers/base/i2c_base.o ./L2_Drivers/base/uart_dev.o  ./L1_FreeRTOS/trace/run_time_counter.o ./L1_FreeRTOS/trace/trcBase.o ./L1_FreeRTOS/trace/trcHardwarePort.o ./L1_FreeRTOS/trace/trcKernel.o ./L1_FreeRTOS/trace/trcKernelPort.o ./L1_FreeRTOS/trace/trcUser.o  ./L1_FreeRTOS/src/croutine.o ./L1_FreeRTOS/src/event_groups.o ./L1_FreeRTOS/src/list.o ./L1_FreeRTOS/src/queue.o ./L1_FreeRTOS/src/tasks.o ./L1_FreeRTOS/src/timers.o  ./L1_FreeRTOS/portable/no_mpu/port.o  ./L1_FreeRTOS/portable/run_time_stats.o  ./L1_FreeRTOS/hooks/hooks.o  ./L1_FreeRTOS/MemMang/freertos_mem_man.o  ./L0_LowLevel/source/core_cm3.o ./L0_LowLevel/source/low_level_init.o ./L0_LowLevel/source/lpc_peripherals.o ./L0_LowLevel/source/lpc_sys.o ./L0_LowLevel/source/startup.o ./L0_LowLevel/source/sys_clock.o ./L0_LowLevel/source/uart0_min.o   
./L5_Application/PWM/pwmDriver.o: In function `LabPwm::LabPwm()':
pwmDriver.cpp:(.text._ZN6LabPwmC2Ev+0xc): undefined reference to `LabPwm::pr'
pwmDriver.cpp:(.text._ZN6LabPwmC2Ev+0x10): undefined reference to `LabPwm::mr0'
./L5_Application/PWM/pwmDriver.o: In function `LabPwm::PwmInitSingleEdgeMode(unsigned long)':
pwmDriver.cpp:(.text._ZN6LabPwm21PwmInitSingleEdgeModeEm+0x50): undefined reference to `LabPwm::pr'
pwmDriver.cpp:(.text._ZN6LabPwm21PwmInitSingleEdgeModeEm+0x58): undefined reference to `LabPwm::mr0'
collect2.exe: error: ld returned 1 exit status
make: *** [ADC_PWM.elf] Error 1
21:50:25 **** Incremental Build of configuration _build for project Interrupts_Semaphores_Lookup ****
make -j2 all 
Building file: ../L5_Application/mainExtraCredit.cpp
Invoking: Cross ARM C++ Compiler
arm-none-eabi-g++ -mcpu=cortex-m3 -mthumb -Os -fmessage-length=0 -ffunction-sections -fdata-sections -Wall -Wshadow -Wlogical-op -Wfloat-equal -DBUILD_CFG_MPU=0 -I"C:\CMPE146\CMPE-146\SJSU_Dev\projects\Interrupts_Semaphores_Lookup" -I"C:\CMPE146\CMPE-146\SJSU_Dev\projects\Interrupts_Semaphores_Lookup\newlib" -I"C:\CMPE146\CMPE-146\SJSU_Dev\projects\Interrupts_Semaphores_Lookup\L0_LowLevel" -I"C:\CMPE146\CMPE-146\SJSU_Dev\projects\Interrupts_Semaphores_Lookup\L1_FreeRTOS" -I"C:\CMPE146\CMPE-146\SJSU_Dev\projects\Interrupts_Semaphores_Lookup\L1_FreeRTOS\include" -I"C:\CMPE146\CMPE-146\SJSU_Dev\projects\Interrupts_Semaphores_Lookup\L1_FreeRTOS\portable" -I"C:\CMPE146\CMPE-146\SJSU_Dev\projects\Interrupts_Semaphores_Lookup\L1_FreeRTOS\portable\no_mpu" -I"C:\CMPE146\CMPE-146\SJSU_Dev\projects\Interrupts_Semaphores_Lookup\L2_Drivers" -I"C:\CMPE146\CMPE-146\SJSU_Dev\projects\Interrupts_Semaphores_Lookup\L2_Drivers\base" -I"C:\CMPE146\CMPE-146\SJSU_Dev\projects\Interrupts_Semaphores_Lookup\L3_Utils" -I"C:\CMPE146\CMPE-146\SJSU_Dev\projects\Interrupts_Semaphores_Lookup\L3_Utils\tlm" -I"C:\CMPE146\CMPE-146\SJSU_Dev\projects\Interrupts_Semaphores_Lookup\L4_IO" -I"C:\CMPE146\CMPE-146\SJSU_Dev\projects\Interrupts_Semaphores_Lookup\L4_IO\fat" -I"C:\CMPE146\CMPE-146\SJSU_Dev\projects\Interrupts_Semaphores_Lookup\L4_IO\wireless" -I"C:\CMPE146\CMPE-146\SJSU_Dev\projects\Interrupts_Semaphores_Lookup\L5_Application" -std=gnu++11 -fabi-version=0 -fno-exceptions -MMD -MP -MF"L5_Application/mainExtraCredit.d" -MT"L5_Application/mainExtraCredit.o" -c -o "L5_Application/mainExtraCredit.o" "../L5_Application/mainExtraCredit.cpp"
../L5_Application/mainExtraCredit.cpp:79:62: error: no matching function for call to 'params::params(int, int, bool, bool)'
 static const params *pExternal1 = params(2,1,sw_number1,false);
                                                              ^
../L5_Application/mainExtraCredit.cpp:60:16: note: candidate: params::params()
 typedef struct params {
                ^
../L5_Application/mainExtraCredit.cpp:60:16: note:   candidate expects 0 arguments, 4 provided
../L5_Application/mainExtraCredit.cpp:60:16: note: candidate: constexpr params::params(const params&)
../L5_Application/mainExtraCredit.cpp:60:16: note:   candidate expects 1 argument, 4 provided
../L5_Application/mainExtraCredit.cpp:60:16: note: candidate: constexpr params::params(params&&)
../L5_Application/mainExtraCredit.cpp:60:16: note:   candidate expects 1 argument, 4 provided
../L5_Application/mainExtraCredit.cpp: In function 'void vLEDCounter(void*)':
../L5_Application/mainExtraCredit.cpp:163:10: warning: unused variable 'success' [-Wunused-variable]
     bool success = ledDisplay.init();
          ^
../L5_Application/mainExtraCredit.cpp: At global scope:
../L5_Application/mainExtraCredit.cpp:79:22: warning: 'pExternal1' defined but not used [-Wunused-variable]
 static const params *pExternal1 = params(2,1,sw_number1,false);
                      ^
make: *** [L5_Application/mainExtraCredit.o] Error 1
21:50:35 **** Incremental Build of configuration _build for project ADC_PWM ****
make -j2 all 
Building target: ADC_PWM.elf
Invoking: Cross ARM C++ Linker
arm-none-eabi-g++ -mcpu=cortex-m3 -mthumb -Os -fmessage-length=0 -ffunction-sections -fdata-sections -Wall -Wshadow -Wlogical-op -Wfloat-equal -T ../loader.ld -nostartfiles -Xlinker --gc-sections -Wl,-Map,"ADC_PWM.map" -specs=nano.specs -o "ADC_PWM.elf"  ./newlib/malloc_lock.o ./newlib/memory.o ./newlib/newlib_syscalls.o ./newlib/newlib_time.o  ./L5_Application/source/cmd_handlers/handlers.o ./L5_Application/source/cmd_handlers/prog_handlers.o ./L5_Application/source/cmd_handlers/wireless_handlers.o  ./L5_Application/source/high_level_init.o ./L5_Application/source/remote.o ./L5_Application/source/terminal.o  ./L5_Application/periodic_scheduler/period_callbacks.o ./L5_Application/periodic_scheduler/prd_monitor.o  ./L5_Application/examples/examples.o ./L5_Application/examples/rn_xv_task.o  ./L5_Application/PWM/pwmDriver.o  ./L5_Application/ADC/adcDriver.o  ./L5_Application/main.part0.o  ./L4_IO/wireless/src/mesh.o ./L4_IO/wireless/src/nrf24L01Plus.o ./L4_IO/wireless/src/wireless.o  ./L4_IO/src/gpio.o ./L4_IO/src/io_source.o ./L4_IO/src/storage.o  ./L4_IO/fat/option/ccsbcs.o ./L4_IO/fat/option/reentrant.o  ./L4_IO/fat/disk/diskio.o ./L4_IO/fat/disk/sd.o ./L4_IO/fat/disk/spi_flash.o  ./L4_IO/fat/fatfs_time.o ./L4_IO/fat/ff.o  ./L3_Utils/tlm/src/c_tlm_binary.o ./L3_Utils/tlm/src/c_tlm_comp.o ./L3_Utils/tlm/src/c_tlm_stream.o ./L3_Utils/tlm/src/c_tlm_var.o  ./L3_Utils/src/c_list.o ./L3_Utils/src/command_handler.o ./L3_Utils/src/file_logger.o ./L3_Utils/src/freertos_timer.o ./L3_Utils/src/printf_lib.o ./L3_Utils/src/rtc_alarm.o ./L3_Utils/src/scheduler_task.o ./L3_Utils/src/str.o ./L3_Utils/src/utilities.o  ./L2_Drivers/src/adc.o ./L2_Drivers/src/can.o ./L2_Drivers/src/eint.o ./L2_Drivers/src/i2c2.o ./L2_Drivers/src/lpc_pwm.o ./L2_Drivers/src/lpc_rit.o ./L2_Drivers/src/lpc_timers.o ./L2_Drivers/src/nrf_stream.o ./L2_Drivers/src/rtc.o ./L2_Drivers/src/spi_dma.o ./L2_Drivers/src/spi_sem.o ./L2_Drivers/src/uart0.o ./L2_Drivers/src/uart2.o ./L2_Drivers/src/uart3.o  ./L2_Drivers/base/char_dev.o ./L2_Drivers/base/i2c_base.o ./L2_Drivers/base/uart_dev.o  ./L1_FreeRTOS/trace/run_time_counter.o ./L1_FreeRTOS/trace/trcBase.o ./L1_FreeRTOS/trace/trcHardwarePort.o ./L1_FreeRTOS/trace/trcKernel.o ./L1_FreeRTOS/trace/trcKernelPort.o ./L1_FreeRTOS/trace/trcUser.o  ./L1_FreeRTOS/src/croutine.o ./L1_FreeRTOS/src/event_groups.o ./L1_FreeRTOS/src/list.o ./L1_FreeRTOS/src/queue.o ./L1_FreeRTOS/src/tasks.o ./L1_FreeRTOS/src/timers.o  ./L1_FreeRTOS/portable/no_mpu/port.o  ./L1_FreeRTOS/portable/run_time_stats.o  ./L1_FreeRTOS/hooks/hooks.o  ./L1_FreeRTOS/MemMang/freertos_mem_man.o  ./L0_LowLevel/source/core_cm3.o ./L0_LowLevel/source/low_level_init.o ./L0_LowLevel/source/lpc_peripherals.o ./L0_LowLevel/source/lpc_sys.o ./L0_LowLevel/source/startup.o ./L0_LowLevel/source/sys_clock.o ./L0_LowLevel/source/uart0_min.o   
./L5_Application/PWM/pwmDriver.o: In function `LabPwm::LabPwm()':
pwmDriver.cpp:(.text._ZN6LabPwmC2Ev+0xc): undefined reference to `LabPwm::pr'
pwmDriver.cpp:(.text._ZN6LabPwmC2Ev+0x10): undefined reference to `LabPwm::mr0'
./L5_Application/PWM/pwmDriver.o: In function `LabPwm::PwmInitSingleEdgeMode(unsigned long)':
pwmDriver.cpp:(.text._ZN6LabPwm21PwmInitSingleEdgeModeEm+0x50): undefined reference to `LabPwm::pr'
pwmDriver.cpp:(.text._ZN6LabPwm21PwmInitSingleEdgeModeEm+0x58): undefined reference to `LabPwm::mr0'
collect2.exe: error: ld returned 1 exit status
make: *** [ADC_PWM.elf] Error 1
21:51:56 **** Incremental Build of configuration _build for project ADC_PWM ****
make -j2 all 
Building file: ../L5_Application/PWM/pwmDriver.cpp
Invoking: Cross ARM C++ Compiler
arm-none-eabi-g++ -mcpu=cortex-m3 -mthumb -Os -fmessage-length=0 -ffunction-sections -fdata-sections -Wall -Wshadow -Wlogical-op -Wfloat-equal -DBUILD_CFG_MPU=0 -I"C:\CMPE146\CMPE-146\SJSU_Dev\projects\ADC_PWM" -I"C:\CMPE146\CMPE-146\SJSU_Dev\projects\ADC_PWM\newlib" -I"C:\CMPE146\CMPE-146\SJSU_Dev\projects\ADC_PWM\L0_LowLevel" -I"C:\CMPE146\CMPE-146\SJSU_Dev\projects\ADC_PWM\L1_FreeRTOS" -I"C:\CMPE146\CMPE-146\SJSU_Dev\projects\ADC_PWM\L1_FreeRTOS\include" -I"C:\CMPE146\CMPE-146\SJSU_Dev\projects\ADC_PWM\L1_FreeRTOS\portable" -I"C:\CMPE146\CMPE-146\SJSU_Dev\projects\ADC_PWM\L1_FreeRTOS\portable\no_mpu" -I"C:\CMPE146\CMPE-146\SJSU_Dev\projects\ADC_PWM\L2_Drivers" -I"C:\CMPE146\CMPE-146\SJSU_Dev\projects\ADC_PWM\L2_Drivers\base" -I"C:\CMPE146\CMPE-146\SJSU_Dev\projects\ADC_PWM\L3_Utils" -I"C:\CMPE146\CMPE-146\SJSU_Dev\projects\ADC_PWM\L3_Utils\tlm" -I"C:\CMPE146\CMPE-146\SJSU_Dev\projects\ADC_PWM\L4_IO" -I"C:\CMPE146\CMPE-146\SJSU_Dev\projects\ADC_PWM\L4_IO\fat" -I"C:\CMPE146\CMPE-146\SJSU_Dev\projects\ADC_PWM\L4_IO\wireless" -I"C:\CMPE146\CMPE-146\SJSU_Dev\projects\ADC_PWM\L5_Application" -std=gnu++11 -fabi-version=0 -fno-exceptions -MMD -MP -MF"L5_Application/PWM/pwmDriver.d" -MT"L5_Application/PWM/pwmDriver.o" -c -o "L5_Application/PWM/pwmDriver.o" "../L5_Application/PWM/pwmDriver.cpp"
Finished building: ../L5_Application/PWM/pwmDriver.cpp
 
Building target: ADC_PWM.elf
Invoking: Cross ARM C++ Linker
arm-none-eabi-g++ -mcpu=cortex-m3 -mthumb -Os -fmessage-length=0 -ffunction-sections -fdata-sections -Wall -Wshadow -Wlogical-op -Wfloat-equal -T ../loader.ld -nostartfiles -Xlinker --gc-sections -Wl,-Map,"ADC_PWM.map" -specs=nano.specs -o "ADC_PWM.elf"  ./newlib/malloc_lock.o ./newlib/memory.o ./newlib/newlib_syscalls.o ./newlib/newlib_time.o  ./L5_Application/source/cmd_handlers/handlers.o ./L5_Application/source/cmd_handlers/prog_handlers.o ./L5_Application/source/cmd_handlers/wireless_handlers.o  ./L5_Application/source/high_level_init.o ./L5_Application/source/remote.o ./L5_Application/source/terminal.o  ./L5_Application/periodic_scheduler/period_callbacks.o ./L5_Application/periodic_scheduler/prd_monitor.o  ./L5_Application/examples/examples.o ./L5_Application/examples/rn_xv_task.o  ./L5_Application/PWM/pwmDriver.o  ./L5_Application/ADC/adcDriver.o  ./L5_Application/main.part0.o  ./L4_IO/wireless/src/mesh.o ./L4_IO/wireless/src/nrf24L01Plus.o ./L4_IO/wireless/src/wireless.o  ./L4_IO/src/gpio.o ./L4_IO/src/io_source.o ./L4_IO/src/storage.o  ./L4_IO/fat/option/ccsbcs.o ./L4_IO/fat/option/reentrant.o  ./L4_IO/fat/disk/diskio.o ./L4_IO/fat/disk/sd.o ./L4_IO/fat/disk/spi_flash.o  ./L4_IO/fat/fatfs_time.o ./L4_IO/fat/ff.o  ./L3_Utils/tlm/src/c_tlm_binary.o ./L3_Utils/tlm/src/c_tlm_comp.o ./L3_Utils/tlm/src/c_tlm_stream.o ./L3_Utils/tlm/src/c_tlm_var.o  ./L3_Utils/src/c_list.o ./L3_Utils/src/command_handler.o ./L3_Utils/src/file_logger.o ./L3_Utils/src/freertos_timer.o ./L3_Utils/src/printf_lib.o ./L3_Utils/src/rtc_alarm.o ./L3_Utils/src/scheduler_task.o ./L3_Utils/src/str.o ./L3_Utils/src/utilities.o  ./L2_Drivers/src/adc.o ./L2_Drivers/src/can.o ./L2_Drivers/src/eint.o ./L2_Drivers/src/i2c2.o ./L2_Drivers/src/lpc_pwm.o ./L2_Drivers/src/lpc_rit.o ./L2_Drivers/src/lpc_timers.o ./L2_Drivers/src/nrf_stream.o ./L2_Drivers/src/rtc.o ./L2_Drivers/src/spi_dma.o ./L2_Drivers/src/spi_sem.o ./L2_Drivers/src/uart0.o ./L2_Drivers/src/uart2.o ./L2_Drivers/src/uart3.o  ./L2_Drivers/base/char_dev.o ./L2_Drivers/base/i2c_base.o ./L2_Drivers/base/uart_dev.o  ./L1_FreeRTOS/trace/run_time_counter.o ./L1_FreeRTOS/trace/trcBase.o ./L1_FreeRTOS/trace/trcHardwarePort.o ./L1_FreeRTOS/trace/trcKernel.o ./L1_FreeRTOS/trace/trcKernelPort.o ./L1_FreeRTOS/trace/trcUser.o  ./L1_FreeRTOS/src/croutine.o ./L1_FreeRTOS/src/event_groups.o ./L1_FreeRTOS/src/list.o ./L1_FreeRTOS/src/queue.o ./L1_FreeRTOS/src/tasks.o ./L1_FreeRTOS/src/timers.o  ./L1_FreeRTOS/portable/no_mpu/port.o  ./L1_FreeRTOS/portable/run_time_stats.o  ./L1_FreeRTOS/hooks/hooks.o  ./L1_FreeRTOS/MemMang/freertos_mem_man.o  ./L0_LowLevel/source/core_cm3.o ./L0_LowLevel/source/low_level_init.o ./L0_LowLevel/source/lpc_peripherals.o ./L0_LowLevel/source/lpc_sys.o ./L0_LowLevel/source/startup.o ./L0_LowLevel/source/sys_clock.o ./L0_LowLevel/source/uart0_min.o   
./L5_Application/PWM/pwmDriver.o: In function `LabPwm::LabPwm()':
pwmDriver.cpp:(.text._ZN6LabPwmC2Ev+0xc): undefined reference to `LabPwm::pr'
pwmDriver.cpp:(.text._ZN6LabPwmC2Ev+0x10): undefined reference to `LabPwm::mr0'
./L5_Application/PWM/pwmDriver.o: In function `LabPwm::PwmInitSingleEdgeMode(unsigned long)':
pwmDriver.cpp:(.text._ZN6LabPwm21PwmInitSingleEdgeModeEm+0x50): undefined reference to `LabPwm::pr'
pwmDriver.cpp:(.text._ZN6LabPwm21PwmInitSingleEdgeModeEm+0x58): undefined reference to `LabPwm::mr0'
collect2.exe: error: ld returned 1 exit status
make: *** [ADC_PWM.elf] Error 1
21:52:54 **** Incremental Build of configuration _build for project ADC_PWM ****
make -j2 all 
Building file: ../L5_Application/PWM/pwmDriver.cpp
Invoking: Cross ARM C++ Compiler
arm-none-eabi-g++ -mcpu=cortex-m3 -mthumb -Os -fmessage-length=0 -ffunction-sections -fdata-sections -Wall -Wshadow -Wlogical-op -Wfloat-equal -DBUILD_CFG_MPU=0 -I"C:\CMPE146\CMPE-146\SJSU_Dev\projects\ADC_PWM" -I"C:\CMPE146\CMPE-146\SJSU_Dev\projects\ADC_PWM\newlib" -I"C:\CMPE146\CMPE-146\SJSU_Dev\projects\ADC_PWM\L0_LowLevel" -I"C:\CMPE146\CMPE-146\SJSU_Dev\projects\ADC_PWM\L1_FreeRTOS" -I"C:\CMPE146\CMPE-146\SJSU_Dev\projects\ADC_PWM\L1_FreeRTOS\include" -I"C:\CMPE146\CMPE-146\SJSU_Dev\projects\ADC_PWM\L1_FreeRTOS\portable" -I"C:\CMPE146\CMPE-146\SJSU_Dev\projects\ADC_PWM\L1_FreeRTOS\portable\no_mpu" -I"C:\CMPE146\CMPE-146\SJSU_Dev\projects\ADC_PWM\L2_Drivers" -I"C:\CMPE146\CMPE-146\SJSU_Dev\projects\ADC_PWM\L2_Drivers\base" -I"C:\CMPE146\CMPE-146\SJSU_Dev\projects\ADC_PWM\L3_Utils" -I"C:\CMPE146\CMPE-146\SJSU_Dev\projects\ADC_PWM\L3_Utils\tlm" -I"C:\CMPE146\CMPE-146\SJSU_Dev\projects\ADC_PWM\L4_IO" -I"C:\CMPE146\CMPE-146\SJSU_Dev\projects\ADC_PWM\L4_IO\fat" -I"C:\CMPE146\CMPE-146\SJSU_Dev\projects\ADC_PWM\L4_IO\wireless" -I"C:\CMPE146\CMPE-146\SJSU_Dev\projects\ADC_PWM\L5_Application" -std=gnu++11 -fabi-version=0 -fno-exceptions -MMD -MP -MF"L5_Application/PWM/pwmDriver.d" -MT"L5_Application/PWM/pwmDriver.o" -c -o "L5_Application/PWM/pwmDriver.o" "../L5_Application/PWM/pwmDriver.cpp"
Finished building: ../L5_Application/PWM/pwmDriver.cpp
 
Building target: ADC_PWM.elf
Invoking: Cross ARM C++ Linker
arm-none-eabi-g++ -mcpu=cortex-m3 -mthumb -Os -fmessage-length=0 -ffunction-sections -fdata-sections -Wall -Wshadow -Wlogical-op -Wfloat-equal -T ../loader.ld -nostartfiles -Xlinker --gc-sections -Wl,-Map,"ADC_PWM.map" -specs=nano.specs -o "ADC_PWM.elf"  ./newlib/malloc_lock.o ./newlib/memory.o ./newlib/newlib_syscalls.o ./newlib/newlib_time.o  ./L5_Application/source/cmd_handlers/handlers.o ./L5_Application/source/cmd_handlers/prog_handlers.o ./L5_Application/source/cmd_handlers/wireless_handlers.o  ./L5_Application/source/high_level_init.o ./L5_Application/source/remote.o ./L5_Application/source/terminal.o  ./L5_Application/periodic_scheduler/period_callbacks.o ./L5_Application/periodic_scheduler/prd_monitor.o  ./L5_Application/examples/examples.o ./L5_Application/examples/rn_xv_task.o  ./L5_Application/PWM/pwmDriver.o  ./L5_Application/ADC/adcDriver.o  ./L5_Application/main.part0.o  ./L4_IO/wireless/src/mesh.o ./L4_IO/wireless/src/nrf24L01Plus.o ./L4_IO/wireless/src/wireless.o  ./L4_IO/src/gpio.o ./L4_IO/src/io_source.o ./L4_IO/src/storage.o  ./L4_IO/fat/option/ccsbcs.o ./L4_IO/fat/option/reentrant.o  ./L4_IO/fat/disk/diskio.o ./L4_IO/fat/disk/sd.o ./L4_IO/fat/disk/spi_flash.o  ./L4_IO/fat/fatfs_time.o ./L4_IO/fat/ff.o  ./L3_Utils/tlm/src/c_tlm_binary.o ./L3_Utils/tlm/src/c_tlm_comp.o ./L3_Utils/tlm/src/c_tlm_stream.o ./L3_Utils/tlm/src/c_tlm_var.o  ./L3_Utils/src/c_list.o ./L3_Utils/src/command_handler.o ./L3_Utils/src/file_logger.o ./L3_Utils/src/freertos_timer.o ./L3_Utils/src/printf_lib.o ./L3_Utils/src/rtc_alarm.o ./L3_Utils/src/scheduler_task.o ./L3_Utils/src/str.o ./L3_Utils/src/utilities.o  ./L2_Drivers/src/adc.o ./L2_Drivers/src/can.o ./L2_Drivers/src/eint.o ./L2_Drivers/src/i2c2.o ./L2_Drivers/src/lpc_pwm.o ./L2_Drivers/src/lpc_rit.o ./L2_Drivers/src/lpc_timers.o ./L2_Drivers/src/nrf_stream.o ./L2_Drivers/src/rtc.o ./L2_Drivers/src/spi_dma.o ./L2_Drivers/src/spi_sem.o ./L2_Drivers/src/uart0.o ./L2_Drivers/src/uart2.o ./L2_Drivers/src/uart3.o  ./L2_Drivers/base/char_dev.o ./L2_Drivers/base/i2c_base.o ./L2_Drivers/base/uart_dev.o  ./L1_FreeRTOS/trace/run_time_counter.o ./L1_FreeRTOS/trace/trcBase.o ./L1_FreeRTOS/trace/trcHardwarePort.o ./L1_FreeRTOS/trace/trcKernel.o ./L1_FreeRTOS/trace/trcKernelPort.o ./L1_FreeRTOS/trace/trcUser.o  ./L1_FreeRTOS/src/croutine.o ./L1_FreeRTOS/src/event_groups.o ./L1_FreeRTOS/src/list.o ./L1_FreeRTOS/src/queue.o ./L1_FreeRTOS/src/tasks.o ./L1_FreeRTOS/src/timers.o  ./L1_FreeRTOS/portable/no_mpu/port.o  ./L1_FreeRTOS/portable/run_time_stats.o  ./L1_FreeRTOS/hooks/hooks.o  ./L1_FreeRTOS/MemMang/freertos_mem_man.o  ./L0_LowLevel/source/core_cm3.o ./L0_LowLevel/source/low_level_init.o ./L0_LowLevel/source/lpc_peripherals.o ./L0_LowLevel/source/lpc_sys.o ./L0_LowLevel/source/startup.o ./L0_LowLevel/source/sys_clock.o ./L0_LowLevel/source/uart0_min.o   
./L5_Application/PWM/pwmDriver.o: In function `LabPwm::LabPwm()':
pwmDriver.cpp:(.text._ZN6LabPwmC2Ev+0xc): undefined reference to `LabPwm::pr'
pwmDriver.cpp:(.text._ZN6LabPwmC2Ev+0x10): undefined reference to `LabPwm::mr0'
./L5_Application/PWM/pwmDriver.o: In function `LabPwm::PwmInitSingleEdgeMode(unsigned long)':
pwmDriver.cpp:(.text._ZN6LabPwm21PwmInitSingleEdgeModeEm+0x50): undefined reference to `LabPwm::pr'
pwmDriver.cpp:(.text._ZN6LabPwm21PwmInitSingleEdgeModeEm+0x58): undefined reference to `LabPwm::mr0'
collect2.exe: error: ld returned 1 exit status
make: *** [ADC_PWM.elf] Error 1
21:54:34 **** Incremental Build of configuration _build for project ADC_PWM ****
make -j2 all 
Building file: ../L5_Application/PWM/pwmDriver.cpp
Invoking: Cross ARM C++ Compiler
arm-none-eabi-g++ -mcpu=cortex-m3 -mthumb -Os -fmessage-length=0 -ffunction-sections -fdata-sections -Wall -Wshadow -Wlogical-op -Wfloat-equal -DBUILD_CFG_MPU=0 -I"C:\CMPE146\CMPE-146\SJSU_Dev\projects\ADC_PWM" -I"C:\CMPE146\CMPE-146\SJSU_Dev\projects\ADC_PWM\newlib" -I"C:\CMPE146\CMPE-146\SJSU_Dev\projects\ADC_PWM\L0_LowLevel" -I"C:\CMPE146\CMPE-146\SJSU_Dev\projects\ADC_PWM\L1_FreeRTOS" -I"C:\CMPE146\CMPE-146\SJSU_Dev\projects\ADC_PWM\L1_FreeRTOS\include" -I"C:\CMPE146\CMPE-146\SJSU_Dev\projects\ADC_PWM\L1_FreeRTOS\portable" -I"C:\CMPE146\CMPE-146\SJSU_Dev\projects\ADC_PWM\L1_FreeRTOS\portable\no_mpu" -I"C:\CMPE146\CMPE-146\SJSU_Dev\projects\ADC_PWM\L2_Drivers" -I"C:\CMPE146\CMPE-146\SJSU_Dev\projects\ADC_PWM\L2_Drivers\base" -I"C:\CMPE146\CMPE-146\SJSU_Dev\projects\ADC_PWM\L3_Utils" -I"C:\CMPE146\CMPE-146\SJSU_Dev\projects\ADC_PWM\L3_Utils\tlm" -I"C:\CMPE146\CMPE-146\SJSU_Dev\projects\ADC_PWM\L4_IO" -I"C:\CMPE146\CMPE-146\SJSU_Dev\projects\ADC_PWM\L4_IO\fat" -I"C:\CMPE146\CMPE-146\SJSU_Dev\projects\ADC_PWM\L4_IO\wireless" -I"C:\CMPE146\CMPE-146\SJSU_Dev\projects\ADC_PWM\L5_Application" -std=gnu++11 -fabi-version=0 -fno-exceptions -MMD -MP -MF"L5_Application/PWM/pwmDriver.d" -MT"L5_Application/PWM/pwmDriver.o" -c -o "L5_Application/PWM/pwmDriver.o" "../L5_Application/PWM/pwmDriver.cpp"
Finished building: ../L5_Application/PWM/pwmDriver.cpp
 
Building target: ADC_PWM.elf
Invoking: Cross ARM C++ Linker
arm-none-eabi-g++ -mcpu=cortex-m3 -mthumb -Os -fmessage-length=0 -ffunction-sections -fdata-sections -Wall -Wshadow -Wlogical-op -Wfloat-equal -T ../loader.ld -nostartfiles -Xlinker --gc-sections -Wl,-Map,"ADC_PWM.map" -specs=nano.specs -o "ADC_PWM.elf"  ./newlib/malloc_lock.o ./newlib/memory.o ./newlib/newlib_syscalls.o ./newlib/newlib_time.o  ./L5_Application/source/cmd_handlers/handlers.o ./L5_Application/source/cmd_handlers/prog_handlers.o ./L5_Application/source/cmd_handlers/wireless_handlers.o  ./L5_Application/source/high_level_init.o ./L5_Application/source/remote.o ./L5_Application/source/terminal.o  ./L5_Application/periodic_scheduler/period_callbacks.o ./L5_Application/periodic_scheduler/prd_monitor.o  ./L5_Application/examples/examples.o ./L5_Application/examples/rn_xv_task.o  ./L5_Application/PWM/pwmDriver.o  ./L5_Application/ADC/adcDriver.o  ./L5_Application/main.part0.o  ./L4_IO/wireless/src/mesh.o ./L4_IO/wireless/src/nrf24L01Plus.o ./L4_IO/wireless/src/wireless.o  ./L4_IO/src/gpio.o ./L4_IO/src/io_source.o ./L4_IO/src/storage.o  ./L4_IO/fat/option/ccsbcs.o ./L4_IO/fat/option/reentrant.o  ./L4_IO/fat/disk/diskio.o ./L4_IO/fat/disk/sd.o ./L4_IO/fat/disk/spi_flash.o  ./L4_IO/fat/fatfs_time.o ./L4_IO/fat/ff.o  ./L3_Utils/tlm/src/c_tlm_binary.o ./L3_Utils/tlm/src/c_tlm_comp.o ./L3_Utils/tlm/src/c_tlm_stream.o ./L3_Utils/tlm/src/c_tlm_var.o  ./L3_Utils/src/c_list.o ./L3_Utils/src/command_handler.o ./L3_Utils/src/file_logger.o ./L3_Utils/src/freertos_timer.o ./L3_Utils/src/printf_lib.o ./L3_Utils/src/rtc_alarm.o ./L3_Utils/src/scheduler_task.o ./L3_Utils/src/str.o ./L3_Utils/src/utilities.o  ./L2_Drivers/src/adc.o ./L2_Drivers/src/can.o ./L2_Drivers/src/eint.o ./L2_Drivers/src/i2c2.o ./L2_Drivers/src/lpc_pwm.o ./L2_Drivers/src/lpc_rit.o ./L2_Drivers/src/lpc_timers.o ./L2_Drivers/src/nrf_stream.o ./L2_Drivers/src/rtc.o ./L2_Drivers/src/spi_dma.o ./L2_Drivers/src/spi_sem.o ./L2_Drivers/src/uart0.o ./L2_Drivers/src/uart2.o ./L2_Drivers/src/uart3.o  ./L2_Drivers/base/char_dev.o ./L2_Drivers/base/i2c_base.o ./L2_Drivers/base/uart_dev.o  ./L1_FreeRTOS/trace/run_time_counter.o ./L1_FreeRTOS/trace/trcBase.o ./L1_FreeRTOS/trace/trcHardwarePort.o ./L1_FreeRTOS/trace/trcKernel.o ./L1_FreeRTOS/trace/trcKernelPort.o ./L1_FreeRTOS/trace/trcUser.o  ./L1_FreeRTOS/src/croutine.o ./L1_FreeRTOS/src/event_groups.o ./L1_FreeRTOS/src/list.o ./L1_FreeRTOS/src/queue.o ./L1_FreeRTOS/src/tasks.o ./L1_FreeRTOS/src/timers.o  ./L1_FreeRTOS/portable/no_mpu/port.o  ./L1_FreeRTOS/portable/run_time_stats.o  ./L1_FreeRTOS/hooks/hooks.o  ./L1_FreeRTOS/MemMang/freertos_mem_man.o  ./L0_LowLevel/source/core_cm3.o ./L0_LowLevel/source/low_level_init.o ./L0_LowLevel/source/lpc_peripherals.o ./L0_LowLevel/source/lpc_sys.o ./L0_LowLevel/source/startup.o ./L0_LowLevel/source/sys_clock.o ./L0_LowLevel/source/uart0_min.o   
Finished building target: ADC_PWM.elf
 
C:/CMPE146/CMPE-146/SJSU_Dev/binutils/make --no-print-directory post-build
Create binary file
arm-none-eabi-objcopy -O binary ADC_PWM.elf ADC_PWM.bin
 
Invoking: Cross ARM GNU Create Flash Image
arm-none-eabi-objcopy -O ihex "ADC_PWM.elf"  "ADC_PWM.hex"
Invoking: Cross ARM GNU Create Listing
arm-none-eabi-objdump --source --all-headers --demangle --line-numbers --wide "ADC_PWM.elf" > "ADC_PWM.lst"
Finished building: ADC_PWM.hex
 
Invoking: Cross ARM GNU Print Size
arm-none-eabi-size --format=berkeley "ADC_PWM.elf"
   text	   data	    bss	    dec	    hex	filename
  89588	    756	   1176	  91520	  16580	ADC_PWM.elf
Finished building: ADC_PWM.siz
 
Finished building: ADC_PWM.lst
 
21:54:45 **** Incremental Build of configuration _build for project ADC_PWM ****
make -j2 all 
Building file: ../L5_Application/PWM/pwmDriver.cpp
Invoking: Cross ARM C++ Compiler
arm-none-eabi-g++ -mcpu=cortex-m3 -mthumb -Os -fmessage-length=0 -ffunction-sections -fdata-sections -Wall -Wshadow -Wlogical-op -Wfloat-equal -DBUILD_CFG_MPU=0 -I"C:\CMPE146\CMPE-146\SJSU_Dev\projects\ADC_PWM" -I"C:\CMPE146\CMPE-146\SJSU_Dev\projects\ADC_PWM\newlib" -I"C:\CMPE146\CMPE-146\SJSU_Dev\projects\ADC_PWM\L0_LowLevel" -I"C:\CMPE146\CMPE-146\SJSU_Dev\projects\ADC_PWM\L1_FreeRTOS" -I"C:\CMPE146\CMPE-146\SJSU_Dev\projects\ADC_PWM\L1_FreeRTOS\include" -I"C:\CMPE146\CMPE-146\SJSU_Dev\projects\ADC_PWM\L1_FreeRTOS\portable" -I"C:\CMPE146\CMPE-146\SJSU_Dev\projects\ADC_PWM\L1_FreeRTOS\portable\no_mpu" -I"C:\CMPE146\CMPE-146\SJSU_Dev\projects\ADC_PWM\L2_Drivers" -I"C:\CMPE146\CMPE-146\SJSU_Dev\projects\ADC_PWM\L2_Drivers\base" -I"C:\CMPE146\CMPE-146\SJSU_Dev\projects\ADC_PWM\L3_Utils" -I"C:\CMPE146\CMPE-146\SJSU_Dev\projects\ADC_PWM\L3_Utils\tlm" -I"C:\CMPE146\CMPE-146\SJSU_Dev\projects\ADC_PWM\L4_IO" -I"C:\CMPE146\CMPE-146\SJSU_Dev\projects\ADC_PWM\L4_IO\fat" -I"C:\CMPE146\CMPE-146\SJSU_Dev\projects\ADC_PWM\L4_IO\wireless" -I"C:\CMPE146\CMPE-146\SJSU_Dev\projects\ADC_PWM\L5_Application" -std=gnu++11 -fabi-version=0 -fno-exceptions -MMD -MP -MF"L5_Application/PWM/pwmDriver.d" -MT"L5_Application/PWM/pwmDriver.o" -c -o "L5_Application/PWM/pwmDriver.o" "../L5_Application/PWM/pwmDriver.cpp"
Finished building: ../L5_Application/PWM/pwmDriver.cpp
 
Building target: ADC_PWM.elf
Invoking: Cross ARM C++ Linker
arm-none-eabi-g++ -mcpu=cortex-m3 -mthumb -Os -fmessage-length=0 -ffunction-sections -fdata-sections -Wall -Wshadow -Wlogical-op -Wfloat-equal -T ../loader.ld -nostartfiles -Xlinker --gc-sections -Wl,-Map,"ADC_PWM.map" -specs=nano.specs -o "ADC_PWM.elf"  ./newlib/malloc_lock.o ./newlib/memory.o ./newlib/newlib_syscalls.o ./newlib/newlib_time.o  ./L5_Application/source/cmd_handlers/handlers.o ./L5_Application/source/cmd_handlers/prog_handlers.o ./L5_Application/source/cmd_handlers/wireless_handlers.o  ./L5_Application/source/high_level_init.o ./L5_Application/source/remote.o ./L5_Application/source/terminal.o  ./L5_Application/periodic_scheduler/period_callbacks.o ./L5_Application/periodic_scheduler/prd_monitor.o  ./L5_Application/examples/examples.o ./L5_Application/examples/rn_xv_task.o  ./L5_Application/PWM/pwmDriver.o  ./L5_Application/ADC/adcDriver.o  ./L5_Application/main.part0.o  ./L4_IO/wireless/src/mesh.o ./L4_IO/wireless/src/nrf24L01Plus.o ./L4_IO/wireless/src/wireless.o  ./L4_IO/src/gpio.o ./L4_IO/src/io_source.o ./L4_IO/src/storage.o  ./L4_IO/fat/option/ccsbcs.o ./L4_IO/fat/option/reentrant.o  ./L4_IO/fat/disk/diskio.o ./L4_IO/fat/disk/sd.o ./L4_IO/fat/disk/spi_flash.o  ./L4_IO/fat/fatfs_time.o ./L4_IO/fat/ff.o  ./L3_Utils/tlm/src/c_tlm_binary.o ./L3_Utils/tlm/src/c_tlm_comp.o ./L3_Utils/tlm/src/c_tlm_stream.o ./L3_Utils/tlm/src/c_tlm_var.o  ./L3_Utils/src/c_list.o ./L3_Utils/src/command_handler.o ./L3_Utils/src/file_logger.o ./L3_Utils/src/freertos_timer.o ./L3_Utils/src/printf_lib.o ./L3_Utils/src/rtc_alarm.o ./L3_Utils/src/scheduler_task.o ./L3_Utils/src/str.o ./L3_Utils/src/utilities.o  ./L2_Drivers/src/adc.o ./L2_Drivers/src/can.o ./L2_Drivers/src/eint.o ./L2_Drivers/src/i2c2.o ./L2_Drivers/src/lpc_pwm.o ./L2_Drivers/src/lpc_rit.o ./L2_Drivers/src/lpc_timers.o ./L2_Drivers/src/nrf_stream.o ./L2_Drivers/src/rtc.o ./L2_Drivers/src/spi_dma.o ./L2_Drivers/src/spi_sem.o ./L2_Drivers/src/uart0.o ./L2_Drivers/src/uart2.o ./L2_Drivers/src/uart3.o  ./L2_Drivers/base/char_dev.o ./L2_Drivers/base/i2c_base.o ./L2_Drivers/base/uart_dev.o  ./L1_FreeRTOS/trace/run_time_counter.o ./L1_FreeRTOS/trace/trcBase.o ./L1_FreeRTOS/trace/trcHardwarePort.o ./L1_FreeRTOS/trace/trcKernel.o ./L1_FreeRTOS/trace/trcKernelPort.o ./L1_FreeRTOS/trace/trcUser.o  ./L1_FreeRTOS/src/croutine.o ./L1_FreeRTOS/src/event_groups.o ./L1_FreeRTOS/src/list.o ./L1_FreeRTOS/src/queue.o ./L1_FreeRTOS/src/tasks.o ./L1_FreeRTOS/src/timers.o  ./L1_FreeRTOS/portable/no_mpu/port.o  ./L1_FreeRTOS/portable/run_time_stats.o  ./L1_FreeRTOS/hooks/hooks.o  ./L1_FreeRTOS/MemMang/freertos_mem_man.o  ./L0_LowLevel/source/core_cm3.o ./L0_LowLevel/source/low_level_init.o ./L0_LowLevel/source/lpc_peripherals.o ./L0_LowLevel/source/lpc_sys.o ./L0_LowLevel/source/startup.o ./L0_LowLevel/source/sys_clock.o ./L0_LowLevel/source/uart0_min.o   
Finished building target: ADC_PWM.elf
 
C:/CMPE146/CMPE-146/SJSU_Dev/binutils/make --no-print-directory post-build
Create binary file
arm-none-eabi-objcopy -O binary ADC_PWM.elf ADC_PWM.bin
 
Invoking: Cross ARM GNU Create Flash Image
arm-none-eabi-objcopy -O ihex "ADC_PWM.elf"  "ADC_PWM.hex"
Invoking: Cross ARM GNU Create Listing
arm-none-eabi-objdump --source --all-headers --demangle --line-numbers --wide "ADC_PWM.elf" > "ADC_PWM.lst"
Finished building: ADC_PWM.hex
 
Invoking: Cross ARM GNU Print Size
arm-none-eabi-size --format=berkeley "ADC_PWM.elf"
   text	   data	    bss	    dec	    hex	filename
  89588	    756	   1176	  91520	  16580	ADC_PWM.elf
Finished building: ADC_PWM.siz
 
Finished building: ADC_PWM.lst
 
21:55:28 **** Incremental Build of configuration _build for project ADC_PWM ****
make -j2 all 
Building file: ../L5_Application/PWM/pwmDriver.cpp
Invoking: Cross ARM C++ Compiler
arm-none-eabi-g++ -mcpu=cortex-m3 -mthumb -Os -fmessage-length=0 -ffunction-sections -fdata-sections -Wall -Wshadow -Wlogical-op -Wfloat-equal -DBUILD_CFG_MPU=0 -I"C:\CMPE146\CMPE-146\SJSU_Dev\projects\ADC_PWM" -I"C:\CMPE146\CMPE-146\SJSU_Dev\projects\ADC_PWM\newlib" -I"C:\CMPE146\CMPE-146\SJSU_Dev\projects\ADC_PWM\L0_LowLevel" -I"C:\CMPE146\CMPE-146\SJSU_Dev\projects\ADC_PWM\L1_FreeRTOS" -I"C:\CMPE146\CMPE-146\SJSU_Dev\projects\ADC_PWM\L1_FreeRTOS\include" -I"C:\CMPE146\CMPE-146\SJSU_Dev\projects\ADC_PWM\L1_FreeRTOS\portable" -I"C:\CMPE146\CMPE-146\SJSU_Dev\projects\ADC_PWM\L1_FreeRTOS\portable\no_mpu" -I"C:\CMPE146\CMPE-146\SJSU_Dev\projects\ADC_PWM\L2_Drivers" -I"C:\CMPE146\CMPE-146\SJSU_Dev\projects\ADC_PWM\L2_Drivers\base" -I"C:\CMPE146\CMPE-146\SJSU_Dev\projects\ADC_PWM\L3_Utils" -I"C:\CMPE146\CMPE-146\SJSU_Dev\projects\ADC_PWM\L3_Utils\tlm" -I"C:\CMPE146\CMPE-146\SJSU_Dev\projects\ADC_PWM\L4_IO" -I"C:\CMPE146\CMPE-146\SJSU_Dev\projects\ADC_PWM\L4_IO\fat" -I"C:\CMPE146\CMPE-146\SJSU_Dev\projects\ADC_PWM\L4_IO\wireless" -I"C:\CMPE146\CMPE-146\SJSU_Dev\projects\ADC_PWM\L5_Application" -std=gnu++11 -fabi-version=0 -fno-exceptions -MMD -MP -MF"L5_Application/PWM/pwmDriver.d" -MT"L5_Application/PWM/pwmDriver.o" -c -o "L5_Application/PWM/pwmDriver.o" "../L5_Application/PWM/pwmDriver.cpp"
Finished building: ../L5_Application/PWM/pwmDriver.cpp
 
Building target: ADC_PWM.elf
Invoking: Cross ARM C++ Linker
arm-none-eabi-g++ -mcpu=cortex-m3 -mthumb -Os -fmessage-length=0 -ffunction-sections -fdata-sections -Wall -Wshadow -Wlogical-op -Wfloat-equal -T ../loader.ld -nostartfiles -Xlinker --gc-sections -Wl,-Map,"ADC_PWM.map" -specs=nano.specs -o "ADC_PWM.elf"  ./newlib/malloc_lock.o ./newlib/memory.o ./newlib/newlib_syscalls.o ./newlib/newlib_time.o  ./L5_Application/source/cmd_handlers/handlers.o ./L5_Application/source/cmd_handlers/prog_handlers.o ./L5_Application/source/cmd_handlers/wireless_handlers.o  ./L5_Application/source/high_level_init.o ./L5_Application/source/remote.o ./L5_Application/source/terminal.o  ./L5_Application/periodic_scheduler/period_callbacks.o ./L5_Application/periodic_scheduler/prd_monitor.o  ./L5_Application/examples/examples.o ./L5_Application/examples/rn_xv_task.o  ./L5_Application/PWM/pwmDriver.o  ./L5_Application/ADC/adcDriver.o  ./L5_Application/main.part0.o  ./L4_IO/wireless/src/mesh.o ./L4_IO/wireless/src/nrf24L01Plus.o ./L4_IO/wireless/src/wireless.o  ./L4_IO/src/gpio.o ./L4_IO/src/io_source.o ./L4_IO/src/storage.o  ./L4_IO/fat/option/ccsbcs.o ./L4_IO/fat/option/reentrant.o  ./L4_IO/fat/disk/diskio.o ./L4_IO/fat/disk/sd.o ./L4_IO/fat/disk/spi_flash.o  ./L4_IO/fat/fatfs_time.o ./L4_IO/fat/ff.o  ./L3_Utils/tlm/src/c_tlm_binary.o ./L3_Utils/tlm/src/c_tlm_comp.o ./L3_Utils/tlm/src/c_tlm_stream.o ./L3_Utils/tlm/src/c_tlm_var.o  ./L3_Utils/src/c_list.o ./L3_Utils/src/command_handler.o ./L3_Utils/src/file_logger.o ./L3_Utils/src/freertos_timer.o ./L3_Utils/src/printf_lib.o ./L3_Utils/src/rtc_alarm.o ./L3_Utils/src/scheduler_task.o ./L3_Utils/src/str.o ./L3_Utils/src/utilities.o  ./L2_Drivers/src/adc.o ./L2_Drivers/src/can.o ./L2_Drivers/src/eint.o ./L2_Drivers/src/i2c2.o ./L2_Drivers/src/lpc_pwm.o ./L2_Drivers/src/lpc_rit.o ./L2_Drivers/src/lpc_timers.o ./L2_Drivers/src/nrf_stream.o ./L2_Drivers/src/rtc.o ./L2_Drivers/src/spi_dma.o ./L2_Drivers/src/spi_sem.o ./L2_Drivers/src/uart0.o ./L2_Drivers/src/uart2.o ./L2_Drivers/src/uart3.o  ./L2_Drivers/base/char_dev.o ./L2_Drivers/base/i2c_base.o ./L2_Drivers/base/uart_dev.o  ./L1_FreeRTOS/trace/run_time_counter.o ./L1_FreeRTOS/trace/trcBase.o ./L1_FreeRTOS/trace/trcHardwarePort.o ./L1_FreeRTOS/trace/trcKernel.o ./L1_FreeRTOS/trace/trcKernelPort.o ./L1_FreeRTOS/trace/trcUser.o  ./L1_FreeRTOS/src/croutine.o ./L1_FreeRTOS/src/event_groups.o ./L1_FreeRTOS/src/list.o ./L1_FreeRTOS/src/queue.o ./L1_FreeRTOS/src/tasks.o ./L1_FreeRTOS/src/timers.o  ./L1_FreeRTOS/portable/no_mpu/port.o  ./L1_FreeRTOS/portable/run_time_stats.o  ./L1_FreeRTOS/hooks/hooks.o  ./L1_FreeRTOS/MemMang/freertos_mem_man.o  ./L0_LowLevel/source/core_cm3.o ./L0_LowLevel/source/low_level_init.o ./L0_LowLevel/source/lpc_peripherals.o ./L0_LowLevel/source/lpc_sys.o ./L0_LowLevel/source/startup.o ./L0_LowLevel/source/sys_clock.o ./L0_LowLevel/source/uart0_min.o   
Finished building target: ADC_PWM.elf
 
C:/CMPE146/CMPE-146/SJSU_Dev/binutils/make --no-print-directory post-build
Create binary file
arm-none-eabi-objcopy -O binary ADC_PWM.elf ADC_PWM.bin
 
Invoking: Cross ARM GNU Create Flash Image
arm-none-eabi-objcopy -O ihex "ADC_PWM.elf"  "ADC_PWM.hex"
Invoking: Cross ARM GNU Create Listing
arm-none-eabi-objdump --source --all-headers --demangle --line-numbers --wide "ADC_PWM.elf" > "ADC_PWM.lst"
Finished building: ADC_PWM.hex
 
Invoking: Cross ARM GNU Print Size
arm-none-eabi-size --format=berkeley "ADC_PWM.elf"
   text	   data	    bss	    dec	    hex	filename
  89588	    756	   1176	  91520	  16580	ADC_PWM.elf
Finished building: ADC_PWM.siz
 
Finished building: ADC_PWM.lst
 
21:58:27 **** Incremental Build of configuration _build for project ADC_PWM ****
make -j2 all 
Building file: ../L5_Application/main.part0.cpp
Invoking: Cross ARM C++ Compiler
arm-none-eabi-g++ -mcpu=cortex-m3 -mthumb -Os -fmessage-length=0 -ffunction-sections -fdata-sections -Wall -Wshadow -Wlogical-op -Wfloat-equal -DBUILD_CFG_MPU=0 -I"C:\CMPE146\CMPE-146\SJSU_Dev\projects\ADC_PWM" -I"C:\CMPE146\CMPE-146\SJSU_Dev\projects\ADC_PWM\newlib" -I"C:\CMPE146\CMPE-146\SJSU_Dev\projects\ADC_PWM\L0_LowLevel" -I"C:\CMPE146\CMPE-146\SJSU_Dev\projects\ADC_PWM\L1_FreeRTOS" -I"C:\CMPE146\CMPE-146\SJSU_Dev\projects\ADC_PWM\L1_FreeRTOS\include" -I"C:\CMPE146\CMPE-146\SJSU_Dev\projects\ADC_PWM\L1_FreeRTOS\portable" -I"C:\CMPE146\CMPE-146\SJSU_Dev\projects\ADC_PWM\L1_FreeRTOS\portable\no_mpu" -I"C:\CMPE146\CMPE-146\SJSU_Dev\projects\ADC_PWM\L2_Drivers" -I"C:\CMPE146\CMPE-146\SJSU_Dev\projects\ADC_PWM\L2_Drivers\base" -I"C:\CMPE146\CMPE-146\SJSU_Dev\projects\ADC_PWM\L3_Utils" -I"C:\CMPE146\CMPE-146\SJSU_Dev\projects\ADC_PWM\L3_Utils\tlm" -I"C:\CMPE146\CMPE-146\SJSU_Dev\projects\ADC_PWM\L4_IO" -I"C:\CMPE146\CMPE-146\SJSU_Dev\projects\ADC_PWM\L4_IO\fat" -I"C:\CMPE146\CMPE-146\SJSU_Dev\projects\ADC_PWM\L4_IO\wireless" -I"C:\CMPE146\CMPE-146\SJSU_Dev\projects\ADC_PWM\L5_Application" -std=gnu++11 -fabi-version=0 -fno-exceptions -MMD -MP -MF"L5_Application/main.part0.d" -MT"L5_Application/main.part0.o" -c -o "L5_Application/main.part0.o" "../L5_Application/main.part0.cpp"
Finished building: ../L5_Application/main.part0.cpp
 
Building target: ADC_PWM.elf
Invoking: Cross ARM C++ Linker
arm-none-eabi-g++ -mcpu=cortex-m3 -mthumb -Os -fmessage-length=0 -ffunction-sections -fdata-sections -Wall -Wshadow -Wlogical-op -Wfloat-equal -T ../loader.ld -nostartfiles -Xlinker --gc-sections -Wl,-Map,"ADC_PWM.map" -specs=nano.specs -o "ADC_PWM.elf"  ./newlib/malloc_lock.o ./newlib/memory.o ./newlib/newlib_syscalls.o ./newlib/newlib_time.o  ./L5_Application/source/cmd_handlers/handlers.o ./L5_Application/source/cmd_handlers/prog_handlers.o ./L5_Application/source/cmd_handlers/wireless_handlers.o  ./L5_Application/source/high_level_init.o ./L5_Application/source/remote.o ./L5_Application/source/terminal.o  ./L5_Application/periodic_scheduler/period_callbacks.o ./L5_Application/periodic_scheduler/prd_monitor.o  ./L5_Application/examples/examples.o ./L5_Application/examples/rn_xv_task.o  ./L5_Application/PWM/pwmDriver.o  ./L5_Application/ADC/adcDriver.o  ./L5_Application/main.part0.o  ./L4_IO/wireless/src/mesh.o ./L4_IO/wireless/src/nrf24L01Plus.o ./L4_IO/wireless/src/wireless.o  ./L4_IO/src/gpio.o ./L4_IO/src/io_source.o ./L4_IO/src/storage.o  ./L4_IO/fat/option/ccsbcs.o ./L4_IO/fat/option/reentrant.o  ./L4_IO/fat/disk/diskio.o ./L4_IO/fat/disk/sd.o ./L4_IO/fat/disk/spi_flash.o  ./L4_IO/fat/fatfs_time.o ./L4_IO/fat/ff.o  ./L3_Utils/tlm/src/c_tlm_binary.o ./L3_Utils/tlm/src/c_tlm_comp.o ./L3_Utils/tlm/src/c_tlm_stream.o ./L3_Utils/tlm/src/c_tlm_var.o  ./L3_Utils/src/c_list.o ./L3_Utils/src/command_handler.o ./L3_Utils/src/file_logger.o ./L3_Utils/src/freertos_timer.o ./L3_Utils/src/printf_lib.o ./L3_Utils/src/rtc_alarm.o ./L3_Utils/src/scheduler_task.o ./L3_Utils/src/str.o ./L3_Utils/src/utilities.o  ./L2_Drivers/src/adc.o ./L2_Drivers/src/can.o ./L2_Drivers/src/eint.o ./L2_Drivers/src/i2c2.o ./L2_Drivers/src/lpc_pwm.o ./L2_Drivers/src/lpc_rit.o ./L2_Drivers/src/lpc_timers.o ./L2_Drivers/src/nrf_stream.o ./L2_Drivers/src/rtc.o ./L2_Drivers/src/spi_dma.o ./L2_Drivers/src/spi_sem.o ./L2_Drivers/src/uart0.o ./L2_Drivers/src/uart2.o ./L2_Drivers/src/uart3.o  ./L2_Drivers/base/char_dev.o ./L2_Drivers/base/i2c_base.o ./L2_Drivers/base/uart_dev.o  ./L1_FreeRTOS/trace/run_time_counter.o ./L1_FreeRTOS/trace/trcBase.o ./L1_FreeRTOS/trace/trcHardwarePort.o ./L1_FreeRTOS/trace/trcKernel.o ./L1_FreeRTOS/trace/trcKernelPort.o ./L1_FreeRTOS/trace/trcUser.o  ./L1_FreeRTOS/src/croutine.o ./L1_FreeRTOS/src/event_groups.o ./L1_FreeRTOS/src/list.o ./L1_FreeRTOS/src/queue.o ./L1_FreeRTOS/src/tasks.o ./L1_FreeRTOS/src/timers.o  ./L1_FreeRTOS/portable/no_mpu/port.o  ./L1_FreeRTOS/portable/run_time_stats.o  ./L1_FreeRTOS/hooks/hooks.o  ./L1_FreeRTOS/MemMang/freertos_mem_man.o  ./L0_LowLevel/source/core_cm3.o ./L0_LowLevel/source/low_level_init.o ./L0_LowLevel/source/lpc_peripherals.o ./L0_LowLevel/source/lpc_sys.o ./L0_LowLevel/source/startup.o ./L0_LowLevel/source/sys_clock.o ./L0_LowLevel/source/uart0_min.o   
Finished building target: ADC_PWM.elf
 
C:/CMPE146/CMPE-146/SJSU_Dev/binutils/make --no-print-directory post-build
Create binary file
arm-none-eabi-objcopy -O binary ADC_PWM.elf ADC_PWM.bin
 
Invoking: Cross ARM GNU Create Flash Image
Invoking: Cross ARM GNU Create Listing
arm-none-eabi-objcopy -O ihex "ADC_PWM.elf"  "ADC_PWM.hex"
arm-none-eabi-objdump --source --all-headers --demangle --line-numbers --wide "ADC_PWM.elf" > "ADC_PWM.lst"
Finished building: ADC_PWM.hex
 
Invoking: Cross ARM GNU Print Size
arm-none-eabi-size --format=berkeley "ADC_PWM.elf"
   text	   data	    bss	    dec	    hex	filename
  89764	    756	   1176	  91696	  16630	ADC_PWM.elf
Finished building: ADC_PWM.siz
 
Finished building: ADC_PWM.lst
 
21:58:57 **** Incremental Build of configuration _build for project ADC_PWM ****
make -j2 all 
Building file: ../L5_Application/main.part0.cpp
Invoking: Cross ARM C++ Compiler
arm-none-eabi-g++ -mcpu=cortex-m3 -mthumb -Os -fmessage-length=0 -ffunction-sections -fdata-sections -Wall -Wshadow -Wlogical-op -Wfloat-equal -DBUILD_CFG_MPU=0 -I"C:\CMPE146\CMPE-146\SJSU_Dev\projects\ADC_PWM" -I"C:\CMPE146\CMPE-146\SJSU_Dev\projects\ADC_PWM\newlib" -I"C:\CMPE146\CMPE-146\SJSU_Dev\projects\ADC_PWM\L0_LowLevel" -I"C:\CMPE146\CMPE-146\SJSU_Dev\projects\ADC_PWM\L1_FreeRTOS" -I"C:\CMPE146\CMPE-146\SJSU_Dev\projects\ADC_PWM\L1_FreeRTOS\include" -I"C:\CMPE146\CMPE-146\SJSU_Dev\projects\ADC_PWM\L1_FreeRTOS\portable" -I"C:\CMPE146\CMPE-146\SJSU_Dev\projects\ADC_PWM\L1_FreeRTOS\portable\no_mpu" -I"C:\CMPE146\CMPE-146\SJSU_Dev\projects\ADC_PWM\L2_Drivers" -I"C:\CMPE146\CMPE-146\SJSU_Dev\projects\ADC_PWM\L2_Drivers\base" -I"C:\CMPE146\CMPE-146\SJSU_Dev\projects\ADC_PWM\L3_Utils" -I"C:\CMPE146\CMPE-146\SJSU_Dev\projects\ADC_PWM\L3_Utils\tlm" -I"C:\CMPE146\CMPE-146\SJSU_Dev\projects\ADC_PWM\L4_IO" -I"C:\CMPE146\CMPE-146\SJSU_Dev\projects\ADC_PWM\L4_IO\fat" -I"C:\CMPE146\CMPE-146\SJSU_Dev\projects\ADC_PWM\L4_IO\wireless" -I"C:\CMPE146\CMPE-146\SJSU_Dev\projects\ADC_PWM\L5_Application" -std=gnu++11 -fabi-version=0 -fno-exceptions -MMD -MP -MF"L5_Application/main.part0.d" -MT"L5_Application/main.part0.o" -c -o "L5_Application/main.part0.o" "../L5_Application/main.part0.cpp"
Finished building: ../L5_Application/main.part0.cpp
 
Building target: ADC_PWM.elf
Invoking: Cross ARM C++ Linker
arm-none-eabi-g++ -mcpu=cortex-m3 -mthumb -Os -fmessage-length=0 -ffunction-sections -fdata-sections -Wall -Wshadow -Wlogical-op -Wfloat-equal -T ../loader.ld -nostartfiles -Xlinker --gc-sections -Wl,-Map,"ADC_PWM.map" -specs=nano.specs -o "ADC_PWM.elf"  ./newlib/malloc_lock.o ./newlib/memory.o ./newlib/newlib_syscalls.o ./newlib/newlib_time.o  ./L5_Application/source/cmd_handlers/handlers.o ./L5_Application/source/cmd_handlers/prog_handlers.o ./L5_Application/source/cmd_handlers/wireless_handlers.o  ./L5_Application/source/high_level_init.o ./L5_Application/source/remote.o ./L5_Application/source/terminal.o  ./L5_Application/periodic_scheduler/period_callbacks.o ./L5_Application/periodic_scheduler/prd_monitor.o  ./L5_Application/examples/examples.o ./L5_Application/examples/rn_xv_task.o  ./L5_Application/PWM/pwmDriver.o  ./L5_Application/ADC/adcDriver.o  ./L5_Application/main.part0.o  ./L4_IO/wireless/src/mesh.o ./L4_IO/wireless/src/nrf24L01Plus.o ./L4_IO/wireless/src/wireless.o  ./L4_IO/src/gpio.o ./L4_IO/src/io_source.o ./L4_IO/src/storage.o  ./L4_IO/fat/option/ccsbcs.o ./L4_IO/fat/option/reentrant.o  ./L4_IO/fat/disk/diskio.o ./L4_IO/fat/disk/sd.o ./L4_IO/fat/disk/spi_flash.o  ./L4_IO/fat/fatfs_time.o ./L4_IO/fat/ff.o  ./L3_Utils/tlm/src/c_tlm_binary.o ./L3_Utils/tlm/src/c_tlm_comp.o ./L3_Utils/tlm/src/c_tlm_stream.o ./L3_Utils/tlm/src/c_tlm_var.o  ./L3_Utils/src/c_list.o ./L3_Utils/src/command_handler.o ./L3_Utils/src/file_logger.o ./L3_Utils/src/freertos_timer.o ./L3_Utils/src/printf_lib.o ./L3_Utils/src/rtc_alarm.o ./L3_Utils/src/scheduler_task.o ./L3_Utils/src/str.o ./L3_Utils/src/utilities.o  ./L2_Drivers/src/adc.o ./L2_Drivers/src/can.o ./L2_Drivers/src/eint.o ./L2_Drivers/src/i2c2.o ./L2_Drivers/src/lpc_pwm.o ./L2_Drivers/src/lpc_rit.o ./L2_Drivers/src/lpc_timers.o ./L2_Drivers/src/nrf_stream.o ./L2_Drivers/src/rtc.o ./L2_Drivers/src/spi_dma.o ./L2_Drivers/src/spi_sem.o ./L2_Drivers/src/uart0.o ./L2_Drivers/src/uart2.o ./L2_Drivers/src/uart3.o  ./L2_Drivers/base/char_dev.o ./L2_Drivers/base/i2c_base.o ./L2_Drivers/base/uart_dev.o  ./L1_FreeRTOS/trace/run_time_counter.o ./L1_FreeRTOS/trace/trcBase.o ./L1_FreeRTOS/trace/trcHardwarePort.o ./L1_FreeRTOS/trace/trcKernel.o ./L1_FreeRTOS/trace/trcKernelPort.o ./L1_FreeRTOS/trace/trcUser.o  ./L1_FreeRTOS/src/croutine.o ./L1_FreeRTOS/src/event_groups.o ./L1_FreeRTOS/src/list.o ./L1_FreeRTOS/src/queue.o ./L1_FreeRTOS/src/tasks.o ./L1_FreeRTOS/src/timers.o  ./L1_FreeRTOS/portable/no_mpu/port.o  ./L1_FreeRTOS/portable/run_time_stats.o  ./L1_FreeRTOS/hooks/hooks.o  ./L1_FreeRTOS/MemMang/freertos_mem_man.o  ./L0_LowLevel/source/core_cm3.o ./L0_LowLevel/source/low_level_init.o ./L0_LowLevel/source/lpc_peripherals.o ./L0_LowLevel/source/lpc_sys.o ./L0_LowLevel/source/startup.o ./L0_LowLevel/source/sys_clock.o ./L0_LowLevel/source/uart0_min.o   
Finished building target: ADC_PWM.elf
 
C:/CMPE146/CMPE-146/SJSU_Dev/binutils/make --no-print-directory post-build
Create binary file
arm-none-eabi-objcopy -O binary ADC_PWM.elf ADC_PWM.bin
 
Invoking: Cross ARM GNU Create Flash Image
Invoking: Cross ARM GNU Create Listing
arm-none-eabi-objcopy -O ihex "ADC_PWM.elf"  "ADC_PWM.hex"
arm-none-eabi-objdump --source --all-headers --demangle --line-numbers --wide "ADC_PWM.elf" > "ADC_PWM.lst"
Finished building: ADC_PWM.hex
 
Invoking: Cross ARM GNU Print Size
arm-none-eabi-size --format=berkeley "ADC_PWM.elf"
   text	   data	    bss	    dec	    hex	filename
  89764	    756	   1176	  91696	  16630	ADC_PWM.elf
Finished building: ADC_PWM.siz
 
Finished building: ADC_PWM.lst
 
21:59:52 **** Incremental Build of configuration _build for project ADC_PWM ****
make -j2 all 
Building file: ../L5_Application/main.part0.cpp
Invoking: Cross ARM C++ Compiler
arm-none-eabi-g++ -mcpu=cortex-m3 -mthumb -Os -fmessage-length=0 -ffunction-sections -fdata-sections -Wall -Wshadow -Wlogical-op -Wfloat-equal -DBUILD_CFG_MPU=0 -I"C:\CMPE146\CMPE-146\SJSU_Dev\projects\ADC_PWM" -I"C:\CMPE146\CMPE-146\SJSU_Dev\projects\ADC_PWM\newlib" -I"C:\CMPE146\CMPE-146\SJSU_Dev\projects\ADC_PWM\L0_LowLevel" -I"C:\CMPE146\CMPE-146\SJSU_Dev\projects\ADC_PWM\L1_FreeRTOS" -I"C:\CMPE146\CMPE-146\SJSU_Dev\projects\ADC_PWM\L1_FreeRTOS\include" -I"C:\CMPE146\CMPE-146\SJSU_Dev\projects\ADC_PWM\L1_FreeRTOS\portable" -I"C:\CMPE146\CMPE-146\SJSU_Dev\projects\ADC_PWM\L1_FreeRTOS\portable\no_mpu" -I"C:\CMPE146\CMPE-146\SJSU_Dev\projects\ADC_PWM\L2_Drivers" -I"C:\CMPE146\CMPE-146\SJSU_Dev\projects\ADC_PWM\L2_Drivers\base" -I"C:\CMPE146\CMPE-146\SJSU_Dev\projects\ADC_PWM\L3_Utils" -I"C:\CMPE146\CMPE-146\SJSU_Dev\projects\ADC_PWM\L3_Utils\tlm" -I"C:\CMPE146\CMPE-146\SJSU_Dev\projects\ADC_PWM\L4_IO" -I"C:\CMPE146\CMPE-146\SJSU_Dev\projects\ADC_PWM\L4_IO\fat" -I"C:\CMPE146\CMPE-146\SJSU_Dev\projects\ADC_PWM\L4_IO\wireless" -I"C:\CMPE146\CMPE-146\SJSU_Dev\projects\ADC_PWM\L5_Application" -std=gnu++11 -fabi-version=0 -fno-exceptions -MMD -MP -MF"L5_Application/main.part0.d" -MT"L5_Application/main.part0.o" -c -o "L5_Application/main.part0.o" "../L5_Application/main.part0.cpp"
Finished building: ../L5_Application/main.part0.cpp
 
Building target: ADC_PWM.elf
Invoking: Cross ARM C++ Linker
arm-none-eabi-g++ -mcpu=cortex-m3 -mthumb -Os -fmessage-length=0 -ffunction-sections -fdata-sections -Wall -Wshadow -Wlogical-op -Wfloat-equal -T ../loader.ld -nostartfiles -Xlinker --gc-sections -Wl,-Map,"ADC_PWM.map" -specs=nano.specs -o "ADC_PWM.elf"  ./newlib/malloc_lock.o ./newlib/memory.o ./newlib/newlib_syscalls.o ./newlib/newlib_time.o  ./L5_Application/source/cmd_handlers/handlers.o ./L5_Application/source/cmd_handlers/prog_handlers.o ./L5_Application/source/cmd_handlers/wireless_handlers.o  ./L5_Application/source/high_level_init.o ./L5_Application/source/remote.o ./L5_Application/source/terminal.o  ./L5_Application/periodic_scheduler/period_callbacks.o ./L5_Application/periodic_scheduler/prd_monitor.o  ./L5_Application/examples/examples.o ./L5_Application/examples/rn_xv_task.o  ./L5_Application/PWM/pwmDriver.o  ./L5_Application/ADC/adcDriver.o  ./L5_Application/main.part0.o  ./L4_IO/wireless/src/mesh.o ./L4_IO/wireless/src/nrf24L01Plus.o ./L4_IO/wireless/src/wireless.o  ./L4_IO/src/gpio.o ./L4_IO/src/io_source.o ./L4_IO/src/storage.o  ./L4_IO/fat/option/ccsbcs.o ./L4_IO/fat/option/reentrant.o  ./L4_IO/fat/disk/diskio.o ./L4_IO/fat/disk/sd.o ./L4_IO/fat/disk/spi_flash.o  ./L4_IO/fat/fatfs_time.o ./L4_IO/fat/ff.o  ./L3_Utils/tlm/src/c_tlm_binary.o ./L3_Utils/tlm/src/c_tlm_comp.o ./L3_Utils/tlm/src/c_tlm_stream.o ./L3_Utils/tlm/src/c_tlm_var.o  ./L3_Utils/src/c_list.o ./L3_Utils/src/command_handler.o ./L3_Utils/src/file_logger.o ./L3_Utils/src/freertos_timer.o ./L3_Utils/src/printf_lib.o ./L3_Utils/src/rtc_alarm.o ./L3_Utils/src/scheduler_task.o ./L3_Utils/src/str.o ./L3_Utils/src/utilities.o  ./L2_Drivers/src/adc.o ./L2_Drivers/src/can.o ./L2_Drivers/src/eint.o ./L2_Drivers/src/i2c2.o ./L2_Drivers/src/lpc_pwm.o ./L2_Drivers/src/lpc_rit.o ./L2_Drivers/src/lpc_timers.o ./L2_Drivers/src/nrf_stream.o ./L2_Drivers/src/rtc.o ./L2_Drivers/src/spi_dma.o ./L2_Drivers/src/spi_sem.o ./L2_Drivers/src/uart0.o ./L2_Drivers/src/uart2.o ./L2_Drivers/src/uart3.o  ./L2_Drivers/base/char_dev.o ./L2_Drivers/base/i2c_base.o ./L2_Drivers/base/uart_dev.o  ./L1_FreeRTOS/trace/run_time_counter.o ./L1_FreeRTOS/trace/trcBase.o ./L1_FreeRTOS/trace/trcHardwarePort.o ./L1_FreeRTOS/trace/trcKernel.o ./L1_FreeRTOS/trace/trcKernelPort.o ./L1_FreeRTOS/trace/trcUser.o  ./L1_FreeRTOS/src/croutine.o ./L1_FreeRTOS/src/event_groups.o ./L1_FreeRTOS/src/list.o ./L1_FreeRTOS/src/queue.o ./L1_FreeRTOS/src/tasks.o ./L1_FreeRTOS/src/timers.o  ./L1_FreeRTOS/portable/no_mpu/port.o  ./L1_FreeRTOS/portable/run_time_stats.o  ./L1_FreeRTOS/hooks/hooks.o  ./L1_FreeRTOS/MemMang/freertos_mem_man.o  ./L0_LowLevel/source/core_cm3.o ./L0_LowLevel/source/low_level_init.o ./L0_LowLevel/source/lpc_peripherals.o ./L0_LowLevel/source/lpc_sys.o ./L0_LowLevel/source/startup.o ./L0_LowLevel/source/sys_clock.o ./L0_LowLevel/source/uart0_min.o   
Finished building target: ADC_PWM.elf
 
C:/CMPE146/CMPE-146/SJSU_Dev/binutils/make --no-print-directory post-build
Create binary file
arm-none-eabi-objcopy -O binary ADC_PWM.elf ADC_PWM.bin
 
Invoking: Cross ARM GNU Create Flash Image
Invoking: Cross ARM GNU Create Listing
arm-none-eabi-objdump --source --all-headers --demangle --line-numbers --wide "ADC_PWM.elf" > "ADC_PWM.lst"
arm-none-eabi-objcopy -O ihex "ADC_PWM.elf"  "ADC_PWM.hex"
Finished building: ADC_PWM.hex
 
Invoking: Cross ARM GNU Print Size
arm-none-eabi-size --format=berkeley "ADC_PWM.elf"
   text	   data	    bss	    dec	    hex	filename
  89764	    756	   1176	  91696	  16630	ADC_PWM.elf
Finished building: ADC_PWM.siz
 
Finished building: ADC_PWM.lst
 
22:00:56 **** Incremental Build of configuration _build for project ADC_PWM ****
make -j2 all 
Building file: ../L5_Application/PWM/pwmDriver.cpp
Invoking: Cross ARM C++ Compiler
arm-none-eabi-g++ -mcpu=cortex-m3 -mthumb -Os -fmessage-length=0 -ffunction-sections -fdata-sections -Wall -Wshadow -Wlogical-op -Wfloat-equal -DBUILD_CFG_MPU=0 -I"C:\CMPE146\CMPE-146\SJSU_Dev\projects\ADC_PWM" -I"C:\CMPE146\CMPE-146\SJSU_Dev\projects\ADC_PWM\newlib" -I"C:\CMPE146\CMPE-146\SJSU_Dev\projects\ADC_PWM\L0_LowLevel" -I"C:\CMPE146\CMPE-146\SJSU_Dev\projects\ADC_PWM\L1_FreeRTOS" -I"C:\CMPE146\CMPE-146\SJSU_Dev\projects\ADC_PWM\L1_FreeRTOS\include" -I"C:\CMPE146\CMPE-146\SJSU_Dev\projects\ADC_PWM\L1_FreeRTOS\portable" -I"C:\CMPE146\CMPE-146\SJSU_Dev\projects\ADC_PWM\L1_FreeRTOS\portable\no_mpu" -I"C:\CMPE146\CMPE-146\SJSU_Dev\projects\ADC_PWM\L2_Drivers" -I"C:\CMPE146\CMPE-146\SJSU_Dev\projects\ADC_PWM\L2_Drivers\base" -I"C:\CMPE146\CMPE-146\SJSU_Dev\projects\ADC_PWM\L3_Utils" -I"C:\CMPE146\CMPE-146\SJSU_Dev\projects\ADC_PWM\L3_Utils\tlm" -I"C:\CMPE146\CMPE-146\SJSU_Dev\projects\ADC_PWM\L4_IO" -I"C:\CMPE146\CMPE-146\SJSU_Dev\projects\ADC_PWM\L4_IO\fat" -I"C:\CMPE146\CMPE-146\SJSU_Dev\projects\ADC_PWM\L4_IO\wireless" -I"C:\CMPE146\CMPE-146\SJSU_Dev\projects\ADC_PWM\L5_Application" -std=gnu++11 -fabi-version=0 -fno-exceptions -MMD -MP -MF"L5_Application/PWM/pwmDriver.d" -MT"L5_Application/PWM/pwmDriver.o" -c -o "L5_Application/PWM/pwmDriver.o" "../L5_Application/PWM/pwmDriver.cpp"
Finished building: ../L5_Application/PWM/pwmDriver.cpp
 
Building target: ADC_PWM.elf
Invoking: Cross ARM C++ Linker
arm-none-eabi-g++ -mcpu=cortex-m3 -mthumb -Os -fmessage-length=0 -ffunction-sections -fdata-sections -Wall -Wshadow -Wlogical-op -Wfloat-equal -T ../loader.ld -nostartfiles -Xlinker --gc-sections -Wl,-Map,"ADC_PWM.map" -specs=nano.specs -o "ADC_PWM.elf"  ./newlib/malloc_lock.o ./newlib/memory.o ./newlib/newlib_syscalls.o ./newlib/newlib_time.o  ./L5_Application/source/cmd_handlers/handlers.o ./L5_Application/source/cmd_handlers/prog_handlers.o ./L5_Application/source/cmd_handlers/wireless_handlers.o  ./L5_Application/source/high_level_init.o ./L5_Application/source/remote.o ./L5_Application/source/terminal.o  ./L5_Application/periodic_scheduler/period_callbacks.o ./L5_Application/periodic_scheduler/prd_monitor.o  ./L5_Application/examples/examples.o ./L5_Application/examples/rn_xv_task.o  ./L5_Application/PWM/pwmDriver.o  ./L5_Application/ADC/adcDriver.o  ./L5_Application/main.part0.o  ./L4_IO/wireless/src/mesh.o ./L4_IO/wireless/src/nrf24L01Plus.o ./L4_IO/wireless/src/wireless.o  ./L4_IO/src/gpio.o ./L4_IO/src/io_source.o ./L4_IO/src/storage.o  ./L4_IO/fat/option/ccsbcs.o ./L4_IO/fat/option/reentrant.o  ./L4_IO/fat/disk/diskio.o ./L4_IO/fat/disk/sd.o ./L4_IO/fat/disk/spi_flash.o  ./L4_IO/fat/fatfs_time.o ./L4_IO/fat/ff.o  ./L3_Utils/tlm/src/c_tlm_binary.o ./L3_Utils/tlm/src/c_tlm_comp.o ./L3_Utils/tlm/src/c_tlm_stream.o ./L3_Utils/tlm/src/c_tlm_var.o  ./L3_Utils/src/c_list.o ./L3_Utils/src/command_handler.o ./L3_Utils/src/file_logger.o ./L3_Utils/src/freertos_timer.o ./L3_Utils/src/printf_lib.o ./L3_Utils/src/rtc_alarm.o ./L3_Utils/src/scheduler_task.o ./L3_Utils/src/str.o ./L3_Utils/src/utilities.o  ./L2_Drivers/src/adc.o ./L2_Drivers/src/can.o ./L2_Drivers/src/eint.o ./L2_Drivers/src/i2c2.o ./L2_Drivers/src/lpc_pwm.o ./L2_Drivers/src/lpc_rit.o ./L2_Drivers/src/lpc_timers.o ./L2_Drivers/src/nrf_stream.o ./L2_Drivers/src/rtc.o ./L2_Drivers/src/spi_dma.o ./L2_Drivers/src/spi_sem.o ./L2_Drivers/src/uart0.o ./L2_Drivers/src/uart2.o ./L2_Drivers/src/uart3.o  ./L2_Drivers/base/char_dev.o ./L2_Drivers/base/i2c_base.o ./L2_Drivers/base/uart_dev.o  ./L1_FreeRTOS/trace/run_time_counter.o ./L1_FreeRTOS/trace/trcBase.o ./L1_FreeRTOS/trace/trcHardwarePort.o ./L1_FreeRTOS/trace/trcKernel.o ./L1_FreeRTOS/trace/trcKernelPort.o ./L1_FreeRTOS/trace/trcUser.o  ./L1_FreeRTOS/src/croutine.o ./L1_FreeRTOS/src/event_groups.o ./L1_FreeRTOS/src/list.o ./L1_FreeRTOS/src/queue.o ./L1_FreeRTOS/src/tasks.o ./L1_FreeRTOS/src/timers.o  ./L1_FreeRTOS/portable/no_mpu/port.o  ./L1_FreeRTOS/portable/run_time_stats.o  ./L1_FreeRTOS/hooks/hooks.o  ./L1_FreeRTOS/MemMang/freertos_mem_man.o  ./L0_LowLevel/source/core_cm3.o ./L0_LowLevel/source/low_level_init.o ./L0_LowLevel/source/lpc_peripherals.o ./L0_LowLevel/source/lpc_sys.o ./L0_LowLevel/source/startup.o ./L0_LowLevel/source/sys_clock.o ./L0_LowLevel/source/uart0_min.o   
Finished building target: ADC_PWM.elf
 
C:/CMPE146/CMPE-146/SJSU_Dev/binutils/make --no-print-directory post-build
Create binary file
arm-none-eabi-objcopy -O binary ADC_PWM.elf ADC_PWM.bin
 
Invoking: Cross ARM GNU Create Flash Image
Invoking: Cross ARM GNU Create Listing
arm-none-eabi-objdump --source --all-headers --demangle --line-numbers --wide "ADC_PWM.elf" > "ADC_PWM.lst"
arm-none-eabi-objcopy -O ihex "ADC_PWM.elf"  "ADC_PWM.hex"
Finished building: ADC_PWM.hex
 
Invoking: Cross ARM GNU Print Size
arm-none-eabi-size --format=berkeley "ADC_PWM.elf"
   text	   data	    bss	    dec	    hex	filename
  89748	    756	   1176	  91680	  16620	ADC_PWM.elf
Finished building: ADC_PWM.siz
 
Finished building: ADC_PWM.lst
 
22:08:57 **** Incremental Build of configuration _build for project ADC_PWM ****
make -j2 all 
Building file: ../L5_Application/PWM/pwmDriver.cpp
Invoking: Cross ARM C++ Compiler
arm-none-eabi-g++ -mcpu=cortex-m3 -mthumb -Os -fmessage-length=0 -ffunction-sections -fdata-sections -Wall -Wshadow -Wlogical-op -Wfloat-equal -DBUILD_CFG_MPU=0 -I"C:\CMPE146\CMPE-146\SJSU_Dev\projects\ADC_PWM" -I"C:\CMPE146\CMPE-146\SJSU_Dev\projects\ADC_PWM\newlib" -I"C:\CMPE146\CMPE-146\SJSU_Dev\projects\ADC_PWM\L0_LowLevel" -I"C:\CMPE146\CMPE-146\SJSU_Dev\projects\ADC_PWM\L1_FreeRTOS" -I"C:\CMPE146\CMPE-146\SJSU_Dev\projects\ADC_PWM\L1_FreeRTOS\include" -I"C:\CMPE146\CMPE-146\SJSU_Dev\projects\ADC_PWM\L1_FreeRTOS\portable" -I"C:\CMPE146\CMPE-146\SJSU_Dev\projects\ADC_PWM\L1_FreeRTOS\portable\no_mpu" -I"C:\CMPE146\CMPE-146\SJSU_Dev\projects\ADC_PWM\L2_Drivers" -I"C:\CMPE146\CMPE-146\SJSU_Dev\projects\ADC_PWM\L2_Drivers\base" -I"C:\CMPE146\CMPE-146\SJSU_Dev\projects\ADC_PWM\L3_Utils" -I"C:\CMPE146\CMPE-146\SJSU_Dev\projects\ADC_PWM\L3_Utils\tlm" -I"C:\CMPE146\CMPE-146\SJSU_Dev\projects\ADC_PWM\L4_IO" -I"C:\CMPE146\CMPE-146\SJSU_Dev\projects\ADC_PWM\L4_IO\fat" -I"C:\CMPE146\CMPE-146\SJSU_Dev\projects\ADC_PWM\L4_IO\wireless" -I"C:\CMPE146\CMPE-146\SJSU_Dev\projects\ADC_PWM\L5_Application" -std=gnu++11 -fabi-version=0 -fno-exceptions -MMD -MP -MF"L5_Application/PWM/pwmDriver.d" -MT"L5_Application/PWM/pwmDriver.o" -c -o "L5_Application/PWM/pwmDriver.o" "../L5_Application/PWM/pwmDriver.cpp"
Finished building: ../L5_Application/PWM/pwmDriver.cpp
 
Building target: ADC_PWM.elf
Invoking: Cross ARM C++ Linker
arm-none-eabi-g++ -mcpu=cortex-m3 -mthumb -Os -fmessage-length=0 -ffunction-sections -fdata-sections -Wall -Wshadow -Wlogical-op -Wfloat-equal -T ../loader.ld -nostartfiles -Xlinker --gc-sections -Wl,-Map,"ADC_PWM.map" -specs=nano.specs -o "ADC_PWM.elf"  ./newlib/malloc_lock.o ./newlib/memory.o ./newlib/newlib_syscalls.o ./newlib/newlib_time.o  ./L5_Application/source/cmd_handlers/handlers.o ./L5_Application/source/cmd_handlers/prog_handlers.o ./L5_Application/source/cmd_handlers/wireless_handlers.o  ./L5_Application/source/high_level_init.o ./L5_Application/source/remote.o ./L5_Application/source/terminal.o  ./L5_Application/periodic_scheduler/period_callbacks.o ./L5_Application/periodic_scheduler/prd_monitor.o  ./L5_Application/examples/examples.o ./L5_Application/examples/rn_xv_task.o  ./L5_Application/PWM/pwmDriver.o  ./L5_Application/ADC/adcDriver.o  ./L5_Application/main.part0.o  ./L4_IO/wireless/src/mesh.o ./L4_IO/wireless/src/nrf24L01Plus.o ./L4_IO/wireless/src/wireless.o  ./L4_IO/src/gpio.o ./L4_IO/src/io_source.o ./L4_IO/src/storage.o  ./L4_IO/fat/option/ccsbcs.o ./L4_IO/fat/option/reentrant.o  ./L4_IO/fat/disk/diskio.o ./L4_IO/fat/disk/sd.o ./L4_IO/fat/disk/spi_flash.o  ./L4_IO/fat/fatfs_time.o ./L4_IO/fat/ff.o  ./L3_Utils/tlm/src/c_tlm_binary.o ./L3_Utils/tlm/src/c_tlm_comp.o ./L3_Utils/tlm/src/c_tlm_stream.o ./L3_Utils/tlm/src/c_tlm_var.o  ./L3_Utils/src/c_list.o ./L3_Utils/src/command_handler.o ./L3_Utils/src/file_logger.o ./L3_Utils/src/freertos_timer.o ./L3_Utils/src/printf_lib.o ./L3_Utils/src/rtc_alarm.o ./L3_Utils/src/scheduler_task.o ./L3_Utils/src/str.o ./L3_Utils/src/utilities.o  ./L2_Drivers/src/adc.o ./L2_Drivers/src/can.o ./L2_Drivers/src/eint.o ./L2_Drivers/src/i2c2.o ./L2_Drivers/src/lpc_pwm.o ./L2_Drivers/src/lpc_rit.o ./L2_Drivers/src/lpc_timers.o ./L2_Drivers/src/nrf_stream.o ./L2_Drivers/src/rtc.o ./L2_Drivers/src/spi_dma.o ./L2_Drivers/src/spi_sem.o ./L2_Drivers/src/uart0.o ./L2_Drivers/src/uart2.o ./L2_Drivers/src/uart3.o  ./L2_Drivers/base/char_dev.o ./L2_Drivers/base/i2c_base.o ./L2_Drivers/base/uart_dev.o  ./L1_FreeRTOS/trace/run_time_counter.o ./L1_FreeRTOS/trace/trcBase.o ./L1_FreeRTOS/trace/trcHardwarePort.o ./L1_FreeRTOS/trace/trcKernel.o ./L1_FreeRTOS/trace/trcKernelPort.o ./L1_FreeRTOS/trace/trcUser.o  ./L1_FreeRTOS/src/croutine.o ./L1_FreeRTOS/src/event_groups.o ./L1_FreeRTOS/src/list.o ./L1_FreeRTOS/src/queue.o ./L1_FreeRTOS/src/tasks.o ./L1_FreeRTOS/src/timers.o  ./L1_FreeRTOS/portable/no_mpu/port.o  ./L1_FreeRTOS/portable/run_time_stats.o  ./L1_FreeRTOS/hooks/hooks.o  ./L1_FreeRTOS/MemMang/freertos_mem_man.o  ./L0_LowLevel/source/core_cm3.o ./L0_LowLevel/source/low_level_init.o ./L0_LowLevel/source/lpc_peripherals.o ./L0_LowLevel/source/lpc_sys.o ./L0_LowLevel/source/startup.o ./L0_LowLevel/source/sys_clock.o ./L0_LowLevel/source/uart0_min.o   
Finished building target: ADC_PWM.elf
 
C:/CMPE146/CMPE-146/SJSU_Dev/binutils/make --no-print-directory post-build
Create binary file
arm-none-eabi-objcopy -O binary ADC_PWM.elf ADC_PWM.bin
 
Invoking: Cross ARM GNU Create Flash Image
Invoking: Cross ARM GNU Create Listing
arm-none-eabi-objcopy -O ihex "ADC_PWM.elf"  "ADC_PWM.hex"
arm-none-eabi-objdump --source --all-headers --demangle --line-numbers --wide "ADC_PWM.elf" > "ADC_PWM.lst"
Finished building: ADC_PWM.hex
 
Invoking: Cross ARM GNU Print Size
arm-none-eabi-size --format=berkeley "ADC_PWM.elf"
   text	   data	    bss	    dec	    hex	filename
  89748	    756	   1176	  91680	  16620	ADC_PWM.elf
Finished building: ADC_PWM.siz
 
Finished building: ADC_PWM.lst
 
22:10:53 **** Incremental Build of configuration _build for project ADC_PWM ****
make -j2 all 
Building file: ../L5_Application/PWM/pwmDriver.cpp
Invoking: Cross ARM C++ Compiler
arm-none-eabi-g++ -mcpu=cortex-m3 -mthumb -Os -fmessage-length=0 -ffunction-sections -fdata-sections -Wall -Wshadow -Wlogical-op -Wfloat-equal -DBUILD_CFG_MPU=0 -I"C:\CMPE146\CMPE-146\SJSU_Dev\projects\ADC_PWM" -I"C:\CMPE146\CMPE-146\SJSU_Dev\projects\ADC_PWM\newlib" -I"C:\CMPE146\CMPE-146\SJSU_Dev\projects\ADC_PWM\L0_LowLevel" -I"C:\CMPE146\CMPE-146\SJSU_Dev\projects\ADC_PWM\L1_FreeRTOS" -I"C:\CMPE146\CMPE-146\SJSU_Dev\projects\ADC_PWM\L1_FreeRTOS\include" -I"C:\CMPE146\CMPE-146\SJSU_Dev\projects\ADC_PWM\L1_FreeRTOS\portable" -I"C:\CMPE146\CMPE-146\SJSU_Dev\projects\ADC_PWM\L1_FreeRTOS\portable\no_mpu" -I"C:\CMPE146\CMPE-146\SJSU_Dev\projects\ADC_PWM\L2_Drivers" -I"C:\CMPE146\CMPE-146\SJSU_Dev\projects\ADC_PWM\L2_Drivers\base" -I"C:\CMPE146\CMPE-146\SJSU_Dev\projects\ADC_PWM\L3_Utils" -I"C:\CMPE146\CMPE-146\SJSU_Dev\projects\ADC_PWM\L3_Utils\tlm" -I"C:\CMPE146\CMPE-146\SJSU_Dev\projects\ADC_PWM\L4_IO" -I"C:\CMPE146\CMPE-146\SJSU_Dev\projects\ADC_PWM\L4_IO\fat" -I"C:\CMPE146\CMPE-146\SJSU_Dev\projects\ADC_PWM\L4_IO\wireless" -I"C:\CMPE146\CMPE-146\SJSU_Dev\projects\ADC_PWM\L5_Application" -std=gnu++11 -fabi-version=0 -fno-exceptions -MMD -MP -MF"L5_Application/PWM/pwmDriver.d" -MT"L5_Application/PWM/pwmDriver.o" -c -o "L5_Application/PWM/pwmDriver.o" "../L5_Application/PWM/pwmDriver.cpp"
Finished building: ../L5_Application/PWM/pwmDriver.cpp
 
Building target: ADC_PWM.elf
Invoking: Cross ARM C++ Linker
arm-none-eabi-g++ -mcpu=cortex-m3 -mthumb -Os -fmessage-length=0 -ffunction-sections -fdata-sections -Wall -Wshadow -Wlogical-op -Wfloat-equal -T ../loader.ld -nostartfiles -Xlinker --gc-sections -Wl,-Map,"ADC_PWM.map" -specs=nano.specs -o "ADC_PWM.elf"  ./newlib/malloc_lock.o ./newlib/memory.o ./newlib/newlib_syscalls.o ./newlib/newlib_time.o  ./L5_Application/source/cmd_handlers/handlers.o ./L5_Application/source/cmd_handlers/prog_handlers.o ./L5_Application/source/cmd_handlers/wireless_handlers.o  ./L5_Application/source/high_level_init.o ./L5_Application/source/remote.o ./L5_Application/source/terminal.o  ./L5_Application/periodic_scheduler/period_callbacks.o ./L5_Application/periodic_scheduler/prd_monitor.o  ./L5_Application/examples/examples.o ./L5_Application/examples/rn_xv_task.o  ./L5_Application/PWM/pwmDriver.o  ./L5_Application/ADC/adcDriver.o  ./L5_Application/main.part0.o  ./L4_IO/wireless/src/mesh.o ./L4_IO/wireless/src/nrf24L01Plus.o ./L4_IO/wireless/src/wireless.o  ./L4_IO/src/gpio.o ./L4_IO/src/io_source.o ./L4_IO/src/storage.o  ./L4_IO/fat/option/ccsbcs.o ./L4_IO/fat/option/reentrant.o  ./L4_IO/fat/disk/diskio.o ./L4_IO/fat/disk/sd.o ./L4_IO/fat/disk/spi_flash.o  ./L4_IO/fat/fatfs_time.o ./L4_IO/fat/ff.o  ./L3_Utils/tlm/src/c_tlm_binary.o ./L3_Utils/tlm/src/c_tlm_comp.o ./L3_Utils/tlm/src/c_tlm_stream.o ./L3_Utils/tlm/src/c_tlm_var.o  ./L3_Utils/src/c_list.o ./L3_Utils/src/command_handler.o ./L3_Utils/src/file_logger.o ./L3_Utils/src/freertos_timer.o ./L3_Utils/src/printf_lib.o ./L3_Utils/src/rtc_alarm.o ./L3_Utils/src/scheduler_task.o ./L3_Utils/src/str.o ./L3_Utils/src/utilities.o  ./L2_Drivers/src/adc.o ./L2_Drivers/src/can.o ./L2_Drivers/src/eint.o ./L2_Drivers/src/i2c2.o ./L2_Drivers/src/lpc_pwm.o ./L2_Drivers/src/lpc_rit.o ./L2_Drivers/src/lpc_timers.o ./L2_Drivers/src/nrf_stream.o ./L2_Drivers/src/rtc.o ./L2_Drivers/src/spi_dma.o ./L2_Drivers/src/spi_sem.o ./L2_Drivers/src/uart0.o ./L2_Drivers/src/uart2.o ./L2_Drivers/src/uart3.o  ./L2_Drivers/base/char_dev.o ./L2_Drivers/base/i2c_base.o ./L2_Drivers/base/uart_dev.o  ./L1_FreeRTOS/trace/run_time_counter.o ./L1_FreeRTOS/trace/trcBase.o ./L1_FreeRTOS/trace/trcHardwarePort.o ./L1_FreeRTOS/trace/trcKernel.o ./L1_FreeRTOS/trace/trcKernelPort.o ./L1_FreeRTOS/trace/trcUser.o  ./L1_FreeRTOS/src/croutine.o ./L1_FreeRTOS/src/event_groups.o ./L1_FreeRTOS/src/list.o ./L1_FreeRTOS/src/queue.o ./L1_FreeRTOS/src/tasks.o ./L1_FreeRTOS/src/timers.o  ./L1_FreeRTOS/portable/no_mpu/port.o  ./L1_FreeRTOS/portable/run_time_stats.o  ./L1_FreeRTOS/hooks/hooks.o  ./L1_FreeRTOS/MemMang/freertos_mem_man.o  ./L0_LowLevel/source/core_cm3.o ./L0_LowLevel/source/low_level_init.o ./L0_LowLevel/source/lpc_peripherals.o ./L0_LowLevel/source/lpc_sys.o ./L0_LowLevel/source/startup.o ./L0_LowLevel/source/sys_clock.o ./L0_LowLevel/source/uart0_min.o   
Finished building target: ADC_PWM.elf
 
C:/CMPE146/CMPE-146/SJSU_Dev/binutils/make --no-print-directory post-build
Create binary file
arm-none-eabi-objcopy -O binary ADC_PWM.elf ADC_PWM.bin
 
Invoking: Cross ARM GNU Create Flash Image
Invoking: Cross ARM GNU Create Listing
arm-none-eabi-objdump --source --all-headers --demangle --line-numbers --wide "ADC_PWM.elf" > "ADC_PWM.lst"
arm-none-eabi-objcopy -O ihex "ADC_PWM.elf"  "ADC_PWM.hex"
Finished building: ADC_PWM.hex
 
Invoking: Cross ARM GNU Print Size
arm-none-eabi-size --format=berkeley "ADC_PWM.elf"
   text	   data	    bss	    dec	    hex	filename
  89764	    756	   1176	  91696	  16630	ADC_PWM.elf
Finished building: ADC_PWM.siz
 
Finished building: ADC_PWM.lst
 
22:11:57 **** Incremental Build of configuration _build for project ADC_PWM ****
make -j2 all 
Building file: ../L5_Application/main.part0.cpp
Invoking: Cross ARM C++ Compiler
arm-none-eabi-g++ -mcpu=cortex-m3 -mthumb -Os -fmessage-length=0 -ffunction-sections -fdata-sections -Wall -Wshadow -Wlogical-op -Wfloat-equal -DBUILD_CFG_MPU=0 -I"C:\CMPE146\CMPE-146\SJSU_Dev\projects\ADC_PWM" -I"C:\CMPE146\CMPE-146\SJSU_Dev\projects\ADC_PWM\newlib" -I"C:\CMPE146\CMPE-146\SJSU_Dev\projects\ADC_PWM\L0_LowLevel" -I"C:\CMPE146\CMPE-146\SJSU_Dev\projects\ADC_PWM\L1_FreeRTOS" -I"C:\CMPE146\CMPE-146\SJSU_Dev\projects\ADC_PWM\L1_FreeRTOS\include" -I"C:\CMPE146\CMPE-146\SJSU_Dev\projects\ADC_PWM\L1_FreeRTOS\portable" -I"C:\CMPE146\CMPE-146\SJSU_Dev\projects\ADC_PWM\L1_FreeRTOS\portable\no_mpu" -I"C:\CMPE146\CMPE-146\SJSU_Dev\projects\ADC_PWM\L2_Drivers" -I"C:\CMPE146\CMPE-146\SJSU_Dev\projects\ADC_PWM\L2_Drivers\base" -I"C:\CMPE146\CMPE-146\SJSU_Dev\projects\ADC_PWM\L3_Utils" -I"C:\CMPE146\CMPE-146\SJSU_Dev\projects\ADC_PWM\L3_Utils\tlm" -I"C:\CMPE146\CMPE-146\SJSU_Dev\projects\ADC_PWM\L4_IO" -I"C:\CMPE146\CMPE-146\SJSU_Dev\projects\ADC_PWM\L4_IO\fat" -I"C:\CMPE146\CMPE-146\SJSU_Dev\projects\ADC_PWM\L4_IO\wireless" -I"C:\CMPE146\CMPE-146\SJSU_Dev\projects\ADC_PWM\L5_Application" -std=gnu++11 -fabi-version=0 -fno-exceptions -MMD -MP -MF"L5_Application/main.part0.d" -MT"L5_Application/main.part0.o" -c -o "L5_Application/main.part0.o" "../L5_Application/main.part0.cpp"
Finished building: ../L5_Application/main.part0.cpp
 
Building target: ADC_PWM.elf
Invoking: Cross ARM C++ Linker
arm-none-eabi-g++ -mcpu=cortex-m3 -mthumb -Os -fmessage-length=0 -ffunction-sections -fdata-sections -Wall -Wshadow -Wlogical-op -Wfloat-equal -T ../loader.ld -nostartfiles -Xlinker --gc-sections -Wl,-Map,"ADC_PWM.map" -specs=nano.specs -o "ADC_PWM.elf"  ./newlib/malloc_lock.o ./newlib/memory.o ./newlib/newlib_syscalls.o ./newlib/newlib_time.o  ./L5_Application/source/cmd_handlers/handlers.o ./L5_Application/source/cmd_handlers/prog_handlers.o ./L5_Application/source/cmd_handlers/wireless_handlers.o  ./L5_Application/source/high_level_init.o ./L5_Application/source/remote.o ./L5_Application/source/terminal.o  ./L5_Application/periodic_scheduler/period_callbacks.o ./L5_Application/periodic_scheduler/prd_monitor.o  ./L5_Application/examples/examples.o ./L5_Application/examples/rn_xv_task.o  ./L5_Application/PWM/pwmDriver.o  ./L5_Application/ADC/adcDriver.o  ./L5_Application/main.part0.o  ./L4_IO/wireless/src/mesh.o ./L4_IO/wireless/src/nrf24L01Plus.o ./L4_IO/wireless/src/wireless.o  ./L4_IO/src/gpio.o ./L4_IO/src/io_source.o ./L4_IO/src/storage.o  ./L4_IO/fat/option/ccsbcs.o ./L4_IO/fat/option/reentrant.o  ./L4_IO/fat/disk/diskio.o ./L4_IO/fat/disk/sd.o ./L4_IO/fat/disk/spi_flash.o  ./L4_IO/fat/fatfs_time.o ./L4_IO/fat/ff.o  ./L3_Utils/tlm/src/c_tlm_binary.o ./L3_Utils/tlm/src/c_tlm_comp.o ./L3_Utils/tlm/src/c_tlm_stream.o ./L3_Utils/tlm/src/c_tlm_var.o  ./L3_Utils/src/c_list.o ./L3_Utils/src/command_handler.o ./L3_Utils/src/file_logger.o ./L3_Utils/src/freertos_timer.o ./L3_Utils/src/printf_lib.o ./L3_Utils/src/rtc_alarm.o ./L3_Utils/src/scheduler_task.o ./L3_Utils/src/str.o ./L3_Utils/src/utilities.o  ./L2_Drivers/src/adc.o ./L2_Drivers/src/can.o ./L2_Drivers/src/eint.o ./L2_Drivers/src/i2c2.o ./L2_Drivers/src/lpc_pwm.o ./L2_Drivers/src/lpc_rit.o ./L2_Drivers/src/lpc_timers.o ./L2_Drivers/src/nrf_stream.o ./L2_Drivers/src/rtc.o ./L2_Drivers/src/spi_dma.o ./L2_Drivers/src/spi_sem.o ./L2_Drivers/src/uart0.o ./L2_Drivers/src/uart2.o ./L2_Drivers/src/uart3.o  ./L2_Drivers/base/char_dev.o ./L2_Drivers/base/i2c_base.o ./L2_Drivers/base/uart_dev.o  ./L1_FreeRTOS/trace/run_time_counter.o ./L1_FreeRTOS/trace/trcBase.o ./L1_FreeRTOS/trace/trcHardwarePort.o ./L1_FreeRTOS/trace/trcKernel.o ./L1_FreeRTOS/trace/trcKernelPort.o ./L1_FreeRTOS/trace/trcUser.o  ./L1_FreeRTOS/src/croutine.o ./L1_FreeRTOS/src/event_groups.o ./L1_FreeRTOS/src/list.o ./L1_FreeRTOS/src/queue.o ./L1_FreeRTOS/src/tasks.o ./L1_FreeRTOS/src/timers.o  ./L1_FreeRTOS/portable/no_mpu/port.o  ./L1_FreeRTOS/portable/run_time_stats.o  ./L1_FreeRTOS/hooks/hooks.o  ./L1_FreeRTOS/MemMang/freertos_mem_man.o  ./L0_LowLevel/source/core_cm3.o ./L0_LowLevel/source/low_level_init.o ./L0_LowLevel/source/lpc_peripherals.o ./L0_LowLevel/source/lpc_sys.o ./L0_LowLevel/source/startup.o ./L0_LowLevel/source/sys_clock.o ./L0_LowLevel/source/uart0_min.o   
Finished building target: ADC_PWM.elf
 
C:/CMPE146/CMPE-146/SJSU_Dev/binutils/make --no-print-directory post-build
Create binary file
arm-none-eabi-objcopy -O binary ADC_PWM.elf ADC_PWM.bin
 
Invoking: Cross ARM GNU Create Flash Image
Invoking: Cross ARM GNU Create Listing
arm-none-eabi-objcopy -O ihex "ADC_PWM.elf"  "ADC_PWM.hex"
arm-none-eabi-objdump --source --all-headers --demangle --line-numbers --wide "ADC_PWM.elf" > "ADC_PWM.lst"
Finished building: ADC_PWM.hex
 
Invoking: Cross ARM GNU Print Size
arm-none-eabi-size --format=berkeley "ADC_PWM.elf"
   text	   data	    bss	    dec	    hex	filename
  89844	    756	   1176	  91776	  16680	ADC_PWM.elf
Finished building: ADC_PWM.siz
 
Finished building: ADC_PWM.lst
 
22:12:40 **** Incremental Build of configuration _build for project ADC_PWM ****
make -j2 all 
Building file: ../L5_Application/PWM/pwmDriver.cpp
Invoking: Cross ARM C++ Compiler
arm-none-eabi-g++ -mcpu=cortex-m3 -mthumb -Os -fmessage-length=0 -ffunction-sections -fdata-sections -Wall -Wshadow -Wlogical-op -Wfloat-equal -DBUILD_CFG_MPU=0 -I"C:\CMPE146\CMPE-146\SJSU_Dev\projects\ADC_PWM" -I"C:\CMPE146\CMPE-146\SJSU_Dev\projects\ADC_PWM\newlib" -I"C:\CMPE146\CMPE-146\SJSU_Dev\projects\ADC_PWM\L0_LowLevel" -I"C:\CMPE146\CMPE-146\SJSU_Dev\projects\ADC_PWM\L1_FreeRTOS" -I"C:\CMPE146\CMPE-146\SJSU_Dev\projects\ADC_PWM\L1_FreeRTOS\include" -I"C:\CMPE146\CMPE-146\SJSU_Dev\projects\ADC_PWM\L1_FreeRTOS\portable" -I"C:\CMPE146\CMPE-146\SJSU_Dev\projects\ADC_PWM\L1_FreeRTOS\portable\no_mpu" -I"C:\CMPE146\CMPE-146\SJSU_Dev\projects\ADC_PWM\L2_Drivers" -I"C:\CMPE146\CMPE-146\SJSU_Dev\projects\ADC_PWM\L2_Drivers\base" -I"C:\CMPE146\CMPE-146\SJSU_Dev\projects\ADC_PWM\L3_Utils" -I"C:\CMPE146\CMPE-146\SJSU_Dev\projects\ADC_PWM\L3_Utils\tlm" -I"C:\CMPE146\CMPE-146\SJSU_Dev\projects\ADC_PWM\L4_IO" -I"C:\CMPE146\CMPE-146\SJSU_Dev\projects\ADC_PWM\L4_IO\fat" -I"C:\CMPE146\CMPE-146\SJSU_Dev\projects\ADC_PWM\L4_IO\wireless" -I"C:\CMPE146\CMPE-146\SJSU_Dev\projects\ADC_PWM\L5_Application" -std=gnu++11 -fabi-version=0 -fno-exceptions -MMD -MP -MF"L5_Application/PWM/pwmDriver.d" -MT"L5_Application/PWM/pwmDriver.o" -c -o "L5_Application/PWM/pwmDriver.o" "../L5_Application/PWM/pwmDriver.cpp"
../L5_Application/PWM/pwmDriver.cpp: In member function 'void LabPwm::SetDutyCycle(LabPwm::PWM_Pin, float)':
../L5_Application/PWM/pwmDriver.cpp:110:36: error: 'u0_dbg_printf' was not declared in this scope
     u0_dbg_printf("mr = %d\n\n", mr);
                                    ^
make: *** [L5_Application/PWM/pwmDriver.o] Error 1
22:12:59 **** Incremental Build of configuration _build for project ADC_PWM ****
make -j2 all 
Building file: ../L5_Application/PWM/pwmDriver.cpp
Building file: ../L5_Application/main.part0.cpp
Invoking: Cross ARM C++ Compiler
Invoking: Cross ARM C++ Compiler
[...]
Finished building target: ADC_PWM.elf
 
C:/CMPE146/CMPE-146/SJSU_Dev/binutils/make --no-print-directory post-build
Create binary file
arm-none-eabi-objcopy -O binary ADC_PWM.elf ADC_PWM.bin
 
Invoking: Cross ARM GNU Create Flash Image
Invoking: Cross ARM GNU Create Listing
arm-none-eabi-objdump --source --all-headers --demangle --line-numbers --wide "ADC_PWM.elf" > "ADC_PWM.lst"
arm-none-eabi-objcopy -O ihex "ADC_PWM.elf"  "ADC_PWM.hex"
Finished building: ADC_PWM.hex
 
Invoking: Cross ARM GNU Print Size
arm-none-eabi-size --format=berkeley "ADC_PWM.elf"
   text	   data	    bss	    dec	    hex	filename
  90428	    756	   1192	  92376	  168d8	ADC_PWM.elf
Finished building: ADC_PWM.siz
 
Finished building: ADC_PWM.lst
 
03:39:57 **** Incremental Build of configuration _build for project ADC_PWM ****
make -j2 all 
Building file: ../L5_Application/PWM/pwmDriver.cpp
Building file: ../L5_Application/main.part0.cpp
Invoking: Cross ARM C++ Compiler
Invoking: Cross ARM C++ Compiler
arm-none-eabi-g++ -mcpu=cortex-m3 -mthumb -Os -fmessage-length=0 -ffunction-sections -fdata-sections -Wall -Wshadow -Wlogical-op -Wfloat-equal -DBUILD_CFG_MPU=0 -I"C:\CMPE146\CMPE-146\SJSU_Dev\projects\ADC_PWM" -I"C:\CMPE146\CMPE-146\SJSU_Dev\projects\ADC_PWM\newlib" -I"C:\CMPE146\CMPE-146\SJSU_Dev\projects\ADC_PWM\L0_LowLevel" -I"C:\CMPE146\CMPE-146\SJSU_Dev\projects\ADC_PWM\L1_FreeRTOS" -I"C:\CMPE146\CMPE-146\SJSU_Dev\projects\ADC_PWM\L1_FreeRTOS\include" -I"C:\CMPE146\CMPE-146\SJSU_Dev\projects\ADC_PWM\L1_FreeRTOS\portable" -I"C:\CMPE146\CMPE-146\SJSU_Dev\projects\ADC_PWM\L1_FreeRTOS\portable\no_mpu" -I"C:\CMPE146\CMPE-146\SJSU_Dev\projects\ADC_PWM\L2_Drivers" -I"C:\CMPE146\CMPE-146\SJSU_Dev\projects\ADC_PWM\L2_Drivers\base" -I"C:\CMPE146\CMPE-146\SJSU_Dev\projects\ADC_PWM\L3_Utils" -I"C:\CMPE146\CMPE-146\SJSU_Dev\projects\ADC_PWM\L3_Utils\tlm" -I"C:\CMPE146\CMPE-146\SJSU_Dev\projects\ADC_PWM\L4_IO" -I"C:\CMPE146\CMPE-146\SJSU_Dev\projects\ADC_PWM\L4_IO\fat" -I"C:\CMPE146\CMPE-146\SJSU_Dev\projects\ADC_PWM\L4_IO\wireless" -I"C:\CMPE146\CMPE-146\SJSU_Dev\projects\ADC_PWM\L5_Application" -std=gnu++11 -fabi-version=0 -fno-exceptions -MMD -MP -MF"L5_Application/main.part0.d" -MT"L5_Application/main.part0.o" -c -o "L5_Application/main.part0.o" "../L5_Application/main.part0.cpp"
arm-none-eabi-g++ -mcpu=cortex-m3 -mthumb -Os -fmessage-length=0 -ffunction-sections -fdata-sections -Wall -Wshadow -Wlogical-op -Wfloat-equal -DBUILD_CFG_MPU=0 -I"C:\CMPE146\CMPE-146\SJSU_Dev\projects\ADC_PWM" -I"C:\CMPE146\CMPE-146\SJSU_Dev\projects\ADC_PWM\newlib" -I"C:\CMPE146\CMPE-146\SJSU_Dev\projects\ADC_PWM\L0_LowLevel" -I"C:\CMPE146\CMPE-146\SJSU_Dev\projects\ADC_PWM\L1_FreeRTOS" -I"C:\CMPE146\CMPE-146\SJSU_Dev\projects\ADC_PWM\L1_FreeRTOS\include" -I"C:\CMPE146\CMPE-146\SJSU_Dev\projects\ADC_PWM\L1_FreeRTOS\portable" -I"C:\CMPE146\CMPE-146\SJSU_Dev\projects\ADC_PWM\L1_FreeRTOS\portable\no_mpu" -I"C:\CMPE146\CMPE-146\SJSU_Dev\projects\ADC_PWM\L2_Drivers" -I"C:\CMPE146\CMPE-146\SJSU_Dev\projects\ADC_PWM\L2_Drivers\base" -I"C:\CMPE146\CMPE-146\SJSU_Dev\projects\ADC_PWM\L3_Utils" -I"C:\CMPE146\CMPE-146\SJSU_Dev\projects\ADC_PWM\L3_Utils\tlm" -I"C:\CMPE146\CMPE-146\SJSU_Dev\projects\ADC_PWM\L4_IO" -I"C:\CMPE146\CMPE-146\SJSU_Dev\projects\ADC_PWM\L4_IO\fat" -I"C:\CMPE146\CMPE-146\SJSU_Dev\projects\ADC_PWM\L4_IO\wireless" -I"C:\CMPE146\CMPE-146\SJSU_Dev\projects\ADC_PWM\L5_Application" -std=gnu++11 -fabi-version=0 -fno-exceptions -MMD -MP -MF"L5_Application/PWM/pwmDriver.d" -MT"L5_Application/PWM/pwmDriver.o" -c -o "L5_Application/PWM/pwmDriver.o" "../L5_Application/PWM/pwmDriver.cpp"
Finished building: ../L5_Application/PWM/pwmDriver.cpp
 
Finished building: ../L5_Application/main.part0.cpp
 
Building target: ADC_PWM.elf
Invoking: Cross ARM C++ Linker
arm-none-eabi-g++ -mcpu=cortex-m3 -mthumb -Os -fmessage-length=0 -ffunction-sections -fdata-sections -Wall -Wshadow -Wlogical-op -Wfloat-equal -T ../loader.ld -nostartfiles -Xlinker --gc-sections -Wl,-Map,"ADC_PWM.map" -specs=nano.specs -o "ADC_PWM.elf"  ./newlib/malloc_lock.o ./newlib/memory.o ./newlib/newlib_syscalls.o ./newlib/newlib_time.o  ./L5_Application/source/cmd_handlers/handlers.o ./L5_Application/source/cmd_handlers/prog_handlers.o ./L5_Application/source/cmd_handlers/wireless_handlers.o  ./L5_Application/source/high_level_init.o ./L5_Application/source/remote.o ./L5_Application/source/terminal.o  ./L5_Application/periodic_scheduler/period_callbacks.o ./L5_Application/periodic_scheduler/prd_monitor.o  ./L5_Application/examples/examples.o ./L5_Application/examples/rn_xv_task.o  ./L5_Application/PWM/pwmDriver.o  ./L5_Application/ADC/adcDriver.o  ./L5_Application/main.part0.o  ./L4_IO/wireless/src/mesh.o ./L4_IO/wireless/src/nrf24L01Plus.o ./L4_IO/wireless/src/wireless.o  ./L4_IO/src/gpio.o ./L4_IO/src/io_source.o ./L4_IO/src/storage.o  ./L4_IO/fat/option/ccsbcs.o ./L4_IO/fat/option/reentrant.o  ./L4_IO/fat/disk/diskio.o ./L4_IO/fat/disk/sd.o ./L4_IO/fat/disk/spi_flash.o  ./L4_IO/fat/fatfs_time.o ./L4_IO/fat/ff.o  ./L3_Utils/tlm/src/c_tlm_binary.o ./L3_Utils/tlm/src/c_tlm_comp.o ./L3_Utils/tlm/src/c_tlm_stream.o ./L3_Utils/tlm/src/c_tlm_var.o  ./L3_Utils/src/c_list.o ./L3_Utils/src/command_handler.o ./L3_Utils/src/file_logger.o ./L3_Utils/src/freertos_timer.o ./L3_Utils/src/printf_lib.o ./L3_Utils/src/rtc_alarm.o ./L3_Utils/src/scheduler_task.o ./L3_Utils/src/str.o ./L3_Utils/src/utilities.o  ./L2_Drivers/src/adc.o ./L2_Drivers/src/can.o ./L2_Drivers/src/eint.o ./L2_Drivers/src/i2c2.o ./L2_Drivers/src/lpc_pwm.o ./L2_Drivers/src/lpc_rit.o ./L2_Drivers/src/lpc_timers.o ./L2_Drivers/src/nrf_stream.o ./L2_Drivers/src/rtc.o ./L2_Drivers/src/spi_dma.o ./L2_Drivers/src/spi_sem.o ./L2_Drivers/src/uart0.o ./L2_Drivers/src/uart2.o ./L2_Drivers/src/uart3.o  ./L2_Drivers/base/char_dev.o ./L2_Drivers/base/i2c_base.o ./L2_Drivers/base/uart_dev.o  ./L1_FreeRTOS/trace/run_time_counter.o ./L1_FreeRTOS/trace/trcBase.o ./L1_FreeRTOS/trace/trcHardwarePort.o ./L1_FreeRTOS/trace/trcKernel.o ./L1_FreeRTOS/trace/trcKernelPort.o ./L1_FreeRTOS/trace/trcUser.o  ./L1_FreeRTOS/src/croutine.o ./L1_FreeRTOS/src/event_groups.o ./L1_FreeRTOS/src/list.o ./L1_FreeRTOS/src/queue.o ./L1_FreeRTOS/src/tasks.o ./L1_FreeRTOS/src/timers.o  ./L1_FreeRTOS/portable/no_mpu/port.o  ./L1_FreeRTOS/portable/run_time_stats.o  ./L1_FreeRTOS/hooks/hooks.o  ./L1_FreeRTOS/MemMang/freertos_mem_man.o  ./L0_LowLevel/source/core_cm3.o ./L0_LowLevel/source/low_level_init.o ./L0_LowLevel/source/lpc_peripherals.o ./L0_LowLevel/source/lpc_sys.o ./L0_LowLevel/source/startup.o ./L0_LowLevel/source/sys_clock.o ./L0_LowLevel/source/uart0_min.o   
Finished building target: ADC_PWM.elf
 
C:/CMPE146/CMPE-146/SJSU_Dev/binutils/make --no-print-directory post-build
Create binary file
arm-none-eabi-objcopy -O binary ADC_PWM.elf ADC_PWM.bin
 
Invoking: Cross ARM GNU Create Flash Image
Invoking: Cross ARM GNU Create Listing
arm-none-eabi-objcopy -O ihex "ADC_PWM.elf"  "ADC_PWM.hex"
arm-none-eabi-objdump --source --all-headers --demangle --line-numbers --wide "ADC_PWM.elf" > "ADC_PWM.lst"
Finished building: ADC_PWM.hex
 
Invoking: Cross ARM GNU Print Size
arm-none-eabi-size --format=berkeley "ADC_PWM.elf"
   text	   data	    bss	    dec	    hex	filename
  90428	    756	   1192	  92376	  168d8	ADC_PWM.elf
Finished building: ADC_PWM.siz
 
Finished building: ADC_PWM.lst
 
03:42:35 **** Incremental Build of configuration _build for project ADC_PWM ****
make -j2 all 
Building file: ../L5_Application/PWM/pwmDriver.cpp
Building file: ../L5_Application/main.part0.cpp
Invoking: Cross ARM C++ Compiler
arm-none-eabi-g++ -mcpu=cortex-m3 -mthumb -Os -fmessage-length=0 -ffunction-sections -fdata-sections -Wall -Wshadow -Wlogical-op -Wfloat-equal -DBUILD_CFG_MPU=0 -I"C:\CMPE146\CMPE-146\SJSU_Dev\projects\ADC_PWM" -I"C:\CMPE146\CMPE-146\SJSU_Dev\projects\ADC_PWM\newlib" -I"C:\CMPE146\CMPE-146\SJSU_Dev\projects\ADC_PWM\L0_LowLevel" -I"C:\CMPE146\CMPE-146\SJSU_Dev\projects\ADC_PWM\L1_FreeRTOS" -I"C:\CMPE146\CMPE-146\SJSU_Dev\projects\ADC_PWM\L1_FreeRTOS\include" -I"C:\CMPE146\CMPE-146\SJSU_Dev\projects\ADC_PWM\L1_FreeRTOS\portable" -I"C:\CMPE146\CMPE-146\SJSU_Dev\projects\ADC_PWM\L1_FreeRTOS\portable\no_mpu" -I"C:\CMPE146\CMPE-146\SJSU_Dev\projects\ADC_PWM\L2_Drivers" -I"C:\CMPE146\CMPE-146\SJSU_Dev\projects\ADC_PWM\L2_Drivers\base" -I"C:\CMPE146\CMPE-146\SJSU_Dev\projects\ADC_PWM\L3_Utils" -I"C:\CMPE146\CMPE-146\SJSU_Dev\projects\ADC_PWM\L3_Utils\tlm" -I"C:\CMPE146\CMPE-146\SJSU_Dev\projects\ADC_PWM\L4_IO" -I"C:\CMPE146\CMPE-146\SJSU_Dev\projects\ADC_PWM\L4_IO\fat" -I"C:\CMPE146\CMPE-146\SJSU_Dev\projects\ADC_PWM\L4_IO\wireless" -I"C:\CMPE146\CMPE-146\SJSU_Dev\projects\ADC_PWM\L5_Application" -std=gnu++11 -fabi-version=0 -fno-exceptions -MMD -MP -MF"L5_Application/PWM/pwmDriver.d" -MT"L5_Application/PWM/pwmDriver.o" -c -o "L5_Application/PWM/pwmDriver.o" "../L5_Application/PWM/pwmDriver.cpp"
Invoking: Cross ARM C++ Compiler
arm-none-eabi-g++ -mcpu=cortex-m3 -mthumb -Os -fmessage-length=0 -ffunction-sections -fdata-sections -Wall -Wshadow -Wlogical-op -Wfloat-equal -DBUILD_CFG_MPU=0 -I"C:\CMPE146\CMPE-146\SJSU_Dev\projects\ADC_PWM" -I"C:\CMPE146\CMPE-146\SJSU_Dev\projects\ADC_PWM\newlib" -I"C:\CMPE146\CMPE-146\SJSU_Dev\projects\ADC_PWM\L0_LowLevel" -I"C:\CMPE146\CMPE-146\SJSU_Dev\projects\ADC_PWM\L1_FreeRTOS" -I"C:\CMPE146\CMPE-146\SJSU_Dev\projects\ADC_PWM\L1_FreeRTOS\include" -I"C:\CMPE146\CMPE-146\SJSU_Dev\projects\ADC_PWM\L1_FreeRTOS\portable" -I"C:\CMPE146\CMPE-146\SJSU_Dev\projects\ADC_PWM\L1_FreeRTOS\portable\no_mpu" -I"C:\CMPE146\CMPE-146\SJSU_Dev\projects\ADC_PWM\L2_Drivers" -I"C:\CMPE146\CMPE-146\SJSU_Dev\projects\ADC_PWM\L2_Drivers\base" -I"C:\CMPE146\CMPE-146\SJSU_Dev\projects\ADC_PWM\L3_Utils" -I"C:\CMPE146\CMPE-146\SJSU_Dev\projects\ADC_PWM\L3_Utils\tlm" -I"C:\CMPE146\CMPE-146\SJSU_Dev\projects\ADC_PWM\L4_IO" -I"C:\CMPE146\CMPE-146\SJSU_Dev\projects\ADC_PWM\L4_IO\fat" -I"C:\CMPE146\CMPE-146\SJSU_Dev\projects\ADC_PWM\L4_IO\wireless" -I"C:\CMPE146\CMPE-146\SJSU_Dev\projects\ADC_PWM\L5_Application" -std=gnu++11 -fabi-version=0 -fno-exceptions -MMD -MP -MF"L5_Application/main.part0.d" -MT"L5_Application/main.part0.o" -c -o "L5_Application/main.part0.o" "../L5_Application/main.part0.cpp"
Finished building: ../L5_Application/PWM/pwmDriver.cpp
 
Finished building: ../L5_Application/main.part0.cpp
 
Building target: ADC_PWM.elf
Invoking: Cross ARM C++ Linker
arm-none-eabi-g++ -mcpu=cortex-m3 -mthumb -Os -fmessage-length=0 -ffunction-sections -fdata-sections -Wall -Wshadow -Wlogical-op -Wfloat-equal -T ../loader.ld -nostartfiles -Xlinker --gc-sections -Wl,-Map,"ADC_PWM.map" -specs=nano.specs -o "ADC_PWM.elf"  ./newlib/malloc_lock.o ./newlib/memory.o ./newlib/newlib_syscalls.o ./newlib/newlib_time.o  ./L5_Application/source/cmd_handlers/handlers.o ./L5_Application/source/cmd_handlers/prog_handlers.o ./L5_Application/source/cmd_handlers/wireless_handlers.o  ./L5_Application/source/high_level_init.o ./L5_Application/source/remote.o ./L5_Application/source/terminal.o  ./L5_Application/periodic_scheduler/period_callbacks.o ./L5_Application/periodic_scheduler/prd_monitor.o  ./L5_Application/examples/examples.o ./L5_Application/examples/rn_xv_task.o  ./L5_Application/PWM/pwmDriver.o  ./L5_Application/ADC/adcDriver.o  ./L5_Application/main.part0.o  ./L4_IO/wireless/src/mesh.o ./L4_IO/wireless/src/nrf24L01Plus.o ./L4_IO/wireless/src/wireless.o  ./L4_IO/src/gpio.o ./L4_IO/src/io_source.o ./L4_IO/src/storage.o  ./L4_IO/fat/option/ccsbcs.o ./L4_IO/fat/option/reentrant.o  ./L4_IO/fat/disk/diskio.o ./L4_IO/fat/disk/sd.o ./L4_IO/fat/disk/spi_flash.o  ./L4_IO/fat/fatfs_time.o ./L4_IO/fat/ff.o  ./L3_Utils/tlm/src/c_tlm_binary.o ./L3_Utils/tlm/src/c_tlm_comp.o ./L3_Utils/tlm/src/c_tlm_stream.o ./L3_Utils/tlm/src/c_tlm_var.o  ./L3_Utils/src/c_list.o ./L3_Utils/src/command_handler.o ./L3_Utils/src/file_logger.o ./L3_Utils/src/freertos_timer.o ./L3_Utils/src/printf_lib.o ./L3_Utils/src/rtc_alarm.o ./L3_Utils/src/scheduler_task.o ./L3_Utils/src/str.o ./L3_Utils/src/utilities.o  ./L2_Drivers/src/adc.o ./L2_Drivers/src/can.o ./L2_Drivers/src/eint.o ./L2_Drivers/src/i2c2.o ./L2_Drivers/src/lpc_pwm.o ./L2_Drivers/src/lpc_rit.o ./L2_Drivers/src/lpc_timers.o ./L2_Drivers/src/nrf_stream.o ./L2_Drivers/src/rtc.o ./L2_Drivers/src/spi_dma.o ./L2_Drivers/src/spi_sem.o ./L2_Drivers/src/uart0.o ./L2_Drivers/src/uart2.o ./L2_Drivers/src/uart3.o  ./L2_Drivers/base/char_dev.o ./L2_Drivers/base/i2c_base.o ./L2_Drivers/base/uart_dev.o  ./L1_FreeRTOS/trace/run_time_counter.o ./L1_FreeRTOS/trace/trcBase.o ./L1_FreeRTOS/trace/trcHardwarePort.o ./L1_FreeRTOS/trace/trcKernel.o ./L1_FreeRTOS/trace/trcKernelPort.o ./L1_FreeRTOS/trace/trcUser.o  ./L1_FreeRTOS/src/croutine.o ./L1_FreeRTOS/src/event_groups.o ./L1_FreeRTOS/src/list.o ./L1_FreeRTOS/src/queue.o ./L1_FreeRTOS/src/tasks.o ./L1_FreeRTOS/src/timers.o  ./L1_FreeRTOS/portable/no_mpu/port.o  ./L1_FreeRTOS/portable/run_time_stats.o  ./L1_FreeRTOS/hooks/hooks.o  ./L1_FreeRTOS/MemMang/freertos_mem_man.o  ./L0_LowLevel/source/core_cm3.o ./L0_LowLevel/source/low_level_init.o ./L0_LowLevel/source/lpc_peripherals.o ./L0_LowLevel/source/lpc_sys.o ./L0_LowLevel/source/startup.o ./L0_LowLevel/source/sys_clock.o ./L0_LowLevel/source/uart0_min.o   
Finished building target: ADC_PWM.elf
 
C:/CMPE146/CMPE-146/SJSU_Dev/binutils/make --no-print-directory post-build
Create binary file
arm-none-eabi-objcopy -O binary ADC_PWM.elf ADC_PWM.bin
 
Invoking: Cross ARM GNU Create Flash Image
Invoking: Cross ARM GNU Create Listing
arm-none-eabi-objcopy -O ihex "ADC_PWM.elf"  "ADC_PWM.hex"
arm-none-eabi-objdump --source --all-headers --demangle --line-numbers --wide "ADC_PWM.elf" > "ADC_PWM.lst"
Finished building: ADC_PWM.hex
 
Invoking: Cross ARM GNU Print Size
arm-none-eabi-size --format=berkeley "ADC_PWM.elf"
   text	   data	    bss	    dec	    hex	filename
  90428	    756	   1192	  92376	  168d8	ADC_PWM.elf
Finished building: ADC_PWM.siz
 
Finished building: ADC_PWM.lst
 
03:43:21 **** Incremental Build of configuration _build for project ADC_PWM ****
make -j2 all 
Building file: ../L5_Application/main.part0.cpp
Invoking: Cross ARM C++ Compiler
arm-none-eabi-g++ -mcpu=cortex-m3 -mthumb -Os -fmessage-length=0 -ffunction-sections -fdata-sections -Wall -Wshadow -Wlogical-op -Wfloat-equal -DBUILD_CFG_MPU=0 -I"C:\CMPE146\CMPE-146\SJSU_Dev\projects\ADC_PWM" -I"C:\CMPE146\CMPE-146\SJSU_Dev\projects\ADC_PWM\newlib" -I"C:\CMPE146\CMPE-146\SJSU_Dev\projects\ADC_PWM\L0_LowLevel" -I"C:\CMPE146\CMPE-146\SJSU_Dev\projects\ADC_PWM\L1_FreeRTOS" -I"C:\CMPE146\CMPE-146\SJSU_Dev\projects\ADC_PWM\L1_FreeRTOS\include" -I"C:\CMPE146\CMPE-146\SJSU_Dev\projects\ADC_PWM\L1_FreeRTOS\portable" -I"C:\CMPE146\CMPE-146\SJSU_Dev\projects\ADC_PWM\L1_FreeRTOS\portable\no_mpu" -I"C:\CMPE146\CMPE-146\SJSU_Dev\projects\ADC_PWM\L2_Drivers" -I"C:\CMPE146\CMPE-146\SJSU_Dev\projects\ADC_PWM\L2_Drivers\base" -I"C:\CMPE146\CMPE-146\SJSU_Dev\projects\ADC_PWM\L3_Utils" -I"C:\CMPE146\CMPE-146\SJSU_Dev\projects\ADC_PWM\L3_Utils\tlm" -I"C:\CMPE146\CMPE-146\SJSU_Dev\projects\ADC_PWM\L4_IO" -I"C:\CMPE146\CMPE-146\SJSU_Dev\projects\ADC_PWM\L4_IO\fat" -I"C:\CMPE146\CMPE-146\SJSU_Dev\projects\ADC_PWM\L4_IO\wireless" -I"C:\CMPE146\CMPE-146\SJSU_Dev\projects\ADC_PWM\L5_Application" -std=gnu++11 -fabi-version=0 -fno-exceptions -MMD -MP -MF"L5_Application/main.part0.d" -MT"L5_Application/main.part0.o" -c -o "L5_Application/main.part0.o" "../L5_Application/main.part0.cpp"
Finished building: ../L5_Application/main.part0.cpp
 
Building target: ADC_PWM.elf
Invoking: Cross ARM C++ Linker
arm-none-eabi-g++ -mcpu=cortex-m3 -mthumb -Os -fmessage-length=0 -ffunction-sections -fdata-sections -Wall -Wshadow -Wlogical-op -Wfloat-equal -T ../loader.ld -nostartfiles -Xlinker --gc-sections -Wl,-Map,"ADC_PWM.map" -specs=nano.specs -o "ADC_PWM.elf"  ./newlib/malloc_lock.o ./newlib/memory.o ./newlib/newlib_syscalls.o ./newlib/newlib_time.o  ./L5_Application/source/cmd_handlers/handlers.o ./L5_Application/source/cmd_handlers/prog_handlers.o ./L5_Application/source/cmd_handlers/wireless_handlers.o  ./L5_Application/source/high_level_init.o ./L5_Application/source/remote.o ./L5_Application/source/terminal.o  ./L5_Application/periodic_scheduler/period_callbacks.o ./L5_Application/periodic_scheduler/prd_monitor.o  ./L5_Application/examples/examples.o ./L5_Application/examples/rn_xv_task.o  ./L5_Application/PWM/pwmDriver.o  ./L5_Application/ADC/adcDriver.o  ./L5_Application/main.part0.o  ./L4_IO/wireless/src/mesh.o ./L4_IO/wireless/src/nrf24L01Plus.o ./L4_IO/wireless/src/wireless.o  ./L4_IO/src/gpio.o ./L4_IO/src/io_source.o ./L4_IO/src/storage.o  ./L4_IO/fat/option/ccsbcs.o ./L4_IO/fat/option/reentrant.o  ./L4_IO/fat/disk/diskio.o ./L4_IO/fat/disk/sd.o ./L4_IO/fat/disk/spi_flash.o  ./L4_IO/fat/fatfs_time.o ./L4_IO/fat/ff.o  ./L3_Utils/tlm/src/c_tlm_binary.o ./L3_Utils/tlm/src/c_tlm_comp.o ./L3_Utils/tlm/src/c_tlm_stream.o ./L3_Utils/tlm/src/c_tlm_var.o  ./L3_Utils/src/c_list.o ./L3_Utils/src/command_handler.o ./L3_Utils/src/file_logger.o ./L3_Utils/src/freertos_timer.o ./L3_Utils/src/printf_lib.o ./L3_Utils/src/rtc_alarm.o ./L3_Utils/src/scheduler_task.o ./L3_Utils/src/str.o ./L3_Utils/src/utilities.o  ./L2_Drivers/src/adc.o ./L2_Drivers/src/can.o ./L2_Drivers/src/eint.o ./L2_Drivers/src/i2c2.o ./L2_Drivers/src/lpc_pwm.o ./L2_Drivers/src/lpc_rit.o ./L2_Drivers/src/lpc_timers.o ./L2_Drivers/src/nrf_stream.o ./L2_Drivers/src/rtc.o ./L2_Drivers/src/spi_dma.o ./L2_Drivers/src/spi_sem.o ./L2_Drivers/src/uart0.o ./L2_Drivers/src/uart2.o ./L2_Drivers/src/uart3.o  ./L2_Drivers/base/char_dev.o ./L2_Drivers/base/i2c_base.o ./L2_Drivers/base/uart_dev.o  ./L1_FreeRTOS/trace/run_time_counter.o ./L1_FreeRTOS/trace/trcBase.o ./L1_FreeRTOS/trace/trcHardwarePort.o ./L1_FreeRTOS/trace/trcKernel.o ./L1_FreeRTOS/trace/trcKernelPort.o ./L1_FreeRTOS/trace/trcUser.o  ./L1_FreeRTOS/src/croutine.o ./L1_FreeRTOS/src/event_groups.o ./L1_FreeRTOS/src/list.o ./L1_FreeRTOS/src/queue.o ./L1_FreeRTOS/src/tasks.o ./L1_FreeRTOS/src/timers.o  ./L1_FreeRTOS/portable/no_mpu/port.o  ./L1_FreeRTOS/portable/run_time_stats.o  ./L1_FreeRTOS/hooks/hooks.o  ./L1_FreeRTOS/MemMang/freertos_mem_man.o  ./L0_LowLevel/source/core_cm3.o ./L0_LowLevel/source/low_level_init.o ./L0_LowLevel/source/lpc_peripherals.o ./L0_LowLevel/source/lpc_sys.o ./L0_LowLevel/source/startup.o ./L0_LowLevel/source/sys_clock.o ./L0_LowLevel/source/uart0_min.o   
Finished building target: ADC_PWM.elf
 
C:/CMPE146/CMPE-146/SJSU_Dev/binutils/make --no-print-directory post-build
Create binary file
arm-none-eabi-objcopy -O binary ADC_PWM.elf ADC_PWM.bin
 
Invoking: Cross ARM GNU Create Flash Image
Invoking: Cross ARM GNU Create Listing
arm-none-eabi-objcopy -O ihex "ADC_PWM.elf"  "ADC_PWM.hex"
arm-none-eabi-objdump --source --all-headers --demangle --line-numbers --wide "ADC_PWM.elf" > "ADC_PWM.lst"
Finished building: ADC_PWM.hex
 
Invoking: Cross ARM GNU Print Size
arm-none-eabi-size --format=berkeley "ADC_PWM.elf"
   text	   data	    bss	    dec	    hex	filename
  90428	    756	   1192	  92376	  168d8	ADC_PWM.elf
Finished building: ADC_PWM.siz
 
Finished building: ADC_PWM.lst
 
