01:59:26 **** Incremental Build of configuration _build for project UART ****
make -j2 all 
Building file: ../L5_Application/main.part0.cpp
Invoking: Cross ARM C++ Compiler
arm-none-eabi-g++ -mcpu=cortex-m3 -mthumb -Os -fmessage-length=0 -ffunction-sections -fdata-sections -Wall -Wshadow -Wlogical-op -Wfloat-equal -DBUILD_CFG_MPU=0 -I"C:\CMPE146\CMPE-146\SJSU_Dev\projects\UART" -I"C:\CMPE146\CMPE-146\SJSU_Dev\projects\UART\newlib" -I"C:\CMPE146\CMPE-146\SJSU_Dev\projects\UART\L0_LowLevel" -I"C:\CMPE146\CMPE-146\SJSU_Dev\projects\UART\L1_FreeRTOS" -I"C:\CMPE146\CMPE-146\SJSU_Dev\projects\UART\L1_FreeRTOS\include" -I"C:\CMPE146\CMPE-146\SJSU_Dev\projects\UART\L1_FreeRTOS\portable" -I"C:\CMPE146\CMPE-146\SJSU_Dev\projects\UART\L1_FreeRTOS\portable\no_mpu" -I"C:\CMPE146\CMPE-146\SJSU_Dev\projects\UART\L2_Drivers" -I"C:\CMPE146\CMPE-146\SJSU_Dev\projects\UART\L2_Drivers\base" -I"C:\CMPE146\CMPE-146\SJSU_Dev\projects\UART\L3_Utils" -I"C:\CMPE146\CMPE-146\SJSU_Dev\projects\UART\L3_Utils\tlm" -I"C:\CMPE146\CMPE-146\SJSU_Dev\projects\UART\L4_IO" -I"C:\CMPE146\CMPE-146\SJSU_Dev\projects\UART\L4_IO\fat" -I"C:\CMPE146\CMPE-146\SJSU_Dev\projects\UART\L4_IO\wireless" -I"C:\CMPE146\CMPE-146\SJSU_Dev\projects\UART\L5_Application" -std=gnu++11 -fabi-version=0 -fno-exceptions -MMD -MP -MF"L5_Application/main.part0.d" -MT"L5_Application/main.part0.o" -c -o "L5_Application/main.part0.o" "../L5_Application/main.part0.cpp"
../L5_Application/main.part0.cpp: In function 'void init_my_uart2()':
../L5_Application/main.part0.cpp:102:65: warning: format '%u' expects argument of type 'unsigned int', but argument 2 has type 'uint32_t {aka long unsigned int}' [-Wformat=]
     printf("pclk: %u\nsysclock: %u\n", pclk, sys_get_cpu_clock());
                                                                 ^
../L5_Application/main.part0.cpp:102:65: warning: format '%u' expects argument of type 'unsigned int', but argument 2 has type 'uint32_t {aka long unsigned int}' [-Wformat=]
Finished building: ../L5_Application/main.part0.cpp
 
Building target: UART.elf
Invoking: Cross ARM C++ Linker
arm-none-eabi-g++ -mcpu=cortex-m3 -mthumb -Os -fmessage-length=0 -ffunction-sections -fdata-sections -Wall -Wshadow -Wlogical-op -Wfloat-equal -T ../loader.ld -nostartfiles -Xlinker --gc-sections -Wl,-Map,"UART.map" -specs=nano.specs -o "UART.elf"  ./newlib/malloc_lock.o ./newlib/memory.o ./newlib/newlib_syscalls.o ./newlib/newlib_time.o  ./L5_Application/source/cmd_handlers/handlers.o ./L5_Application/source/cmd_handlers/prog_handlers.o ./L5_Application/source/cmd_handlers/wireless_handlers.o  ./L5_Application/source/high_level_init.o ./L5_Application/source/remote.o ./L5_Application/source/terminal.o  ./L5_Application/periodic_scheduler/period_callbacks.o ./L5_Application/periodic_scheduler/prd_monitor.o  ./L5_Application/examples/examples.o ./L5_Application/examples/rn_xv_task.o  ./L5_Application/main.part0.o  ./L4_IO/wireless/src/mesh.o ./L4_IO/wireless/src/nrf24L01Plus.o ./L4_IO/wireless/src/wireless.o  ./L4_IO/src/gpio.o ./L4_IO/src/io_source.o ./L4_IO/src/storage.o  ./L4_IO/fat/option/ccsbcs.o ./L4_IO/fat/option/reentrant.o  ./L4_IO/fat/disk/diskio.o ./L4_IO/fat/disk/sd.o ./L4_IO/fat/disk/spi_flash.o  ./L4_IO/fat/fatfs_time.o ./L4_IO/fat/ff.o  ./L3_Utils/tlm/src/c_tlm_binary.o ./L3_Utils/tlm/src/c_tlm_comp.o ./L3_Utils/tlm/src/c_tlm_stream.o ./L3_Utils/tlm/src/c_tlm_var.o  ./L3_Utils/src/c_list.o ./L3_Utils/src/command_handler.o ./L3_Utils/src/file_logger.o ./L3_Utils/src/freertos_timer.o ./L3_Utils/src/printf_lib.o ./L3_Utils/src/rtc_alarm.o ./L3_Utils/src/scheduler_task.o ./L3_Utils/src/str.o ./L3_Utils/src/utilities.o  ./L2_Drivers/src/adc.o ./L2_Drivers/src/can.o ./L2_Drivers/src/eint.o ./L2_Drivers/src/i2c2.o ./L2_Drivers/src/lpc_pwm.o ./L2_Drivers/src/lpc_rit.o ./L2_Drivers/src/lpc_timers.o ./L2_Drivers/src/nrf_stream.o ./L2_Drivers/src/rtc.o ./L2_Drivers/src/spi_dma.o ./L2_Drivers/src/spi_sem.o ./L2_Drivers/src/uart0.o ./L2_Drivers/src/uart2.o ./L2_Drivers/src/uart3.o  ./L2_Drivers/base/char_dev.o ./L2_Drivers/base/i2c_base.o ./L2_Drivers/base/uart_dev.o  ./L1_FreeRTOS/trace/run_time_counter.o ./L1_FreeRTOS/trace/trcBase.o ./L1_FreeRTOS/trace/trcHardwarePort.o ./L1_FreeRTOS/trace/trcKernel.o ./L1_FreeRTOS/trace/trcKernelPort.o ./L1_FreeRTOS/trace/trcUser.o  ./L1_FreeRTOS/src/croutine.o ./L1_FreeRTOS/src/event_groups.o ./L1_FreeRTOS/src/list.o ./L1_FreeRTOS/src/queue.o ./L1_FreeRTOS/src/tasks.o ./L1_FreeRTOS/src/timers.o  ./L1_FreeRTOS/portable/no_mpu/port.o  ./L1_FreeRTOS/portable/run_time_stats.o  ./L1_FreeRTOS/hooks/hooks.o  ./L1_FreeRTOS/MemMang/freertos_mem_man.o  ./L0_LowLevel/source/core_cm3.o ./L0_LowLevel/source/low_level_init.o ./L0_LowLevel/source/lpc_peripherals.o ./L0_LowLevel/source/lpc_sys.o ./L0_LowLevel/source/startup.o ./L0_LowLevel/source/sys_clock.o ./L0_LowLevel/source/uart0_min.o   
Finished building target: UART.elf
 
C:/CMPE146/CMPE-146/SJSU_Dev/binutils/make --no-print-directory post-build
Create binary file
arm-none-eabi-objcopy -O binary UART.elf UART.bin
 
Invoking: Cross ARM GNU Create Flash Image
Invoking: Cross ARM GNU Create Listing
arm-none-eabi-objdump --source --all-headers --demangle --line-numbers --wide "UART.elf" > "UART.lst"
arm-none-eabi-objcopy -O ihex "UART.elf"  "UART.hex"
Finished building: UART.hex
 
Invoking: Cross ARM GNU Print Size
arm-none-eabi-size --format=berkeley "UART.elf"
   text	   data	    bss	    dec	    hex	filename
  90116	    788	   1176	  92080	  167b0	UART.elf
Finished building: UART.siz
 
Finished building: UART.lst
 

01:59:28 Build Finished (took 1s.869ms)

