14:16:38 **** Incremental Build of configuration _build for project Watchdog ****
make -j2 all 
Building file: ../newlib/malloc_lock.c
Building file: ../newlib/newlib_syscalls.c
Invoking: Cross ARM C Compiler
Invoking: Cross ARM C Compiler
arm-none-eabi-gcc -mcpu=cortex-m3 -mthumb -Os -fmessage-length=0 -ffunction-sections -fdata-sections -Wall -Wshadow -Wlogical-op -Wfloat-equal -DBUILD_CFG_MPU=0 -I"C:\CMPE146\CMPE-146\SJSU_Dev\projects\Watchdog" -I"C:\CMPE146\CMPE-146\SJSU_Dev\projects\Watchdog\newlib" -I"C:\CMPE146\CMPE-146\SJSU_Dev\projects\Watchdog\L0_LowLevel" -I"C:\CMPE146\CMPE-146\SJSU_Dev\projects\Watchdog\L1_FreeRTOS" -I"C:\CMPE146\CMPE-146\SJSU_Dev\projects\Watchdog\L1_FreeRTOS\include" -I"C:\CMPE146\CMPE-146\SJSU_Dev\projects\Watchdog\L1_FreeRTOS\portable\no_mpu" -I"C:\CMPE146\CMPE-146\SJSU_Dev\projects\Watchdog\L2_Drivers" -I"C:\CMPE146\CMPE-146\SJSU_Dev\projects\Watchdog\L2_Drivers\base" -I"C:\CMPE146\CMPE-146\SJSU_Dev\projects\Watchdog\L3_Utils" -I"C:\CMPE146\CMPE-146\SJSU_Dev\projects\Watchdog\L3_Utils\tlm" -I"C:\CMPE146\CMPE-146\SJSU_Dev\projects\Watchdog\L4_IO" -I"C:\CMPE146\CMPE-146\SJSU_Dev\projects\Watchdog\L4_IO\fat" -I"C:\CMPE146\CMPE-146\SJSU_Dev\projects\Watchdog\L4_IO\wireless" -I"C:\CMPE146\CMPE-146\SJSU_Dev\projects\Watchdog\L5_Application" -std=gnu11 -MMD -MP -MF"newlib/malloc_lock.d" -MT"newlib/malloc_lock.o" -c -o "newlib/malloc_lock.o" "../newlib/malloc_lock.c"
arm-none-eabi-gcc -mcpu=cortex-m3 -mthumb -Os -fmessage-length=0 -ffunction-sections -fdata-sections -Wall -Wshadow -Wlogical-op -Wfloat-equal -DBUILD_CFG_MPU=0 -I"C:\CMPE146\CMPE-146\SJSU_Dev\projects\Watchdog" -I"C:\CMPE146\CMPE-146\SJSU_Dev\projects\Watchdog\newlib" -I"C:\CMPE146\CMPE-146\SJSU_Dev\projects\Watchdog\L0_LowLevel" -I"C:\CMPE146\CMPE-146\SJSU_Dev\projects\Watchdog\L1_FreeRTOS" -I"C:\CMPE146\CMPE-146\SJSU_Dev\projects\Watchdog\L1_FreeRTOS\include" -I"C:\CMPE146\CMPE-146\SJSU_Dev\projects\Watchdog\L1_FreeRTOS\portable\no_mpu" -I"C:\CMPE146\CMPE-146\SJSU_Dev\projects\Watchdog\L2_Drivers" -I"C:\CMPE146\CMPE-146\SJSU_Dev\projects\Watchdog\L2_Drivers\base" -I"C:\CMPE146\CMPE-146\SJSU_Dev\projects\Watchdog\L3_Utils" -I"C:\CMPE146\CMPE-146\SJSU_Dev\projects\Watchdog\L3_Utils\tlm" -I"C:\CMPE146\CMPE-146\SJSU_Dev\projects\Watchdog\L4_IO" -I"C:\CMPE146\CMPE-146\SJSU_Dev\projects\Watchdog\L4_IO\fat" -I"C:\CMPE146\CMPE-146\SJSU_Dev\projects\Watchdog\L4_IO\wireless" -I"C:\CMPE146\CMPE-146\SJSU_Dev\projects\Watchdog\L5_Application" -std=gnu11 -MMD -MP -MF"newlib/newlib_syscalls.d" -MT"newlib/newlib_syscalls.o" -c -o "newlib/newlib_syscalls.o" "../newlib/newlib_syscalls.c"
Finished building: ../newlib/malloc_lock.c
 
Finished building: ../newlib/newlib_syscalls.c
Building file: ../L5_Application/source/cmd_handlers/handlers.cpp
Invoking: Cross ARM C++ Compiler
 
arm-none-eabi-g++ -mcpu=cortex-m3 -mthumb -Os -fmessage-length=0 -ffunction-sections -fdata-sections -Wall -Wshadow -Wlogical-op -Wfloat-equal -DBUILD_CFG_MPU=0 -I"C:\CMPE146\CMPE-146\SJSU_Dev\projects\Watchdog" -I"C:\CMPE146\CMPE-146\SJSU_Dev\projects\Watchdog\newlib" -I"C:\CMPE146\CMPE-146\SJSU_Dev\projects\Watchdog\L0_LowLevel" -I"C:\CMPE146\CMPE-146\SJSU_Dev\projects\Watchdog\L1_FreeRTOS" -I"C:\CMPE146\CMPE-146\SJSU_Dev\projects\Watchdog\L1_FreeRTOS\include" -I"C:\CMPE146\CMPE-146\SJSU_Dev\projects\Watchdog\L1_FreeRTOS\portable" -I"C:\CMPE146\CMPE-146\SJSU_Dev\projects\Watchdog\L1_FreeRTOS\portable\no_mpu" -I"C:\CMPE146\CMPE-146\SJSU_Dev\projects\Watchdog\L2_Drivers" -I"C:\CMPE146\CMPE-146\SJSU_Dev\projects\Watchdog\L2_Drivers\base" -I"C:\CMPE146\CMPE-146\SJSU_Dev\projects\Watchdog\L3_Utils" -I"C:\CMPE146\CMPE-146\SJSU_Dev\projects\Watchdog\L3_Utils\tlm" -I"C:\CMPE146\CMPE-146\SJSU_Dev\projects\Watchdog\L4_IO" -I"C:\CMPE146\CMPE-146\SJSU_Dev\projects\Watchdog\L4_IO\fat" -I"C:\CMPE146\CMPE-146\SJSU_Dev\projects\Watchdog\L4_IO\wireless" -I"C:\CMPE146\CMPE-146\SJSU_Dev\projects\Watchdog\L5_Application" -std=gnu++11 -fabi-version=0 -fno-exceptions -MMD -MP -MF"L5_Application/source/cmd_handlers/handlers.d" -MT"L5_Application/source/cmd_handlers/handlers.o" -c -o "L5_Application/source/cmd_handlers/handlers.o" "../L5_Application/source/cmd_handlers/handlers.cpp"
Building file: ../L5_Application/source/cmd_handlers/prog_handlers.cpp
Invoking: Cross ARM C++ Compiler
arm-none-eabi-g++ -mcpu=cortex-m3 -mthumb -Os -fmessage-length=0 -ffunction-sections -fdata-sections -Wall -Wshadow -Wlogical-op -Wfloat-equal -DBUILD_CFG_MPU=0 -I"C:\CMPE146\CMPE-146\SJSU_Dev\projects\Watchdog" -I"C:\CMPE146\CMPE-146\SJSU_Dev\projects\Watchdog\newlib" -I"C:\CMPE146\CMPE-146\SJSU_Dev\projects\Watchdog\L0_LowLevel" -I"C:\CMPE146\CMPE-146\SJSU_Dev\projects\Watchdog\L1_FreeRTOS" -I"C:\CMPE146\CMPE-146\SJSU_Dev\projects\Watchdog\L1_FreeRTOS\include" -I"C:\CMPE146\CMPE-146\SJSU_Dev\projects\Watchdog\L1_FreeRTOS\portable" -I"C:\CMPE146\CMPE-146\SJSU_Dev\projects\Watchdog\L1_FreeRTOS\portable\no_mpu" -I"C:\CMPE146\CMPE-146\SJSU_Dev\projects\Watchdog\L2_Drivers" -I"C:\CMPE146\CMPE-146\SJSU_Dev\projects\Watchdog\L2_Drivers\base" -I"C:\CMPE146\CMPE-146\SJSU_Dev\projects\Watchdog\L3_Utils" -I"C:\CMPE146\CMPE-146\SJSU_Dev\projects\Watchdog\L3_Utils\tlm" -I"C:\CMPE146\CMPE-146\SJSU_Dev\projects\Watchdog\L4_IO" -I"C:\CMPE146\CMPE-146\SJSU_Dev\projects\Watchdog\L4_IO\fat" -I"C:\CMPE146\CMPE-146\SJSU_Dev\projects\Watchdog\L4_IO\wireless" -I"C:\CMPE146\CMPE-146\SJSU_Dev\projects\Watchdog\L5_Application" -std=gnu++11 -fabi-version=0 -fno-exceptions -MMD -MP -MF"L5_Application/source/cmd_handlers/prog_handlers.d" -MT"L5_Application/source/cmd_handlers/prog_handlers.o" -c -o "L5_Application/source/cmd_handlers/prog_handlers.o" "../L5_Application/source/cmd_handlers/prog_handlers.cpp"
Finished building: ../L5_Application/source/cmd_handlers/prog_handlers.cpp
 
Building file: ../L5_Application/source/cmd_handlers/wireless_handlers.cpp
Invoking: Cross ARM C++ Compiler
arm-none-eabi-g++ -mcpu=cortex-m3 -mthumb -Os -fmessage-length=0 -ffunction-sections -fdata-sections -Wall -Wshadow -Wlogical-op -Wfloat-equal -DBUILD_CFG_MPU=0 -I"C:\CMPE146\CMPE-146\SJSU_Dev\projects\Watchdog" -I"C:\CMPE146\CMPE-146\SJSU_Dev\projects\Watchdog\newlib" -I"C:\CMPE146\CMPE-146\SJSU_Dev\projects\Watchdog\L0_LowLevel" -I"C:\CMPE146\CMPE-146\SJSU_Dev\projects\Watchdog\L1_FreeRTOS" -I"C:\CMPE146\CMPE-146\SJSU_Dev\projects\Watchdog\L1_FreeRTOS\include" -I"C:\CMPE146\CMPE-146\SJSU_Dev\projects\Watchdog\L1_FreeRTOS\portable" -I"C:\CMPE146\CMPE-146\SJSU_Dev\projects\Watchdog\L1_FreeRTOS\portable\no_mpu" -I"C:\CMPE146\CMPE-146\SJSU_Dev\projects\Watchdog\L2_Drivers" -I"C:\CMPE146\CMPE-146\SJSU_Dev\projects\Watchdog\L2_Drivers\base" -I"C:\CMPE146\CMPE-146\SJSU_Dev\projects\Watchdog\L3_Utils" -I"C:\CMPE146\CMPE-146\SJSU_Dev\projects\Watchdog\L3_Utils\tlm" -I"C:\CMPE146\CMPE-146\SJSU_Dev\projects\Watchdog\L4_IO" -I"C:\CMPE146\CMPE-146\SJSU_Dev\projects\Watchdog\L4_IO\fat" -I"C:\CMPE146\CMPE-146\SJSU_Dev\projects\Watchdog\L4_IO\wireless" -I"C:\CMPE146\CMPE-146\SJSU_Dev\projects\Watchdog\L5_Application" -std=gnu++11 -fabi-version=0 -fno-exceptions -MMD -MP -MF"L5_Application/source/cmd_handlers/wireless_handlers.d" -MT"L5_Application/source/cmd_handlers/wireless_handlers.o" -c -o "L5_Application/source/cmd_handlers/wireless_handlers.o" "../L5_Application/source/cmd_handlers/wireless_handlers.cpp"
Finished building: ../L5_Application/source/cmd_handlers/handlers.cpp
 
Building file: ../L5_Application/source/high_level_init.cpp
Invoking: Cross ARM C++ Compiler
arm-none-eabi-g++ -mcpu=cortex-m3 -mthumb -Os -fmessage-length=0 -ffunction-sections -fdata-sections -Wall -Wshadow -Wlogical-op -Wfloat-equal -DBUILD_CFG_MPU=0 -I"C:\CMPE146\CMPE-146\SJSU_Dev\projects\Watchdog" -I"C:\CMPE146\CMPE-146\SJSU_Dev\projects\Watchdog\newlib" -I"C:\CMPE146\CMPE-146\SJSU_Dev\projects\Watchdog\L0_LowLevel" -I"C:\CMPE146\CMPE-146\SJSU_Dev\projects\Watchdog\L1_FreeRTOS" -I"C:\CMPE146\CMPE-146\SJSU_Dev\projects\Watchdog\L1_FreeRTOS\include" -I"C:\CMPE146\CMPE-146\SJSU_Dev\projects\Watchdog\L1_FreeRTOS\portable" -I"C:\CMPE146\CMPE-146\SJSU_Dev\projects\Watchdog\L1_FreeRTOS\portable\no_mpu" -I"C:\CMPE146\CMPE-146\SJSU_Dev\projects\Watchdog\L2_Drivers" -I"C:\CMPE146\CMPE-146\SJSU_Dev\projects\Watchdog\L2_Drivers\base" -I"C:\CMPE146\CMPE-146\SJSU_Dev\projects\Watchdog\L3_Utils" -I"C:\CMPE146\CMPE-146\SJSU_Dev\projects\Watchdog\L3_Utils\tlm" -I"C:\CMPE146\CMPE-146\SJSU_Dev\projects\Watchdog\L4_IO" -I"C:\CMPE146\CMPE-146\SJSU_Dev\projects\Watchdog\L4_IO\fat" -I"C:\CMPE146\CMPE-146\SJSU_Dev\projects\Watchdog\L4_IO\wireless" -I"C:\CMPE146\CMPE-146\SJSU_Dev\projects\Watchdog\L5_Application" -std=gnu++11 -fabi-version=0 -fno-exceptions -MMD -MP -MF"L5_Application/source/high_level_init.d" -MT"L5_Application/source/high_level_init.o" -c -o "L5_Application/source/high_level_init.o" "../L5_Application/source/high_level_init.cpp"
Finished building: ../L5_Application/source/cmd_handlers/wireless_handlers.cpp
 
Building file: ../L5_Application/source/remote.cpp
Invoking: Cross ARM C++ Compiler
arm-none-eabi-g++ -mcpu=cortex-m3 -mthumb -Os -fmessage-length=0 -ffunction-sections -fdata-sections -Wall -Wshadow -Wlogical-op -Wfloat-equal -DBUILD_CFG_MPU=0 -I"C:\CMPE146\CMPE-146\SJSU_Dev\projects\Watchdog" -I"C:\CMPE146\CMPE-146\SJSU_Dev\projects\Watchdog\newlib" -I"C:\CMPE146\CMPE-146\SJSU_Dev\projects\Watchdog\L0_LowLevel" -I"C:\CMPE146\CMPE-146\SJSU_Dev\projects\Watchdog\L1_FreeRTOS" -I"C:\CMPE146\CMPE-146\SJSU_Dev\projects\Watchdog\L1_FreeRTOS\include" -I"C:\CMPE146\CMPE-146\SJSU_Dev\projects\Watchdog\L1_FreeRTOS\portable" -I"C:\CMPE146\CMPE-146\SJSU_Dev\projects\Watchdog\L1_FreeRTOS\portable\no_mpu" -I"C:\CMPE146\CMPE-146\SJSU_Dev\projects\Watchdog\L2_Drivers" -I"C:\CMPE146\CMPE-146\SJSU_Dev\projects\Watchdog\L2_Drivers\base" -I"C:\CMPE146\CMPE-146\SJSU_Dev\projects\Watchdog\L3_Utils" -I"C:\CMPE146\CMPE-146\SJSU_Dev\projects\Watchdog\L3_Utils\tlm" -I"C:\CMPE146\CMPE-146\SJSU_Dev\projects\Watchdog\L4_IO" -I"C:\CMPE146\CMPE-146\SJSU_Dev\projects\Watchdog\L4_IO\fat" -I"C:\CMPE146\CMPE-146\SJSU_Dev\projects\Watchdog\L4_IO\wireless" -I"C:\CMPE146\CMPE-146\SJSU_Dev\projects\Watchdog\L5_Application" -std=gnu++11 -fabi-version=0 -fno-exceptions -MMD -MP -MF"L5_Application/source/remote.d" -MT"L5_Application/source/remote.o" -c -o "L5_Application/source/remote.o" "../L5_Application/source/remote.cpp"
Finished building: ../L5_Application/source/high_level_init.cpp
 
Building file: ../L5_Application/source/terminal.cpp
Invoking: Cross ARM C++ Compiler
arm-none-eabi-g++ -mcpu=cortex-m3 -mthumb -Os -fmessage-length=0 -ffunction-sections -fdata-sections -Wall -Wshadow -Wlogical-op -Wfloat-equal -DBUILD_CFG_MPU=0 -I"C:\CMPE146\CMPE-146\SJSU_Dev\projects\Watchdog" -I"C:\CMPE146\CMPE-146\SJSU_Dev\projects\Watchdog\newlib" -I"C:\CMPE146\CMPE-146\SJSU_Dev\projects\Watchdog\L0_LowLevel" -I"C:\CMPE146\CMPE-146\SJSU_Dev\projects\Watchdog\L1_FreeRTOS" -I"C:\CMPE146\CMPE-146\SJSU_Dev\projects\Watchdog\L1_FreeRTOS\include" -I"C:\CMPE146\CMPE-146\SJSU_Dev\projects\Watchdog\L1_FreeRTOS\portable" -I"C:\CMPE146\CMPE-146\SJSU_Dev\projects\Watchdog\L1_FreeRTOS\portable\no_mpu" -I"C:\CMPE146\CMPE-146\SJSU_Dev\projects\Watchdog\L2_Drivers" -I"C:\CMPE146\CMPE-146\SJSU_Dev\projects\Watchdog\L2_Drivers\base" -I"C:\CMPE146\CMPE-146\SJSU_Dev\projects\Watchdog\L3_Utils" -I"C:\CMPE146\CMPE-146\SJSU_Dev\projects\Watchdog\L3_Utils\tlm" -I"C:\CMPE146\CMPE-146\SJSU_Dev\projects\Watchdog\L4_IO" -I"C:\CMPE146\CMPE-146\SJSU_Dev\projects\Watchdog\L4_IO\fat" -I"C:\CMPE146\CMPE-146\SJSU_Dev\projects\Watchdog\L4_IO\wireless" -I"C:\CMPE146\CMPE-146\SJSU_Dev\projects\Watchdog\L5_Application" -std=gnu++11 -fabi-version=0 -fno-exceptions -MMD -MP -MF"L5_Application/source/terminal.d" -MT"L5_Application/source/terminal.o" -c -o "L5_Application/source/terminal.o" "../L5_Application/source/terminal.cpp"
Finished building: ../L5_Application/source/remote.cpp
 
Building file: ../L5_Application/periodic_scheduler/period_callbacks.cpp
Invoking: Cross ARM C++ Compiler
arm-none-eabi-g++ -mcpu=cortex-m3 -mthumb -Os -fmessage-length=0 -ffunction-sections -fdata-sections -Wall -Wshadow -Wlogical-op -Wfloat-equal -DBUILD_CFG_MPU=0 -I"C:\CMPE146\CMPE-146\SJSU_Dev\projects\Watchdog" -I"C:\CMPE146\CMPE-146\SJSU_Dev\projects\Watchdog\newlib" -I"C:\CMPE146\CMPE-146\SJSU_Dev\projects\Watchdog\L0_LowLevel" -I"C:\CMPE146\CMPE-146\SJSU_Dev\projects\Watchdog\L1_FreeRTOS" -I"C:\CMPE146\CMPE-146\SJSU_Dev\projects\Watchdog\L1_FreeRTOS\include" -I"C:\CMPE146\CMPE-146\SJSU_Dev\projects\Watchdog\L1_FreeRTOS\portable" -I"C:\CMPE146\CMPE-146\SJSU_Dev\projects\Watchdog\L1_FreeRTOS\portable\no_mpu" -I"C:\CMPE146\CMPE-146\SJSU_Dev\projects\Watchdog\L2_Drivers" -I"C:\CMPE146\CMPE-146\SJSU_Dev\projects\Watchdog\L2_Drivers\base" -I"C:\CMPE146\CMPE-146\SJSU_Dev\projects\Watchdog\L3_Utils" -I"C:\CMPE146\CMPE-146\SJSU_Dev\projects\Watchdog\L3_Utils\tlm" -I"C:\CMPE146\CMPE-146\SJSU_Dev\projects\Watchdog\L4_IO" -I"C:\CMPE146\CMPE-146\SJSU_Dev\projects\Watchdog\L4_IO\fat" -I"C:\CMPE146\CMPE-146\SJSU_Dev\projects\Watchdog\L4_IO\wireless" -I"C:\CMPE146\CMPE-146\SJSU_Dev\projects\Watchdog\L5_Application" -std=gnu++11 -fabi-version=0 -fno-exceptions -MMD -MP -MF"L5_Application/periodic_scheduler/period_callbacks.d" -MT"L5_Application/periodic_scheduler/period_callbacks.o" -c -o "L5_Application/periodic_scheduler/period_callbacks.o" "../L5_Application/periodic_scheduler/period_callbacks.cpp"
Finished building: ../L5_Application/source/terminal.cpp
 
Finished building: ../L5_Application/periodic_scheduler/period_callbacks.cpp
Building file: ../L5_Application/periodic_scheduler/prd_monitor.cpp
 
Invoking: Cross ARM C++ Compiler
Building file: ../L5_Application/examples/examples.cpp
arm-none-eabi-g++ -mcpu=cortex-m3 -mthumb -Os -fmessage-length=0 -ffunction-sections -fdata-sections -Wall -Wshadow -Wlogical-op -Wfloat-equal -DBUILD_CFG_MPU=0 -I"C:\CMPE146\CMPE-146\SJSU_Dev\projects\Watchdog" -I"C:\CMPE146\CMPE-146\SJSU_Dev\projects\Watchdog\newlib" -I"C:\CMPE146\CMPE-146\SJSU_Dev\projects\Watchdog\L0_LowLevel" -I"C:\CMPE146\CMPE-146\SJSU_Dev\projects\Watchdog\L1_FreeRTOS" -I"C:\CMPE146\CMPE-146\SJSU_Dev\projects\Watchdog\L1_FreeRTOS\include" -I"C:\CMPE146\CMPE-146\SJSU_Dev\projects\Watchdog\L1_FreeRTOS\portable" -I"C:\CMPE146\CMPE-146\SJSU_Dev\projects\Watchdog\L1_FreeRTOS\portable\no_mpu" -I"C:\CMPE146\CMPE-146\SJSU_Dev\projects\Watchdog\L2_Drivers" -I"C:\CMPE146\CMPE-146\SJSU_Dev\projects\Watchdog\L2_Drivers\base" -I"C:\CMPE146\CMPE-146\SJSU_Dev\projects\Watchdog\L3_Utils" -I"C:\CMPE146\CMPE-146\SJSU_Dev\projects\Watchdog\L3_Utils\tlm" -I"C:\CMPE146\CMPE-146\SJSU_Dev\projects\Watchdog\L4_IO" -I"C:\CMPE146\CMPE-146\SJSU_Dev\projects\Watchdog\L4_IO\fat" -I"C:\CMPE146\CMPE-146\SJSU_Dev\projects\Watchdog\L4_IO\wireless" -I"C:\CMPE146\CMPE-146\SJSU_Dev\projects\Watchdog\L5_Application" -std=gnu++11 -fabi-version=0 -fno-exceptions -MMD -MP -MF"L5_Application/periodic_scheduler/prd_monitor.d" -MT"L5_Application/periodic_scheduler/prd_monitor.o" -c -o "L5_Application/periodic_scheduler/prd_monitor.o" "../L5_Application/periodic_scheduler/prd_monitor.cpp"
Invoking: Cross ARM C++ Compiler
arm-none-eabi-g++ -mcpu=cortex-m3 -mthumb -Os -fmessage-length=0 -ffunction-sections -fdata-sections -Wall -Wshadow -Wlogical-op -Wfloat-equal -DBUILD_CFG_MPU=0 -I"C:\CMPE146\CMPE-146\SJSU_Dev\projects\Watchdog" -I"C:\CMPE146\CMPE-146\SJSU_Dev\projects\Watchdog\newlib" -I"C:\CMPE146\CMPE-146\SJSU_Dev\projects\Watchdog\L0_LowLevel" -I"C:\CMPE146\CMPE-146\SJSU_Dev\projects\Watchdog\L1_FreeRTOS" -I"C:\CMPE146\CMPE-146\SJSU_Dev\projects\Watchdog\L1_FreeRTOS\include" -I"C:\CMPE146\CMPE-146\SJSU_Dev\projects\Watchdog\L1_FreeRTOS\portable" -I"C:\CMPE146\CMPE-146\SJSU_Dev\projects\Watchdog\L1_FreeRTOS\portable\no_mpu" -I"C:\CMPE146\CMPE-146\SJSU_Dev\projects\Watchdog\L2_Drivers" -I"C:\CMPE146\CMPE-146\SJSU_Dev\projects\Watchdog\L2_Drivers\base" -I"C:\CMPE146\CMPE-146\SJSU_Dev\projects\Watchdog\L3_Utils" -I"C:\CMPE146\CMPE-146\SJSU_Dev\projects\Watchdog\L3_Utils\tlm" -I"C:\CMPE146\CMPE-146\SJSU_Dev\projects\Watchdog\L4_IO" -I"C:\CMPE146\CMPE-146\SJSU_Dev\projects\Watchdog\L4_IO\fat" -I"C:\CMPE146\CMPE-146\SJSU_Dev\projects\Watchdog\L4_IO\wireless" -I"C:\CMPE146\CMPE-146\SJSU_Dev\projects\Watchdog\L5_Application" -std=gnu++11 -fabi-version=0 -fno-exceptions -MMD -MP -MF"L5_Application/examples/examples.d" -MT"L5_Application/examples/examples.o" -c -o "L5_Application/examples/examples.o" "../L5_Application/examples/examples.cpp"
Finished building: ../L5_Application/periodic_scheduler/prd_monitor.cpp
 
Building file: ../L5_Application/examples/rn_xv_task.cpp
Invoking: Cross ARM C++ Compiler
arm-none-eabi-g++ -mcpu=cortex-m3 -mthumb -Os -fmessage-length=0 -ffunction-sections -fdata-sections -Wall -Wshadow -Wlogical-op -Wfloat-equal -DBUILD_CFG_MPU=0 -I"C:\CMPE146\CMPE-146\SJSU_Dev\projects\Watchdog" -I"C:\CMPE146\CMPE-146\SJSU_Dev\projects\Watchdog\newlib" -I"C:\CMPE146\CMPE-146\SJSU_Dev\projects\Watchdog\L0_LowLevel" -I"C:\CMPE146\CMPE-146\SJSU_Dev\projects\Watchdog\L1_FreeRTOS" -I"C:\CMPE146\CMPE-146\SJSU_Dev\projects\Watchdog\L1_FreeRTOS\include" -I"C:\CMPE146\CMPE-146\SJSU_Dev\projects\Watchdog\L1_FreeRTOS\portable" -I"C:\CMPE146\CMPE-146\SJSU_Dev\projects\Watchdog\L1_FreeRTOS\portable\no_mpu" -I"C:\CMPE146\CMPE-146\SJSU_Dev\projects\Watchdog\L2_Drivers" -I"C:\CMPE146\CMPE-146\SJSU_Dev\projects\Watchdog\L2_Drivers\base" -I"C:\CMPE146\CMPE-146\SJSU_Dev\projects\Watchdog\L3_Utils" -I"C:\CMPE146\CMPE-146\SJSU_Dev\projects\Watchdog\L3_Utils\tlm" -I"C:\CMPE146\CMPE-146\SJSU_Dev\projects\Watchdog\L4_IO" -I"C:\CMPE146\CMPE-146\SJSU_Dev\projects\Watchdog\L4_IO\fat" -I"C:\CMPE146\CMPE-146\SJSU_Dev\projects\Watchdog\L4_IO\wireless" -I"C:\CMPE146\CMPE-146\SJSU_Dev\projects\Watchdog\L5_Application" -std=gnu++11 -fabi-version=0 -fno-exceptions -MMD -MP -MF"L5_Application/examples/rn_xv_task.d" -MT"L5_Application/examples/rn_xv_task.o" -c -o "L5_Application/examples/rn_xv_task.o" "../L5_Application/examples/rn_xv_task.cpp"
Finished building: ../L5_Application/examples/examples.cpp
 
Building file: ../L5_Application/main.cpp
Invoking: Cross ARM C++ Compiler
arm-none-eabi-g++ -mcpu=cortex-m3 -mthumb -Os -fmessage-length=0 -ffunction-sections -fdata-sections -Wall -Wshadow -Wlogical-op -Wfloat-equal -DBUILD_CFG_MPU=0 -I"C:\CMPE146\CMPE-146\SJSU_Dev\projects\Watchdog" -I"C:\CMPE146\CMPE-146\SJSU_Dev\projects\Watchdog\newlib" -I"C:\CMPE146\CMPE-146\SJSU_Dev\projects\Watchdog\L0_LowLevel" -I"C:\CMPE146\CMPE-146\SJSU_Dev\projects\Watchdog\L1_FreeRTOS" -I"C:\CMPE146\CMPE-146\SJSU_Dev\projects\Watchdog\L1_FreeRTOS\include" -I"C:\CMPE146\CMPE-146\SJSU_Dev\projects\Watchdog\L1_FreeRTOS\portable" -I"C:\CMPE146\CMPE-146\SJSU_Dev\projects\Watchdog\L1_FreeRTOS\portable\no_mpu" -I"C:\CMPE146\CMPE-146\SJSU_Dev\projects\Watchdog\L2_Drivers" -I"C:\CMPE146\CMPE-146\SJSU_Dev\projects\Watchdog\L2_Drivers\base" -I"C:\CMPE146\CMPE-146\SJSU_Dev\projects\Watchdog\L3_Utils" -I"C:\CMPE146\CMPE-146\SJSU_Dev\projects\Watchdog\L3_Utils\tlm" -I"C:\CMPE146\CMPE-146\SJSU_Dev\projects\Watchdog\L4_IO" -I"C:\CMPE146\CMPE-146\SJSU_Dev\projects\Watchdog\L4_IO\fat" -I"C:\CMPE146\CMPE-146\SJSU_Dev\projects\Watchdog\L4_IO\wireless" -I"C:\CMPE146\CMPE-146\SJSU_Dev\projects\Watchdog\L5_Application" -std=gnu++11 -fabi-version=0 -fno-exceptions -MMD -MP -MF"L5_Application/main.d" -MT"L5_Application/main.o" -c -o "L5_Application/main.o" "../L5_Application/main.cpp"
Finished building: ../L5_Application/examples/rn_xv_task.cpp
 
../L5_Application/main.cpp: In function 'void vTaskGetHandle(void*)':
../L5_Application/main.cpp:125:72: warning: format '%X' expects argument of type 'unsigned int', but argument 2 has type 'TaskHandle_t {aka void*}' [-Wformat=]
         printf("%X\n%X\n%X\n%X\n\n", handle1, handle2, handle3, handle4);
                                                                        ^
../L5_Application/main.cpp:125:72: warning: format '%X' expects argument of type 'unsigned int', but argument 3 has type 'TaskHandle_t {aka void*}' [-Wformat=]
../L5_Application/main.cpp:125:72: warning: format '%X' expects argument of type 'unsigned int', but argument 4 has type 'TaskHandle_t {aka void*}' [-Wformat=]
../L5_Application/main.cpp:125:72: warning: format '%X' expects argument of type 'unsigned int', but argument 5 has type 'TaskHandle_t {aka void*}' [-Wformat=]
../L5_Application/main.cpp:125:72: warning: format '%X' expects argument of type 'unsigned int', but argument 2 has type 'TaskHandle_t {aka void*}' [-Wformat=]
../L5_Application/main.cpp:125:72: warning: format '%X' expects argument of type 'unsigned int', but argument 3 has type 'TaskHandle_t {aka void*}' [-Wformat=]
../L5_Application/main.cpp:125:72: warning: format '%X' expects argument of type 'unsigned int', but argument 4 has type 'TaskHandle_t {aka void*}' [-Wformat=]
../L5_Application/main.cpp:125:72: warning: format '%X' expects argument of type 'unsigned int', but argument 5 has type 'TaskHandle_t {aka void*}' [-Wformat=]
../L5_Application/main.cpp: In function 'void vTokenizer(void*)':
../L5_Application/main.cpp:135:14: warning: unused variable 'token' [-Wunused-variable]
         str *token = nullptr;
              ^
../L5_Application/main.cpp: In function 'void vCPUUsageTask(void*)':
../L5_Application/main.cpp:190:47: warning: format '%u' expects argument of type 'unsigned int', but argument 6 has type 'UBaseType_t {aka long unsigned int}' [-Wformat=]
                             cpuPercent, timeUs);
                                               ^
../L5_Application/main.cpp:190:47: warning: format '%u' expects argument of type 'unsigned int', but argument 7 has type 'uint32_t {aka long unsigned int}' [-Wformat=]
../L5_Application/main.cpp:190:47: warning: format '%u' expects argument of type 'unsigned int', but argument 8 has type 'uint32_t {aka long unsigned int}' [-Wformat=]
../L5_Application/main.cpp:190:47: warning: format '%u' expects argument of type 'unsigned int', but argument 9 has type 'uint32_t {aka long unsigned int}' [-Wformat=]
../L5_Application/main.cpp:190:47: warning: format '%u' expects argument of type 'unsigned int', but argument 6 has type 'UBaseType_t {aka long unsigned int}' [-Wformat=]
../L5_Application/main.cpp:190:47: warning: format '%u' expects argument of type 'unsigned int', but argument 7 has type 'uint32_t {aka long unsigned int}' [-Wformat=]
../L5_Application/main.cpp:190:47: warning: format '%u' expects argument of type 'unsigned int', but argument 8 has type 'uint32_t {aka long unsigned int}' [-Wformat=]
../L5_Application/main.cpp:190:47: warning: format '%u' expects argument of type 'unsigned int', but argument 9 has type 'uint32_t {aka long unsigned int}' [-Wformat=]
../L5_Application/main.cpp:201:111: warning: format '%u' expects argument of type 'unsigned int', but argument 5 has type 'uint32_t {aka long unsigned int}' [-Wformat=]
         snprintf(buffer, BUFSIZ, "%10s --- -- ----- %4u %10u luS\n", "(overhead)", overheadPercent, overheadUs);
                                                                                                               ^
../L5_Application/main.cpp:201:111: warning: format '%u' expects argument of type 'unsigned int', but argument 6 has type 'uint32_t {aka long unsigned int}' [-Wformat=]
Building file: ../L4_IO/wireless/src/wireless.c
../L5_Application/main.cpp:201:111: warning: format '%u' expects argument of type 'unsigned int', but argument 5 has type 'uint32_t {aka long unsigned int}' [-Wformat=]
../L5_Application/main.cpp:201:111: warning: format '%u' expects argument of type 'unsigned int', but argument 6 has type 'uint32_t {aka long unsigned int}' [-Wformat=]
Invoking: Cross ARM C Compiler
arm-none-eabi-gcc -mcpu=cortex-m3 -mthumb -Os -fmessage-length=0 -ffunction-sections -fdata-sections -Wall -Wshadow -Wlogical-op -Wfloat-equal -DBUILD_CFG_MPU=0 -I"C:\CMPE146\CMPE-146\SJSU_Dev\projects\Watchdog" -I"C:\CMPE146\CMPE-146\SJSU_Dev\projects\Watchdog\newlib" -I"C:\CMPE146\CMPE-146\SJSU_Dev\projects\Watchdog\L0_LowLevel" -I"C:\CMPE146\CMPE-146\SJSU_Dev\projects\Watchdog\L1_FreeRTOS" -I"C:\CMPE146\CMPE-146\SJSU_Dev\projects\Watchdog\L1_FreeRTOS\include" -I"C:\CMPE146\CMPE-146\SJSU_Dev\projects\Watchdog\L1_FreeRTOS\portable\no_mpu" -I"C:\CMPE146\CMPE-146\SJSU_Dev\projects\Watchdog\L2_Drivers" -I"C:\CMPE146\CMPE-146\SJSU_Dev\projects\Watchdog\L2_Drivers\base" -I"C:\CMPE146\CMPE-146\SJSU_Dev\projects\Watchdog\L3_Utils" -I"C:\CMPE146\CMPE-146\SJSU_Dev\projects\Watchdog\L3_Utils\tlm" -I"C:\CMPE146\CMPE-146\SJSU_Dev\projects\Watchdog\L4_IO" -I"C:\CMPE146\CMPE-146\SJSU_Dev\projects\Watchdog\L4_IO\fat" -I"C:\CMPE146\CMPE-146\SJSU_Dev\projects\Watchdog\L4_IO\wireless" -I"C:\CMPE146\CMPE-146\SJSU_Dev\projects\Watchdog\L5_Application" -std=gnu11 -MMD -MP -MF"L4_IO/wireless/src/wireless.d" -MT"L4_IO/wireless/src/wireless.o" -c -o "L4_IO/wireless/src/wireless.o" "../L4_IO/wireless/src/wireless.c"
Finished building: ../L5_Application/main.cpp
 
Building file: ../L4_IO/src/io_source.cpp
Finished building: ../L4_IO/wireless/src/wireless.c
Invoking: Cross ARM C++ Compiler
 
arm-none-eabi-g++ -mcpu=cortex-m3 -mthumb -Os -fmessage-length=0 -ffunction-sections -fdata-sections -Wall -Wshadow -Wlogical-op -Wfloat-equal -DBUILD_CFG_MPU=0 -I"C:\CMPE146\CMPE-146\SJSU_Dev\projects\Watchdog" -I"C:\CMPE146\CMPE-146\SJSU_Dev\projects\Watchdog\newlib" -I"C:\CMPE146\CMPE-146\SJSU_Dev\projects\Watchdog\L0_LowLevel" -I"C:\CMPE146\CMPE-146\SJSU_Dev\projects\Watchdog\L1_FreeRTOS" -I"C:\CMPE146\CMPE-146\SJSU_Dev\projects\Watchdog\L1_FreeRTOS\include" -I"C:\CMPE146\CMPE-146\SJSU_Dev\projects\Watchdog\L1_FreeRTOS\portable" -I"C:\CMPE146\CMPE-146\SJSU_Dev\projects\Watchdog\L1_FreeRTOS\portable\no_mpu" -I"C:\CMPE146\CMPE-146\SJSU_Dev\projects\Watchdog\L2_Drivers" -I"C:\CMPE146\CMPE-146\SJSU_Dev\projects\Watchdog\L2_Drivers\base" -I"C:\CMPE146\CMPE-146\SJSU_Dev\projects\Watchdog\L3_Utils" -I"C:\CMPE146\CMPE-146\SJSU_Dev\projects\Watchdog\L3_Utils\tlm" -I"C:\CMPE146\CMPE-146\SJSU_Dev\projects\Watchdog\L4_IO" -I"C:\CMPE146\CMPE-146\SJSU_Dev\projects\Watchdog\L4_IO\fat" -I"C:\CMPE146\CMPE-146\SJSU_Dev\projects\Watchdog\L4_IO\wireless" -I"C:\CMPE146\CMPE-146\SJSU_Dev\projects\Watchdog\L5_Application" -std=gnu++11 -fabi-version=0 -fno-exceptions -MMD -MP -MF"L4_IO/src/io_source.d" -MT"L4_IO/src/io_source.o" -c -o "L4_IO/src/io_source.o" "../L4_IO/src/io_source.cpp"
Building file: ../L4_IO/src/storage.cpp
Invoking: Cross ARM C++ Compiler
arm-none-eabi-g++ -mcpu=cortex-m3 -mthumb -Os -fmessage-length=0 -ffunction-sections -fdata-sections -Wall -Wshadow -Wlogical-op -Wfloat-equal -DBUILD_CFG_MPU=0 -I"C:\CMPE146\CMPE-146\SJSU_Dev\projects\Watchdog" -I"C:\CMPE146\CMPE-146\SJSU_Dev\projects\Watchdog\newlib" -I"C:\CMPE146\CMPE-146\SJSU_Dev\projects\Watchdog\L0_LowLevel" -I"C:\CMPE146\CMPE-146\SJSU_Dev\projects\Watchdog\L1_FreeRTOS" -I"C:\CMPE146\CMPE-146\SJSU_Dev\projects\Watchdog\L1_FreeRTOS\include" -I"C:\CMPE146\CMPE-146\SJSU_Dev\projects\Watchdog\L1_FreeRTOS\portable" -I"C:\CMPE146\CMPE-146\SJSU_Dev\projects\Watchdog\L1_FreeRTOS\portable\no_mpu" -I"C:\CMPE146\CMPE-146\SJSU_Dev\projects\Watchdog\L2_Drivers" -I"C:\CMPE146\CMPE-146\SJSU_Dev\projects\Watchdog\L2_Drivers\base" -I"C:\CMPE146\CMPE-146\SJSU_Dev\projects\Watchdog\L3_Utils" -I"C:\CMPE146\CMPE-146\SJSU_Dev\projects\Watchdog\L3_Utils\tlm" -I"C:\CMPE146\CMPE-146\SJSU_Dev\projects\Watchdog\L4_IO" -I"C:\CMPE146\CMPE-146\SJSU_Dev\projects\Watchdog\L4_IO\fat" -I"C:\CMPE146\CMPE-146\SJSU_Dev\projects\Watchdog\L4_IO\wireless" -I"C:\CMPE146\CMPE-146\SJSU_Dev\projects\Watchdog\L5_Application" -std=gnu++11 -fabi-version=0 -fno-exceptions -MMD -MP -MF"L4_IO/src/storage.d" -MT"L4_IO/src/storage.o" -c -o "L4_IO/src/storage.o" "../L4_IO/src/storage.cpp"
Finished building: ../L4_IO/src/io_source.cpp
Finished building: ../L4_IO/src/storage.cpp
 
 
Building file: ../L4_IO/fat/option/ccsbcs.c
Building file: ../L4_IO/fat/option/reentrant.c
Invoking: Cross ARM C Compiler
Invoking: Cross ARM C Compiler
arm-none-eabi-gcc -mcpu=cortex-m3 -mthumb -Os -fmessage-length=0 -ffunction-sections -fdata-sections -Wall -Wshadow -Wlogical-op -Wfloat-equal -DBUILD_CFG_MPU=0 -I"C:\CMPE146\CMPE-146\SJSU_Dev\projects\Watchdog" -I"C:\CMPE146\CMPE-146\SJSU_Dev\projects\Watchdog\newlib" -I"C:\CMPE146\CMPE-146\SJSU_Dev\projects\Watchdog\L0_LowLevel" -I"C:\CMPE146\CMPE-146\SJSU_Dev\projects\Watchdog\L1_FreeRTOS" -I"C:\CMPE146\CMPE-146\SJSU_Dev\projects\Watchdog\L1_FreeRTOS\include" -I"C:\CMPE146\CMPE-146\SJSU_Dev\projects\Watchdog\L1_FreeRTOS\portable\no_mpu" -I"C:\CMPE146\CMPE-146\SJSU_Dev\projects\Watchdog\L2_Drivers" -I"C:\CMPE146\CMPE-146\SJSU_Dev\projects\Watchdog\L2_Drivers\base" -I"C:\CMPE146\CMPE-146\SJSU_Dev\projects\Watchdog\L3_Utils" -I"C:\CMPE146\CMPE-146\SJSU_Dev\projects\Watchdog\L3_Utils\tlm" -I"C:\CMPE146\CMPE-146\SJSU_Dev\projects\Watchdog\L4_IO" -I"C:\CMPE146\CMPE-146\SJSU_Dev\projects\Watchdog\L4_IO\fat" -I"C:\CMPE146\CMPE-146\SJSU_Dev\projects\Watchdog\L4_IO\wireless" -I"C:\CMPE146\CMPE-146\SJSU_Dev\projects\Watchdog\L5_Application" -std=gnu11 -MMD -MP -MF"L4_IO/fat/option/ccsbcs.d" -MT"L4_IO/fat/option/ccsbcs.o" -c -o "L4_IO/fat/option/ccsbcs.o" "../L4_IO/fat/option/ccsbcs.c"
arm-none-eabi-gcc -mcpu=cortex-m3 -mthumb -Os -fmessage-length=0 -ffunction-sections -fdata-sections -Wall -Wshadow -Wlogical-op -Wfloat-equal -DBUILD_CFG_MPU=0 -I"C:\CMPE146\CMPE-146\SJSU_Dev\projects\Watchdog" -I"C:\CMPE146\CMPE-146\SJSU_Dev\projects\Watchdog\newlib" -I"C:\CMPE146\CMPE-146\SJSU_Dev\projects\Watchdog\L0_LowLevel" -I"C:\CMPE146\CMPE-146\SJSU_Dev\projects\Watchdog\L1_FreeRTOS" -I"C:\CMPE146\CMPE-146\SJSU_Dev\projects\Watchdog\L1_FreeRTOS\include" -I"C:\CMPE146\CMPE-146\SJSU_Dev\projects\Watchdog\L1_FreeRTOS\portable\no_mpu" -I"C:\CMPE146\CMPE-146\SJSU_Dev\projects\Watchdog\L2_Drivers" -I"C:\CMPE146\CMPE-146\SJSU_Dev\projects\Watchdog\L2_Drivers\base" -I"C:\CMPE146\CMPE-146\SJSU_Dev\projects\Watchdog\L3_Utils" -I"C:\CMPE146\CMPE-146\SJSU_Dev\projects\Watchdog\L3_Utils\tlm" -I"C:\CMPE146\CMPE-146\SJSU_Dev\projects\Watchdog\L4_IO" -I"C:\CMPE146\CMPE-146\SJSU_Dev\projects\Watchdog\L4_IO\fat" -I"C:\CMPE146\CMPE-146\SJSU_Dev\projects\Watchdog\L4_IO\wireless" -I"C:\CMPE146\CMPE-146\SJSU_Dev\projects\Watchdog\L5_Application" -std=gnu11 -MMD -MP -MF"L4_IO/fat/option/reentrant.d" -MT"L4_IO/fat/option/reentrant.o" -c -o "L4_IO/fat/option/reentrant.o" "../L4_IO/fat/option/reentrant.c"
Finished building: ../L4_IO/fat/option/ccsbcs.c
Finished building: ../L4_IO/fat/option/reentrant.c
 
 
Building file: ../L4_IO/fat/disk/spi_flash.cpp
Invoking: Cross ARM C++ Compiler
arm-none-eabi-g++ -mcpu=cortex-m3 -mthumb -Os -fmessage-length=0 -ffunction-sections -fdata-sections -Wall -Wshadow -Wlogical-op -Wfloat-equal -DBUILD_CFG_MPU=0 -I"C:\CMPE146\CMPE-146\SJSU_Dev\projects\Watchdog" -I"C:\CMPE146\CMPE-146\SJSU_Dev\projects\Watchdog\newlib" -I"C:\CMPE146\CMPE-146\SJSU_Dev\projects\Watchdog\L0_LowLevel" -I"C:\CMPE146\CMPE-146\SJSU_Dev\projects\Watchdog\L1_FreeRTOS" -I"C:\CMPE146\CMPE-146\SJSU_Dev\projects\Watchdog\L1_FreeRTOS\include" -I"C:\CMPE146\CMPE-146\SJSU_Dev\projects\Watchdog\L1_FreeRTOS\portable" -I"C:\CMPE146\CMPE-146\SJSU_Dev\projects\Watchdog\L1_FreeRTOS\portable\no_mpu" -I"C:\CMPE146\CMPE-146\SJSU_Dev\projects\Watchdog\L2_Drivers" -I"C:\CMPE146\CMPE-146\SJSU_Dev\projects\Watchdog\L2_Drivers\base" -I"C:\CMPE146\CMPE-146\SJSU_Dev\projects\Watchdog\L3_Utils" -I"C:\CMPE146\CMPE-146\SJSU_Dev\projects\Watchdog\L3_Utils\tlm" -I"C:\CMPE146\CMPE-146\SJSU_Dev\projects\Watchdog\L4_IO" -I"C:\CMPE146\CMPE-146\SJSU_Dev\projects\Watchdog\L4_IO\fat" -I"C:\CMPE146\CMPE-146\SJSU_Dev\projects\Watchdog\L4_IO\wireless" -I"C:\CMPE146\CMPE-146\SJSU_Dev\projects\Watchdog\L5_Application" -std=gnu++11 -fabi-version=0 -fno-exceptions -MMD -MP -MF"L4_IO/fat/disk/spi_flash.d" -MT"L4_IO/fat/disk/spi_flash.o" -c -o "L4_IO/fat/disk/spi_flash.o" "../L4_IO/fat/disk/spi_flash.cpp"
Building file: ../L4_IO/fat/ff.c
Invoking: Cross ARM C Compiler
arm-none-eabi-gcc -mcpu=cortex-m3 -mthumb -Os -fmessage-length=0 -ffunction-sections -fdata-sections -Wall -Wshadow -Wlogical-op -Wfloat-equal -DBUILD_CFG_MPU=0 -I"C:\CMPE146\CMPE-146\SJSU_Dev\projects\Watchdog" -I"C:\CMPE146\CMPE-146\SJSU_Dev\projects\Watchdog\newlib" -I"C:\CMPE146\CMPE-146\SJSU_Dev\projects\Watchdog\L0_LowLevel" -I"C:\CMPE146\CMPE-146\SJSU_Dev\projects\Watchdog\L1_FreeRTOS" -I"C:\CMPE146\CMPE-146\SJSU_Dev\projects\Watchdog\L1_FreeRTOS\include" -I"C:\CMPE146\CMPE-146\SJSU_Dev\projects\Watchdog\L1_FreeRTOS\portable\no_mpu" -I"C:\CMPE146\CMPE-146\SJSU_Dev\projects\Watchdog\L2_Drivers" -I"C:\CMPE146\CMPE-146\SJSU_Dev\projects\Watchdog\L2_Drivers\base" -I"C:\CMPE146\CMPE-146\SJSU_Dev\projects\Watchdog\L3_Utils" -I"C:\CMPE146\CMPE-146\SJSU_Dev\projects\Watchdog\L3_Utils\tlm" -I"C:\CMPE146\CMPE-146\SJSU_Dev\projects\Watchdog\L4_IO" -I"C:\CMPE146\CMPE-146\SJSU_Dev\projects\Watchdog\L4_IO\fat" -I"C:\CMPE146\CMPE-146\SJSU_Dev\projects\Watchdog\L4_IO\wireless" -I"C:\CMPE146\CMPE-146\SJSU_Dev\projects\Watchdog\L5_Application" -std=gnu11 -MMD -MP -MF"L4_IO/fat/ff.d" -MT"L4_IO/fat/ff.o" -c -o "L4_IO/fat/ff.o" "../L4_IO/fat/ff.c"
Finished building: ../L4_IO/fat/disk/spi_flash.cpp
 
Building file: ../L3_Utils/src/command_handler.cpp
Invoking: Cross ARM C++ Compiler
arm-none-eabi-g++ -mcpu=cortex-m3 -mthumb -Os -fmessage-length=0 -ffunction-sections -fdata-sections -Wall -Wshadow -Wlogical-op -Wfloat-equal -DBUILD_CFG_MPU=0 -I"C:\CMPE146\CMPE-146\SJSU_Dev\projects\Watchdog" -I"C:\CMPE146\CMPE-146\SJSU_Dev\projects\Watchdog\newlib" -I"C:\CMPE146\CMPE-146\SJSU_Dev\projects\Watchdog\L0_LowLevel" -I"C:\CMPE146\CMPE-146\SJSU_Dev\projects\Watchdog\L1_FreeRTOS" -I"C:\CMPE146\CMPE-146\SJSU_Dev\projects\Watchdog\L1_FreeRTOS\include" -I"C:\CMPE146\CMPE-146\SJSU_Dev\projects\Watchdog\L1_FreeRTOS\portable" -I"C:\CMPE146\CMPE-146\SJSU_Dev\projects\Watchdog\L1_FreeRTOS\portable\no_mpu" -I"C:\CMPE146\CMPE-146\SJSU_Dev\projects\Watchdog\L2_Drivers" -I"C:\CMPE146\CMPE-146\SJSU_Dev\projects\Watchdog\L2_Drivers\base" -I"C:\CMPE146\CMPE-146\SJSU_Dev\projects\Watchdog\L3_Utils" -I"C:\CMPE146\CMPE-146\SJSU_Dev\projects\Watchdog\L3_Utils\tlm" -I"C:\CMPE146\CMPE-146\SJSU_Dev\projects\Watchdog\L4_IO" -I"C:\CMPE146\CMPE-146\SJSU_Dev\projects\Watchdog\L4_IO\fat" -I"C:\CMPE146\CMPE-146\SJSU_Dev\projects\Watchdog\L4_IO\wireless" -I"C:\CMPE146\CMPE-146\SJSU_Dev\projects\Watchdog\L5_Application" -std=gnu++11 -fabi-version=0 -fno-exceptions -MMD -MP -MF"L3_Utils/src/command_handler.d" -MT"L3_Utils/src/command_handler.o" -c -o "L3_Utils/src/command_handler.o" "../L3_Utils/src/command_handler.cpp"
Finished building: ../L3_Utils/src/command_handler.cpp
 
Building file: ../L3_Utils/src/file_logger.c
Invoking: Cross ARM C Compiler
arm-none-eabi-gcc -mcpu=cortex-m3 -mthumb -Os -fmessage-length=0 -ffunction-sections -fdata-sections -Wall -Wshadow -Wlogical-op -Wfloat-equal -DBUILD_CFG_MPU=0 -I"C:\CMPE146\CMPE-146\SJSU_Dev\projects\Watchdog" -I"C:\CMPE146\CMPE-146\SJSU_Dev\projects\Watchdog\newlib" -I"C:\CMPE146\CMPE-146\SJSU_Dev\projects\Watchdog\L0_LowLevel" -I"C:\CMPE146\CMPE-146\SJSU_Dev\projects\Watchdog\L1_FreeRTOS" -I"C:\CMPE146\CMPE-146\SJSU_Dev\projects\Watchdog\L1_FreeRTOS\include" -I"C:\CMPE146\CMPE-146\SJSU_Dev\projects\Watchdog\L1_FreeRTOS\portable\no_mpu" -I"C:\CMPE146\CMPE-146\SJSU_Dev\projects\Watchdog\L2_Drivers" -I"C:\CMPE146\CMPE-146\SJSU_Dev\projects\Watchdog\L2_Drivers\base" -I"C:\CMPE146\CMPE-146\SJSU_Dev\projects\Watchdog\L3_Utils" -I"C:\CMPE146\CMPE-146\SJSU_Dev\projects\Watchdog\L3_Utils\tlm" -I"C:\CMPE146\CMPE-146\SJSU_Dev\projects\Watchdog\L4_IO" -I"C:\CMPE146\CMPE-146\SJSU_Dev\projects\Watchdog\L4_IO\fat" -I"C:\CMPE146\CMPE-146\SJSU_Dev\projects\Watchdog\L4_IO\wireless" -I"C:\CMPE146\CMPE-146\SJSU_Dev\projects\Watchdog\L5_Application" -std=gnu11 -MMD -MP -MF"L3_Utils/src/file_logger.d" -MT"L3_Utils/src/file_logger.o" -c -o "L3_Utils/src/file_logger.o" "../L3_Utils/src/file_logger.c"
Finished building: ../L4_IO/fat/ff.c
 
Building file: ../L3_Utils/src/freertos_timer.cpp
Invoking: Cross ARM C++ Compiler
arm-none-eabi-g++ -mcpu=cortex-m3 -mthumb -Os -fmessage-length=0 -ffunction-sections -fdata-sections -Wall -Wshadow -Wlogical-op -Wfloat-equal -DBUILD_CFG_MPU=0 -I"C:\CMPE146\CMPE-146\SJSU_Dev\projects\Watchdog" -I"C:\CMPE146\CMPE-146\SJSU_Dev\projects\Watchdog\newlib" -I"C:\CMPE146\CMPE-146\SJSU_Dev\projects\Watchdog\L0_LowLevel" -I"C:\CMPE146\CMPE-146\SJSU_Dev\projects\Watchdog\L1_FreeRTOS" -I"C:\CMPE146\CMPE-146\SJSU_Dev\projects\Watchdog\L1_FreeRTOS\include" -I"C:\CMPE146\CMPE-146\SJSU_Dev\projects\Watchdog\L1_FreeRTOS\portable" -I"C:\CMPE146\CMPE-146\SJSU_Dev\projects\Watchdog\L1_FreeRTOS\portable\no_mpu" -I"C:\CMPE146\CMPE-146\SJSU_Dev\projects\Watchdog\L2_Drivers" -I"C:\CMPE146\CMPE-146\SJSU_Dev\projects\Watchdog\L2_Drivers\base" -I"C:\CMPE146\CMPE-146\SJSU_Dev\projects\Watchdog\L3_Utils" -I"C:\CMPE146\CMPE-146\SJSU_Dev\projects\Watchdog\L3_Utils\tlm" -I"C:\CMPE146\CMPE-146\SJSU_Dev\projects\Watchdog\L4_IO" -I"C:\CMPE146\CMPE-146\SJSU_Dev\projects\Watchdog\L4_IO\fat" -I"C:\CMPE146\CMPE-146\SJSU_Dev\projects\Watchdog\L4_IO\wireless" -I"C:\CMPE146\CMPE-146\SJSU_Dev\projects\Watchdog\L5_Application" -std=gnu++11 -fabi-version=0 -fno-exceptions -MMD -MP -MF"L3_Utils/src/freertos_timer.d" -MT"L3_Utils/src/freertos_timer.o" -c -o "L3_Utils/src/freertos_timer.o" "../L3_Utils/src/freertos_timer.cpp"
Finished building: ../L3_Utils/src/file_logger.c
 
Finished building: ../L3_Utils/src/freertos_timer.cpp
Building file: ../L3_Utils/src/printf_lib.c
 
Invoking: Cross ARM C Compiler
arm-none-eabi-gcc -mcpu=cortex-m3 -mthumb -Os -fmessage-length=0 -ffunction-sections -fdata-sections -Wall -Wshadow -Wlogical-op -Wfloat-equal -DBUILD_CFG_MPU=0 -I"C:\CMPE146\CMPE-146\SJSU_Dev\projects\Watchdog" -I"C:\CMPE146\CMPE-146\SJSU_Dev\projects\Watchdog\newlib" -I"C:\CMPE146\CMPE-146\SJSU_Dev\projects\Watchdog\L0_LowLevel" -I"C:\CMPE146\CMPE-146\SJSU_Dev\projects\Watchdog\L1_FreeRTOS" -I"C:\CMPE146\CMPE-146\SJSU_Dev\projects\Watchdog\L1_FreeRTOS\include" -I"C:\CMPE146\CMPE-146\SJSU_Dev\projects\Watchdog\L1_FreeRTOS\portable\no_mpu" -I"C:\CMPE146\CMPE-146\SJSU_Dev\projects\Watchdog\L2_Drivers" -I"C:\CMPE146\CMPE-146\SJSU_Dev\projects\Watchdog\L2_Drivers\base" -I"C:\CMPE146\CMPE-146\SJSU_Dev\projects\Watchdog\L3_Utils" -I"C:\CMPE146\CMPE-146\SJSU_Dev\projects\Watchdog\L3_Utils\tlm" -I"C:\CMPE146\CMPE-146\SJSU_Dev\projects\Watchdog\L4_IO" -I"C:\CMPE146\CMPE-146\SJSU_Dev\projects\Watchdog\L4_IO\fat" -I"C:\CMPE146\CMPE-146\SJSU_Dev\projects\Watchdog\L4_IO\wireless" -I"C:\CMPE146\CMPE-146\SJSU_Dev\projects\Watchdog\L5_Application" -std=gnu11 -MMD -MP -MF"L3_Utils/src/printf_lib.d" -MT"L3_Utils/src/printf_lib.o" -c -o "L3_Utils/src/printf_lib.o" "../L3_Utils/src/printf_lib.c"
Building file: ../L3_Utils/src/rtc_alarm.c
Invoking: Cross ARM C Compiler
arm-none-eabi-gcc -mcpu=cortex-m3 -mthumb -Os -fmessage-length=0 -ffunction-sections -fdata-sections -Wall -Wshadow -Wlogical-op -Wfloat-equal -DBUILD_CFG_MPU=0 -I"C:\CMPE146\CMPE-146\SJSU_Dev\projects\Watchdog" -I"C:\CMPE146\CMPE-146\SJSU_Dev\projects\Watchdog\newlib" -I"C:\CMPE146\CMPE-146\SJSU_Dev\projects\Watchdog\L0_LowLevel" -I"C:\CMPE146\CMPE-146\SJSU_Dev\projects\Watchdog\L1_FreeRTOS" -I"C:\CMPE146\CMPE-146\SJSU_Dev\projects\Watchdog\L1_FreeRTOS\include" -I"C:\CMPE146\CMPE-146\SJSU_Dev\projects\Watchdog\L1_FreeRTOS\portable\no_mpu" -I"C:\CMPE146\CMPE-146\SJSU_Dev\projects\Watchdog\L2_Drivers" -I"C:\CMPE146\CMPE-146\SJSU_Dev\projects\Watchdog\L2_Drivers\base" -I"C:\CMPE146\CMPE-146\SJSU_Dev\projects\Watchdog\L3_Utils" -I"C:\CMPE146\CMPE-146\SJSU_Dev\projects\Watchdog\L3_Utils\tlm" -I"C:\CMPE146\CMPE-146\SJSU_Dev\projects\Watchdog\L4_IO" -I"C:\CMPE146\CMPE-146\SJSU_Dev\projects\Watchdog\L4_IO\fat" -I"C:\CMPE146\CMPE-146\SJSU_Dev\projects\Watchdog\L4_IO\wireless" -I"C:\CMPE146\CMPE-146\SJSU_Dev\projects\Watchdog\L5_Application" -std=gnu11 -MMD -MP -MF"L3_Utils/src/rtc_alarm.d" -MT"L3_Utils/src/rtc_alarm.o" -c -o "L3_Utils/src/rtc_alarm.o" "../L3_Utils/src/rtc_alarm.c"
Finished building: ../L3_Utils/src/printf_lib.c
 
Building file: ../L3_Utils/src/scheduler_task.cpp
Finished building: ../L3_Utils/src/rtc_alarm.c
Invoking: Cross ARM C++ Compiler
 
arm-none-eabi-g++ -mcpu=cortex-m3 -mthumb -Os -fmessage-length=0 -ffunction-sections -fdata-sections -Wall -Wshadow -Wlogical-op -Wfloat-equal -DBUILD_CFG_MPU=0 -I"C:\CMPE146\CMPE-146\SJSU_Dev\projects\Watchdog" -I"C:\CMPE146\CMPE-146\SJSU_Dev\projects\Watchdog\newlib" -I"C:\CMPE146\CMPE-146\SJSU_Dev\projects\Watchdog\L0_LowLevel" -I"C:\CMPE146\CMPE-146\SJSU_Dev\projects\Watchdog\L1_FreeRTOS" -I"C:\CMPE146\CMPE-146\SJSU_Dev\projects\Watchdog\L1_FreeRTOS\include" -I"C:\CMPE146\CMPE-146\SJSU_Dev\projects\Watchdog\L1_FreeRTOS\portable" -I"C:\CMPE146\CMPE-146\SJSU_Dev\projects\Watchdog\L1_FreeRTOS\portable\no_mpu" -I"C:\CMPE146\CMPE-146\SJSU_Dev\projects\Watchdog\L2_Drivers" -I"C:\CMPE146\CMPE-146\SJSU_Dev\projects\Watchdog\L2_Drivers\base" -I"C:\CMPE146\CMPE-146\SJSU_Dev\projects\Watchdog\L3_Utils" -I"C:\CMPE146\CMPE-146\SJSU_Dev\projects\Watchdog\L3_Utils\tlm" -I"C:\CMPE146\CMPE-146\SJSU_Dev\projects\Watchdog\L4_IO" -I"C:\CMPE146\CMPE-146\SJSU_Dev\projects\Watchdog\L4_IO\fat" -I"C:\CMPE146\CMPE-146\SJSU_Dev\projects\Watchdog\L4_IO\wireless" -I"C:\CMPE146\CMPE-146\SJSU_Dev\projects\Watchdog\L5_Application" -std=gnu++11 -fabi-version=0 -fno-exceptions -MMD -MP -MF"L3_Utils/src/scheduler_task.d" -MT"L3_Utils/src/scheduler_task.o" -c -o "L3_Utils/src/scheduler_task.o" "../L3_Utils/src/scheduler_task.cpp"
Building file: ../L3_Utils/src/utilities.c
Invoking: Cross ARM C Compiler
arm-none-eabi-gcc -mcpu=cortex-m3 -mthumb -Os -fmessage-length=0 -ffunction-sections -fdata-sections -Wall -Wshadow -Wlogical-op -Wfloat-equal -DBUILD_CFG_MPU=0 -I"C:\CMPE146\CMPE-146\SJSU_Dev\projects\Watchdog" -I"C:\CMPE146\CMPE-146\SJSU_Dev\projects\Watchdog\newlib" -I"C:\CMPE146\CMPE-146\SJSU_Dev\projects\Watchdog\L0_LowLevel" -I"C:\CMPE146\CMPE-146\SJSU_Dev\projects\Watchdog\L1_FreeRTOS" -I"C:\CMPE146\CMPE-146\SJSU_Dev\projects\Watchdog\L1_FreeRTOS\include" -I"C:\CMPE146\CMPE-146\SJSU_Dev\projects\Watchdog\L1_FreeRTOS\portable\no_mpu" -I"C:\CMPE146\CMPE-146\SJSU_Dev\projects\Watchdog\L2_Drivers" -I"C:\CMPE146\CMPE-146\SJSU_Dev\projects\Watchdog\L2_Drivers\base" -I"C:\CMPE146\CMPE-146\SJSU_Dev\projects\Watchdog\L3_Utils" -I"C:\CMPE146\CMPE-146\SJSU_Dev\projects\Watchdog\L3_Utils\tlm" -I"C:\CMPE146\CMPE-146\SJSU_Dev\projects\Watchdog\L4_IO" -I"C:\CMPE146\CMPE-146\SJSU_Dev\projects\Watchdog\L4_IO\fat" -I"C:\CMPE146\CMPE-146\SJSU_Dev\projects\Watchdog\L4_IO\wireless" -I"C:\CMPE146\CMPE-146\SJSU_Dev\projects\Watchdog\L5_Application" -std=gnu11 -MMD -MP -MF"L3_Utils/src/utilities.d" -MT"L3_Utils/src/utilities.o" -c -o "L3_Utils/src/utilities.o" "../L3_Utils/src/utilities.c"
Finished building: ../L3_Utils/src/utilities.c
Finished building: ../L3_Utils/src/scheduler_task.cpp
 
 
Building file: ../L2_Drivers/src/adc.c
Building file: ../L2_Drivers/src/can.c
Invoking: Cross ARM C Compiler
arm-none-eabi-gcc -mcpu=cortex-m3 -mthumb -Os -fmessage-length=0 -ffunction-sections -fdata-sections -Wall -Wshadow -Wlogical-op -Wfloat-equal -DBUILD_CFG_MPU=0 -I"C:\CMPE146\CMPE-146\SJSU_Dev\projects\Watchdog" -I"C:\CMPE146\CMPE-146\SJSU_Dev\projects\Watchdog\newlib" -I"C:\CMPE146\CMPE-146\SJSU_Dev\projects\Watchdog\L0_LowLevel" -I"C:\CMPE146\CMPE-146\SJSU_Dev\projects\Watchdog\L1_FreeRTOS" -I"C:\CMPE146\CMPE-146\SJSU_Dev\projects\Watchdog\L1_FreeRTOS\include" -I"C:\CMPE146\CMPE-146\SJSU_Dev\projects\Watchdog\L1_FreeRTOS\portable\no_mpu" -I"C:\CMPE146\CMPE-146\SJSU_Dev\projects\Watchdog\L2_Drivers" -I"C:\CMPE146\CMPE-146\SJSU_Dev\projects\Watchdog\L2_Drivers\base" -I"C:\CMPE146\CMPE-146\SJSU_Dev\projects\Watchdog\L3_Utils" -I"C:\CMPE146\CMPE-146\SJSU_Dev\projects\Watchdog\L3_Utils\tlm" -I"C:\CMPE146\CMPE-146\SJSU_Dev\projects\Watchdog\L4_IO" -I"C:\CMPE146\CMPE-146\SJSU_Dev\projects\Watchdog\L4_IO\fat" -I"C:\CMPE146\CMPE-146\SJSU_Dev\projects\Watchdog\L4_IO\wireless" -I"C:\CMPE146\CMPE-146\SJSU_Dev\projects\Watchdog\L5_Application" -std=gnu11 -MMD -MP -MF"L2_Drivers/src/adc.d" -MT"L2_Drivers/src/adc.o" -c -o "L2_Drivers/src/adc.o" "../L2_Drivers/src/adc.c"
Invoking: Cross ARM C Compiler
arm-none-eabi-gcc -mcpu=cortex-m3 -mthumb -Os -fmessage-length=0 -ffunction-sections -fdata-sections -Wall -Wshadow -Wlogical-op -Wfloat-equal -DBUILD_CFG_MPU=0 -I"C:\CMPE146\CMPE-146\SJSU_Dev\projects\Watchdog" -I"C:\CMPE146\CMPE-146\SJSU_Dev\projects\Watchdog\newlib" -I"C:\CMPE146\CMPE-146\SJSU_Dev\projects\Watchdog\L0_LowLevel" -I"C:\CMPE146\CMPE-146\SJSU_Dev\projects\Watchdog\L1_FreeRTOS" -I"C:\CMPE146\CMPE-146\SJSU_Dev\projects\Watchdog\L1_FreeRTOS\include" -I"C:\CMPE146\CMPE-146\SJSU_Dev\projects\Watchdog\L1_FreeRTOS\portable\no_mpu" -I"C:\CMPE146\CMPE-146\SJSU_Dev\projects\Watchdog\L2_Drivers" -I"C:\CMPE146\CMPE-146\SJSU_Dev\projects\Watchdog\L2_Drivers\base" -I"C:\CMPE146\CMPE-146\SJSU_Dev\projects\Watchdog\L3_Utils" -I"C:\CMPE146\CMPE-146\SJSU_Dev\projects\Watchdog\L3_Utils\tlm" -I"C:\CMPE146\CMPE-146\SJSU_Dev\projects\Watchdog\L4_IO" -I"C:\CMPE146\CMPE-146\SJSU_Dev\projects\Watchdog\L4_IO\fat" -I"C:\CMPE146\CMPE-146\SJSU_Dev\projects\Watchdog\L4_IO\wireless" -I"C:\CMPE146\CMPE-146\SJSU_Dev\projects\Watchdog\L5_Application" -std=gnu11 -MMD -MP -MF"L2_Drivers/src/can.d" -MT"L2_Drivers/src/can.o" -c -o "L2_Drivers/src/can.o" "../L2_Drivers/src/can.c"
Finished building: ../L2_Drivers/src/adc.c
 
Building file: ../L2_Drivers/src/eint.c
Invoking: Cross ARM C Compiler
arm-none-eabi-gcc -mcpu=cortex-m3 -mthumb -Os -fmessage-length=0 -ffunction-sections -fdata-sections -Wall -Wshadow -Wlogical-op -Wfloat-equal -DBUILD_CFG_MPU=0 -I"C:\CMPE146\CMPE-146\SJSU_Dev\projects\Watchdog" -I"C:\CMPE146\CMPE-146\SJSU_Dev\projects\Watchdog\newlib" -I"C:\CMPE146\CMPE-146\SJSU_Dev\projects\Watchdog\L0_LowLevel" -I"C:\CMPE146\CMPE-146\SJSU_Dev\projects\Watchdog\L1_FreeRTOS" -I"C:\CMPE146\CMPE-146\SJSU_Dev\projects\Watchdog\L1_FreeRTOS\include" -I"C:\CMPE146\CMPE-146\SJSU_Dev\projects\Watchdog\L1_FreeRTOS\portable\no_mpu" -I"C:\CMPE146\CMPE-146\SJSU_Dev\projects\Watchdog\L2_Drivers" -I"C:\CMPE146\CMPE-146\SJSU_Dev\projects\Watchdog\L2_Drivers\base" -I"C:\CMPE146\CMPE-146\SJSU_Dev\projects\Watchdog\L3_Utils" -I"C:\CMPE146\CMPE-146\SJSU_Dev\projects\Watchdog\L3_Utils\tlm" -I"C:\CMPE146\CMPE-146\SJSU_Dev\projects\Watchdog\L4_IO" -I"C:\CMPE146\CMPE-146\SJSU_Dev\projects\Watchdog\L4_IO\fat" -I"C:\CMPE146\CMPE-146\SJSU_Dev\projects\Watchdog\L4_IO\wireless" -I"C:\CMPE146\CMPE-146\SJSU_Dev\projects\Watchdog\L5_Application" -std=gnu11 -MMD -MP -MF"L2_Drivers/src/eint.d" -MT"L2_Drivers/src/eint.o" -c -o "L2_Drivers/src/eint.o" "../L2_Drivers/src/eint.c"
Finished building: ../L2_Drivers/src/can.c
 
Building file: ../L2_Drivers/src/i2c2.cpp
Invoking: Cross ARM C++ Compiler
arm-none-eabi-g++ -mcpu=cortex-m3 -mthumb -Os -fmessage-length=0 -ffunction-sections -fdata-sections -Wall -Wshadow -Wlogical-op -Wfloat-equal -DBUILD_CFG_MPU=0 -I"C:\CMPE146\CMPE-146\SJSU_Dev\projects\Watchdog" -I"C:\CMPE146\CMPE-146\SJSU_Dev\projects\Watchdog\newlib" -I"C:\CMPE146\CMPE-146\SJSU_Dev\projects\Watchdog\L0_LowLevel" -I"C:\CMPE146\CMPE-146\SJSU_Dev\projects\Watchdog\L1_FreeRTOS" -I"C:\CMPE146\CMPE-146\SJSU_Dev\projects\Watchdog\L1_FreeRTOS\include" -I"C:\CMPE146\CMPE-146\SJSU_Dev\projects\Watchdog\L1_FreeRTOS\portable" -I"C:\CMPE146\CMPE-146\SJSU_Dev\projects\Watchdog\L1_FreeRTOS\portable\no_mpu" -I"C:\CMPE146\CMPE-146\SJSU_Dev\projects\Watchdog\L2_Drivers" -I"C:\CMPE146\CMPE-146\SJSU_Dev\projects\Watchdog\L2_Drivers\base" -I"C:\CMPE146\CMPE-146\SJSU_Dev\projects\Watchdog\L3_Utils" -I"C:\CMPE146\CMPE-146\SJSU_Dev\projects\Watchdog\L3_Utils\tlm" -I"C:\CMPE146\CMPE-146\SJSU_Dev\projects\Watchdog\L4_IO" -I"C:\CMPE146\CMPE-146\SJSU_Dev\projects\Watchdog\L4_IO\fat" -I"C:\CMPE146\CMPE-146\SJSU_Dev\projects\Watchdog\L4_IO\wireless" -I"C:\CMPE146\CMPE-146\SJSU_Dev\projects\Watchdog\L5_Application" -std=gnu++11 -fabi-version=0 -fno-exceptions -MMD -MP -MF"L2_Drivers/src/i2c2.d" -MT"L2_Drivers/src/i2c2.o" -c -o "L2_Drivers/src/i2c2.o" "../L2_Drivers/src/i2c2.cpp"
Finished building: ../L2_Drivers/src/eint.c
 
Building file: ../L2_Drivers/src/lpc_rit.c
Invoking: Cross ARM C Compiler
Finished building: ../L2_Drivers/src/i2c2.cpp
arm-none-eabi-gcc -mcpu=cortex-m3 -mthumb -Os -fmessage-length=0 -ffunction-sections -fdata-sections -Wall -Wshadow -Wlogical-op -Wfloat-equal -DBUILD_CFG_MPU=0 -I"C:\CMPE146\CMPE-146\SJSU_Dev\projects\Watchdog" -I"C:\CMPE146\CMPE-146\SJSU_Dev\projects\Watchdog\newlib" -I"C:\CMPE146\CMPE-146\SJSU_Dev\projects\Watchdog\L0_LowLevel" -I"C:\CMPE146\CMPE-146\SJSU_Dev\projects\Watchdog\L1_FreeRTOS" -I"C:\CMPE146\CMPE-146\SJSU_Dev\projects\Watchdog\L1_FreeRTOS\include" -I"C:\CMPE146\CMPE-146\SJSU_Dev\projects\Watchdog\L1_FreeRTOS\portable\no_mpu" -I"C:\CMPE146\CMPE-146\SJSU_Dev\projects\Watchdog\L2_Drivers" -I"C:\CMPE146\CMPE-146\SJSU_Dev\projects\Watchdog\L2_Drivers\base" -I"C:\CMPE146\CMPE-146\SJSU_Dev\projects\Watchdog\L3_Utils" -I"C:\CMPE146\CMPE-146\SJSU_Dev\projects\Watchdog\L3_Utils\tlm" -I"C:\CMPE146\CMPE-146\SJSU_Dev\projects\Watchdog\L4_IO" -I"C:\CMPE146\CMPE-146\SJSU_Dev\projects\Watchdog\L4_IO\fat" -I"C:\CMPE146\CMPE-146\SJSU_Dev\projects\Watchdog\L4_IO\wireless" -I"C:\CMPE146\CMPE-146\SJSU_Dev\projects\Watchdog\L5_Application" -std=gnu11 -MMD -MP -MF"L2_Drivers/src/lpc_rit.d" -MT"L2_Drivers/src/lpc_rit.o" -c -o "L2_Drivers/src/lpc_rit.o" "../L2_Drivers/src/lpc_rit.c"
 
Building file: ../L2_Drivers/src/nrf_stream.cpp
Invoking: Cross ARM C++ Compiler
arm-none-eabi-g++ -mcpu=cortex-m3 -mthumb -Os -fmessage-length=0 -ffunction-sections -fdata-sections -Wall -Wshadow -Wlogical-op -Wfloat-equal -DBUILD_CFG_MPU=0 -I"C:\CMPE146\CMPE-146\SJSU_Dev\projects\Watchdog" -I"C:\CMPE146\CMPE-146\SJSU_Dev\projects\Watchdog\newlib" -I"C:\CMPE146\CMPE-146\SJSU_Dev\projects\Watchdog\L0_LowLevel" -I"C:\CMPE146\CMPE-146\SJSU_Dev\projects\Watchdog\L1_FreeRTOS" -I"C:\CMPE146\CMPE-146\SJSU_Dev\projects\Watchdog\L1_FreeRTOS\include" -I"C:\CMPE146\CMPE-146\SJSU_Dev\projects\Watchdog\L1_FreeRTOS\portable" -I"C:\CMPE146\CMPE-146\SJSU_Dev\projects\Watchdog\L1_FreeRTOS\portable\no_mpu" -I"C:\CMPE146\CMPE-146\SJSU_Dev\projects\Watchdog\L2_Drivers" -I"C:\CMPE146\CMPE-146\SJSU_Dev\projects\Watchdog\L2_Drivers\base" -I"C:\CMPE146\CMPE-146\SJSU_Dev\projects\Watchdog\L3_Utils" -I"C:\CMPE146\CMPE-146\SJSU_Dev\projects\Watchdog\L3_Utils\tlm" -I"C:\CMPE146\CMPE-146\SJSU_Dev\projects\Watchdog\L4_IO" -I"C:\CMPE146\CMPE-146\SJSU_Dev\projects\Watchdog\L4_IO\fat" -I"C:\CMPE146\CMPE-146\SJSU_Dev\projects\Watchdog\L4_IO\wireless" -I"C:\CMPE146\CMPE-146\SJSU_Dev\projects\Watchdog\L5_Application" -std=gnu++11 -fabi-version=0 -fno-exceptions -MMD -MP -MF"L2_Drivers/src/nrf_stream.d" -MT"L2_Drivers/src/nrf_stream.o" -c -o "L2_Drivers/src/nrf_stream.o" "../L2_Drivers/src/nrf_stream.cpp"
Finished building: ../L2_Drivers/src/lpc_rit.c
 
Building file: ../L2_Drivers/src/spi_sem.c
Invoking: Cross ARM C Compiler
arm-none-eabi-gcc -mcpu=cortex-m3 -mthumb -Os -fmessage-length=0 -ffunction-sections -fdata-sections -Wall -Wshadow -Wlogical-op -Wfloat-equal -DBUILD_CFG_MPU=0 -I"C:\CMPE146\CMPE-146\SJSU_Dev\projects\Watchdog" -I"C:\CMPE146\CMPE-146\SJSU_Dev\projects\Watchdog\newlib" -I"C:\CMPE146\CMPE-146\SJSU_Dev\projects\Watchdog\L0_LowLevel" -I"C:\CMPE146\CMPE-146\SJSU_Dev\projects\Watchdog\L1_FreeRTOS" -I"C:\CMPE146\CMPE-146\SJSU_Dev\projects\Watchdog\L1_FreeRTOS\include" -I"C:\CMPE146\CMPE-146\SJSU_Dev\projects\Watchdog\L1_FreeRTOS\portable\no_mpu" -I"C:\CMPE146\CMPE-146\SJSU_Dev\projects\Watchdog\L2_Drivers" -I"C:\CMPE146\CMPE-146\SJSU_Dev\projects\Watchdog\L2_Drivers\base" -I"C:\CMPE146\CMPE-146\SJSU_Dev\projects\Watchdog\L3_Utils" -I"C:\CMPE146\CMPE-146\SJSU_Dev\projects\Watchdog\L3_Utils\tlm" -I"C:\CMPE146\CMPE-146\SJSU_Dev\projects\Watchdog\L4_IO" -I"C:\CMPE146\CMPE-146\SJSU_Dev\projects\Watchdog\L4_IO\fat" -I"C:\CMPE146\CMPE-146\SJSU_Dev\projects\Watchdog\L4_IO\wireless" -I"C:\CMPE146\CMPE-146\SJSU_Dev\projects\Watchdog\L5_Application" -std=gnu11 -MMD -MP -MF"L2_Drivers/src/spi_sem.d" -MT"L2_Drivers/src/spi_sem.o" -c -o "L2_Drivers/src/spi_sem.o" "../L2_Drivers/src/spi_sem.c"
Finished building: ../L2_Drivers/src/nrf_stream.cpp
 
Building file: ../L2_Drivers/src/uart0.cpp
Invoking: Cross ARM C++ Compiler
arm-none-eabi-g++ -mcpu=cortex-m3 -mthumb -Os -fmessage-length=0 -ffunction-sections -fdata-sections -Wall -Wshadow -Wlogical-op -Wfloat-equal -DBUILD_CFG_MPU=0 -I"C:\CMPE146\CMPE-146\SJSU_Dev\projects\Watchdog" -I"C:\CMPE146\CMPE-146\SJSU_Dev\projects\Watchdog\newlib" -I"C:\CMPE146\CMPE-146\SJSU_Dev\projects\Watchdog\L0_LowLevel" -I"C:\CMPE146\CMPE-146\SJSU_Dev\projects\Watchdog\L1_FreeRTOS" -I"C:\CMPE146\CMPE-146\SJSU_Dev\projects\Watchdog\L1_FreeRTOS\include" -I"C:\CMPE146\CMPE-146\SJSU_Dev\projects\Watchdog\L1_FreeRTOS\portable" -I"C:\CMPE146\CMPE-146\SJSU_Dev\projects\Watchdog\L1_FreeRTOS\portable\no_mpu" -I"C:\CMPE146\CMPE-146\SJSU_Dev\projects\Watchdog\L2_Drivers" -I"C:\CMPE146\CMPE-146\SJSU_Dev\projects\Watchdog\L2_Drivers\base" -I"C:\CMPE146\CMPE-146\SJSU_Dev\projects\Watchdog\L3_Utils" -I"C:\CMPE146\CMPE-146\SJSU_Dev\projects\Watchdog\L3_Utils\tlm" -I"C:\CMPE146\CMPE-146\SJSU_Dev\projects\Watchdog\L4_IO" -I"C:\CMPE146\CMPE-146\SJSU_Dev\projects\Watchdog\L4_IO\fat" -I"C:\CMPE146\CMPE-146\SJSU_Dev\projects\Watchdog\L4_IO\wireless" -I"C:\CMPE146\CMPE-146\SJSU_Dev\projects\Watchdog\L5_Application" -std=gnu++11 -fabi-version=0 -fno-exceptions -MMD -MP -MF"L2_Drivers/src/uart0.d" -MT"L2_Drivers/src/uart0.o" -c -o "L2_Drivers/src/uart0.o" "../L2_Drivers/src/uart0.cpp"
Finished building: ../L2_Drivers/src/spi_sem.c
 
Building file: ../L2_Drivers/src/uart2.cpp
Invoking: Cross ARM C++ Compiler
arm-none-eabi-g++ -mcpu=cortex-m3 -mthumb -Os -fmessage-length=0 -ffunction-sections -fdata-sections -Wall -Wshadow -Wlogical-op -Wfloat-equal -DBUILD_CFG_MPU=0 -I"C:\CMPE146\CMPE-146\SJSU_Dev\projects\Watchdog" -I"C:\CMPE146\CMPE-146\SJSU_Dev\projects\Watchdog\newlib" -I"C:\CMPE146\CMPE-146\SJSU_Dev\projects\Watchdog\L0_LowLevel" -I"C:\CMPE146\CMPE-146\SJSU_Dev\projects\Watchdog\L1_FreeRTOS" -I"C:\CMPE146\CMPE-146\SJSU_Dev\projects\Watchdog\L1_FreeRTOS\include" -I"C:\CMPE146\CMPE-146\SJSU_Dev\projects\Watchdog\L1_FreeRTOS\portable" -I"C:\CMPE146\CMPE-146\SJSU_Dev\projects\Watchdog\L1_FreeRTOS\portable\no_mpu" -I"C:\CMPE146\CMPE-146\SJSU_Dev\projects\Watchdog\L2_Drivers" -I"C:\CMPE146\CMPE-146\SJSU_Dev\projects\Watchdog\L2_Drivers\base" -I"C:\CMPE146\CMPE-146\SJSU_Dev\projects\Watchdog\L3_Utils" -I"C:\CMPE146\CMPE-146\SJSU_Dev\projects\Watchdog\L3_Utils\tlm" -I"C:\CMPE146\CMPE-146\SJSU_Dev\projects\Watchdog\L4_IO" -I"C:\CMPE146\CMPE-146\SJSU_Dev\projects\Watchdog\L4_IO\fat" -I"C:\CMPE146\CMPE-146\SJSU_Dev\projects\Watchdog\L4_IO\wireless" -I"C:\CMPE146\CMPE-146\SJSU_Dev\projects\Watchdog\L5_Application" -std=gnu++11 -fabi-version=0 -fno-exceptions -MMD -MP -MF"L2_Drivers/src/uart2.d" -MT"L2_Drivers/src/uart2.o" -c -o "L2_Drivers/src/uart2.o" "../L2_Drivers/src/uart2.cpp"
Finished building: ../L2_Drivers/src/uart0.cpp
 
Building file: ../L2_Drivers/src/uart3.cpp
Invoking: Cross ARM C++ Compiler
arm-none-eabi-g++ -mcpu=cortex-m3 -mthumb -Os -fmessage-length=0 -ffunction-sections -fdata-sections -Wall -Wshadow -Wlogical-op -Wfloat-equal -DBUILD_CFG_MPU=0 -I"C:\CMPE146\CMPE-146\SJSU_Dev\projects\Watchdog" -I"C:\CMPE146\CMPE-146\SJSU_Dev\projects\Watchdog\newlib" -I"C:\CMPE146\CMPE-146\SJSU_Dev\projects\Watchdog\L0_LowLevel" -I"C:\CMPE146\CMPE-146\SJSU_Dev\projects\Watchdog\L1_FreeRTOS" -I"C:\CMPE146\CMPE-146\SJSU_Dev\projects\Watchdog\L1_FreeRTOS\include" -I"C:\CMPE146\CMPE-146\SJSU_Dev\projects\Watchdog\L1_FreeRTOS\portable" -I"C:\CMPE146\CMPE-146\SJSU_Dev\projects\Watchdog\L1_FreeRTOS\portable\no_mpu" -I"C:\CMPE146\CMPE-146\SJSU_Dev\projects\Watchdog\L2_Drivers" -I"C:\CMPE146\CMPE-146\SJSU_Dev\projects\Watchdog\L2_Drivers\base" -I"C:\CMPE146\CMPE-146\SJSU_Dev\projects\Watchdog\L3_Utils" -I"C:\CMPE146\CMPE-146\SJSU_Dev\projects\Watchdog\L3_Utils\tlm" -I"C:\CMPE146\CMPE-146\SJSU_Dev\projects\Watchdog\L4_IO" -I"C:\CMPE146\CMPE-146\SJSU_Dev\projects\Watchdog\L4_IO\fat" -I"C:\CMPE146\CMPE-146\SJSU_Dev\projects\Watchdog\L4_IO\wireless" -I"C:\CMPE146\CMPE-146\SJSU_Dev\projects\Watchdog\L5_Application" -std=gnu++11 -fabi-version=0 -fno-exceptions -MMD -MP -MF"L2_Drivers/src/uart3.d" -MT"L2_Drivers/src/uart3.o" -c -o "L2_Drivers/src/uart3.o" "../L2_Drivers/src/uart3.cpp"
Finished building: ../L2_Drivers/src/uart2.cpp
 
Building file: ../L2_Drivers/base/char_dev.cpp
Invoking: Cross ARM C++ Compiler
Finished building: ../L2_Drivers/src/uart3.cpp
arm-none-eabi-g++ -mcpu=cortex-m3 -mthumb -Os -fmessage-length=0 -ffunction-sections -fdata-sections -Wall -Wshadow -Wlogical-op -Wfloat-equal -DBUILD_CFG_MPU=0 -I"C:\CMPE146\CMPE-146\SJSU_Dev\projects\Watchdog" -I"C:\CMPE146\CMPE-146\SJSU_Dev\projects\Watchdog\newlib" -I"C:\CMPE146\CMPE-146\SJSU_Dev\projects\Watchdog\L0_LowLevel" -I"C:\CMPE146\CMPE-146\SJSU_Dev\projects\Watchdog\L1_FreeRTOS" -I"C:\CMPE146\CMPE-146\SJSU_Dev\projects\Watchdog\L1_FreeRTOS\include" -I"C:\CMPE146\CMPE-146\SJSU_Dev\projects\Watchdog\L1_FreeRTOS\portable" -I"C:\CMPE146\CMPE-146\SJSU_Dev\projects\Watchdog\L1_FreeRTOS\portable\no_mpu" -I"C:\CMPE146\CMPE-146\SJSU_Dev\projects\Watchdog\L2_Drivers" -I"C:\CMPE146\CMPE-146\SJSU_Dev\projects\Watchdog\L2_Drivers\base" -I"C:\CMPE146\CMPE-146\SJSU_Dev\projects\Watchdog\L3_Utils" -I"C:\CMPE146\CMPE-146\SJSU_Dev\projects\Watchdog\L3_Utils\tlm" -I"C:\CMPE146\CMPE-146\SJSU_Dev\projects\Watchdog\L4_IO" -I"C:\CMPE146\CMPE-146\SJSU_Dev\projects\Watchdog\L4_IO\fat" -I"C:\CMPE146\CMPE-146\SJSU_Dev\projects\Watchdog\L4_IO\wireless" -I"C:\CMPE146\CMPE-146\SJSU_Dev\projects\Watchdog\L5_Application" -std=gnu++11 -fabi-version=0 -fno-exceptions -MMD -MP -MF"L2_Drivers/base/char_dev.d" -MT"L2_Drivers/base/char_dev.o" -c -o "L2_Drivers/base/char_dev.o" "../L2_Drivers/base/char_dev.cpp"
 
Building file: ../L2_Drivers/base/i2c_base.cpp
Invoking: Cross ARM C++ Compiler
arm-none-eabi-g++ -mcpu=cortex-m3 -mthumb -Os -fmessage-length=0 -ffunction-sections -fdata-sections -Wall -Wshadow -Wlogical-op -Wfloat-equal -DBUILD_CFG_MPU=0 -I"C:\CMPE146\CMPE-146\SJSU_Dev\projects\Watchdog" -I"C:\CMPE146\CMPE-146\SJSU_Dev\projects\Watchdog\newlib" -I"C:\CMPE146\CMPE-146\SJSU_Dev\projects\Watchdog\L0_LowLevel" -I"C:\CMPE146\CMPE-146\SJSU_Dev\projects\Watchdog\L1_FreeRTOS" -I"C:\CMPE146\CMPE-146\SJSU_Dev\projects\Watchdog\L1_FreeRTOS\include" -I"C:\CMPE146\CMPE-146\SJSU_Dev\projects\Watchdog\L1_FreeRTOS\portable" -I"C:\CMPE146\CMPE-146\SJSU_Dev\projects\Watchdog\L1_FreeRTOS\portable\no_mpu" -I"C:\CMPE146\CMPE-146\SJSU_Dev\projects\Watchdog\L2_Drivers" -I"C:\CMPE146\CMPE-146\SJSU_Dev\projects\Watchdog\L2_Drivers\base" -I"C:\CMPE146\CMPE-146\SJSU_Dev\projects\Watchdog\L3_Utils" -I"C:\CMPE146\CMPE-146\SJSU_Dev\projects\Watchdog\L3_Utils\tlm" -I"C:\CMPE146\CMPE-146\SJSU_Dev\projects\Watchdog\L4_IO" -I"C:\CMPE146\CMPE-146\SJSU_Dev\projects\Watchdog\L4_IO\fat" -I"C:\CMPE146\CMPE-146\SJSU_Dev\projects\Watchdog\L4_IO\wireless" -I"C:\CMPE146\CMPE-146\SJSU_Dev\projects\Watchdog\L5_Application" -std=gnu++11 -fabi-version=0 -fno-exceptions -MMD -MP -MF"L2_Drivers/base/i2c_base.d" -MT"L2_Drivers/base/i2c_base.o" -c -o "L2_Drivers/base/i2c_base.o" "../L2_Drivers/base/i2c_base.cpp"
Finished building: ../L2_Drivers/base/char_dev.cpp
 
Building file: ../L2_Drivers/base/uart_dev.cpp
Finished building: ../L2_Drivers/base/i2c_base.cpp
 
Invoking: Cross ARM C++ Compiler
Building file: ../L1_FreeRTOS/trace/run_time_counter.c
arm-none-eabi-g++ -mcpu=cortex-m3 -mthumb -Os -fmessage-length=0 -ffunction-sections -fdata-sections -Wall -Wshadow -Wlogical-op -Wfloat-equal -DBUILD_CFG_MPU=0 -I"C:\CMPE146\CMPE-146\SJSU_Dev\projects\Watchdog" -I"C:\CMPE146\CMPE-146\SJSU_Dev\projects\Watchdog\newlib" -I"C:\CMPE146\CMPE-146\SJSU_Dev\projects\Watchdog\L0_LowLevel" -I"C:\CMPE146\CMPE-146\SJSU_Dev\projects\Watchdog\L1_FreeRTOS" -I"C:\CMPE146\CMPE-146\SJSU_Dev\projects\Watchdog\L1_FreeRTOS\include" -I"C:\CMPE146\CMPE-146\SJSU_Dev\projects\Watchdog\L1_FreeRTOS\portable" -I"C:\CMPE146\CMPE-146\SJSU_Dev\projects\Watchdog\L1_FreeRTOS\portable\no_mpu" -I"C:\CMPE146\CMPE-146\SJSU_Dev\projects\Watchdog\L2_Drivers" -I"C:\CMPE146\CMPE-146\SJSU_Dev\projects\Watchdog\L2_Drivers\base" -I"C:\CMPE146\CMPE-146\SJSU_Dev\projects\Watchdog\L3_Utils" -I"C:\CMPE146\CMPE-146\SJSU_Dev\projects\Watchdog\L3_Utils\tlm" -I"C:\CMPE146\CMPE-146\SJSU_Dev\projects\Watchdog\L4_IO" -I"C:\CMPE146\CMPE-146\SJSU_Dev\projects\Watchdog\L4_IO\fat" -I"C:\CMPE146\CMPE-146\SJSU_Dev\projects\Watchdog\L4_IO\wireless" -I"C:\CMPE146\CMPE-146\SJSU_Dev\projects\Watchdog\L5_Application" -std=gnu++11 -fabi-version=0 -fno-exceptions -MMD -MP -MF"L2_Drivers/base/uart_dev.d" -MT"L2_Drivers/base/uart_dev.o" -c -o "L2_Drivers/base/uart_dev.o" "../L2_Drivers/base/uart_dev.cpp"
Invoking: Cross ARM C Compiler
arm-none-eabi-gcc -mcpu=cortex-m3 -mthumb -Os -fmessage-length=0 -ffunction-sections -fdata-sections -Wall -Wshadow -Wlogical-op -Wfloat-equal -DBUILD_CFG_MPU=0 -I"C:\CMPE146\CMPE-146\SJSU_Dev\projects\Watchdog" -I"C:\CMPE146\CMPE-146\SJSU_Dev\projects\Watchdog\newlib" -I"C:\CMPE146\CMPE-146\SJSU_Dev\projects\Watchdog\L0_LowLevel" -I"C:\CMPE146\CMPE-146\SJSU_Dev\projects\Watchdog\L1_FreeRTOS" -I"C:\CMPE146\CMPE-146\SJSU_Dev\projects\Watchdog\L1_FreeRTOS\include" -I"C:\CMPE146\CMPE-146\SJSU_Dev\projects\Watchdog\L1_FreeRTOS\portable\no_mpu" -I"C:\CMPE146\CMPE-146\SJSU_Dev\projects\Watchdog\L2_Drivers" -I"C:\CMPE146\CMPE-146\SJSU_Dev\projects\Watchdog\L2_Drivers\base" -I"C:\CMPE146\CMPE-146\SJSU_Dev\projects\Watchdog\L3_Utils" -I"C:\CMPE146\CMPE-146\SJSU_Dev\projects\Watchdog\L3_Utils\tlm" -I"C:\CMPE146\CMPE-146\SJSU_Dev\projects\Watchdog\L4_IO" -I"C:\CMPE146\CMPE-146\SJSU_Dev\projects\Watchdog\L4_IO\fat" -I"C:\CMPE146\CMPE-146\SJSU_Dev\projects\Watchdog\L4_IO\wireless" -I"C:\CMPE146\CMPE-146\SJSU_Dev\projects\Watchdog\L5_Application" -std=gnu11 -MMD -MP -MF"L1_FreeRTOS/trace/run_time_counter.d" -MT"L1_FreeRTOS/trace/run_time_counter.o" -c -o "L1_FreeRTOS/trace/run_time_counter.o" "../L1_FreeRTOS/trace/run_time_counter.c"
Finished building: ../L1_FreeRTOS/trace/run_time_counter.c
 
Finished building: ../L2_Drivers/base/uart_dev.cpp
Building file: ../L1_FreeRTOS/trace/trcBase.c
 
Building file: ../L1_FreeRTOS/trace/trcHardwarePort.c
Invoking: Cross ARM C Compiler
arm-none-eabi-gcc -mcpu=cortex-m3 -mthumb -Os -fmessage-length=0 -ffunction-sections -fdata-sections -Wall -Wshadow -Wlogical-op -Wfloat-equal -DBUILD_CFG_MPU=0 -I"C:\CMPE146\CMPE-146\SJSU_Dev\projects\Watchdog" -I"C:\CMPE146\CMPE-146\SJSU_Dev\projects\Watchdog\newlib" -I"C:\CMPE146\CMPE-146\SJSU_Dev\projects\Watchdog\L0_LowLevel" -I"C:\CMPE146\CMPE-146\SJSU_Dev\projects\Watchdog\L1_FreeRTOS" -I"C:\CMPE146\CMPE-146\SJSU_Dev\projects\Watchdog\L1_FreeRTOS\include" -I"C:\CMPE146\CMPE-146\SJSU_Dev\projects\Watchdog\L1_FreeRTOS\portable\no_mpu" -I"C:\CMPE146\CMPE-146\SJSU_Dev\projects\Watchdog\L2_Drivers" -I"C:\CMPE146\CMPE-146\SJSU_Dev\projects\Watchdog\L2_Drivers\base" -I"C:\CMPE146\CMPE-146\SJSU_Dev\projects\Watchdog\L3_Utils" -I"C:\CMPE146\CMPE-146\SJSU_Dev\projects\Watchdog\L3_Utils\tlm" -I"C:\CMPE146\CMPE-146\SJSU_Dev\projects\Watchdog\L4_IO" -I"C:\CMPE146\CMPE-146\SJSU_Dev\projects\Watchdog\L4_IO\fat" -I"C:\CMPE146\CMPE-146\SJSU_Dev\projects\Watchdog\L4_IO\wireless" -I"C:\CMPE146\CMPE-146\SJSU_Dev\projects\Watchdog\L5_Application" -std=gnu11 -MMD -MP -MF"L1_FreeRTOS/trace/trcBase.d" -MT"L1_FreeRTOS/trace/trcBase.o" -c -o "L1_FreeRTOS/trace/trcBase.o" "../L1_FreeRTOS/trace/trcBase.c"
Invoking: Cross ARM C Compiler
arm-none-eabi-gcc -mcpu=cortex-m3 -mthumb -Os -fmessage-length=0 -ffunction-sections -fdata-sections -Wall -Wshadow -Wlogical-op -Wfloat-equal -DBUILD_CFG_MPU=0 -I"C:\CMPE146\CMPE-146\SJSU_Dev\projects\Watchdog" -I"C:\CMPE146\CMPE-146\SJSU_Dev\projects\Watchdog\newlib" -I"C:\CMPE146\CMPE-146\SJSU_Dev\projects\Watchdog\L0_LowLevel" -I"C:\CMPE146\CMPE-146\SJSU_Dev\projects\Watchdog\L1_FreeRTOS" -I"C:\CMPE146\CMPE-146\SJSU_Dev\projects\Watchdog\L1_FreeRTOS\include" -I"C:\CMPE146\CMPE-146\SJSU_Dev\projects\Watchdog\L1_FreeRTOS\portable\no_mpu" -I"C:\CMPE146\CMPE-146\SJSU_Dev\projects\Watchdog\L2_Drivers" -I"C:\CMPE146\CMPE-146\SJSU_Dev\projects\Watchdog\L2_Drivers\base" -I"C:\CMPE146\CMPE-146\SJSU_Dev\projects\Watchdog\L3_Utils" -I"C:\CMPE146\CMPE-146\SJSU_Dev\projects\Watchdog\L3_Utils\tlm" -I"C:\CMPE146\CMPE-146\SJSU_Dev\projects\Watchdog\L4_IO" -I"C:\CMPE146\CMPE-146\SJSU_Dev\projects\Watchdog\L4_IO\fat" -I"C:\CMPE146\CMPE-146\SJSU_Dev\projects\Watchdog\L4_IO\wireless" -I"C:\CMPE146\CMPE-146\SJSU_Dev\projects\Watchdog\L5_Application" -std=gnu11 -MMD -MP -MF"L1_FreeRTOS/trace/trcHardwarePort.d" -MT"L1_FreeRTOS/trace/trcHardwarePort.o" -c -o "L1_FreeRTOS/trace/trcHardwarePort.o" "../L1_FreeRTOS/trace/trcHardwarePort.c"
Finished building: ../L1_FreeRTOS/trace/trcBase.c
Finished building: ../L1_FreeRTOS/trace/trcHardwarePort.c
 
 
Building file: ../L1_FreeRTOS/trace/trcKernel.c
Invoking: Cross ARM C Compiler
Building file: ../L1_FreeRTOS/trace/trcKernelPort.c
arm-none-eabi-gcc -mcpu=cortex-m3 -mthumb -Os -fmessage-length=0 -ffunction-sections -fdata-sections -Wall -Wshadow -Wlogical-op -Wfloat-equal -DBUILD_CFG_MPU=0 -I"C:\CMPE146\CMPE-146\SJSU_Dev\projects\Watchdog" -I"C:\CMPE146\CMPE-146\SJSU_Dev\projects\Watchdog\newlib" -I"C:\CMPE146\CMPE-146\SJSU_Dev\projects\Watchdog\L0_LowLevel" -I"C:\CMPE146\CMPE-146\SJSU_Dev\projects\Watchdog\L1_FreeRTOS" -I"C:\CMPE146\CMPE-146\SJSU_Dev\projects\Watchdog\L1_FreeRTOS\include" -I"C:\CMPE146\CMPE-146\SJSU_Dev\projects\Watchdog\L1_FreeRTOS\portable\no_mpu" -I"C:\CMPE146\CMPE-146\SJSU_Dev\projects\Watchdog\L2_Drivers" -I"C:\CMPE146\CMPE-146\SJSU_Dev\projects\Watchdog\L2_Drivers\base" -I"C:\CMPE146\CMPE-146\SJSU_Dev\projects\Watchdog\L3_Utils" -I"C:\CMPE146\CMPE-146\SJSU_Dev\projects\Watchdog\L3_Utils\tlm" -I"C:\CMPE146\CMPE-146\SJSU_Dev\projects\Watchdog\L4_IO" -I"C:\CMPE146\CMPE-146\SJSU_Dev\projects\Watchdog\L4_IO\fat" -I"C:\CMPE146\CMPE-146\SJSU_Dev\projects\Watchdog\L4_IO\wireless" -I"C:\CMPE146\CMPE-146\SJSU_Dev\projects\Watchdog\L5_Application" -std=gnu11 -MMD -MP -MF"L1_FreeRTOS/trace/trcKernel.d" -MT"L1_FreeRTOS/trace/trcKernel.o" -c -o "L1_FreeRTOS/trace/trcKernel.o" "../L1_FreeRTOS/trace/trcKernel.c"
Invoking: Cross ARM C Compiler
arm-none-eabi-gcc -mcpu=cortex-m3 -mthumb -Os -fmessage-length=0 -ffunction-sections -fdata-sections -Wall -Wshadow -Wlogical-op -Wfloat-equal -DBUILD_CFG_MPU=0 -I"C:\CMPE146\CMPE-146\SJSU_Dev\projects\Watchdog" -I"C:\CMPE146\CMPE-146\SJSU_Dev\projects\Watchdog\newlib" -I"C:\CMPE146\CMPE-146\SJSU_Dev\projects\Watchdog\L0_LowLevel" -I"C:\CMPE146\CMPE-146\SJSU_Dev\projects\Watchdog\L1_FreeRTOS" -I"C:\CMPE146\CMPE-146\SJSU_Dev\projects\Watchdog\L1_FreeRTOS\include" -I"C:\CMPE146\CMPE-146\SJSU_Dev\projects\Watchdog\L1_FreeRTOS\portable\no_mpu" -I"C:\CMPE146\CMPE-146\SJSU_Dev\projects\Watchdog\L2_Drivers" -I"C:\CMPE146\CMPE-146\SJSU_Dev\projects\Watchdog\L2_Drivers\base" -I"C:\CMPE146\CMPE-146\SJSU_Dev\projects\Watchdog\L3_Utils" -I"C:\CMPE146\CMPE-146\SJSU_Dev\projects\Watchdog\L3_Utils\tlm" -I"C:\CMPE146\CMPE-146\SJSU_Dev\projects\Watchdog\L4_IO" -I"C:\CMPE146\CMPE-146\SJSU_Dev\projects\Watchdog\L4_IO\fat" -I"C:\CMPE146\CMPE-146\SJSU_Dev\projects\Watchdog\L4_IO\wireless" -I"C:\CMPE146\CMPE-146\SJSU_Dev\projects\Watchdog\L5_Application" -std=gnu11 -MMD -MP -MF"L1_FreeRTOS/trace/trcKernelPort.d" -MT"L1_FreeRTOS/trace/trcKernelPort.o" -c -o "L1_FreeRTOS/trace/trcKernelPort.o" "../L1_FreeRTOS/trace/trcKernelPort.c"
Finished building: ../L1_FreeRTOS/trace/trcKernel.c
 
Finished building: ../L1_FreeRTOS/trace/trcKernelPort.c
Building file: ../L1_FreeRTOS/trace/trcUser.c
 
Invoking: Cross ARM C Compiler
Building file: ../L1_FreeRTOS/src/croutine.c
arm-none-eabi-gcc -mcpu=cortex-m3 -mthumb -Os -fmessage-length=0 -ffunction-sections -fdata-sections -Wall -Wshadow -Wlogical-op -Wfloat-equal -DBUILD_CFG_MPU=0 -I"C:\CMPE146\CMPE-146\SJSU_Dev\projects\Watchdog" -I"C:\CMPE146\CMPE-146\SJSU_Dev\projects\Watchdog\newlib" -I"C:\CMPE146\CMPE-146\SJSU_Dev\projects\Watchdog\L0_LowLevel" -I"C:\CMPE146\CMPE-146\SJSU_Dev\projects\Watchdog\L1_FreeRTOS" -I"C:\CMPE146\CMPE-146\SJSU_Dev\projects\Watchdog\L1_FreeRTOS\include" -I"C:\CMPE146\CMPE-146\SJSU_Dev\projects\Watchdog\L1_FreeRTOS\portable\no_mpu" -I"C:\CMPE146\CMPE-146\SJSU_Dev\projects\Watchdog\L2_Drivers" -I"C:\CMPE146\CMPE-146\SJSU_Dev\projects\Watchdog\L2_Drivers\base" -I"C:\CMPE146\CMPE-146\SJSU_Dev\projects\Watchdog\L3_Utils" -I"C:\CMPE146\CMPE-146\SJSU_Dev\projects\Watchdog\L3_Utils\tlm" -I"C:\CMPE146\CMPE-146\SJSU_Dev\projects\Watchdog\L4_IO" -I"C:\CMPE146\CMPE-146\SJSU_Dev\projects\Watchdog\L4_IO\fat" -I"C:\CMPE146\CMPE-146\SJSU_Dev\projects\Watchdog\L4_IO\wireless" -I"C:\CMPE146\CMPE-146\SJSU_Dev\projects\Watchdog\L5_Application" -std=gnu11 -MMD -MP -MF"L1_FreeRTOS/trace/trcUser.d" -MT"L1_FreeRTOS/trace/trcUser.o" -c -o "L1_FreeRTOS/trace/trcUser.o" "../L1_FreeRTOS/trace/trcUser.c"
Invoking: Cross ARM C Compiler
arm-none-eabi-gcc -mcpu=cortex-m3 -mthumb -Os -fmessage-length=0 -ffunction-sections -fdata-sections -Wall -Wshadow -Wlogical-op -Wfloat-equal -DBUILD_CFG_MPU=0 -I"C:\CMPE146\CMPE-146\SJSU_Dev\projects\Watchdog" -I"C:\CMPE146\CMPE-146\SJSU_Dev\projects\Watchdog\newlib" -I"C:\CMPE146\CMPE-146\SJSU_Dev\projects\Watchdog\L0_LowLevel" -I"C:\CMPE146\CMPE-146\SJSU_Dev\projects\Watchdog\L1_FreeRTOS" -I"C:\CMPE146\CMPE-146\SJSU_Dev\projects\Watchdog\L1_FreeRTOS\include" -I"C:\CMPE146\CMPE-146\SJSU_Dev\projects\Watchdog\L1_FreeRTOS\portable\no_mpu" -I"C:\CMPE146\CMPE-146\SJSU_Dev\projects\Watchdog\L2_Drivers" -I"C:\CMPE146\CMPE-146\SJSU_Dev\projects\Watchdog\L2_Drivers\base" -I"C:\CMPE146\CMPE-146\SJSU_Dev\projects\Watchdog\L3_Utils" -I"C:\CMPE146\CMPE-146\SJSU_Dev\projects\Watchdog\L3_Utils\tlm" -I"C:\CMPE146\CMPE-146\SJSU_Dev\projects\Watchdog\L4_IO" -I"C:\CMPE146\CMPE-146\SJSU_Dev\projects\Watchdog\L4_IO\fat" -I"C:\CMPE146\CMPE-146\SJSU_Dev\projects\Watchdog\L4_IO\wireless" -I"C:\CMPE146\CMPE-146\SJSU_Dev\projects\Watchdog\L5_Application" -std=gnu11 -MMD -MP -MF"L1_FreeRTOS/src/croutine.d" -MT"L1_FreeRTOS/src/croutine.o" -c -o "L1_FreeRTOS/src/croutine.o" "../L1_FreeRTOS/src/croutine.c"
Finished building: ../L1_FreeRTOS/trace/trcUser.c
 
Finished building: ../L1_FreeRTOS/src/croutine.c
Building file: ../L1_FreeRTOS/src/event_groups.c
 
Invoking: Cross ARM C Compiler
Building file: ../L1_FreeRTOS/src/list.c
arm-none-eabi-gcc -mcpu=cortex-m3 -mthumb -Os -fmessage-length=0 -ffunction-sections -fdata-sections -Wall -Wshadow -Wlogical-op -Wfloat-equal -DBUILD_CFG_MPU=0 -I"C:\CMPE146\CMPE-146\SJSU_Dev\projects\Watchdog" -I"C:\CMPE146\CMPE-146\SJSU_Dev\projects\Watchdog\newlib" -I"C:\CMPE146\CMPE-146\SJSU_Dev\projects\Watchdog\L0_LowLevel" -I"C:\CMPE146\CMPE-146\SJSU_Dev\projects\Watchdog\L1_FreeRTOS" -I"C:\CMPE146\CMPE-146\SJSU_Dev\projects\Watchdog\L1_FreeRTOS\include" -I"C:\CMPE146\CMPE-146\SJSU_Dev\projects\Watchdog\L1_FreeRTOS\portable\no_mpu" -I"C:\CMPE146\CMPE-146\SJSU_Dev\projects\Watchdog\L2_Drivers" -I"C:\CMPE146\CMPE-146\SJSU_Dev\projects\Watchdog\L2_Drivers\base" -I"C:\CMPE146\CMPE-146\SJSU_Dev\projects\Watchdog\L3_Utils" -I"C:\CMPE146\CMPE-146\SJSU_Dev\projects\Watchdog\L3_Utils\tlm" -I"C:\CMPE146\CMPE-146\SJSU_Dev\projects\Watchdog\L4_IO" -I"C:\CMPE146\CMPE-146\SJSU_Dev\projects\Watchdog\L4_IO\fat" -I"C:\CMPE146\CMPE-146\SJSU_Dev\projects\Watchdog\L4_IO\wireless" -I"C:\CMPE146\CMPE-146\SJSU_Dev\projects\Watchdog\L5_Application" -std=gnu11 -MMD -MP -MF"L1_FreeRTOS/src/event_groups.d" -MT"L1_FreeRTOS/src/event_groups.o" -c -o "L1_FreeRTOS/src/event_groups.o" "../L1_FreeRTOS/src/event_groups.c"
Invoking: Cross ARM C Compiler
arm-none-eabi-gcc -mcpu=cortex-m3 -mthumb -Os -fmessage-length=0 -ffunction-sections -fdata-sections -Wall -Wshadow -Wlogical-op -Wfloat-equal -DBUILD_CFG_MPU=0 -I"C:\CMPE146\CMPE-146\SJSU_Dev\projects\Watchdog" -I"C:\CMPE146\CMPE-146\SJSU_Dev\projects\Watchdog\newlib" -I"C:\CMPE146\CMPE-146\SJSU_Dev\projects\Watchdog\L0_LowLevel" -I"C:\CMPE146\CMPE-146\SJSU_Dev\projects\Watchdog\L1_FreeRTOS" -I"C:\CMPE146\CMPE-146\SJSU_Dev\projects\Watchdog\L1_FreeRTOS\include" -I"C:\CMPE146\CMPE-146\SJSU_Dev\projects\Watchdog\L1_FreeRTOS\portable\no_mpu" -I"C:\CMPE146\CMPE-146\SJSU_Dev\projects\Watchdog\L2_Drivers" -I"C:\CMPE146\CMPE-146\SJSU_Dev\projects\Watchdog\L2_Drivers\base" -I"C:\CMPE146\CMPE-146\SJSU_Dev\projects\Watchdog\L3_Utils" -I"C:\CMPE146\CMPE-146\SJSU_Dev\projects\Watchdog\L3_Utils\tlm" -I"C:\CMPE146\CMPE-146\SJSU_Dev\projects\Watchdog\L4_IO" -I"C:\CMPE146\CMPE-146\SJSU_Dev\projects\Watchdog\L4_IO\fat" -I"C:\CMPE146\CMPE-146\SJSU_Dev\projects\Watchdog\L4_IO\wireless" -I"C:\CMPE146\CMPE-146\SJSU_Dev\projects\Watchdog\L5_Application" -std=gnu11 -MMD -MP -MF"L1_FreeRTOS/src/list.d" -MT"L1_FreeRTOS/src/list.o" -c -o "L1_FreeRTOS/src/list.o" "../L1_FreeRTOS/src/list.c"
Finished building: ../L1_FreeRTOS/src/event_groups.c
Finished building: ../L1_FreeRTOS/src/list.c
 
 
Building file: ../L1_FreeRTOS/src/queue.c
Building file: ../L1_FreeRTOS/src/tasks.c
Invoking: Cross ARM C Compiler
Invoking: Cross ARM C Compiler
arm-none-eabi-gcc -mcpu=cortex-m3 -mthumb -Os -fmessage-length=0 -ffunction-sections -fdata-sections -Wall -Wshadow -Wlogical-op -Wfloat-equal -DBUILD_CFG_MPU=0 -I"C:\CMPE146\CMPE-146\SJSU_Dev\projects\Watchdog" -I"C:\CMPE146\CMPE-146\SJSU_Dev\projects\Watchdog\newlib" -I"C:\CMPE146\CMPE-146\SJSU_Dev\projects\Watchdog\L0_LowLevel" -I"C:\CMPE146\CMPE-146\SJSU_Dev\projects\Watchdog\L1_FreeRTOS" -I"C:\CMPE146\CMPE-146\SJSU_Dev\projects\Watchdog\L1_FreeRTOS\include" -I"C:\CMPE146\CMPE-146\SJSU_Dev\projects\Watchdog\L1_FreeRTOS\portable\no_mpu" -I"C:\CMPE146\CMPE-146\SJSU_Dev\projects\Watchdog\L2_Drivers" -I"C:\CMPE146\CMPE-146\SJSU_Dev\projects\Watchdog\L2_Drivers\base" -I"C:\CMPE146\CMPE-146\SJSU_Dev\projects\Watchdog\L3_Utils" -I"C:\CMPE146\CMPE-146\SJSU_Dev\projects\Watchdog\L3_Utils\tlm" -I"C:\CMPE146\CMPE-146\SJSU_Dev\projects\Watchdog\L4_IO" -I"C:\CMPE146\CMPE-146\SJSU_Dev\projects\Watchdog\L4_IO\fat" -I"C:\CMPE146\CMPE-146\SJSU_Dev\projects\Watchdog\L4_IO\wireless" -I"C:\CMPE146\CMPE-146\SJSU_Dev\projects\Watchdog\L5_Application" -std=gnu11 -MMD -MP -MF"L1_FreeRTOS/src/queue.d" -MT"L1_FreeRTOS/src/queue.o" -c -o "L1_FreeRTOS/src/queue.o" "../L1_FreeRTOS/src/queue.c"
arm-none-eabi-gcc -mcpu=cortex-m3 -mthumb -Os -fmessage-length=0 -ffunction-sections -fdata-sections -Wall -Wshadow -Wlogical-op -Wfloat-equal -DBUILD_CFG_MPU=0 -I"C:\CMPE146\CMPE-146\SJSU_Dev\projects\Watchdog" -I"C:\CMPE146\CMPE-146\SJSU_Dev\projects\Watchdog\newlib" -I"C:\CMPE146\CMPE-146\SJSU_Dev\projects\Watchdog\L0_LowLevel" -I"C:\CMPE146\CMPE-146\SJSU_Dev\projects\Watchdog\L1_FreeRTOS" -I"C:\CMPE146\CMPE-146\SJSU_Dev\projects\Watchdog\L1_FreeRTOS\include" -I"C:\CMPE146\CMPE-146\SJSU_Dev\projects\Watchdog\L1_FreeRTOS\portable\no_mpu" -I"C:\CMPE146\CMPE-146\SJSU_Dev\projects\Watchdog\L2_Drivers" -I"C:\CMPE146\CMPE-146\SJSU_Dev\projects\Watchdog\L2_Drivers\base" -I"C:\CMPE146\CMPE-146\SJSU_Dev\projects\Watchdog\L3_Utils" -I"C:\CMPE146\CMPE-146\SJSU_Dev\projects\Watchdog\L3_Utils\tlm" -I"C:\CMPE146\CMPE-146\SJSU_Dev\projects\Watchdog\L4_IO" -I"C:\CMPE146\CMPE-146\SJSU_Dev\projects\Watchdog\L4_IO\fat" -I"C:\CMPE146\CMPE-146\SJSU_Dev\projects\Watchdog\L4_IO\wireless" -I"C:\CMPE146\CMPE-146\SJSU_Dev\projects\Watchdog\L5_Application" -std=gnu11 -MMD -MP -MF"L1_FreeRTOS/src/tasks.d" -MT"L1_FreeRTOS/src/tasks.o" -c -o "L1_FreeRTOS/src/tasks.o" "../L1_FreeRTOS/src/tasks.c"
Finished building: ../L1_FreeRTOS/src/queue.c
 
Building file: ../L1_FreeRTOS/src/timers.c
Invoking: Cross ARM C Compiler
arm-none-eabi-gcc -mcpu=cortex-m3 -mthumb -Os -fmessage-length=0 -ffunction-sections -fdata-sections -Wall -Wshadow -Wlogical-op -Wfloat-equal -DBUILD_CFG_MPU=0 -I"C:\CMPE146\CMPE-146\SJSU_Dev\projects\Watchdog" -I"C:\CMPE146\CMPE-146\SJSU_Dev\projects\Watchdog\newlib" -I"C:\CMPE146\CMPE-146\SJSU_Dev\projects\Watchdog\L0_LowLevel" -I"C:\CMPE146\CMPE-146\SJSU_Dev\projects\Watchdog\L1_FreeRTOS" -I"C:\CMPE146\CMPE-146\SJSU_Dev\projects\Watchdog\L1_FreeRTOS\include" -I"C:\CMPE146\CMPE-146\SJSU_Dev\projects\Watchdog\L1_FreeRTOS\portable\no_mpu" -I"C:\CMPE146\CMPE-146\SJSU_Dev\projects\Watchdog\L2_Drivers" -I"C:\CMPE146\CMPE-146\SJSU_Dev\projects\Watchdog\L2_Drivers\base" -I"C:\CMPE146\CMPE-146\SJSU_Dev\projects\Watchdog\L3_Utils" -I"C:\CMPE146\CMPE-146\SJSU_Dev\projects\Watchdog\L3_Utils\tlm" -I"C:\CMPE146\CMPE-146\SJSU_Dev\projects\Watchdog\L4_IO" -I"C:\CMPE146\CMPE-146\SJSU_Dev\projects\Watchdog\L4_IO\fat" -I"C:\CMPE146\CMPE-146\SJSU_Dev\projects\Watchdog\L4_IO\wireless" -I"C:\CMPE146\CMPE-146\SJSU_Dev\projects\Watchdog\L5_Application" -std=gnu11 -MMD -MP -MF"L1_FreeRTOS/src/timers.d" -MT"L1_FreeRTOS/src/timers.o" -c -o "L1_FreeRTOS/src/timers.o" "../L1_FreeRTOS/src/timers.c"
Finished building: ../L1_FreeRTOS/src/tasks.c
 
Building file: ../L1_FreeRTOS/portable/no_mpu/port.c
Finished building: ../L1_FreeRTOS/src/timers.c
Invoking: Cross ARM C Compiler
arm-none-eabi-gcc -mcpu=cortex-m3 -mthumb -Os -fmessage-length=0 -ffunction-sections -fdata-sections -Wall -Wshadow -Wlogical-op -Wfloat-equal -DBUILD_CFG_MPU=0 -I"C:\CMPE146\CMPE-146\SJSU_Dev\projects\Watchdog" -I"C:\CMPE146\CMPE-146\SJSU_Dev\projects\Watchdog\newlib" -I"C:\CMPE146\CMPE-146\SJSU_Dev\projects\Watchdog\L0_LowLevel" -I"C:\CMPE146\CMPE-146\SJSU_Dev\projects\Watchdog\L1_FreeRTOS" -I"C:\CMPE146\CMPE-146\SJSU_Dev\projects\Watchdog\L1_FreeRTOS\include" -I"C:\CMPE146\CMPE-146\SJSU_Dev\projects\Watchdog\L1_FreeRTOS\portable\no_mpu" -I"C:\CMPE146\CMPE-146\SJSU_Dev\projects\Watchdog\L2_Drivers" -I"C:\CMPE146\CMPE-146\SJSU_Dev\projects\Watchdog\L2_Drivers\base" -I"C:\CMPE146\CMPE-146\SJSU_Dev\projects\Watchdog\L3_Utils" -I"C:\CMPE146\CMPE-146\SJSU_Dev\projects\Watchdog\L3_Utils\tlm" -I"C:\CMPE146\CMPE-146\SJSU_Dev\projects\Watchdog\L4_IO" -I"C:\CMPE146\CMPE-146\SJSU_Dev\projects\Watchdog\L4_IO\fat" -I"C:\CMPE146\CMPE-146\SJSU_Dev\projects\Watchdog\L4_IO\wireless" -I"C:\CMPE146\CMPE-146\SJSU_Dev\projects\Watchdog\L5_Application" -std=gnu11 -MMD -MP -MF"L1_FreeRTOS/portable/no_mpu/port.d" -MT"L1_FreeRTOS/portable/no_mpu/port.o" -c -o "L1_FreeRTOS/portable/no_mpu/port.o" "../L1_FreeRTOS/portable/no_mpu/port.c"
 
Building file: ../L1_FreeRTOS/portable/run_time_stats.c
Invoking: Cross ARM C Compiler
arm-none-eabi-gcc -mcpu=cortex-m3 -mthumb -Os -fmessage-length=0 -ffunction-sections -fdata-sections -Wall -Wshadow -Wlogical-op -Wfloat-equal -DBUILD_CFG_MPU=0 -I"C:\CMPE146\CMPE-146\SJSU_Dev\projects\Watchdog" -I"C:\CMPE146\CMPE-146\SJSU_Dev\projects\Watchdog\newlib" -I"C:\CMPE146\CMPE-146\SJSU_Dev\projects\Watchdog\L0_LowLevel" -I"C:\CMPE146\CMPE-146\SJSU_Dev\projects\Watchdog\L1_FreeRTOS" -I"C:\CMPE146\CMPE-146\SJSU_Dev\projects\Watchdog\L1_FreeRTOS\include" -I"C:\CMPE146\CMPE-146\SJSU_Dev\projects\Watchdog\L1_FreeRTOS\portable\no_mpu" -I"C:\CMPE146\CMPE-146\SJSU_Dev\projects\Watchdog\L2_Drivers" -I"C:\CMPE146\CMPE-146\SJSU_Dev\projects\Watchdog\L2_Drivers\base" -I"C:\CMPE146\CMPE-146\SJSU_Dev\projects\Watchdog\L3_Utils" -I"C:\CMPE146\CMPE-146\SJSU_Dev\projects\Watchdog\L3_Utils\tlm" -I"C:\CMPE146\CMPE-146\SJSU_Dev\projects\Watchdog\L4_IO" -I"C:\CMPE146\CMPE-146\SJSU_Dev\projects\Watchdog\L4_IO\fat" -I"C:\CMPE146\CMPE-146\SJSU_Dev\projects\Watchdog\L4_IO\wireless" -I"C:\CMPE146\CMPE-146\SJSU_Dev\projects\Watchdog\L5_Application" -std=gnu11 -MMD -MP -MF"L1_FreeRTOS/portable/run_time_stats.d" -MT"L1_FreeRTOS/portable/run_time_stats.o" -c -o "L1_FreeRTOS/portable/run_time_stats.o" "../L1_FreeRTOS/portable/run_time_stats.c"
Finished building: ../L1_FreeRTOS/portable/no_mpu/port.c
 
Building file: ../L1_FreeRTOS/hooks/hooks.c
Finished building: ../L1_FreeRTOS/portable/run_time_stats.c
Invoking: Cross ARM C Compiler
arm-none-eabi-gcc -mcpu=cortex-m3 -mthumb -Os -fmessage-length=0 -ffunction-sections -fdata-sections -Wall -Wshadow -Wlogical-op -Wfloat-equal -DBUILD_CFG_MPU=0 -I"C:\CMPE146\CMPE-146\SJSU_Dev\projects\Watchdog" -I"C:\CMPE146\CMPE-146\SJSU_Dev\projects\Watchdog\newlib" -I"C:\CMPE146\CMPE-146\SJSU_Dev\projects\Watchdog\L0_LowLevel" -I"C:\CMPE146\CMPE-146\SJSU_Dev\projects\Watchdog\L1_FreeRTOS" -I"C:\CMPE146\CMPE-146\SJSU_Dev\projects\Watchdog\L1_FreeRTOS\include" -I"C:\CMPE146\CMPE-146\SJSU_Dev\projects\Watchdog\L1_FreeRTOS\portable\no_mpu" -I"C:\CMPE146\CMPE-146\SJSU_Dev\projects\Watchdog\L2_Drivers" -I"C:\CMPE146\CMPE-146\SJSU_Dev\projects\Watchdog\L2_Drivers\base" -I"C:\CMPE146\CMPE-146\SJSU_Dev\projects\Watchdog\L3_Utils" -I"C:\CMPE146\CMPE-146\SJSU_Dev\projects\Watchdog\L3_Utils\tlm" -I"C:\CMPE146\CMPE-146\SJSU_Dev\projects\Watchdog\L4_IO" -I"C:\CMPE146\CMPE-146\SJSU_Dev\projects\Watchdog\L4_IO\fat" -I"C:\CMPE146\CMPE-146\SJSU_Dev\projects\Watchdog\L4_IO\wireless" -I"C:\CMPE146\CMPE-146\SJSU_Dev\projects\Watchdog\L5_Application" -std=gnu11 -MMD -MP -MF"L1_FreeRTOS/hooks/hooks.d" -MT"L1_FreeRTOS/hooks/hooks.o" -c -o "L1_FreeRTOS/hooks/hooks.o" "../L1_FreeRTOS/hooks/hooks.c"
 
Building file: ../L1_FreeRTOS/MemMang/freertos_mem_man.c
Invoking: Cross ARM C Compiler
arm-none-eabi-gcc -mcpu=cortex-m3 -mthumb -Os -fmessage-length=0 -ffunction-sections -fdata-sections -Wall -Wshadow -Wlogical-op -Wfloat-equal -DBUILD_CFG_MPU=0 -I"C:\CMPE146\CMPE-146\SJSU_Dev\projects\Watchdog" -I"C:\CMPE146\CMPE-146\SJSU_Dev\projects\Watchdog\newlib" -I"C:\CMPE146\CMPE-146\SJSU_Dev\projects\Watchdog\L0_LowLevel" -I"C:\CMPE146\CMPE-146\SJSU_Dev\projects\Watchdog\L1_FreeRTOS" -I"C:\CMPE146\CMPE-146\SJSU_Dev\projects\Watchdog\L1_FreeRTOS\include" -I"C:\CMPE146\CMPE-146\SJSU_Dev\projects\Watchdog\L1_FreeRTOS\portable\no_mpu" -I"C:\CMPE146\CMPE-146\SJSU_Dev\projects\Watchdog\L2_Drivers" -I"C:\CMPE146\CMPE-146\SJSU_Dev\projects\Watchdog\L2_Drivers\base" -I"C:\CMPE146\CMPE-146\SJSU_Dev\projects\Watchdog\L3_Utils" -I"C:\CMPE146\CMPE-146\SJSU_Dev\projects\Watchdog\L3_Utils\tlm" -I"C:\CMPE146\CMPE-146\SJSU_Dev\projects\Watchdog\L4_IO" -I"C:\CMPE146\CMPE-146\SJSU_Dev\projects\Watchdog\L4_IO\fat" -I"C:\CMPE146\CMPE-146\SJSU_Dev\projects\Watchdog\L4_IO\wireless" -I"C:\CMPE146\CMPE-146\SJSU_Dev\projects\Watchdog\L5_Application" -std=gnu11 -MMD -MP -MF"L1_FreeRTOS/MemMang/freertos_mem_man.d" -MT"L1_FreeRTOS/MemMang/freertos_mem_man.o" -c -o "L1_FreeRTOS/MemMang/freertos_mem_man.o" "../L1_FreeRTOS/MemMang/freertos_mem_man.c"
Finished building: ../L1_FreeRTOS/hooks/hooks.c
 
Building file: ../L0_LowLevel/source/low_level_init.cpp
Invoking: Cross ARM C++ Compiler
arm-none-eabi-g++ -mcpu=cortex-m3 -mthumb -Os -fmessage-length=0 -ffunction-sections -fdata-sections -Wall -Wshadow -Wlogical-op -Wfloat-equal -DBUILD_CFG_MPU=0 -I"C:\CMPE146\CMPE-146\SJSU_Dev\projects\Watchdog" -I"C:\CMPE146\CMPE-146\SJSU_Dev\projects\Watchdog\newlib" -I"C:\CMPE146\CMPE-146\SJSU_Dev\projects\Watchdog\L0_LowLevel" -I"C:\CMPE146\CMPE-146\SJSU_Dev\projects\Watchdog\L1_FreeRTOS" -I"C:\CMPE146\CMPE-146\SJSU_Dev\projects\Watchdog\L1_FreeRTOS\include" -I"C:\CMPE146\CMPE-146\SJSU_Dev\projects\Watchdog\L1_FreeRTOS\portable" -I"C:\CMPE146\CMPE-146\SJSU_Dev\projects\Watchdog\L1_FreeRTOS\portable\no_mpu" -I"C:\CMPE146\CMPE-146\SJSU_Dev\projects\Watchdog\L2_Drivers" -I"C:\CMPE146\CMPE-146\SJSU_Dev\projects\Watchdog\L2_Drivers\base" -I"C:\CMPE146\CMPE-146\SJSU_Dev\projects\Watchdog\L3_Utils" -I"C:\CMPE146\CMPE-146\SJSU_Dev\projects\Watchdog\L3_Utils\tlm" -I"C:\CMPE146\CMPE-146\SJSU_Dev\projects\Watchdog\L4_IO" -I"C:\CMPE146\CMPE-146\SJSU_Dev\projects\Watchdog\L4_IO\fat" -I"C:\CMPE146\CMPE-146\SJSU_Dev\projects\Watchdog\L4_IO\wireless" -I"C:\CMPE146\CMPE-146\SJSU_Dev\projects\Watchdog\L5_Application" -std=gnu++11 -fabi-version=0 -fno-exceptions -MMD -MP -MF"L0_LowLevel/source/low_level_init.d" -MT"L0_LowLevel/source/low_level_init.o" -c -o "L0_LowLevel/source/low_level_init.o" "../L0_LowLevel/source/low_level_init.cpp"
Finished building: ../L1_FreeRTOS/MemMang/freertos_mem_man.c
 
Building file: ../L0_LowLevel/source/lpc_peripherals.c
Invoking: Cross ARM C Compiler
arm-none-eabi-gcc -mcpu=cortex-m3 -mthumb -Os -fmessage-length=0 -ffunction-sections -fdata-sections -Wall -Wshadow -Wlogical-op -Wfloat-equal -DBUILD_CFG_MPU=0 -I"C:\CMPE146\CMPE-146\SJSU_Dev\projects\Watchdog" -I"C:\CMPE146\CMPE-146\SJSU_Dev\projects\Watchdog\newlib" -I"C:\CMPE146\CMPE-146\SJSU_Dev\projects\Watchdog\L0_LowLevel" -I"C:\CMPE146\CMPE-146\SJSU_Dev\projects\Watchdog\L1_FreeRTOS" -I"C:\CMPE146\CMPE-146\SJSU_Dev\projects\Watchdog\L1_FreeRTOS\include" -I"C:\CMPE146\CMPE-146\SJSU_Dev\projects\Watchdog\L1_FreeRTOS\portable\no_mpu" -I"C:\CMPE146\CMPE-146\SJSU_Dev\projects\Watchdog\L2_Drivers" -I"C:\CMPE146\CMPE-146\SJSU_Dev\projects\Watchdog\L2_Drivers\base" -I"C:\CMPE146\CMPE-146\SJSU_Dev\projects\Watchdog\L3_Utils" -I"C:\CMPE146\CMPE-146\SJSU_Dev\projects\Watchdog\L3_Utils\tlm" -I"C:\CMPE146\CMPE-146\SJSU_Dev\projects\Watchdog\L4_IO" -I"C:\CMPE146\CMPE-146\SJSU_Dev\projects\Watchdog\L4_IO\fat" -I"C:\CMPE146\CMPE-146\SJSU_Dev\projects\Watchdog\L4_IO\wireless" -I"C:\CMPE146\CMPE-146\SJSU_Dev\projects\Watchdog\L5_Application" -std=gnu11 -MMD -MP -MF"L0_LowLevel/source/lpc_peripherals.d" -MT"L0_LowLevel/source/lpc_peripherals.o" -c -o "L0_LowLevel/source/lpc_peripherals.o" "../L0_LowLevel/source/lpc_peripherals.c"
Finished building: ../L0_LowLevel/source/low_level_init.cpp
 
Finished building: ../L0_LowLevel/source/lpc_peripherals.c
Building file: ../L0_LowLevel/source/lpc_sys.cpp
 
Invoking: Cross ARM C++ Compiler
Building file: ../L0_LowLevel/source/startup.cpp
arm-none-eabi-g++ -mcpu=cortex-m3 -mthumb -Os -fmessage-length=0 -ffunction-sections -fdata-sections -Wall -Wshadow -Wlogical-op -Wfloat-equal -DBUILD_CFG_MPU=0 -I"C:\CMPE146\CMPE-146\SJSU_Dev\projects\Watchdog" -I"C:\CMPE146\CMPE-146\SJSU_Dev\projects\Watchdog\newlib" -I"C:\CMPE146\CMPE-146\SJSU_Dev\projects\Watchdog\L0_LowLevel" -I"C:\CMPE146\CMPE-146\SJSU_Dev\projects\Watchdog\L1_FreeRTOS" -I"C:\CMPE146\CMPE-146\SJSU_Dev\projects\Watchdog\L1_FreeRTOS\include" -I"C:\CMPE146\CMPE-146\SJSU_Dev\projects\Watchdog\L1_FreeRTOS\portable" -I"C:\CMPE146\CMPE-146\SJSU_Dev\projects\Watchdog\L1_FreeRTOS\portable\no_mpu" -I"C:\CMPE146\CMPE-146\SJSU_Dev\projects\Watchdog\L2_Drivers" -I"C:\CMPE146\CMPE-146\SJSU_Dev\projects\Watchdog\L2_Drivers\base" -I"C:\CMPE146\CMPE-146\SJSU_Dev\projects\Watchdog\L3_Utils" -I"C:\CMPE146\CMPE-146\SJSU_Dev\projects\Watchdog\L3_Utils\tlm" -I"C:\CMPE146\CMPE-146\SJSU_Dev\projects\Watchdog\L4_IO" -I"C:\CMPE146\CMPE-146\SJSU_Dev\projects\Watchdog\L4_IO\fat" -I"C:\CMPE146\CMPE-146\SJSU_Dev\projects\Watchdog\L4_IO\wireless" -I"C:\CMPE146\CMPE-146\SJSU_Dev\projects\Watchdog\L5_Application" -std=gnu++11 -fabi-version=0 -fno-exceptions -MMD -MP -MF"L0_LowLevel/source/lpc_sys.d" -MT"L0_LowLevel/source/lpc_sys.o" -c -o "L0_LowLevel/source/lpc_sys.o" "../L0_LowLevel/source/lpc_sys.cpp"
Invoking: Cross ARM C++ Compiler
arm-none-eabi-g++ -mcpu=cortex-m3 -mthumb -Os -fmessage-length=0 -ffunction-sections -fdata-sections -Wall -Wshadow -Wlogical-op -Wfloat-equal -DBUILD_CFG_MPU=0 -I"C:\CMPE146\CMPE-146\SJSU_Dev\projects\Watchdog" -I"C:\CMPE146\CMPE-146\SJSU_Dev\projects\Watchdog\newlib" -I"C:\CMPE146\CMPE-146\SJSU_Dev\projects\Watchdog\L0_LowLevel" -I"C:\CMPE146\CMPE-146\SJSU_Dev\projects\Watchdog\L1_FreeRTOS" -I"C:\CMPE146\CMPE-146\SJSU_Dev\projects\Watchdog\L1_FreeRTOS\include" -I"C:\CMPE146\CMPE-146\SJSU_Dev\projects\Watchdog\L1_FreeRTOS\portable" -I"C:\CMPE146\CMPE-146\SJSU_Dev\projects\Watchdog\L1_FreeRTOS\portable\no_mpu" -I"C:\CMPE146\CMPE-146\SJSU_Dev\projects\Watchdog\L2_Drivers" -I"C:\CMPE146\CMPE-146\SJSU_Dev\projects\Watchdog\L2_Drivers\base" -I"C:\CMPE146\CMPE-146\SJSU_Dev\projects\Watchdog\L3_Utils" -I"C:\CMPE146\CMPE-146\SJSU_Dev\projects\Watchdog\L3_Utils\tlm" -I"C:\CMPE146\CMPE-146\SJSU_Dev\projects\Watchdog\L4_IO" -I"C:\CMPE146\CMPE-146\SJSU_Dev\projects\Watchdog\L4_IO\fat" -I"C:\CMPE146\CMPE-146\SJSU_Dev\projects\Watchdog\L4_IO\wireless" -I"C:\CMPE146\CMPE-146\SJSU_Dev\projects\Watchdog\L5_Application" -std=gnu++11 -fabi-version=0 -fno-exceptions -MMD -MP -MF"L0_LowLevel/source/startup.d" -MT"L0_LowLevel/source/startup.o" -c -o "L0_LowLevel/source/startup.o" "../L0_LowLevel/source/startup.cpp"
Finished building: ../L0_LowLevel/source/lpc_sys.cpp
 
Finished building: ../L0_LowLevel/source/startup.cpp
 
Building target: Watchdog.elf
Invoking: Cross ARM C++ Linker
arm-none-eabi-g++ -mcpu=cortex-m3 -mthumb -Os -fmessage-length=0 -ffunction-sections -fdata-sections -Wall -Wshadow -Wlogical-op -Wfloat-equal -T ../loader.ld -nostartfiles -Xlinker --gc-sections -Wl,-Map,"Watchdog.map" -specs=nano.specs -o "Watchdog.elf"  ./newlib/malloc_lock.o ./newlib/memory.o ./newlib/newlib_syscalls.o ./newlib/newlib_time.o  ./L5_Application/source/cmd_handlers/handlers.o ./L5_Application/source/cmd_handlers/prog_handlers.o ./L5_Application/source/cmd_handlers/wireless_handlers.o  ./L5_Application/source/high_level_init.o ./L5_Application/source/remote.o ./L5_Application/source/terminal.o  ./L5_Application/periodic_scheduler/period_callbacks.o ./L5_Application/periodic_scheduler/prd_monitor.o  ./L5_Application/examples/examples.o ./L5_Application/examples/rn_xv_task.o  ./L5_Application/main.o  ./L4_IO/wireless/src/mesh.o ./L4_IO/wireless/src/nrf24L01Plus.o ./L4_IO/wireless/src/wireless.o  ./L4_IO/src/gpio.o ./L4_IO/src/io_source.o ./L4_IO/src/storage.o  ./L4_IO/fat/option/ccsbcs.o ./L4_IO/fat/option/reentrant.o  ./L4_IO/fat/disk/diskio.o ./L4_IO/fat/disk/sd.o ./L4_IO/fat/disk/spi_flash.o  ./L4_IO/fat/fatfs_time.o ./L4_IO/fat/ff.o  ./L3_Utils/tlm/src/c_tlm_binary.o ./L3_Utils/tlm/src/c_tlm_comp.o ./L3_Utils/tlm/src/c_tlm_stream.o ./L3_Utils/tlm/src/c_tlm_var.o  ./L3_Utils/src/c_list.o ./L3_Utils/src/command_handler.o ./L3_Utils/src/file_logger.o ./L3_Utils/src/freertos_timer.o ./L3_Utils/src/printf_lib.o ./L3_Utils/src/rtc_alarm.o ./L3_Utils/src/scheduler_task.o ./L3_Utils/src/str.o ./L3_Utils/src/utilities.o  ./L2_Drivers/src/adc.o ./L2_Drivers/src/can.o ./L2_Drivers/src/eint.o ./L2_Drivers/src/i2c2.o ./L2_Drivers/src/lpc_pwm.o ./L2_Drivers/src/lpc_rit.o ./L2_Drivers/src/lpc_timers.o ./L2_Drivers/src/nrf_stream.o ./L2_Drivers/src/rtc.o ./L2_Drivers/src/spi_dma.o ./L2_Drivers/src/spi_sem.o ./L2_Drivers/src/uart0.o ./L2_Drivers/src/uart2.o ./L2_Drivers/src/uart3.o  ./L2_Drivers/base/char_dev.o ./L2_Drivers/base/i2c_base.o ./L2_Drivers/base/uart_dev.o  ./L1_FreeRTOS/trace/run_time_counter.o ./L1_FreeRTOS/trace/trcBase.o ./L1_FreeRTOS/trace/trcHardwarePort.o ./L1_FreeRTOS/trace/trcKernel.o ./L1_FreeRTOS/trace/trcKernelPort.o ./L1_FreeRTOS/trace/trcUser.o  ./L1_FreeRTOS/src/croutine.o ./L1_FreeRTOS/src/event_groups.o ./L1_FreeRTOS/src/list.o ./L1_FreeRTOS/src/queue.o ./L1_FreeRTOS/src/tasks.o ./L1_FreeRTOS/src/timers.o  ./L1_FreeRTOS/portable/no_mpu/port.o  ./L1_FreeRTOS/portable/run_time_stats.o  ./L1_FreeRTOS/hooks/hooks.o  ./L1_FreeRTOS/MemMang/freertos_mem_man.o  ./L0_LowLevel/source/core_cm3.o ./L0_LowLevel/source/low_level_init.o ./L0_LowLevel/source/lpc_peripherals.o ./L0_LowLevel/source/lpc_sys.o ./L0_LowLevel/source/startup.o ./L0_LowLevel/source/sys_clock.o ./L0_LowLevel/source/uart0_min.o   
Finished building target: Watchdog.elf
 
C:/CMPE146/CMPE-146/SJSU_Dev/binutils/make --no-print-directory post-build
Create binary file
arm-none-eabi-objcopy -O binary Watchdog.elf Watchdog.bin
 
Invoking: Cross ARM GNU Create Flash Image
Invoking: Cross ARM GNU Create Listing
arm-none-eabi-objcopy -O ihex "Watchdog.elf"  "Watchdog.hex"
arm-none-eabi-objdump --source --all-headers --demangle --line-numbers --wide "Watchdog.elf" > "Watchdog.lst"
Finished building: Watchdog.hex
 
Invoking: Cross ARM GNU Print Size
arm-none-eabi-size --format=berkeley "Watchdog.elf"
   text	   data	    bss	    dec	    hex	filename
  93864	    756	   1352	  95972	  176e4	Watchdog.elf
Finished building: Watchdog.siz
 
Finished building: Watchdog.lst
 

14:16:45 Build Finished (took 7s.456ms)

